=== RUN   TestMergeSort
=== RUN   TestMergeSort/[-376_-452_-341_-55_-558_663_-744_395_-250_153_192_196_673_102_-174]
=== RUN   TestMergeSort/[445_-61_72_6_-459_120_-490_154_693_-586_-75_-86_366_-29_-669]
=== RUN   TestMergeSort/[330_50_78_495_106_-162_626_-57_-179_-504_-722_337_263_-150_-138]
=== RUN   TestMergeSort/[833_80_368_-194_-159_189_105_62_572_15_620_-163_-52_520_93]
=== RUN   TestMergeSort/[-17_670_-336_-132_-70_389_25_684_347_44_315_-97_764_24_-125]
=== RUN   TestMergeSort/[67_79_-105_-423_92_159_-569_318_840_28_27_600_-143_-109_383]
=== RUN   TestMergeSort/[34_-112_793_445_-305_-777_277_24_157_-387_291_177_-295_-213_750]
=== RUN   TestMergeSort/[-340_396_-28_-94_-244_104_-336_-542_489_60_494_232_222_221_288]
=== RUN   TestMergeSort/[75_-329_-512_-1_-225_-291_248_-402_-67_-43_-78_-684_116_850_20]
=== RUN   TestMergeSort/[-514_487_-789_620_-596_-41_912_-163_260_49_-621_214_-151_-531_331]
=== RUN   TestMergeSort/[890_-349_310_725_-327_-93_542_-5_460_45_656_183_-394_-713_426]
=== RUN   TestMergeSort/[647_619_-438_547_957_289_217_398_-232_168_-175_9_665_-242_-103]
=== RUN   TestMergeSort/[-319_-45_949_81_-257_-305_236_594_177_474_22_-112_-165_-475_-129]
=== RUN   TestMergeSort/[-361_344_127_-582_-524_-463_508_408_-746_532_-270_30_-329_-792_-310]
=== RUN   TestMergeSort/[-234_640_61_162_-563_-6_469_-283_-103_-102_153_-48_189_-265_88]
=== RUN   TestMergeSort/[-57_588_120_626_348_551_157_142_-206_-476_91_261_124_-373_-273]
=== RUN   TestMergeSort/[221_328_187_558_426_-28_-385_255_-291_-598_318_-463_272_-543_-353]
=== RUN   TestMergeSort/[-826_445_-34_464_57_549_355_383_48_-606_-18_-8_626_0_583]
=== RUN   TestMergeSort/[246_592_-197_-73_278_24_107_-193_916_248_-645_223_-152_580_154]
=== RUN   TestMergeSort/[357_26_317_360_-331_-237_-148_269_297_40_-175_-202_486_568_530]
=== RUN   TestMergeSort/[217_-184_-35_-617_20_679_-1_-537_690_-282_-143_239_-642_-128_-443]
=== RUN   TestMergeSort/[-143_-456_-103_-454_-660_-361_446_16_2_-3_546_129_-37_215_373]
=== RUN   TestMergeSort/[282_-384_-156_-56_-633_-448_-105_-284_109_680_22_-329_-361_-720_-685]
=== RUN   TestMergeSort/[0_522_683_434_740_-322_-181_-281_-52_-118_356_-62_-39_-540_888]
=== RUN   TestMergeSort/[-274_-612_253_214_-123_-589_373_-286_521_-168_203_-448_687_-355_823]
=== RUN   TestMergeSort/[154_5_-335_-799_-368_-363_314_-936_-368_645_-90_233_548_-503_-328]
=== RUN   TestMergeSort/[496_-620_-56_-170_-155_865_4_-82_341_-697_47_-678_-171_-94_-177]
=== RUN   TestMergeSort/[2_-14_-378_-888_-210_474_-222_-233_432_-13_-171_-688_-76_-210_-168]
=== RUN   TestMergeSort/[111_-451_-149_286_19_-93_452_-300_185_-335_377_269_-24_495_385]
=== RUN   TestMergeSort/[633_-410_167_413_487_590_-504_167_607_-124_284_-63_65_8_521]
=== RUN   TestMergeSort/[-206_458_859_-43_-655_9_-10_-273_-193_466_349_155_-126_-233_-559]
=== RUN   TestMergeSort/[45_-533_-74_-807_433_75_361_-436_807_-352_-424_430_-417_148_216]
=== RUN   TestMergeSort/[-20_-83_-871_-246_401_-297_-310_-356_420_37_115_30_-259_307_-875]
=== RUN   TestMergeSort/[292_61_263_123_72_99_762_-564_574_957_-658_-124_91_221_570]
=== RUN   TestMergeSort/[281_-663_-111_94_-422_-206_-357_-52_-44_-662_-165_226_22_-591_212]
=== RUN   TestMergeSort/[-66_-272_-25_623_137_-161_28_274_-573_-216_410_-691_350_-169_102]
=== RUN   TestMergeSort/[-53_591_691_-648_-38_217_-486_521_-482_262_-379_365_-162_-566_-749]
=== RUN   TestMergeSort/[-544_439_-94_49_132_325_203_115_-230_754_-823_-800_-393_139_-51]
=== RUN   TestMergeSort/[467_-167_-577_-64_-54_-438_80_530_-580_229_107_-244_92_-528_-373]
=== RUN   TestMergeSort/[143_-238_-478_-693_-429_66_345_338_218_433_325_-54_-600_444_-212]
=== RUN   TestMergeSort/[61_-714_-400_-313_-325_763_-582_83_689_913_-97_456_160_-89_378]
=== RUN   TestMergeSort/[200_-469_54_-324_585_80_364_219_-94_-45_103_-48_-273_-326_229]
=== RUN   TestMergeSort/[20_-529_247_-613_27_-783_125_253_5_-688_-476_854_108_-214_-12]
=== RUN   TestMergeSort/[531_395_-215_-123_-284_534_399_333_-202_-265_12_-108_593_621_-737]
=== RUN   TestMergeSort/[-378_425_444_267_-365_540_-185_-354_-679_373_-341_217_602_-849_629]
=== RUN   TestMergeSort/[-708_231_68_-494_76_266_380_-158_-539_311_534_-362_-120_-416_-220]
=== RUN   TestMergeSort/[766_-311_390_288_-887_-412_-881_-126_142_294_237_-161_-469_414_-84]
=== RUN   TestMergeSort/[431_942_77_-59_-306_-742_-155_2_40_81_102_584_-54_93_118]
=== RUN   TestMergeSort/[95_-649_-411_316_-459_-246_94_159_276_567_671_334_-495_392_-402]
=== RUN   TestMergeSort/[-325_-44_-895_-878_228_124_72_399_105_360_482_742_159_-550_640]
=== RUN   TestMergeSort/[-247_-119_34_470_-252_610_-118_-115_319_27_-355_19_-409_-843_490]
=== RUN   TestMergeSort/[-137_710_-674_87_-248_-46_-250_-331_622_-699_-380_104_602_615_-379]
=== RUN   TestMergeSort/[203_-550_213_453_-659_-379_-163_-606_156_287_-53_-430_-181_-628_-60]
=== RUN   TestMergeSort/[-465_533_-676_147_231_-716_251_458_88_-18_210_-446_127_4_401]
=== RUN   TestMergeSort/[-523_-648_783_-92_457_-97_-440_218_57_-713_453_-87_65_-632_-698]
=== RUN   TestMergeSort/[557_-199_795_849_213_-339_-560_-444_129_430_12_-448_190_-505_826]
=== RUN   TestMergeSort/[684_-369_360_-368_713_98_-295_-899_36_52_308_-190_-20_-449_-245]
=== RUN   TestMergeSort/[-471_-296_-252_-86_-463_-783_-29_465_635_-84_-526_91_489_-188_835]
=== RUN   TestMergeSort/[617_472_483_459_-90_-557_3_403_-582_633_218_-48_-272_-386_-142]
=== RUN   TestMergeSort/[-674_-356_560_-414_-114_-153_168_85_-285_-443_-57_301_-461_-368_-191]
=== RUN   TestMergeSort/[302_672_-170_216_49_228_483_-118_191_-211_261_-588_365_-29_636]
=== RUN   TestMergeSort/[251_141_26_-313_-327_-407_-296_294_-457_391_219_110_536_-350_747]
=== RUN   TestMergeSort/[127_-973_-62_-610_-405_403_-219_510_-207_-77_916_43_520_736_390]
=== RUN   TestMergeSort/[-653_209_181_329_412_360_240_-327_-317_568_597_426_-200_123_-152]
=== RUN   TestMergeSort/[469_-300_821_-619_-540_-257_-679_-548_-543_-511_-225_-796_296_5_-221]
=== RUN   TestMergeSort/[677_118_1_681_-306_-666_-85_-296_-701_-76_358_-476_-87_445_-279]
=== RUN   TestMergeSort/[-192_396_455_-340_357_-374_98_360_522_-567_-65_-39_-109_-286_317]
=== RUN   TestMergeSort/[582_-238_41_-490_-433_235_668_334_-245_170_-17_-114_-139_-34_457]
=== RUN   TestMergeSort/[503_559_198_-420_688_-471_-609_158_812_-330_-401_317_-170_-385_283]
=== RUN   TestMergeSort/[-463_329_-512_457_608_95_-409_151_300_-317_11_-296_-704_-358_-571]
=== RUN   TestMergeSort/[417_-370_33_498_418_280_-790_-258_-860_796_-41_379_492_-375_443]
=== RUN   TestMergeSort/[-171_-486_-235_15_153_-413_-283_-45_286_314_-385_711_-349_895_-286]
=== RUN   TestMergeSort/[380_-666_326_2_321_175_32_-294_-785_-335_192_96_742_558_518]
=== RUN   TestMergeSort/[674_-201_157_167_266_-155_140_696_471_-461_524_-638_763_-73_-358]
=== RUN   TestMergeSort/[466_-294_-189_-37_108_2_-409_-387_13_-328_554_-323_16_242_-117]
=== RUN   TestMergeSort/[64_-463_17_107_-122_100_-69_-171_95_137_-76_813_480_-383_-242]
=== RUN   TestMergeSort/[53_142_-210_800_702_138_-27_-346_-132_-301_149_214_54_110_-114]
=== RUN   TestMergeSort/[96_34_252_-269_111_455_-469_-368_-422_-8_-221_419_563_-402_-219]
=== RUN   TestMergeSort/[732_-643_196_312_-855_38_459_-417_78_524_152_420_-244_160_364]
=== RUN   TestMergeSort/[-326_124_88_219_-274_139_795_7_609_93_-508_204_-36_-607_-250]
=== RUN   TestMergeSort/[-94_-219_-82_253_-21_632_597_-485_387_-179_-143_361_-840_-237_352]
=== RUN   TestMergeSort/[709_-130_441_516_262_355_-319_230_-126_-65_291_-137_488_-190_-273]
=== RUN   TestMergeSort/[-381_-266_-223_-186_756_339_106_127_-373_63_11_-176_-815_855_-258]
=== RUN   TestMergeSort/[-177_416_-789_-420_-408_-639_419_597_447_-717_-327_342_-669_708_-764]
=== RUN   TestMergeSort/[428_-355_-196_-539_-746_686_-539_-339_-144_520_-749_824_-373_634_294]
=== RUN   TestMergeSort/[126_-130_-609_-120_654_-10_17_349_-321_-416_-573_-60_-521_-33_867]
=== RUN   TestMergeSort/[142_260_-844_859_-705_154_856_-64_-585_20_808_94_-361_8_-560]
=== RUN   TestMergeSort/[922_-771_166_16_-29_-345_307_144_-150_-31_-507_113_-74_265_599]
=== RUN   TestMergeSort/[650_-336_454_-83_82_-302_286_-45_-149_-490_-279_29_-176_-697_214]
=== RUN   TestMergeSort/[139_-73_-628_110_-612_-88_-508_-644_-604_440_61_-47_-354_-271_-10]
=== RUN   TestMergeSort/[-243_-801_282_-330_284_-600_81_45_78_-515_75_-31_522_193_-622]
=== RUN   TestMergeSort/[-99_223_48_-382_-557_481_24_418_519_-852_268_-843_724_811_-124]
=== RUN   TestMergeSort/[424_-132_-273_322_376_-302_-18_435_812_675_354_120_-666_353_-874]
=== RUN   TestMergeSort/[419_590_-211_-250_-591_308_-150_578_-155_73_362_-642_289_-641_29]
=== RUN   TestMergeSort/[573_299_187_425_442_345_-278_802_-423_-223_581_117_-498_-430_71]
=== RUN   TestMergeSort/[370_256_148_-385_636_-828_657_-431_384_774_-500_258_-95_544_-140]
=== RUN   TestMergeSort/[614_148_-569_574_-789_89_-421_-483_-669_-214_-640_301_244_611_206]
=== RUN   TestMergeSort/[14_406_-602_-88_132_-349_-55_-516_-19_-204_-481_-568_-169_10_-376]
=== RUN   TestMergeSort/[-364_93_-36_-493_186_-670_-910_-85_333_-167_101_55_-724_60_76]
=== RUN   TestMergeSort/[-26_291_-19_-660_-58_-66_94_377_247_-135_-80_14_-15_591_-133]
=== RUN   TestMergeSort/[503_228_-918_402_-109_530_199_381_133_265_-279_-231_-749_9_332]
=== RUN   TestMergeSort/[123_740_150_71_256_-4_-390_-533_-706_10_14_-814_405_722_-158]
=== RUN   TestMergeSort/[-83_-289_480_-624_-48_257_-505_55_121_-273_-109_498_3_12_794]
=== RUN   TestMergeSort/[240_742_-341_397_168_-30_-231_-103_566_-500_82_-794_-576_-284_-378]
=== RUN   TestMergeSort/[-416_256_-94_-187_340_-183_267_590_-389_596_-345_581_480_328_-710]
=== RUN   TestMergeSort/[-443_-128_761_-130_-799_117_406_558_-76_137_64_-153_-668_-121_127]
=== RUN   TestMergeSort/[222_479_-354_361_-762_-43_296_461_-148_-388_295_109_-274_571_113]
=== RUN   TestMergeSort/[-129_-504_-230_550_433_-200_-172_-842_344_-345_-775_-524_62_299_204]
=== RUN   TestMergeSort/[-287_316_-481_-498_557_-812_-475_-443_22_-638_485_-280_-174_-489_-393]
=== RUN   TestMergeSort/[502_-70_-256_730_164_-229_401_18_514_73_273_195_73_719_28]
=== RUN   TestMergeSort/[-734_462_895_755_0_-311_-519_364_-342_152_-205_354_462_-113_-196]
=== RUN   TestMergeSort/[-60_575_617_104_209_-504_-50_600_-29_325_96_-86_-577_387_18]
=== RUN   TestMergeSort/[479_-276_-134_233_-929_-61_61_-59_306_-178_-144_-211_-428_-152_672]
=== RUN   TestMergeSort/[-38_-578_130_-480_163_-236_-442_-568_13_-280_-28_-137_-363_-13_74]
=== RUN   TestMergeSort/[-168_-441_-784_-377_-408_231_769_15_122_132_-54_-110_-143_-346_-386]
=== RUN   TestMergeSort/[266_-560_897_-579_174_-376_-114_-305_183_604_-210_250_222_-81_-484]
=== RUN   TestMergeSort/[-38_181_610_-575_142_-624_-173_-525_-287_433_545_-87_594_-299_-304]
=== RUN   TestMergeSort/[-940_-142_-56_-589_-318_-724_-266_261_-237_371_59_388_-504_423_-750]
=== RUN   TestMergeSort/[-461_-94_392_-292_244_-126_432_-160_-118_-307_401_-375_-242_202_218]
=== RUN   TestMergeSort/[-761_838_-735_-663_483_-148_597_-261_-18_-691_359_620_81_-271_2]
=== RUN   TestMergeSort/[-103_482_-85_453_279_-13_417_253_-678_75_542_443_44_518_-775]
=== RUN   TestMergeSort/[-295_217_691_482_169_-352_685_-405_483_-42_-149_56_75_596_933]
=== RUN   TestMergeSort/[900_320_189_-127_-47_-635_314_-808_-355_694_330_-38_545_-380_-544]
=== RUN   TestMergeSort/[-58_-54_621_-69_-129_268_510_-407_-391_-384_591_359_167_-752_-14]
=== RUN   TestMergeSort/[614_78_-131_380_-808_-221_118_-491_482_104_-336_225_-121_747_-101]
=== RUN   TestMergeSort/[32_-817_308_310_386_223_459_433_15_240_116_-669_597_-316_357]
=== RUN   TestMergeSort/[-96_760_-307_-285_-377_-254_24_168_215_305_-158_264_500_553_26]
=== RUN   TestMergeSort/[-47_327_-610_-142_645_276_109_-317_268_537_142_-420_-489_534_-884]
=== RUN   TestMergeSort/[-449_115_407_-225_535_-917_-391_165_-531_539_-756_355_360_31_561]
=== RUN   TestMergeSort/[-295_-286_-291_-339_99_-492_-107_296_-331_311_74_-173_327_-145_-480]
=== RUN   TestMergeSort/[-226_33_161_350_-269_489_-276_-405_40_118_889_-23_639_-257_674]
=== RUN   TestMergeSort/[10_696_740_278_-210_-253_-203_-373_-223_-441_-376_-416_218_-285_579]
=== RUN   TestMergeSort/[-54_660_772_546_-404_-293_-491_50_634_346_757_499_27_-26_22]
=== RUN   TestMergeSort/[20_547_95_-867_-395_-487_180_-302_379_-390_482_-154_-569_550_-608]
=== RUN   TestMergeSort/[431_-320_-51_219_596_-527_-783_-186_150_361_-455_-75_-369_18_87]
=== RUN   TestMergeSort/[162_-224_531_783_361_863_374_483_143_-522_455_244_-447_-621_71]
=== RUN   TestMergeSort/[-58_368_-102_20_-51_718_306_0_131_-520_-187_-90_255_-365_385]
=== RUN   TestMergeSort/[-177_198_-617_-346_-567_483_72_-839_-225_15_811_-852_41_-176_-76]
=== RUN   TestMergeSort/[-80_693_-423_88_454_-141_119_300_-760_221_229_276_-109_545_-239]
=== RUN   TestMergeSort/[-219_-239_205_-450_181_-328_-375_-279_240_409_470_367_756_-491_376]
=== RUN   TestMergeSort/[-684_523_82_-473_-111_57_576_463_73_37_399_18_690_23_-487]
=== RUN   TestMergeSort/[376_189_292_574_-812_-28_-42_-24_-346_35_-489_-299_-467_-97_-194]
=== RUN   TestMergeSort/[-434_-344_102_-477_-143_-552_-491_78_387_-565_-359_-60_-604_-624_343]
=== RUN   TestMergeSort/[480_-485_106_581_621_570_-280_335_-322_-250_296_137_-208_964_418]
=== RUN   TestMergeSort/[409_-284_250_-798_90_730_-153_746_681_702_666_-241_-300_10_465]
=== RUN   TestMergeSort/[658_136_-270_76_-527_464_428_94_69_-543_544_-518_-64_-561_-10]
=== RUN   TestMergeSort/[394_-340_-403_943_-510_-384_-448_610_912_-215_29_-153_619_-210_-506]
=== RUN   TestMergeSort/[453_-351_-191_332_26_236_110_497_-164_682_97_248_723_-3_2]
=== RUN   TestMergeSort/[-389_-642_-433_-269_513_-339_299_-114_-201_-226_-746_-198_256_-313_-1]
=== RUN   TestMergeSort/[-73_308_380_-316_-13_588_-48_-77_645_-200_587_-164_-817_325_-861]
=== RUN   TestMergeSort/[-274_-85_132_-245_-625_215_148_-317_-312_362_238_13_-193_383_289]
=== RUN   TestMergeSort/[-167_203_216_-1_-773_-304_391_533_161_-305_159_413_279_337_303]
=== RUN   TestMergeSort/[-331_-369_330_215_323_-61_-21_-144_-3_-35_111_32_53_-794_-37]
=== RUN   TestMergeSort/[-352_-176_105_420_467_-454_-11_145_283_-80_957_-285_-770_-217_819]
=== RUN   TestMergeSort/[-762_-461_-671_-407_-520_442_157_248_390_432_-278_-249_-391_-276_188]
=== RUN   TestMergeSort/[-41_668_449_412_-659_359_-405_-12_244_-328_133_181_-214_-62_-132]
=== RUN   TestMergeSort/[88_201_-52_348_353_298_378_-594_-511_-307_-412_-868_-801_399_-511]
=== RUN   TestMergeSort/[112_-509_-782_-211_-28_108_-305_610_-301_-148_193_417_-785_651_355]
=== RUN   TestMergeSort/[-239_423_-182_22_-298_-226_2_362_72_726_-2_526_345_-216_-154]
=== RUN   TestMergeSort/[-614_277_-104_-460_-32_-280_54_442_-475_-471_-244_-104_523_355_873]
=== RUN   TestMergeSort/[-421_367_290_-456_-88_189_251_145_-282_-459_231_120_-115_-485_-494]
=== RUN   TestMergeSort/[6_-516_76_-3_304_937_256_345_652_37_-256_44_-582_42_629]
=== RUN   TestMergeSort/[377_7_-285_-411_341_664_159_731_-165_214_266_136_-44_-60_163]
=== RUN   TestMergeSort/[144_779_-49_907_-667_-418_-777_310_-207_-1_57_394_-403_-61_-536]
=== RUN   TestMergeSort/[-475_-358_43_228_-294_-765_-562_934_-253_-711_527_-14_414_837_145]
=== RUN   TestMergeSort/[-44_47_368_-324_-878_700_-74_-318_-99_290_849_348_-648_497_-701]
=== RUN   TestMergeSort/[-67_-127_-302_455_-598_180_335_352_-419_343_-197_-888_548_298_-566]
=== RUN   TestMergeSort/[178_710_-109_-656_383_-260_170_-148_-281_628_727_36_424_577_-38]
=== RUN   TestMergeSort/[117_-100_530_-475_-792_-621_123_-114_138_-192_512_222_180_219_92]
=== RUN   TestMergeSort/[372_-128_353_-512_104_-8_-108_639_-116_-198_-687_-686_-147_-569_548]
=== RUN   TestMergeSort/[337_-863_404_444_306_356_-329_-121_270_-248_-79_699_74_-267_-584]
=== RUN   TestMergeSort/[-396_-335_-314_-489_-303_305_-41_-231_42_-80_-143_-163_88_358_325]
=== RUN   TestMergeSort/[63_75_-190_-143_-392_-31_-129_-381_787_-187_-588_-540_293_2_176]
=== RUN   TestMergeSort/[374_625_-620_-611_188_757_656_417_65_-356_407_264_-3_65_-149]
=== RUN   TestMergeSort/[-471_477_-196_93_450_-694_-280_359_406_-500_-645_-116_-165_350_-734]
=== RUN   TestMergeSort/[-527_261_301_-365_-169_516_-241_61_637_25_171_-84_122_-589_-543]
=== RUN   TestMergeSort/[-572_390_-39_-283_72_599_374_-401_-710_-37_-174_-267_452_39_-143]
=== RUN   TestMergeSort/[-785_66_180_-229_-426_548_-492_238_234_209_117_278_53_-195_126]
=== RUN   TestMergeSort/[-545_635_551_-754_62_-534_-79_537_226_72_599_706_-911_-253_114]
=== RUN   TestMergeSort/[87_-199_-299_-88_341_899_-39_29_-226_20_-95_-240_315_-239_140]
=== RUN   TestMergeSort/[207_195_16_787_-855_-9_-612_190_166_406_414_423_216_618_611]
=== RUN   TestMergeSort/[-283_275_-71_675_-42_425_600_-4_-212_118_-44_-196_-391_-99_-135]
=== RUN   TestMergeSort/[-122_-380_-86_-396_-925_-425_-8_-14_-200_-185_-169_-676_-650_814_229]
=== RUN   TestMergeSort/[-552_-59_40_702_-136_7_-217_548_-785_-707_44_123_24_-348_56]
=== RUN   TestMergeSort/[-388_-336_-100_597_257_237_-277_-27_-51_32_-166_-272_434_-312_284]
=== RUN   TestMergeSort/[882_101_-174_-787_503_-824_314_145_117_524_-131_123_-139_-445_-50]
=== RUN   TestMergeSort/[-607_-310_725_236_-296_-237_-6_-165_-581_480_-200_28_-55_657_347]
=== RUN   TestMergeSort/[-445_787_-144_-14_-743_-586_398_498_495_81_414_-250_24_78_509]
=== RUN   TestMergeSort/[691_-401_371_150_-147_-640_64_-362_107_652_95_167_204_-342_-182]
=== RUN   TestMergeSort/[-139_-832_-401_741_-409_-707_-213_629_835_293_275_146_677_206_378]
=== RUN   TestMergeSort/[-525_-308_-747_616_-227_647_398_531_234_207_370_423_810_-185_-53]
=== RUN   TestMergeSort/[249_-26_-697_-349_457_-249_105_-233_-295_-4_-529_125_-600_-564_226]
=== RUN   TestMergeSort/[345_359_-308_131_-180_-37_-795_205_775_107_-28_-413_-221_-326_164]
=== RUN   TestMergeSort/[-482_-70_632_-47_99_-802_717_160_-293_50_356_637_441_-519_-216]
=== RUN   TestMergeSort/[-836_-419_287_-400_-488_579_-140_130_804_-706_-11_217_-579_648_569]
=== RUN   TestMergeSort/[-94_-689_-87_-300_-345_-883_259_381_-574_296_610_-31_-360_535_-110]
=== RUN   TestMergeSort/[451_-319_115_-384_-881_540_247_-317_403_526_56_-6_81_-15_509]
=== RUN   TestMergeSort/[-212_-664_578_-306_-45_-600_355_-230_280_185_-204_-491_-647_-829_-827]
=== RUN   TestMergeSort/[505_-570_343_280_-199_-823_-594_-185_-656_349_-371_181_-207_-31_633]
=== RUN   TestMergeSort/[-531_120_-264_154_524_-497_565_-63_432_143_-244_110_-462_-522_790]
=== RUN   TestMergeSort/[-73_294_125_978_354_-428_382_-335_-97_-473_499_-546_-635_273_717]
=== RUN   TestMergeSort/[-234_300_628_134_-72_-314_511_628_893_-81_-33_63_-717_-23_304]
=== RUN   TestMergeSort/[446_488_-772_-540_406_144_88_302_-238_-639_240_-663_-174_532_-103]
=== RUN   TestMergeSort/[-363_-240_-45_695_587_371_448_-630_-517_645_192_429_-401_-44_-253]
=== RUN   TestMergeSort/[-431_-600_35_52_420_-718_527_-96_857_-232_-149_-295_-107_-312_339]
=== RUN   TestMergeSort/[-189_164_769_218_-547_90_-56_-181_337_367_-526_-30_392_-478_-742]
=== RUN   TestMergeSort/[-785_460_-674_671_94_760_-727_-907_-241_-393_652_-685_242_-394_388]
=== RUN   TestMergeSort/[-186_211_330_-55_-648_-40_-132_360_456_265_-132_-566_-310_410_-590]
=== RUN   TestMergeSort/[112_35_774_-539_-752_-50_-672_1_116_111_550_722_526_-48_-544]
=== RUN   TestMergeSort/[-252_-343_798_-691_667_56_449_-8_-454_107_-47_-515_431_-148_-594]
=== RUN   TestMergeSort/[523_261_352_249_430_-402_-528_111_436_59_-243_49_556_875_115]
=== RUN   TestMergeSort/[-245_-185_427_-472_-158_248_-313_81_337_-254_-191_249_-773_-9_-137]
=== RUN   TestMergeSort/[-154_324_-4_-219_-248_-534_18_-66_-79_-299_-511_77_294_-795_-610]
=== RUN   TestMergeSort/[45_355_-428_289_-823_-87_-564_416_-417_-405_-217_-126_796_384_-274]
=== RUN   TestMergeSort/[-269_726_-481_-191_-112_375_-267_135_-147_-106_-222_26_697_-473_260]
=== RUN   TestMergeSort/[186_-1_151_546_117_-618_-314_468_72_-293_33_-75_319_647_-169]
=== RUN   TestMergeSort/[-108_-598_-22_261_189_691_49_98_-638_-371_55_-238_-174_-903_-595]
=== RUN   TestMergeSort/[549_-131_-458_-622_-438_13_159_-317_358_-396_211_-8_754_-41_342]
=== RUN   TestMergeSort/[-86_35_-531_488_-61_-272_-407_254_-230_185_-342_-21_72_698_241]
=== RUN   TestMergeSort/[42_829_-147_5_-176_59_8_-32_2_567_-572_103_624_74_-173]
=== RUN   TestMergeSort/[-444_-421_-380_-823_279_378_137_500_57_-87_-189_24_804_40_-587]
=== RUN   TestMergeSort/[-272_-21_-323_195_-338_-487_-382_-75_-200_526_825_48_-528_275_28]
=== RUN   TestMergeSort/[-570_-10_342_314_-561_497_300_290_-92_344_-384_880_181_-677_342]
=== RUN   TestMergeSort/[29_-682_-200_263_-378_110_196_-441_885_-306_-254_-47_63_451_628]
=== RUN   TestMergeSort/[-2_-567_234_-50_-203_210_-388_281_0_35_-123_504_-89_176_6]
=== RUN   TestMergeSort/[365_-115_168_243_-496_156_-508_-626_96_218_731_-58_100_-19_368]
=== RUN   TestMergeSort/[582_-657_-108_-9_-28_815_-68_-660_-10_-529_-289_-484_477_340_-732]
=== RUN   TestMergeSort/[158_114_-76_236_64_-114_-379_143_-228_-397_-196_455_-237_57_-224]
=== RUN   TestMergeSort/[-85_-491_216_620_-489_420_-487_-483_94_570_-642_294_-104_-199_-58]
=== RUN   TestMergeSort/[202_-519_752_175_89_625_-637_-132_869_-122_-160_-486_-556_-526_758]
=== RUN   TestMergeSort/[-403_167_150_-37_-742_-293_463_-174_-48_458_-942_-17_-119_325_-458]
=== RUN   TestMergeSort/[248_58_-783_717_-75_219_864_-418_474_885_-114_-104_312_-343_418]
=== RUN   TestMergeSort/[262_-235_160_-712_-571_29_43_773_378_-440_179_-834_-75_-538_65]
=== RUN   TestMergeSort/[63_-497_600_-501_127_-134_-762_619_-388_-313_-472_-352_657_580_574]
=== RUN   TestMergeSort/[187_549_129_197_229_-12_723_33_720_-363_9_-778_300_663_394]
=== RUN   TestMergeSort/[216_21_-105_197_-504_403_-5_109_100_318_407_261_657_465_-601]
=== RUN   TestMergeSort/[-701_396_538_416_11_-183_-761_-749_-594_127_-362_58_-242_202_478]
=== RUN   TestMergeSort/[354_67_938_621_-386_496_-382_307_799_269_408_-163_289_-386_-143]
=== RUN   TestMergeSort/[75_-105_-433_-20_199_12_-89_635_462_405_-331_266_-6_-453_-647]
=== RUN   TestMergeSort/[-222_-134_-473_-470_-18_-713_182_554_-136_399_-119_360_206_-419_552]
=== RUN   TestMergeSort/[-267_-187_-349_-491_-262_106_-758_-106_584_191_76_-531_-84_109_-100]
=== RUN   TestMergeSort/[-667_-221_-121_460_-236_-767_330_-80_944_-592_-217_-329_-706_293_70]
=== RUN   TestMergeSort/[-153_-61_-150_721_414_382_-318_-235_-316_-333_-457_74_254_-277_737]
=== RUN   TestMergeSort/[-44_-468_-416_-9_632_-40_-490_25_-286_113_361_317_-858_-61_-223]
=== RUN   TestMergeSort/[171_571_-80_-220_458_476_-652_-693_173_38_71_-338_211_415_-362]
=== RUN   TestMergeSort/[176_-61_-298_-20_124_-102_117_330_283_-132_194_136_-540_681_543]
=== RUN   TestMergeSort/[120_99_625_187_579_-66_-218_466_279_569_-273_39_-662_-808_36]
=== RUN   TestMergeSort/[-63_671_-666_683_365_-411_-215_517_349_-433_-292_-878_-653_-189_-520]
=== RUN   TestMergeSort/[763_-1_221_-523_-284_-56_-149_229_456_-240_373_-160_735_-163_425]
=== RUN   TestMergeSort/[403_241_241_-472_-389_-190_-167_-459_-59_-196_20_103_7_85_317]
=== RUN   TestMergeSort/[25_98_694_-160_-84_-771_168_-292_-142_-583_532_-57_-62_-134_-580]
=== RUN   TestMergeSort/[-816_28_-188_-38_246_42_-443_762_427_947_177_494_-404_-461_-314]
=== RUN   TestMergeSort/[-333_419_-448_155_503_-248_389_-278_102_656_-120_95_-213_50_-563]
=== RUN   TestMergeSort/[253_431_-437_-491_91_-420_398_-424_-692_52_528_-548_-186_-249_-353]
=== RUN   TestMergeSort/[231_-450_13_-217_-646_692_383_-90_706_346_109_-173_22_100_-816]
=== RUN   TestMergeSort/[-377_160_273_322_-146_491_-541_336_442_50_38_-210_-616_-590_346]
=== RUN   TestMergeSort/[399_405_418_596_853_608_550_15_174_100_174_-298_299_-175_98]
=== RUN   TestMergeSort/[-392_154_386_262_-909_698_336_-512_-590_223_-424_373_323_141_282]
=== RUN   TestMergeSort/[12_-801_-142_-387_555_528_160_631_247_795_-192_-187_310_130_-148]
=== RUN   TestMergeSort/[796_66_-634_665_-84_133_-3_-638_418_-555_-55_-431_707_244_59]
=== RUN   TestMergeSort/[306_245_167_-855_428_-702_-159_74_659_657_354_-533_-31_-87_167]
=== RUN   TestMergeSort/[433_428_77_-374_530_-186_58_-559_654_728_-137_841_113_-62_-34]
=== RUN   TestMergeSort/[-273_450_-714_63_-231_-71_171_-707_679_358_-790_105_218_-191_-93]
=== RUN   TestMergeSort/[420_-268_-280_-175_423_136_292_189_5_616_-293_286_151_620_429]
=== RUN   TestMergeSort/[-119_-278_-393_-374_221_-218_-232_-239_-364_587_-369_-32_-17_765_-297]
=== RUN   TestMergeSort/[442_88_-254_239_-247_-790_795_-210_166_-21_-748_103_619_-767_-35]
=== RUN   TestMergeSort/[-102_338_69_-559_-346_305_213_479_280_-198_-25_-7_-272_-425_801]
=== RUN   TestMergeSort/[259_-668_511_-74_693_-49_-214_199_-468_-218_-20_159_789_-151_-432]
=== RUN   TestMergeSort/[-618_701_-257_461_-64_829_375_-16_150_65_34_391_69_-418_248]
=== RUN   TestMergeSort/[110_55_-6_-823_-81_224_-663_-82_-153_344_546_-205_-647_134_449]
=== RUN   TestMergeSort/[-205_469_-72_-127_-33_324_-32_94_-205_-590_-98_-329_224_373_718]
=== RUN   TestMergeSort/[243_-177_91_-204_-81_-417_-418_111_-326_723_-39_-257_-190_-548_792]
=== RUN   TestMergeSort/[-549_232_658_-709_-3_10_27_74_-813_4_134_387_-100_-449_-293]
=== RUN   TestMergeSort/[113_757_456_487_-118_116_830_123_255_263_-351_838_534_189_30]
=== RUN   TestMergeSort/[-315_180_-893_240_-16_406_-320_453_383_-572_-168_-365_-501_-207_178]
=== RUN   TestMergeSort/[-368_115_-271_115_-97_493_-94_-278_-241_659_-42_-253_-432_63_-74]
=== RUN   TestMergeSort/[481_-57_-117_-278_-134_6_205_-487_-25_-441_-442_81_379_-982_-165]
=== RUN   TestMergeSort/[-716_602_185_-398_-650_-321_-53_-395_334_25_-307_559_-459_216_71]
=== RUN   TestMergeSort/[-408_-608_288_-110_-190_356_-128_-23_4_-464_228_675_-7_-358_224]
=== RUN   TestMergeSort/[-202_283_-235_1_-125_-331_83_74_152_-29_-158_-234_539_369_435]
=== RUN   TestMergeSort/[-439_498_-270_-99_-10_-197_-335_55_-144_-472_-861_755_371_719_68]
=== RUN   TestMergeSort/[-458_-35_805_-334_866_-40_-90_378_-819_-726_3_82_-32_395_508]
=== RUN   TestMergeSort/[331_398_41_306_308_-188_93_217_-274_161_-203_258_-306_-317_-608]
=== RUN   TestMergeSort/[108_411_152_506_-245_-37_599_321_566_-83_12_-197_-406_-385_-709]
=== RUN   TestMergeSort/[-555_161_90_241_-712_-887_-417_-385_-720_482_-183_-226_-7_-39_97]
=== RUN   TestMergeSort/[-396_718_-422_210_268_-637_-737_-741_-292_-207_796_-249_225_281_394]
=== RUN   TestMergeSort/[-266_112_-832_-342_805_-25_19_841_-85_764_64_284_-224_731_-225]
=== RUN   TestMergeSort/[-327_-633_-532_-57_354_686_197_61_403_222_-371_-271_90_190_-159]
=== RUN   TestMergeSort/[-713_-237_-23_-183_-578_-387_-125_-278_124_303_-193_-146_-214_359_-75]
=== RUN   TestMergeSort/[686_226_-489_-521_321_-352_-346_-124_38_-682_-43_720_-514_567_-580]
=== RUN   TestMergeSort/[-243_-281_-323_-589_791_-524_275_-264_-101_130_465_73_-22_-169_-761]
=== RUN   TestMergeSort/[-38_438_-470_155_-135_176_6_-146_546_-570_-503_-636_318_494_-60]
=== RUN   TestMergeSort/[-663_496_376_78_-211_-168_133_-203_128_364_363_-250_-693_-272_-662]
=== RUN   TestMergeSort/[28_-119_279_674_31_271_-322_637_-525_581_-714_757_17_443_-224]
=== RUN   TestMergeSort/[286_18_-778_787_-566_565_-674_-765_-448_369_216_475_-63_154_-288]
=== RUN   TestMergeSort/[-122_302_-307_21_637_174_33_71_199_41_93_145_355_-920_-763]
=== RUN   TestMergeSort/[347_-161_-322_-775_-264_436_170_35_-349_120_306_483_-413_-486_-618]
=== RUN   TestMergeSort/[-398_364_-652_-94_164_89_228_588_-482_-479_-342_532_415_210_32]
=== RUN   TestMergeSort/[212_-326_-264_-420_-493_584_818_-526_685_-208_573_-37_-498_-44_-577]
=== RUN   TestMergeSort/[-576_-377_-559_195_-538_259_340_55_415_339_637_-60_-737_-76_-194]
=== RUN   TestMergeSort/[-595_190_-26_766_-108_58_-216_-194_180_114_-294_-609_-229_-525_570]
=== RUN   TestMergeSort/[289_59_60_-53_722_10_-458_-651_-109_401_149_447_-18_-713_320]
=== RUN   TestMergeSort/[336_252_47_-292_-906_476_486_-68_-44_-374_675_147_-341_327_-109]
=== RUN   TestMergeSort/[714_-554_551_-162_-74_371_438_-31_-237_119_-220_49_858_-425_88]
=== RUN   TestMergeSort/[492_471_-863_-584_-121_-291_-37_-66_701_402_286_-288_229_321_-9]
=== RUN   TestMergeSort/[761_237_24_425_54_-173_-833_437_439_645_-432_-485_280_-289_-168]
=== RUN   TestMergeSort/[-301_9_484_147_86_-792_567_-106_60_-177_-20_640_-191_657_396]
=== RUN   TestMergeSort/[-106_246_40_-361_-561_-3_761_-722_690_-27_192_307_802_262_-323]
=== RUN   TestMergeSort/[694_430_-508_291_724_-644_-44_318_368_-518_-132_128_580_758_-528]
=== RUN   TestMergeSort/[-14_-11_300_625_283_-553_-370_-323_19_-13_-204_-288_504_365_-564]
=== RUN   TestMergeSort/[-135_-461_-67_326_-189_-767_-599_-291_-351_134_120_-203_-65_-45_726]
=== RUN   TestMergeSort/[-184_140_280_27_-772_-310_465_10_181_-392_-116_-403_12_492_-105]
=== RUN   TestMergeSort/[-257_-158_735_93_-704_-141_-184_-556_335_108_330_206_412_-386_-249]
=== RUN   TestMergeSort/[-206_-478_23_-343_361_-224_-632_-69_-833_231_-689_-705_-206_196_-328]
=== RUN   TestMergeSort/[132_-154_716_259_-868_23_-340_106_-13_-261_-374_-518_-253_86_-629]
=== RUN   TestMergeSort/[-555_-563_255_333_-437_79_375_735_108_49_528_-31_462_462_-114]
=== RUN   TestMergeSort/[-134_49_-686_-403_626_699_-674_-156_242_-222_162_-185_-118_-539_-414]
=== RUN   TestMergeSort/[631_-632_258_-268_784_412_765_-737_451_-184_-961_-264_933_-315_758]
=== RUN   TestMergeSort/[-41_228_-747_-652_-710_290_-389_-277_545_351_-861_439_573_158_-740]
=== RUN   TestMergeSort/[-740_104_899_336_510_-33_-434_-634_-137_-761_-59_-785_322_-637_51]
=== RUN   TestMergeSort/[-274_-144_112_-154_492_-733_-336_247_68_479_-119_89_-315_109_8]
=== RUN   TestMergeSort/[-626_529_-216_596_704_-454_-17_-124_392_383_274_-171_-118_218_510]
=== RUN   TestMergeSort/[489_142_78_-81_-871_205_-517_309_-78_-335_782_-180_-383_-96_58]
=== RUN   TestMergeSort/[259_315_89_795_-176_-532_358_638_-443_733_-392_-57_-486_-149_422]
=== RUN   TestMergeSort/[-417_-394_528_54_121_210_-258_-539_861_-66_-860_143_140_-305_-841]
=== RUN   TestMergeSort/[-694_19_344_162_-71_-213_317_-249_163_-68_341_-128_69_-224_629]
=== RUN   TestMergeSort/[-234_439_676_242_768_668_-212_480_189_476_-307_-360_168_-301_-424]
=== RUN   TestMergeSort/[607_-227_-400_-423_-196_100_-602_179_76_-660_580_-61_102_-69_-168]
=== RUN   TestMergeSort/[14_108_18_-527_172_64_298_-591_446_336_806_127_493_21_564]
=== RUN   TestMergeSort/[120_160_685_-114_-76_-545_-499_-103_-818_-821_545_48_-526_34_94]
=== RUN   TestMergeSort/[46_-243_-194_-346_-172_155_459_578_-158_195_534_225_452_-414_-20]
=== RUN   TestMergeSort/[-100_817_-370_506_-15_429_-247_-484_542_-58_255_-248_261_-200_-61]
=== RUN   TestMergeSort/[305_-375_-271_-169_-655_116_148_212_-618_-160_618_301_-19_-46_-254]
=== RUN   TestMergeSort/[391_512_-380_262_602_54_-575_-101_183_465_45_-952_-83_-17_790]
=== RUN   TestMergeSort/[137_476_-598_210_-207_617_-832_673_439_513_-983_-553_-127_520_376]
=== RUN   TestMergeSort/[-292_-48_247_508_523_-181_90_268_-185_444_-161_98_74_-254_639]
=== RUN   TestMergeSort/[583_-125_-258_-371_177_-340_263_-914_436_291_-105_203_244_358_-380]
=== RUN   TestMergeSort/[-232_78_10_492_290_-362_165_710_-216_-36_99_-836_-53_351_-106]
=== RUN   TestMergeSort/[-189_721_-340_-90_-807_437_477_609_376_121_226_-462_-121_-193_-933]
=== RUN   TestMergeSort/[350_-530_269_124_402_-280_623_205_-18_-505_-252_-189_156_-750_-371]
=== RUN   TestMergeSort/[-302_350_672_54_221_-600_-453_-67_39_-263_86_202_-181_-163_-629]
=== RUN   TestMergeSort/[366_-96_42_342_230_-438_676_-242_644_443_-67_320_214_-381_-766]
=== RUN   TestMergeSort/[-207_-126_-87_721_-70_-444_562_-296_-290_208_190_586_313_-68_-321]
=== RUN   TestMergeSort/[240_-876_-589_-292_-29_-122_283_-599_-975_25_-477_200_819_196_286]
=== RUN   TestMergeSort/[-27_-312_-15_503_120_415_-168_-466_-692_151_383_-475_666_647_90]
=== RUN   TestMergeSort/[-307_95_459_-70_198_388_481_-175_-443_-291_288_-210_-401_-910_-342]
=== RUN   TestMergeSort/[138_-407_403_-324_-21_441_-288_-45_-544_-151_153_-371_19_354_279]
=== RUN   TestMergeSort/[360_-200_-369_809_-525_-135_170_-131_498_-550_741_157_324_-778_-309]
=== RUN   TestMergeSort/[533_113_465_-767_534_-148_102_511_734_325_47_-318_601_377_192]
=== RUN   TestMergeSort/[334_-230_481_318_-32_292_34_-856_-394_-305_-234_22_-438_128_-173]
=== RUN   TestMergeSort/[-314_522_-522_-108_-454_292_-145_-716_-253_888_-314_-507_276_-395_157]
=== RUN   TestMergeSort/[370_213_-11_-34_731_614_-306_-356_-473_167_-305_-115_286_55_-304]
=== RUN   TestMergeSort/[344_924_450_-82_-94_-299_330_-207_938_-131_177_-472_-729_47_667]
=== RUN   TestMergeSort/[-205_826_-26_266_428_118_-34_-632_-414_216_-52_380_-251_-471_583]
=== RUN   TestMergeSort/[560_-149_145_-548_642_219_319_-425_168_357_771_453_149_60_-325]
=== RUN   TestMergeSort/[700_828_219_378_-611_622_307_552_-634_543_563_-105_862_-816_-560]
=== RUN   TestMergeSort/[-477_-860_-77_-422_-54_-431_453_-30_262_214_12_-421_-410_-196_72]
=== RUN   TestMergeSort/[506_168_-183_-60_433_562_-224_-521_280_1_118_-627_233_395_-180]
=== RUN   TestMergeSort/[559_653_-237_224_271_126_961_-221_277_67_883_-414_-381_-499_-665]
=== RUN   TestMergeSort/[474_219_689_-323_-255_-270_-222_236_-500_546_111_89_-459_-93_-495]
=== RUN   TestMergeSort/[-704_126_-602_-556_-45_-666_497_-615_-898_743_-177_-166_-64_497_-523]
=== RUN   TestMergeSort/[41_315_342_162_918_12_204_-549_-113_319_505_-266_-493_8_-328]
=== RUN   TestMergeSort/[-504_854_67_-61_74_653_51_-72_53_364_-572_456_346_-1_63]
=== RUN   TestMergeSort/[-688_511_-451_720_615_-513_719_726_-740_134_320_6_68_588_395]
=== RUN   TestMergeSort/[204_66_357_417_737_-522_219_-478_-339_-5_5_-769_181_50_296]
=== RUN   TestMergeSort/[290_851_715_408_765_400_236_323_232_-320_68_-201_-96_64_109]
=== RUN   TestMergeSort/[-556_43_329_-71_-247_122_795_-295_-469_-61_74_-378_-9_-196_25]
=== RUN   TestMergeSort/[-491_2_221_-309_26_-334_-287_510_-428_198_-365_-247_-28_0_-189]
=== RUN   TestMergeSort/[143_-108_738_197_3_302_904_-589_565_218_-38_-112_-136_254_378]
=== RUN   TestMergeSort/[73_768_-574_-382_-122_-407_-76_-212_831_263_803_241_-341_-370_-148]
=== RUN   TestMergeSort/[539_117_226_-803_282_776_594_516_106_452_67_-576_44_651_-488]
=== RUN   TestMergeSort/[275_-279_-565_-471_-607_-226_646_368_-395_-438_479_-224_408_-188_715]
=== RUN   TestMergeSort/[218_-831_-53_532_-22_-425_299_136_148_499_165_372_-142_-643_69]
=== RUN   TestMergeSort/[427_900_387_312_-66_-516_-610_-61_-622_212_-241_-275_589_-484_510]
=== RUN   TestMergeSort/[269_-679_22_9_-201_-58_-338_648_-743_15_84_-166_-160_513_-841]
=== RUN   TestMergeSort/[-230_-21_-35_262_-293_45_-527_171_441_-72_-544_689_-486_215_-333]
=== RUN   TestMergeSort/[-459_-882_-487_-126_443_621_233_370_-686_581_-482_-181_-44_-476_-872]
=== RUN   TestMergeSort/[-277_527_-268_-44_291_182_774_27_-222_-85_127_-474_-51_527_-109]
=== RUN   TestMergeSort/[183_887_-626_-58_119_447_697_-634_-621_-535_54_-452_22_-225_244]
=== RUN   TestMergeSort/[-366_-319_405_-201_22_-597_-615_-120_628_-407_65_-555_-169_434_-543]
=== RUN   TestMergeSort/[-102_337_-98_84_530_60_-295_54_550_-304_561_-557_98_-359_-306]
=== RUN   TestMergeSort/[631_101_-495_183_-578_532_341_410_184_72_299_-113_510_416_-216]
=== RUN   TestMergeSort/[-123_341_14_586_42_513_-247_75_556_263_442_72_-135_74_-199]
=== RUN   TestMergeSort/[-42_241_764_-570_-303_45_-54_683_-227_-257_-326_-1_-121_821_302]
=== RUN   TestMergeSort/[168_107_-331_452_855_-159_817_-334_663_176_881_73_679_793_-108]
=== RUN   TestMergeSort/[39_958_-242_256_130_-414_170_185_519_294_-319_-332_-353_412_-558]
=== RUN   TestMergeSort/[-369_540_-639_-288_-443_-787_-268_492_691_-651_-417_214_-251_207_153]
=== RUN   TestMergeSort/[34_85_793_21_89_838_-618_-427_-246_533_-34_387_-44_-446_-413]
=== RUN   TestMergeSort/[-775_-744_-58_-192_125_-153_350_-686_193_-733_30_-9_268_-638_213]
=== RUN   TestMergeSort/[61_306_-83_352_-222_-60_-339_451_-148_-768_-770_-278_631_-981_-533]
=== RUN   TestMergeSort/[471_-205_-45_106_645_-220_0_14_503_-31_120_-169_142_-5_-87]
=== RUN   TestMergeSort/[-157_-521_-310_-460_156_66_-110_35_566_-469_-56_-308_-860_-301_891]
=== RUN   TestMergeSort/[210_226_-682_-414_-394_-431_323_834_-764_-95_439_-278_236_637_-228]
=== RUN   TestMergeSort/[399_-631_-716_120_-198_-428_-620_-127_90_-498_-44_-163_-215_-8_-430]
=== RUN   TestMergeSort/[-603_-151_507_385_-25_16_191_484_-150_267_-718_-193_-339_-397_-73]
=== RUN   TestMergeSort/[153_-41_255_431_-747_-287_766_182_-211_608_197_-181_-761_-42_-586]
=== RUN   TestMergeSort/[-173_-227_725_94_784_-443_-439_132_71_363_-15_705_526_-182_-623]
=== RUN   TestMergeSort/[-538_-163_-148_63_-449_-147_65_-565_418_504_-202_533_-700_470_94]
=== RUN   TestMergeSort/[856_-283_-784_763_-68_-470_-355_36_982_710_153_154_-139_-620_-252]
=== RUN   TestMergeSort/[298_-638_874_529_-77_-170_150_273_-557_803_117_-319_748_-142_-139]
=== RUN   TestMergeSort/[247_31_-215_-168_418_-801_122_-246_-411_202_517_-79_426_370_-26]
=== RUN   TestMergeSort/[73_-198_417_206_-131_-326_92_762_-536_285_325_-43_-462_-368_-438]
=== RUN   TestMergeSort/[-137_-505_-9_81_-593_-306_-378_-490_385_-82_319_-778_15_734_-398]
=== RUN   TestMergeSort/[-15_51_-164_-451_-651_51_-772_46_55_199_27_-173_-656_-143_23]
=== RUN   TestMergeSort/[-352_311_-140_53_239_285_-69_19_647_-724_-373_384_-836_-634_-41]
=== RUN   TestMergeSort/[141_246_-594_-462_82_-345_-292_667_323_-391_-355_672_16_801_-252]
=== RUN   TestMergeSort/[23_-105_-201_-55_330_70_-273_-78_-586_-261_203_40_37_-637_351]
=== RUN   TestMergeSort/[2_-251_482_103_568_99_671_209_358_-521_465_-12_314_401_12]
=== RUN   TestMergeSort/[-50_-325_886_-464_-337_-44_-626_305_478_-103_-158_363_410_-277_75]
=== RUN   TestMergeSort/[614_-182_-519_-62_-667_151_330_-388_-2_218_472_-345_249_-392_-620]
=== RUN   TestMergeSort/[404_445_272_533_-3_-191_-608_-512_-389_35_67_219_57_133_-254]
=== RUN   TestMergeSort/[-50_-112_454_-637_-190_-357_502_321_631_789_228_-636_-431_412_-272]
=== RUN   TestMergeSort/[-918_51_-328_295_-81_-285_330_-409_-470_-142_296_157_562_-142_-124]
=== RUN   TestMergeSort/[-16_578_-207_-148_134_-529_-382_-230_-461_59_61_-352_-328_-45_-148]
=== RUN   TestMergeSort/[-809_612_-121_273_132_96_-504_106_377_690_-377_-566_793_-340_-251]
=== RUN   TestMergeSort/[113_-649_848_475_-825_156_475_557_195_-496_336_-12_-239_880_352]
=== RUN   TestMergeSort/[730_-628_49_22_628_-742_-278_49_204_-198_-561_76_270_-15_497]
=== RUN   TestMergeSort/[-467_25_615_649_-608_-23_430_38_-494_51_679_351_602_-836_199]
=== RUN   TestMergeSort/[241_406_283_235_-798_156_375_-271_495_-210_-637_-326_-285_159_317]
=== RUN   TestMergeSort/[-529_-837_-294_70_375_78_-388_-667_-687_192_676_528_81_-61_-444]
=== RUN   TestMergeSort/[-16_-807_-314_-157_869_313_116_822_-366_-192_263_423_534_204_-17]
=== RUN   TestMergeSort/[245_-259_-414_-373_-899_706_507_387_28_-110_-720_188_-98_949_480]
=== RUN   TestMergeSort/[-237_-107_695_983_28_62_-202_-455_363_-588_393_-184_-518_-496_542]
=== RUN   TestMergeSort/[-568_256_148_-40_29_115_-290_476_274_233_2_144_-542_343_387]
=== RUN   TestMergeSort/[320_-627_-8_685_-90_-383_-2_551_-219_-56_-223_-691_132_426_258]
=== RUN   TestMergeSort/[246_-28_492_-328_80_-190_-529_262_335_-701_-450_156_-192_673_136]
=== RUN   TestMergeSort/[713_-242_495_515_528_305_239_-519_236_-585_19_-442_173_21_74]
=== RUN   TestMergeSort/[-99_-451_-470_-611_530_218_-342_465_381_-342_269_-123_45_203_486]
=== RUN   TestMergeSort/[-517_448_191_-54_-390_-6_44_-192_944_-227_-251_160_626_466_-710]
=== RUN   TestMergeSort/[117_-164_-74_785_-356_-179_243_699_-456_140_-287_-335_-599_-203_124]
=== RUN   TestMergeSort/[40_146_651_528_-826_-316_-133_326_268_-590_346_-331_-559_-140_106]
=== RUN   TestMergeSort/[503_-112_594_-32_-289_418_177_-157_38_28_-222_-520_-610_-386_-215]
=== RUN   TestMergeSort/[535_710_126_425_-275_172_87_-891_-517_883_-114_213_602_-98_-85]
=== RUN   TestMergeSort/[483_60_-129_-396_-410_-342_46_-323_-745_692_936_-324_51_417_473]
=== RUN   TestMergeSort/[-35_179_53_-217_588_439_-13_-257_-255_-65_433_264_-475_399_-475]
=== RUN   TestMergeSort/[-394_-188_606_432_52_438_-253_388_-431_212_-915_-244_53_313_54]
=== RUN   TestMergeSort/[76_486_8_-241_-24_195_13_-85_-463_109_-347_480_178_7_-69]
=== RUN   TestMergeSort/[248_537_-585_575_-969_222_250_-100_-318_421_-203_-229_-558_-505_-150]
=== RUN   TestMergeSort/[-12_-87_-260_698_413_55_288_125_33_-91_-8_-405_-303_-155_797]
=== RUN   TestMergeSort/[-859_55_8_-589_684_-437_-876_-749_-290_123_274_-751_-24_228_-23]
=== RUN   TestMergeSort/[-42_53_-63_398_27_-699_-281_833_26_792_-319_363_-151_-139_101]
=== RUN   TestMergeSort/[870_-4_-257_-18_414_184_408_-659_613_826_-338_223_848_-795_-366]
=== RUN   TestMergeSort/[143_535_454_498_152_118_-342_355_48_90_-294_669_-842_153_253]
=== RUN   TestMergeSort/[723_-493_-300_574_7_229_456_395_-620_-132_635_-232_23_382_562]
=== RUN   TestMergeSort/[-847_519_765_-218_-311_-407_489_310_-364_709_-104_-198_177_-549_260]
=== RUN   TestMergeSort/[-735_-655_-65_-94_-389_-179_-368_-253_-144_-767_-653_-573_103_26_-385]
=== RUN   TestMergeSort/[852_-190_-121_183_326_-253_464_507_-358_-188_-70_348_-656_-842_515]
=== RUN   TestMergeSort/[-555_426_309_-86_677_-173_489_-752_7_-295_-293_-476_66_-309_71]
=== RUN   TestMergeSort/[739_-348_24_442_-361_-500_585_-490_461_438_-790_-147_660_-161_153]
=== RUN   TestMergeSort/[304_-14_120_352_-422_-26_451_-9_-673_828_-76_-647_144_236_723]
=== RUN   TestMergeSort/[-434_385_586_161_121_29_541_347_-108_348_295_241_-55_8_9]
=== RUN   TestMergeSort/[-490_121_686_67_205_203_-621_107_618_-64_205_-682_40_-743_-578]
=== RUN   TestMergeSort/[-2_-93_-40_-299_-561_28_-52_-541_283_390_302_429_-123_342_-126]
=== RUN   TestMergeSort/[396_113_477_-596_-89_110_509_278_-766_-10_-229_-365_-273_-6_78]
=== RUN   TestMergeSort/[689_-185_-139_380_51_70_-77_347_520_-241_-239_741_-267_-847_-51]
=== RUN   TestMergeSort/[279_-830_176_158_141_-504_-678_-591_-112_-631_713_-738_353_282_-772]
=== RUN   TestMergeSort/[371_-794_10_-764_23_-483_772_637_-448_-33_-162_779_115_-127_353]
=== RUN   TestMergeSort/[249_-295_547_295_98_-478_-322_-162_-225_394_420_-639_-793_-223_679]
=== RUN   TestMergeSort/[717_189_104_-474_8_614_-402_-286_621_420_90_373_74_-467_-373]
=== RUN   TestMergeSort/[624_-163_248_23_506_-3_372_377_-610_-316_-281_417_-49_188_-466]
=== RUN   TestMergeSort/[175_312_-130_-680_-16_-89_-174_-938_74_301_-26_-23_-33_-238_-173]
=== RUN   TestMergeSort/[-759_604_154_278_-178_758_570_618_481_139_-335_-606_229_-255_39]
=== RUN   TestMergeSort/[-725_265_217_34_-201_354_173_-190_-46_-103_-417_-104_-51_533_-249]
=== RUN   TestMergeSort/[377_288_526_55_-774_324_-451_-877_-327_57_-106_-262_-756_42_156]
=== RUN   TestMergeSort/[14_780_469_-158_250_568_-112_144_194_-115_-518_-299_42_-408_-91]
=== RUN   TestMergeSort/[-189_-357_-17_-339_54_-267_711_-127_702_-305_395_328_314_-234_-10]
=== RUN   TestMergeSort/[-688_289_-495_475_320_-213_-785_-56_21_-746_223_790_-389_747_42]
=== RUN   TestMergeSort/[-31_-58_-893_236_9_100_-412_222_462_428_-694_131_-151_150_745]
=== RUN   TestMergeSort/[51_289_-354_120_111_-169_-505_19_434_-233_185_-511_-511_-4_372]
=== RUN   TestMergeSort/[-149_-3_-794_-605_-490_-156_142_20_-11_201_159_-243_272_99_200]
=== RUN   TestMergeSort/[-606_-428_-273_174_-110_8_-5_-208_770_-734_-429_358_585_-260_662]
=== RUN   TestMergeSort/[70_290_-97_203_-910_293_-19_-728_371_13_-371_385_207_-869_-586]
=== RUN   TestMergeSort/[229_596_-145_4_-136_104_728_357_-323_-602_-72_23_145_440_811]
=== RUN   TestMergeSort/[357_85_-208_497_-438_-159_771_-98_-470_148_-626_590_817_184_363]
=== RUN   TestMergeSort/[-187_-529_305_145_456_-87_325_-129_581_-547_382_163_220_284_-536]
=== RUN   TestMergeSort/[95_54_-398_-620_391_-229_760_-39_-536_-590_-38_-558_-63_411_-23]
=== RUN   TestMergeSort/[-69_99_108_66_-65_390_-553_-354_189_205_-485_343_-288_240_174]
=== RUN   TestMergeSort/[-217_-359_133_206_126_151_320_516_53_-265_661_-77_-686_77_-79]
=== RUN   TestMergeSort/[74_348_-369_-80_-94_6_49_-339_807_-20_55_364_128_-165_223]
=== RUN   TestMergeSort/[-245_306_701_18_-681_-444_770_303_-155_610_-420_-444_-478_235_-77]
=== RUN   TestMergeSort/[-509_-34_-167_-920_196_76_-322_273_431_157_-798_100_-38_-418_-388]
=== RUN   TestMergeSort/[-512_627_-144_-98_275_-330_-94_-525_706_59_345_184_-648_158_154]
=== RUN   TestMergeSort/[313_79_-496_160_-302_-111_-230_318_218_320_378_67_-44_-92_825]
=== RUN   TestMergeSort/[-148_-12_40_-105_-519_-312_-278_475_-457_-313_690_-707_-570_-770_437]
=== RUN   TestMergeSort/[-74_11_921_562_-867_-313_-598_115_-36_-597_499_281_375_759_-602]
=== RUN   TestMergeSort/[-155_-588_318_258_-322_175_132_823_320_-12_-378_-413_-23_6_410]
=== RUN   TestMergeSort/[-500_317_336_-369_137_-553_-164_-856_259_779_269_644_412_-483_432]
=== RUN   TestMergeSort/[607_-293_-86_491_-814_-642_959_427_399_-31_-163_-524_-174_797_-129]
=== RUN   TestMergeSort/[282_765_-65_-213_66_-524_-373_133_236_-128_-605_34_-111_-231_143]
=== RUN   TestMergeSort/[482_804_-74_-535_45_70_96_-218_-99_580_-638_48_-38_-70_432]
=== RUN   TestMergeSort/[396_430_246_585_342_-244_-288_-341_-1_681_-455_860_-18_479_249]
=== RUN   TestMergeSort/[614_146_-489_127_178_-63_-116_-228_812_268_477_113_65_189_-49]
=== RUN   TestMergeSort/[-72_-386_-133_-158_555_742_-291_665_-8_-551_195_-27_-167_-678_697]
=== RUN   TestMergeSort/[-252_-443_570_-194_457_165_39_340_270_201_587_350_-638_-52_-418]
=== RUN   TestMergeSort/[835_-627_-276_19_-442_-248_745_-426_-263_75_189_4_719_405_162]
=== RUN   TestMergeSort/[265_162_34_119_397_527_717_511_-188_91_33_-63_-17_252_258]
=== RUN   TestMergeSort/[150_-713_186_-227_234_342_360_-251_46_-276_751_470_863_-234_-501]
=== RUN   TestMergeSort/[217_140_110_138_811_584_454_-385_-2_520_269_-657_252_-479_-234]
=== RUN   TestMergeSort/[12_200_-91_211_-389_126_101_-96_-469_-511_-223_392_118_287_-29]
=== RUN   TestMergeSort/[-257_-331_12_410_207_269_74_-245_-303_138_399_33_-436_-429_-223]
--- PASS: TestMergeSort (0.02s)
    --- PASS: TestMergeSort/[-376_-452_-341_-55_-558_663_-744_395_-250_153_192_196_673_102_-174] (0.00s)
    --- PASS: TestMergeSort/[445_-61_72_6_-459_120_-490_154_693_-586_-75_-86_366_-29_-669] (0.00s)
    --- PASS: TestMergeSort/[330_50_78_495_106_-162_626_-57_-179_-504_-722_337_263_-150_-138] (0.00s)
    --- PASS: TestMergeSort/[833_80_368_-194_-159_189_105_62_572_15_620_-163_-52_520_93] (0.00s)
    --- PASS: TestMergeSort/[-17_670_-336_-132_-70_389_25_684_347_44_315_-97_764_24_-125] (0.00s)
    --- PASS: TestMergeSort/[67_79_-105_-423_92_159_-569_318_840_28_27_600_-143_-109_383] (0.00s)
    --- PASS: TestMergeSort/[34_-112_793_445_-305_-777_277_24_157_-387_291_177_-295_-213_750] (0.00s)
    --- PASS: TestMergeSort/[-340_396_-28_-94_-244_104_-336_-542_489_60_494_232_222_221_288] (0.00s)
    --- PASS: TestMergeSort/[75_-329_-512_-1_-225_-291_248_-402_-67_-43_-78_-684_116_850_20] (0.00s)
    --- PASS: TestMergeSort/[-514_487_-789_620_-596_-41_912_-163_260_49_-621_214_-151_-531_331] (0.00s)
    --- PASS: TestMergeSort/[890_-349_310_725_-327_-93_542_-5_460_45_656_183_-394_-713_426] (0.00s)
    --- PASS: TestMergeSort/[647_619_-438_547_957_289_217_398_-232_168_-175_9_665_-242_-103] (0.00s)
    --- PASS: TestMergeSort/[-319_-45_949_81_-257_-305_236_594_177_474_22_-112_-165_-475_-129] (0.00s)
    --- PASS: TestMergeSort/[-361_344_127_-582_-524_-463_508_408_-746_532_-270_30_-329_-792_-310] (0.00s)
    --- PASS: TestMergeSort/[-234_640_61_162_-563_-6_469_-283_-103_-102_153_-48_189_-265_88] (0.00s)
    --- PASS: TestMergeSort/[-57_588_120_626_348_551_157_142_-206_-476_91_261_124_-373_-273] (0.00s)
    --- PASS: TestMergeSort/[221_328_187_558_426_-28_-385_255_-291_-598_318_-463_272_-543_-353] (0.00s)
    --- PASS: TestMergeSort/[-826_445_-34_464_57_549_355_383_48_-606_-18_-8_626_0_583] (0.00s)
    --- PASS: TestMergeSort/[246_592_-197_-73_278_24_107_-193_916_248_-645_223_-152_580_154] (0.00s)
    --- PASS: TestMergeSort/[357_26_317_360_-331_-237_-148_269_297_40_-175_-202_486_568_530] (0.00s)
    --- PASS: TestMergeSort/[217_-184_-35_-617_20_679_-1_-537_690_-282_-143_239_-642_-128_-443] (0.00s)
    --- PASS: TestMergeSort/[-143_-456_-103_-454_-660_-361_446_16_2_-3_546_129_-37_215_373] (0.00s)
    --- PASS: TestMergeSort/[282_-384_-156_-56_-633_-448_-105_-284_109_680_22_-329_-361_-720_-685] (0.00s)
    --- PASS: TestMergeSort/[0_522_683_434_740_-322_-181_-281_-52_-118_356_-62_-39_-540_888] (0.00s)
    --- PASS: TestMergeSort/[-274_-612_253_214_-123_-589_373_-286_521_-168_203_-448_687_-355_823] (0.00s)
    --- PASS: TestMergeSort/[154_5_-335_-799_-368_-363_314_-936_-368_645_-90_233_548_-503_-328] (0.00s)
    --- PASS: TestMergeSort/[496_-620_-56_-170_-155_865_4_-82_341_-697_47_-678_-171_-94_-177] (0.00s)
    --- PASS: TestMergeSort/[2_-14_-378_-888_-210_474_-222_-233_432_-13_-171_-688_-76_-210_-168] (0.00s)
    --- PASS: TestMergeSort/[111_-451_-149_286_19_-93_452_-300_185_-335_377_269_-24_495_385] (0.00s)
    --- PASS: TestMergeSort/[633_-410_167_413_487_590_-504_167_607_-124_284_-63_65_8_521] (0.00s)
    --- PASS: TestMergeSort/[-206_458_859_-43_-655_9_-10_-273_-193_466_349_155_-126_-233_-559] (0.00s)
    --- PASS: TestMergeSort/[45_-533_-74_-807_433_75_361_-436_807_-352_-424_430_-417_148_216] (0.00s)
    --- PASS: TestMergeSort/[-20_-83_-871_-246_401_-297_-310_-356_420_37_115_30_-259_307_-875] (0.00s)
    --- PASS: TestMergeSort/[292_61_263_123_72_99_762_-564_574_957_-658_-124_91_221_570] (0.00s)
    --- PASS: TestMergeSort/[281_-663_-111_94_-422_-206_-357_-52_-44_-662_-165_226_22_-591_212] (0.00s)
    --- PASS: TestMergeSort/[-66_-272_-25_623_137_-161_28_274_-573_-216_410_-691_350_-169_102] (0.00s)
    --- PASS: TestMergeSort/[-53_591_691_-648_-38_217_-486_521_-482_262_-379_365_-162_-566_-749] (0.00s)
    --- PASS: TestMergeSort/[-544_439_-94_49_132_325_203_115_-230_754_-823_-800_-393_139_-51] (0.00s)
    --- PASS: TestMergeSort/[467_-167_-577_-64_-54_-438_80_530_-580_229_107_-244_92_-528_-373] (0.00s)
    --- PASS: TestMergeSort/[143_-238_-478_-693_-429_66_345_338_218_433_325_-54_-600_444_-212] (0.00s)
    --- PASS: TestMergeSort/[61_-714_-400_-313_-325_763_-582_83_689_913_-97_456_160_-89_378] (0.00s)
    --- PASS: TestMergeSort/[200_-469_54_-324_585_80_364_219_-94_-45_103_-48_-273_-326_229] (0.00s)
    --- PASS: TestMergeSort/[20_-529_247_-613_27_-783_125_253_5_-688_-476_854_108_-214_-12] (0.00s)
    --- PASS: TestMergeSort/[531_395_-215_-123_-284_534_399_333_-202_-265_12_-108_593_621_-737] (0.00s)
    --- PASS: TestMergeSort/[-378_425_444_267_-365_540_-185_-354_-679_373_-341_217_602_-849_629] (0.00s)
    --- PASS: TestMergeSort/[-708_231_68_-494_76_266_380_-158_-539_311_534_-362_-120_-416_-220] (0.00s)
    --- PASS: TestMergeSort/[766_-311_390_288_-887_-412_-881_-126_142_294_237_-161_-469_414_-84] (0.00s)
    --- PASS: TestMergeSort/[431_942_77_-59_-306_-742_-155_2_40_81_102_584_-54_93_118] (0.00s)
    --- PASS: TestMergeSort/[95_-649_-411_316_-459_-246_94_159_276_567_671_334_-495_392_-402] (0.00s)
    --- PASS: TestMergeSort/[-325_-44_-895_-878_228_124_72_399_105_360_482_742_159_-550_640] (0.00s)
    --- PASS: TestMergeSort/[-247_-119_34_470_-252_610_-118_-115_319_27_-355_19_-409_-843_490] (0.00s)
    --- PASS: TestMergeSort/[-137_710_-674_87_-248_-46_-250_-331_622_-699_-380_104_602_615_-379] (0.00s)
    --- PASS: TestMergeSort/[203_-550_213_453_-659_-379_-163_-606_156_287_-53_-430_-181_-628_-60] (0.00s)
    --- PASS: TestMergeSort/[-465_533_-676_147_231_-716_251_458_88_-18_210_-446_127_4_401] (0.00s)
    --- PASS: TestMergeSort/[-523_-648_783_-92_457_-97_-440_218_57_-713_453_-87_65_-632_-698] (0.00s)
    --- PASS: TestMergeSort/[557_-199_795_849_213_-339_-560_-444_129_430_12_-448_190_-505_826] (0.00s)
    --- PASS: TestMergeSort/[684_-369_360_-368_713_98_-295_-899_36_52_308_-190_-20_-449_-245] (0.00s)
    --- PASS: TestMergeSort/[-471_-296_-252_-86_-463_-783_-29_465_635_-84_-526_91_489_-188_835] (0.00s)
    --- PASS: TestMergeSort/[617_472_483_459_-90_-557_3_403_-582_633_218_-48_-272_-386_-142] (0.00s)
    --- PASS: TestMergeSort/[-674_-356_560_-414_-114_-153_168_85_-285_-443_-57_301_-461_-368_-191] (0.00s)
    --- PASS: TestMergeSort/[302_672_-170_216_49_228_483_-118_191_-211_261_-588_365_-29_636] (0.00s)
    --- PASS: TestMergeSort/[251_141_26_-313_-327_-407_-296_294_-457_391_219_110_536_-350_747] (0.00s)
    --- PASS: TestMergeSort/[127_-973_-62_-610_-405_403_-219_510_-207_-77_916_43_520_736_390] (0.00s)
    --- PASS: TestMergeSort/[-653_209_181_329_412_360_240_-327_-317_568_597_426_-200_123_-152] (0.00s)
    --- PASS: TestMergeSort/[469_-300_821_-619_-540_-257_-679_-548_-543_-511_-225_-796_296_5_-221] (0.00s)
    --- PASS: TestMergeSort/[677_118_1_681_-306_-666_-85_-296_-701_-76_358_-476_-87_445_-279] (0.00s)
    --- PASS: TestMergeSort/[-192_396_455_-340_357_-374_98_360_522_-567_-65_-39_-109_-286_317] (0.00s)
    --- PASS: TestMergeSort/[582_-238_41_-490_-433_235_668_334_-245_170_-17_-114_-139_-34_457] (0.00s)
    --- PASS: TestMergeSort/[503_559_198_-420_688_-471_-609_158_812_-330_-401_317_-170_-385_283] (0.00s)
    --- PASS: TestMergeSort/[-463_329_-512_457_608_95_-409_151_300_-317_11_-296_-704_-358_-571] (0.00s)
    --- PASS: TestMergeSort/[417_-370_33_498_418_280_-790_-258_-860_796_-41_379_492_-375_443] (0.00s)
    --- PASS: TestMergeSort/[-171_-486_-235_15_153_-413_-283_-45_286_314_-385_711_-349_895_-286] (0.00s)
    --- PASS: TestMergeSort/[380_-666_326_2_321_175_32_-294_-785_-335_192_96_742_558_518] (0.00s)
    --- PASS: TestMergeSort/[674_-201_157_167_266_-155_140_696_471_-461_524_-638_763_-73_-358] (0.00s)
    --- PASS: TestMergeSort/[466_-294_-189_-37_108_2_-409_-387_13_-328_554_-323_16_242_-117] (0.00s)
    --- PASS: TestMergeSort/[64_-463_17_107_-122_100_-69_-171_95_137_-76_813_480_-383_-242] (0.00s)
    --- PASS: TestMergeSort/[53_142_-210_800_702_138_-27_-346_-132_-301_149_214_54_110_-114] (0.00s)
    --- PASS: TestMergeSort/[96_34_252_-269_111_455_-469_-368_-422_-8_-221_419_563_-402_-219] (0.00s)
    --- PASS: TestMergeSort/[732_-643_196_312_-855_38_459_-417_78_524_152_420_-244_160_364] (0.00s)
    --- PASS: TestMergeSort/[-326_124_88_219_-274_139_795_7_609_93_-508_204_-36_-607_-250] (0.00s)
    --- PASS: TestMergeSort/[-94_-219_-82_253_-21_632_597_-485_387_-179_-143_361_-840_-237_352] (0.00s)
    --- PASS: TestMergeSort/[709_-130_441_516_262_355_-319_230_-126_-65_291_-137_488_-190_-273] (0.00s)
    --- PASS: TestMergeSort/[-381_-266_-223_-186_756_339_106_127_-373_63_11_-176_-815_855_-258] (0.00s)
    --- PASS: TestMergeSort/[-177_416_-789_-420_-408_-639_419_597_447_-717_-327_342_-669_708_-764] (0.00s)
    --- PASS: TestMergeSort/[428_-355_-196_-539_-746_686_-539_-339_-144_520_-749_824_-373_634_294] (0.00s)
    --- PASS: TestMergeSort/[126_-130_-609_-120_654_-10_17_349_-321_-416_-573_-60_-521_-33_867] (0.00s)
    --- PASS: TestMergeSort/[142_260_-844_859_-705_154_856_-64_-585_20_808_94_-361_8_-560] (0.00s)
    --- PASS: TestMergeSort/[922_-771_166_16_-29_-345_307_144_-150_-31_-507_113_-74_265_599] (0.00s)
    --- PASS: TestMergeSort/[650_-336_454_-83_82_-302_286_-45_-149_-490_-279_29_-176_-697_214] (0.00s)
    --- PASS: TestMergeSort/[139_-73_-628_110_-612_-88_-508_-644_-604_440_61_-47_-354_-271_-10] (0.00s)
    --- PASS: TestMergeSort/[-243_-801_282_-330_284_-600_81_45_78_-515_75_-31_522_193_-622] (0.00s)
    --- PASS: TestMergeSort/[-99_223_48_-382_-557_481_24_418_519_-852_268_-843_724_811_-124] (0.00s)
    --- PASS: TestMergeSort/[424_-132_-273_322_376_-302_-18_435_812_675_354_120_-666_353_-874] (0.00s)
    --- PASS: TestMergeSort/[419_590_-211_-250_-591_308_-150_578_-155_73_362_-642_289_-641_29] (0.00s)
    --- PASS: TestMergeSort/[573_299_187_425_442_345_-278_802_-423_-223_581_117_-498_-430_71] (0.00s)
    --- PASS: TestMergeSort/[370_256_148_-385_636_-828_657_-431_384_774_-500_258_-95_544_-140] (0.00s)
    --- PASS: TestMergeSort/[614_148_-569_574_-789_89_-421_-483_-669_-214_-640_301_244_611_206] (0.00s)
    --- PASS: TestMergeSort/[14_406_-602_-88_132_-349_-55_-516_-19_-204_-481_-568_-169_10_-376] (0.00s)
    --- PASS: TestMergeSort/[-364_93_-36_-493_186_-670_-910_-85_333_-167_101_55_-724_60_76] (0.00s)
    --- PASS: TestMergeSort/[-26_291_-19_-660_-58_-66_94_377_247_-135_-80_14_-15_591_-133] (0.00s)
    --- PASS: TestMergeSort/[503_228_-918_402_-109_530_199_381_133_265_-279_-231_-749_9_332] (0.00s)
    --- PASS: TestMergeSort/[123_740_150_71_256_-4_-390_-533_-706_10_14_-814_405_722_-158] (0.00s)
    --- PASS: TestMergeSort/[-83_-289_480_-624_-48_257_-505_55_121_-273_-109_498_3_12_794] (0.00s)
    --- PASS: TestMergeSort/[240_742_-341_397_168_-30_-231_-103_566_-500_82_-794_-576_-284_-378] (0.00s)
    --- PASS: TestMergeSort/[-416_256_-94_-187_340_-183_267_590_-389_596_-345_581_480_328_-710] (0.00s)
    --- PASS: TestMergeSort/[-443_-128_761_-130_-799_117_406_558_-76_137_64_-153_-668_-121_127] (0.00s)
    --- PASS: TestMergeSort/[222_479_-354_361_-762_-43_296_461_-148_-388_295_109_-274_571_113] (0.00s)
    --- PASS: TestMergeSort/[-129_-504_-230_550_433_-200_-172_-842_344_-345_-775_-524_62_299_204] (0.00s)
    --- PASS: TestMergeSort/[-287_316_-481_-498_557_-812_-475_-443_22_-638_485_-280_-174_-489_-393] (0.00s)
    --- PASS: TestMergeSort/[502_-70_-256_730_164_-229_401_18_514_73_273_195_73_719_28] (0.00s)
    --- PASS: TestMergeSort/[-734_462_895_755_0_-311_-519_364_-342_152_-205_354_462_-113_-196] (0.00s)
    --- PASS: TestMergeSort/[-60_575_617_104_209_-504_-50_600_-29_325_96_-86_-577_387_18] (0.00s)
    --- PASS: TestMergeSort/[479_-276_-134_233_-929_-61_61_-59_306_-178_-144_-211_-428_-152_672] (0.00s)
    --- PASS: TestMergeSort/[-38_-578_130_-480_163_-236_-442_-568_13_-280_-28_-137_-363_-13_74] (0.00s)
    --- PASS: TestMergeSort/[-168_-441_-784_-377_-408_231_769_15_122_132_-54_-110_-143_-346_-386] (0.00s)
    --- PASS: TestMergeSort/[266_-560_897_-579_174_-376_-114_-305_183_604_-210_250_222_-81_-484] (0.00s)
    --- PASS: TestMergeSort/[-38_181_610_-575_142_-624_-173_-525_-287_433_545_-87_594_-299_-304] (0.00s)
    --- PASS: TestMergeSort/[-940_-142_-56_-589_-318_-724_-266_261_-237_371_59_388_-504_423_-750] (0.00s)
    --- PASS: TestMergeSort/[-461_-94_392_-292_244_-126_432_-160_-118_-307_401_-375_-242_202_218] (0.00s)
    --- PASS: TestMergeSort/[-761_838_-735_-663_483_-148_597_-261_-18_-691_359_620_81_-271_2] (0.00s)
    --- PASS: TestMergeSort/[-103_482_-85_453_279_-13_417_253_-678_75_542_443_44_518_-775] (0.00s)
    --- PASS: TestMergeSort/[-295_217_691_482_169_-352_685_-405_483_-42_-149_56_75_596_933] (0.00s)
    --- PASS: TestMergeSort/[900_320_189_-127_-47_-635_314_-808_-355_694_330_-38_545_-380_-544] (0.00s)
    --- PASS: TestMergeSort/[-58_-54_621_-69_-129_268_510_-407_-391_-384_591_359_167_-752_-14] (0.00s)
    --- PASS: TestMergeSort/[614_78_-131_380_-808_-221_118_-491_482_104_-336_225_-121_747_-101] (0.00s)
    --- PASS: TestMergeSort/[32_-817_308_310_386_223_459_433_15_240_116_-669_597_-316_357] (0.00s)
    --- PASS: TestMergeSort/[-96_760_-307_-285_-377_-254_24_168_215_305_-158_264_500_553_26] (0.00s)
    --- PASS: TestMergeSort/[-47_327_-610_-142_645_276_109_-317_268_537_142_-420_-489_534_-884] (0.00s)
    --- PASS: TestMergeSort/[-449_115_407_-225_535_-917_-391_165_-531_539_-756_355_360_31_561] (0.00s)
    --- PASS: TestMergeSort/[-295_-286_-291_-339_99_-492_-107_296_-331_311_74_-173_327_-145_-480] (0.00s)
    --- PASS: TestMergeSort/[-226_33_161_350_-269_489_-276_-405_40_118_889_-23_639_-257_674] (0.00s)
    --- PASS: TestMergeSort/[10_696_740_278_-210_-253_-203_-373_-223_-441_-376_-416_218_-285_579] (0.00s)
    --- PASS: TestMergeSort/[-54_660_772_546_-404_-293_-491_50_634_346_757_499_27_-26_22] (0.00s)
    --- PASS: TestMergeSort/[20_547_95_-867_-395_-487_180_-302_379_-390_482_-154_-569_550_-608] (0.00s)
    --- PASS: TestMergeSort/[431_-320_-51_219_596_-527_-783_-186_150_361_-455_-75_-369_18_87] (0.00s)
    --- PASS: TestMergeSort/[162_-224_531_783_361_863_374_483_143_-522_455_244_-447_-621_71] (0.00s)
    --- PASS: TestMergeSort/[-58_368_-102_20_-51_718_306_0_131_-520_-187_-90_255_-365_385] (0.00s)
    --- PASS: TestMergeSort/[-177_198_-617_-346_-567_483_72_-839_-225_15_811_-852_41_-176_-76] (0.00s)
    --- PASS: TestMergeSort/[-80_693_-423_88_454_-141_119_300_-760_221_229_276_-109_545_-239] (0.00s)
    --- PASS: TestMergeSort/[-219_-239_205_-450_181_-328_-375_-279_240_409_470_367_756_-491_376] (0.00s)
    --- PASS: TestMergeSort/[-684_523_82_-473_-111_57_576_463_73_37_399_18_690_23_-487] (0.00s)
    --- PASS: TestMergeSort/[376_189_292_574_-812_-28_-42_-24_-346_35_-489_-299_-467_-97_-194] (0.00s)
    --- PASS: TestMergeSort/[-434_-344_102_-477_-143_-552_-491_78_387_-565_-359_-60_-604_-624_343] (0.00s)
    --- PASS: TestMergeSort/[480_-485_106_581_621_570_-280_335_-322_-250_296_137_-208_964_418] (0.00s)
    --- PASS: TestMergeSort/[409_-284_250_-798_90_730_-153_746_681_702_666_-241_-300_10_465] (0.00s)
    --- PASS: TestMergeSort/[658_136_-270_76_-527_464_428_94_69_-543_544_-518_-64_-561_-10] (0.00s)
    --- PASS: TestMergeSort/[394_-340_-403_943_-510_-384_-448_610_912_-215_29_-153_619_-210_-506] (0.00s)
    --- PASS: TestMergeSort/[453_-351_-191_332_26_236_110_497_-164_682_97_248_723_-3_2] (0.00s)
    --- PASS: TestMergeSort/[-389_-642_-433_-269_513_-339_299_-114_-201_-226_-746_-198_256_-313_-1] (0.00s)
    --- PASS: TestMergeSort/[-73_308_380_-316_-13_588_-48_-77_645_-200_587_-164_-817_325_-861] (0.00s)
    --- PASS: TestMergeSort/[-274_-85_132_-245_-625_215_148_-317_-312_362_238_13_-193_383_289] (0.00s)
    --- PASS: TestMergeSort/[-167_203_216_-1_-773_-304_391_533_161_-305_159_413_279_337_303] (0.00s)
    --- PASS: TestMergeSort/[-331_-369_330_215_323_-61_-21_-144_-3_-35_111_32_53_-794_-37] (0.00s)
    --- PASS: TestMergeSort/[-352_-176_105_420_467_-454_-11_145_283_-80_957_-285_-770_-217_819] (0.00s)
    --- PASS: TestMergeSort/[-762_-461_-671_-407_-520_442_157_248_390_432_-278_-249_-391_-276_188] (0.00s)
    --- PASS: TestMergeSort/[-41_668_449_412_-659_359_-405_-12_244_-328_133_181_-214_-62_-132] (0.00s)
    --- PASS: TestMergeSort/[88_201_-52_348_353_298_378_-594_-511_-307_-412_-868_-801_399_-511] (0.00s)
    --- PASS: TestMergeSort/[112_-509_-782_-211_-28_108_-305_610_-301_-148_193_417_-785_651_355] (0.00s)
    --- PASS: TestMergeSort/[-239_423_-182_22_-298_-226_2_362_72_726_-2_526_345_-216_-154] (0.00s)
    --- PASS: TestMergeSort/[-614_277_-104_-460_-32_-280_54_442_-475_-471_-244_-104_523_355_873] (0.00s)
    --- PASS: TestMergeSort/[-421_367_290_-456_-88_189_251_145_-282_-459_231_120_-115_-485_-494] (0.00s)
    --- PASS: TestMergeSort/[6_-516_76_-3_304_937_256_345_652_37_-256_44_-582_42_629] (0.00s)
    --- PASS: TestMergeSort/[377_7_-285_-411_341_664_159_731_-165_214_266_136_-44_-60_163] (0.00s)
    --- PASS: TestMergeSort/[144_779_-49_907_-667_-418_-777_310_-207_-1_57_394_-403_-61_-536] (0.00s)
    --- PASS: TestMergeSort/[-475_-358_43_228_-294_-765_-562_934_-253_-711_527_-14_414_837_145] (0.00s)
    --- PASS: TestMergeSort/[-44_47_368_-324_-878_700_-74_-318_-99_290_849_348_-648_497_-701] (0.00s)
    --- PASS: TestMergeSort/[-67_-127_-302_455_-598_180_335_352_-419_343_-197_-888_548_298_-566] (0.00s)
    --- PASS: TestMergeSort/[178_710_-109_-656_383_-260_170_-148_-281_628_727_36_424_577_-38] (0.00s)
    --- PASS: TestMergeSort/[117_-100_530_-475_-792_-621_123_-114_138_-192_512_222_180_219_92] (0.00s)
    --- PASS: TestMergeSort/[372_-128_353_-512_104_-8_-108_639_-116_-198_-687_-686_-147_-569_548] (0.00s)
    --- PASS: TestMergeSort/[337_-863_404_444_306_356_-329_-121_270_-248_-79_699_74_-267_-584] (0.00s)
    --- PASS: TestMergeSort/[-396_-335_-314_-489_-303_305_-41_-231_42_-80_-143_-163_88_358_325] (0.00s)
    --- PASS: TestMergeSort/[63_75_-190_-143_-392_-31_-129_-381_787_-187_-588_-540_293_2_176] (0.00s)
    --- PASS: TestMergeSort/[374_625_-620_-611_188_757_656_417_65_-356_407_264_-3_65_-149] (0.00s)
    --- PASS: TestMergeSort/[-471_477_-196_93_450_-694_-280_359_406_-500_-645_-116_-165_350_-734] (0.00s)
    --- PASS: TestMergeSort/[-527_261_301_-365_-169_516_-241_61_637_25_171_-84_122_-589_-543] (0.00s)
    --- PASS: TestMergeSort/[-572_390_-39_-283_72_599_374_-401_-710_-37_-174_-267_452_39_-143] (0.00s)
    --- PASS: TestMergeSort/[-785_66_180_-229_-426_548_-492_238_234_209_117_278_53_-195_126] (0.00s)
    --- PASS: TestMergeSort/[-545_635_551_-754_62_-534_-79_537_226_72_599_706_-911_-253_114] (0.00s)
    --- PASS: TestMergeSort/[87_-199_-299_-88_341_899_-39_29_-226_20_-95_-240_315_-239_140] (0.00s)
    --- PASS: TestMergeSort/[207_195_16_787_-855_-9_-612_190_166_406_414_423_216_618_611] (0.00s)
    --- PASS: TestMergeSort/[-283_275_-71_675_-42_425_600_-4_-212_118_-44_-196_-391_-99_-135] (0.00s)
    --- PASS: TestMergeSort/[-122_-380_-86_-396_-925_-425_-8_-14_-200_-185_-169_-676_-650_814_229] (0.00s)
    --- PASS: TestMergeSort/[-552_-59_40_702_-136_7_-217_548_-785_-707_44_123_24_-348_56] (0.00s)
    --- PASS: TestMergeSort/[-388_-336_-100_597_257_237_-277_-27_-51_32_-166_-272_434_-312_284] (0.00s)
    --- PASS: TestMergeSort/[882_101_-174_-787_503_-824_314_145_117_524_-131_123_-139_-445_-50] (0.00s)
    --- PASS: TestMergeSort/[-607_-310_725_236_-296_-237_-6_-165_-581_480_-200_28_-55_657_347] (0.00s)
    --- PASS: TestMergeSort/[-445_787_-144_-14_-743_-586_398_498_495_81_414_-250_24_78_509] (0.00s)
    --- PASS: TestMergeSort/[691_-401_371_150_-147_-640_64_-362_107_652_95_167_204_-342_-182] (0.00s)
    --- PASS: TestMergeSort/[-139_-832_-401_741_-409_-707_-213_629_835_293_275_146_677_206_378] (0.00s)
    --- PASS: TestMergeSort/[-525_-308_-747_616_-227_647_398_531_234_207_370_423_810_-185_-53] (0.00s)
    --- PASS: TestMergeSort/[249_-26_-697_-349_457_-249_105_-233_-295_-4_-529_125_-600_-564_226] (0.00s)
    --- PASS: TestMergeSort/[345_359_-308_131_-180_-37_-795_205_775_107_-28_-413_-221_-326_164] (0.00s)
    --- PASS: TestMergeSort/[-482_-70_632_-47_99_-802_717_160_-293_50_356_637_441_-519_-216] (0.00s)
    --- PASS: TestMergeSort/[-836_-419_287_-400_-488_579_-140_130_804_-706_-11_217_-579_648_569] (0.00s)
    --- PASS: TestMergeSort/[-94_-689_-87_-300_-345_-883_259_381_-574_296_610_-31_-360_535_-110] (0.00s)
    --- PASS: TestMergeSort/[451_-319_115_-384_-881_540_247_-317_403_526_56_-6_81_-15_509] (0.00s)
    --- PASS: TestMergeSort/[-212_-664_578_-306_-45_-600_355_-230_280_185_-204_-491_-647_-829_-827] (0.00s)
    --- PASS: TestMergeSort/[505_-570_343_280_-199_-823_-594_-185_-656_349_-371_181_-207_-31_633] (0.00s)
    --- PASS: TestMergeSort/[-531_120_-264_154_524_-497_565_-63_432_143_-244_110_-462_-522_790] (0.00s)
    --- PASS: TestMergeSort/[-73_294_125_978_354_-428_382_-335_-97_-473_499_-546_-635_273_717] (0.00s)
    --- PASS: TestMergeSort/[-234_300_628_134_-72_-314_511_628_893_-81_-33_63_-717_-23_304] (0.00s)
    --- PASS: TestMergeSort/[446_488_-772_-540_406_144_88_302_-238_-639_240_-663_-174_532_-103] (0.00s)
    --- PASS: TestMergeSort/[-363_-240_-45_695_587_371_448_-630_-517_645_192_429_-401_-44_-253] (0.00s)
    --- PASS: TestMergeSort/[-431_-600_35_52_420_-718_527_-96_857_-232_-149_-295_-107_-312_339] (0.00s)
    --- PASS: TestMergeSort/[-189_164_769_218_-547_90_-56_-181_337_367_-526_-30_392_-478_-742] (0.00s)
    --- PASS: TestMergeSort/[-785_460_-674_671_94_760_-727_-907_-241_-393_652_-685_242_-394_388] (0.00s)
    --- PASS: TestMergeSort/[-186_211_330_-55_-648_-40_-132_360_456_265_-132_-566_-310_410_-590] (0.00s)
    --- PASS: TestMergeSort/[112_35_774_-539_-752_-50_-672_1_116_111_550_722_526_-48_-544] (0.00s)
    --- PASS: TestMergeSort/[-252_-343_798_-691_667_56_449_-8_-454_107_-47_-515_431_-148_-594] (0.00s)
    --- PASS: TestMergeSort/[523_261_352_249_430_-402_-528_111_436_59_-243_49_556_875_115] (0.00s)
    --- PASS: TestMergeSort/[-245_-185_427_-472_-158_248_-313_81_337_-254_-191_249_-773_-9_-137] (0.00s)
    --- PASS: TestMergeSort/[-154_324_-4_-219_-248_-534_18_-66_-79_-299_-511_77_294_-795_-610] (0.00s)
    --- PASS: TestMergeSort/[45_355_-428_289_-823_-87_-564_416_-417_-405_-217_-126_796_384_-274] (0.00s)
    --- PASS: TestMergeSort/[-269_726_-481_-191_-112_375_-267_135_-147_-106_-222_26_697_-473_260] (0.00s)
    --- PASS: TestMergeSort/[186_-1_151_546_117_-618_-314_468_72_-293_33_-75_319_647_-169] (0.00s)
    --- PASS: TestMergeSort/[-108_-598_-22_261_189_691_49_98_-638_-371_55_-238_-174_-903_-595] (0.00s)
    --- PASS: TestMergeSort/[549_-131_-458_-622_-438_13_159_-317_358_-396_211_-8_754_-41_342] (0.00s)
    --- PASS: TestMergeSort/[-86_35_-531_488_-61_-272_-407_254_-230_185_-342_-21_72_698_241] (0.00s)
    --- PASS: TestMergeSort/[42_829_-147_5_-176_59_8_-32_2_567_-572_103_624_74_-173] (0.00s)
    --- PASS: TestMergeSort/[-444_-421_-380_-823_279_378_137_500_57_-87_-189_24_804_40_-587] (0.00s)
    --- PASS: TestMergeSort/[-272_-21_-323_195_-338_-487_-382_-75_-200_526_825_48_-528_275_28] (0.00s)
    --- PASS: TestMergeSort/[-570_-10_342_314_-561_497_300_290_-92_344_-384_880_181_-677_342] (0.00s)
    --- PASS: TestMergeSort/[29_-682_-200_263_-378_110_196_-441_885_-306_-254_-47_63_451_628] (0.00s)
    --- PASS: TestMergeSort/[-2_-567_234_-50_-203_210_-388_281_0_35_-123_504_-89_176_6] (0.00s)
    --- PASS: TestMergeSort/[365_-115_168_243_-496_156_-508_-626_96_218_731_-58_100_-19_368] (0.00s)
    --- PASS: TestMergeSort/[582_-657_-108_-9_-28_815_-68_-660_-10_-529_-289_-484_477_340_-732] (0.00s)
    --- PASS: TestMergeSort/[158_114_-76_236_64_-114_-379_143_-228_-397_-196_455_-237_57_-224] (0.00s)
    --- PASS: TestMergeSort/[-85_-491_216_620_-489_420_-487_-483_94_570_-642_294_-104_-199_-58] (0.00s)
    --- PASS: TestMergeSort/[202_-519_752_175_89_625_-637_-132_869_-122_-160_-486_-556_-526_758] (0.00s)
    --- PASS: TestMergeSort/[-403_167_150_-37_-742_-293_463_-174_-48_458_-942_-17_-119_325_-458] (0.00s)
    --- PASS: TestMergeSort/[248_58_-783_717_-75_219_864_-418_474_885_-114_-104_312_-343_418] (0.00s)
    --- PASS: TestMergeSort/[262_-235_160_-712_-571_29_43_773_378_-440_179_-834_-75_-538_65] (0.00s)
    --- PASS: TestMergeSort/[63_-497_600_-501_127_-134_-762_619_-388_-313_-472_-352_657_580_574] (0.00s)
    --- PASS: TestMergeSort/[187_549_129_197_229_-12_723_33_720_-363_9_-778_300_663_394] (0.00s)
    --- PASS: TestMergeSort/[216_21_-105_197_-504_403_-5_109_100_318_407_261_657_465_-601] (0.00s)
    --- PASS: TestMergeSort/[-701_396_538_416_11_-183_-761_-749_-594_127_-362_58_-242_202_478] (0.00s)
    --- PASS: TestMergeSort/[354_67_938_621_-386_496_-382_307_799_269_408_-163_289_-386_-143] (0.00s)
    --- PASS: TestMergeSort/[75_-105_-433_-20_199_12_-89_635_462_405_-331_266_-6_-453_-647] (0.00s)
    --- PASS: TestMergeSort/[-222_-134_-473_-470_-18_-713_182_554_-136_399_-119_360_206_-419_552] (0.00s)
    --- PASS: TestMergeSort/[-267_-187_-349_-491_-262_106_-758_-106_584_191_76_-531_-84_109_-100] (0.00s)
    --- PASS: TestMergeSort/[-667_-221_-121_460_-236_-767_330_-80_944_-592_-217_-329_-706_293_70] (0.00s)
    --- PASS: TestMergeSort/[-153_-61_-150_721_414_382_-318_-235_-316_-333_-457_74_254_-277_737] (0.00s)
    --- PASS: TestMergeSort/[-44_-468_-416_-9_632_-40_-490_25_-286_113_361_317_-858_-61_-223] (0.00s)
    --- PASS: TestMergeSort/[171_571_-80_-220_458_476_-652_-693_173_38_71_-338_211_415_-362] (0.00s)
    --- PASS: TestMergeSort/[176_-61_-298_-20_124_-102_117_330_283_-132_194_136_-540_681_543] (0.00s)
    --- PASS: TestMergeSort/[120_99_625_187_579_-66_-218_466_279_569_-273_39_-662_-808_36] (0.00s)
    --- PASS: TestMergeSort/[-63_671_-666_683_365_-411_-215_517_349_-433_-292_-878_-653_-189_-520] (0.00s)
    --- PASS: TestMergeSort/[763_-1_221_-523_-284_-56_-149_229_456_-240_373_-160_735_-163_425] (0.00s)
    --- PASS: TestMergeSort/[403_241_241_-472_-389_-190_-167_-459_-59_-196_20_103_7_85_317] (0.00s)
    --- PASS: TestMergeSort/[25_98_694_-160_-84_-771_168_-292_-142_-583_532_-57_-62_-134_-580] (0.00s)
    --- PASS: TestMergeSort/[-816_28_-188_-38_246_42_-443_762_427_947_177_494_-404_-461_-314] (0.00s)
    --- PASS: TestMergeSort/[-333_419_-448_155_503_-248_389_-278_102_656_-120_95_-213_50_-563] (0.00s)
    --- PASS: TestMergeSort/[253_431_-437_-491_91_-420_398_-424_-692_52_528_-548_-186_-249_-353] (0.00s)
    --- PASS: TestMergeSort/[231_-450_13_-217_-646_692_383_-90_706_346_109_-173_22_100_-816] (0.00s)
    --- PASS: TestMergeSort/[-377_160_273_322_-146_491_-541_336_442_50_38_-210_-616_-590_346] (0.00s)
    --- PASS: TestMergeSort/[399_405_418_596_853_608_550_15_174_100_174_-298_299_-175_98] (0.00s)
    --- PASS: TestMergeSort/[-392_154_386_262_-909_698_336_-512_-590_223_-424_373_323_141_282] (0.00s)
    --- PASS: TestMergeSort/[12_-801_-142_-387_555_528_160_631_247_795_-192_-187_310_130_-148] (0.00s)
    --- PASS: TestMergeSort/[796_66_-634_665_-84_133_-3_-638_418_-555_-55_-431_707_244_59] (0.00s)
    --- PASS: TestMergeSort/[306_245_167_-855_428_-702_-159_74_659_657_354_-533_-31_-87_167] (0.00s)
    --- PASS: TestMergeSort/[433_428_77_-374_530_-186_58_-559_654_728_-137_841_113_-62_-34] (0.00s)
    --- PASS: TestMergeSort/[-273_450_-714_63_-231_-71_171_-707_679_358_-790_105_218_-191_-93] (0.00s)
    --- PASS: TestMergeSort/[420_-268_-280_-175_423_136_292_189_5_616_-293_286_151_620_429] (0.00s)
    --- PASS: TestMergeSort/[-119_-278_-393_-374_221_-218_-232_-239_-364_587_-369_-32_-17_765_-297] (0.00s)
    --- PASS: TestMergeSort/[442_88_-254_239_-247_-790_795_-210_166_-21_-748_103_619_-767_-35] (0.00s)
    --- PASS: TestMergeSort/[-102_338_69_-559_-346_305_213_479_280_-198_-25_-7_-272_-425_801] (0.00s)
    --- PASS: TestMergeSort/[259_-668_511_-74_693_-49_-214_199_-468_-218_-20_159_789_-151_-432] (0.00s)
    --- PASS: TestMergeSort/[-618_701_-257_461_-64_829_375_-16_150_65_34_391_69_-418_248] (0.00s)
    --- PASS: TestMergeSort/[110_55_-6_-823_-81_224_-663_-82_-153_344_546_-205_-647_134_449] (0.00s)
    --- PASS: TestMergeSort/[-205_469_-72_-127_-33_324_-32_94_-205_-590_-98_-329_224_373_718] (0.00s)
    --- PASS: TestMergeSort/[243_-177_91_-204_-81_-417_-418_111_-326_723_-39_-257_-190_-548_792] (0.00s)
    --- PASS: TestMergeSort/[-549_232_658_-709_-3_10_27_74_-813_4_134_387_-100_-449_-293] (0.00s)
    --- PASS: TestMergeSort/[113_757_456_487_-118_116_830_123_255_263_-351_838_534_189_30] (0.00s)
    --- PASS: TestMergeSort/[-315_180_-893_240_-16_406_-320_453_383_-572_-168_-365_-501_-207_178] (0.00s)
    --- PASS: TestMergeSort/[-368_115_-271_115_-97_493_-94_-278_-241_659_-42_-253_-432_63_-74] (0.00s)
    --- PASS: TestMergeSort/[481_-57_-117_-278_-134_6_205_-487_-25_-441_-442_81_379_-982_-165] (0.00s)
    --- PASS: TestMergeSort/[-716_602_185_-398_-650_-321_-53_-395_334_25_-307_559_-459_216_71] (0.00s)
    --- PASS: TestMergeSort/[-408_-608_288_-110_-190_356_-128_-23_4_-464_228_675_-7_-358_224] (0.00s)
    --- PASS: TestMergeSort/[-202_283_-235_1_-125_-331_83_74_152_-29_-158_-234_539_369_435] (0.00s)
    --- PASS: TestMergeSort/[-439_498_-270_-99_-10_-197_-335_55_-144_-472_-861_755_371_719_68] (0.00s)
    --- PASS: TestMergeSort/[-458_-35_805_-334_866_-40_-90_378_-819_-726_3_82_-32_395_508] (0.00s)
    --- PASS: TestMergeSort/[331_398_41_306_308_-188_93_217_-274_161_-203_258_-306_-317_-608] (0.00s)
    --- PASS: TestMergeSort/[108_411_152_506_-245_-37_599_321_566_-83_12_-197_-406_-385_-709] (0.00s)
    --- PASS: TestMergeSort/[-555_161_90_241_-712_-887_-417_-385_-720_482_-183_-226_-7_-39_97] (0.00s)
    --- PASS: TestMergeSort/[-396_718_-422_210_268_-637_-737_-741_-292_-207_796_-249_225_281_394] (0.00s)
    --- PASS: TestMergeSort/[-266_112_-832_-342_805_-25_19_841_-85_764_64_284_-224_731_-225] (0.00s)
    --- PASS: TestMergeSort/[-327_-633_-532_-57_354_686_197_61_403_222_-371_-271_90_190_-159] (0.00s)
    --- PASS: TestMergeSort/[-713_-237_-23_-183_-578_-387_-125_-278_124_303_-193_-146_-214_359_-75] (0.00s)
    --- PASS: TestMergeSort/[686_226_-489_-521_321_-352_-346_-124_38_-682_-43_720_-514_567_-580] (0.00s)
    --- PASS: TestMergeSort/[-243_-281_-323_-589_791_-524_275_-264_-101_130_465_73_-22_-169_-761] (0.00s)
    --- PASS: TestMergeSort/[-38_438_-470_155_-135_176_6_-146_546_-570_-503_-636_318_494_-60] (0.00s)
    --- PASS: TestMergeSort/[-663_496_376_78_-211_-168_133_-203_128_364_363_-250_-693_-272_-662] (0.00s)
    --- PASS: TestMergeSort/[28_-119_279_674_31_271_-322_637_-525_581_-714_757_17_443_-224] (0.00s)
    --- PASS: TestMergeSort/[286_18_-778_787_-566_565_-674_-765_-448_369_216_475_-63_154_-288] (0.00s)
    --- PASS: TestMergeSort/[-122_302_-307_21_637_174_33_71_199_41_93_145_355_-920_-763] (0.00s)
    --- PASS: TestMergeSort/[347_-161_-322_-775_-264_436_170_35_-349_120_306_483_-413_-486_-618] (0.00s)
    --- PASS: TestMergeSort/[-398_364_-652_-94_164_89_228_588_-482_-479_-342_532_415_210_32] (0.00s)
    --- PASS: TestMergeSort/[212_-326_-264_-420_-493_584_818_-526_685_-208_573_-37_-498_-44_-577] (0.00s)
    --- PASS: TestMergeSort/[-576_-377_-559_195_-538_259_340_55_415_339_637_-60_-737_-76_-194] (0.00s)
    --- PASS: TestMergeSort/[-595_190_-26_766_-108_58_-216_-194_180_114_-294_-609_-229_-525_570] (0.00s)
    --- PASS: TestMergeSort/[289_59_60_-53_722_10_-458_-651_-109_401_149_447_-18_-713_320] (0.00s)
    --- PASS: TestMergeSort/[336_252_47_-292_-906_476_486_-68_-44_-374_675_147_-341_327_-109] (0.00s)
    --- PASS: TestMergeSort/[714_-554_551_-162_-74_371_438_-31_-237_119_-220_49_858_-425_88] (0.00s)
    --- PASS: TestMergeSort/[492_471_-863_-584_-121_-291_-37_-66_701_402_286_-288_229_321_-9] (0.00s)
    --- PASS: TestMergeSort/[761_237_24_425_54_-173_-833_437_439_645_-432_-485_280_-289_-168] (0.00s)
    --- PASS: TestMergeSort/[-301_9_484_147_86_-792_567_-106_60_-177_-20_640_-191_657_396] (0.00s)
    --- PASS: TestMergeSort/[-106_246_40_-361_-561_-3_761_-722_690_-27_192_307_802_262_-323] (0.00s)
    --- PASS: TestMergeSort/[694_430_-508_291_724_-644_-44_318_368_-518_-132_128_580_758_-528] (0.00s)
    --- PASS: TestMergeSort/[-14_-11_300_625_283_-553_-370_-323_19_-13_-204_-288_504_365_-564] (0.00s)
    --- PASS: TestMergeSort/[-135_-461_-67_326_-189_-767_-599_-291_-351_134_120_-203_-65_-45_726] (0.00s)
    --- PASS: TestMergeSort/[-184_140_280_27_-772_-310_465_10_181_-392_-116_-403_12_492_-105] (0.00s)
    --- PASS: TestMergeSort/[-257_-158_735_93_-704_-141_-184_-556_335_108_330_206_412_-386_-249] (0.00s)
    --- PASS: TestMergeSort/[-206_-478_23_-343_361_-224_-632_-69_-833_231_-689_-705_-206_196_-328] (0.00s)
    --- PASS: TestMergeSort/[132_-154_716_259_-868_23_-340_106_-13_-261_-374_-518_-253_86_-629] (0.00s)
    --- PASS: TestMergeSort/[-555_-563_255_333_-437_79_375_735_108_49_528_-31_462_462_-114] (0.00s)
    --- PASS: TestMergeSort/[-134_49_-686_-403_626_699_-674_-156_242_-222_162_-185_-118_-539_-414] (0.00s)
    --- PASS: TestMergeSort/[631_-632_258_-268_784_412_765_-737_451_-184_-961_-264_933_-315_758] (0.00s)
    --- PASS: TestMergeSort/[-41_228_-747_-652_-710_290_-389_-277_545_351_-861_439_573_158_-740] (0.00s)
    --- PASS: TestMergeSort/[-740_104_899_336_510_-33_-434_-634_-137_-761_-59_-785_322_-637_51] (0.00s)
    --- PASS: TestMergeSort/[-274_-144_112_-154_492_-733_-336_247_68_479_-119_89_-315_109_8] (0.00s)
    --- PASS: TestMergeSort/[-626_529_-216_596_704_-454_-17_-124_392_383_274_-171_-118_218_510] (0.00s)
    --- PASS: TestMergeSort/[489_142_78_-81_-871_205_-517_309_-78_-335_782_-180_-383_-96_58] (0.00s)
    --- PASS: TestMergeSort/[259_315_89_795_-176_-532_358_638_-443_733_-392_-57_-486_-149_422] (0.00s)
    --- PASS: TestMergeSort/[-417_-394_528_54_121_210_-258_-539_861_-66_-860_143_140_-305_-841] (0.00s)
    --- PASS: TestMergeSort/[-694_19_344_162_-71_-213_317_-249_163_-68_341_-128_69_-224_629] (0.00s)
    --- PASS: TestMergeSort/[-234_439_676_242_768_668_-212_480_189_476_-307_-360_168_-301_-424] (0.00s)
    --- PASS: TestMergeSort/[607_-227_-400_-423_-196_100_-602_179_76_-660_580_-61_102_-69_-168] (0.00s)
    --- PASS: TestMergeSort/[14_108_18_-527_172_64_298_-591_446_336_806_127_493_21_564] (0.00s)
    --- PASS: TestMergeSort/[120_160_685_-114_-76_-545_-499_-103_-818_-821_545_48_-526_34_94] (0.00s)
    --- PASS: TestMergeSort/[46_-243_-194_-346_-172_155_459_578_-158_195_534_225_452_-414_-20] (0.00s)
    --- PASS: TestMergeSort/[-100_817_-370_506_-15_429_-247_-484_542_-58_255_-248_261_-200_-61] (0.00s)
    --- PASS: TestMergeSort/[305_-375_-271_-169_-655_116_148_212_-618_-160_618_301_-19_-46_-254] (0.00s)
    --- PASS: TestMergeSort/[391_512_-380_262_602_54_-575_-101_183_465_45_-952_-83_-17_790] (0.00s)
    --- PASS: TestMergeSort/[137_476_-598_210_-207_617_-832_673_439_513_-983_-553_-127_520_376] (0.00s)
    --- PASS: TestMergeSort/[-292_-48_247_508_523_-181_90_268_-185_444_-161_98_74_-254_639] (0.00s)
    --- PASS: TestMergeSort/[583_-125_-258_-371_177_-340_263_-914_436_291_-105_203_244_358_-380] (0.00s)
    --- PASS: TestMergeSort/[-232_78_10_492_290_-362_165_710_-216_-36_99_-836_-53_351_-106] (0.00s)
    --- PASS: TestMergeSort/[-189_721_-340_-90_-807_437_477_609_376_121_226_-462_-121_-193_-933] (0.00s)
    --- PASS: TestMergeSort/[350_-530_269_124_402_-280_623_205_-18_-505_-252_-189_156_-750_-371] (0.00s)
    --- PASS: TestMergeSort/[-302_350_672_54_221_-600_-453_-67_39_-263_86_202_-181_-163_-629] (0.00s)
    --- PASS: TestMergeSort/[366_-96_42_342_230_-438_676_-242_644_443_-67_320_214_-381_-766] (0.00s)
    --- PASS: TestMergeSort/[-207_-126_-87_721_-70_-444_562_-296_-290_208_190_586_313_-68_-321] (0.00s)
    --- PASS: TestMergeSort/[240_-876_-589_-292_-29_-122_283_-599_-975_25_-477_200_819_196_286] (0.00s)
    --- PASS: TestMergeSort/[-27_-312_-15_503_120_415_-168_-466_-692_151_383_-475_666_647_90] (0.00s)
    --- PASS: TestMergeSort/[-307_95_459_-70_198_388_481_-175_-443_-291_288_-210_-401_-910_-342] (0.00s)
    --- PASS: TestMergeSort/[138_-407_403_-324_-21_441_-288_-45_-544_-151_153_-371_19_354_279] (0.00s)
    --- PASS: TestMergeSort/[360_-200_-369_809_-525_-135_170_-131_498_-550_741_157_324_-778_-309] (0.00s)
    --- PASS: TestMergeSort/[533_113_465_-767_534_-148_102_511_734_325_47_-318_601_377_192] (0.00s)
    --- PASS: TestMergeSort/[334_-230_481_318_-32_292_34_-856_-394_-305_-234_22_-438_128_-173] (0.00s)
    --- PASS: TestMergeSort/[-314_522_-522_-108_-454_292_-145_-716_-253_888_-314_-507_276_-395_157] (0.00s)
    --- PASS: TestMergeSort/[370_213_-11_-34_731_614_-306_-356_-473_167_-305_-115_286_55_-304] (0.00s)
    --- PASS: TestMergeSort/[344_924_450_-82_-94_-299_330_-207_938_-131_177_-472_-729_47_667] (0.00s)
    --- PASS: TestMergeSort/[-205_826_-26_266_428_118_-34_-632_-414_216_-52_380_-251_-471_583] (0.00s)
    --- PASS: TestMergeSort/[560_-149_145_-548_642_219_319_-425_168_357_771_453_149_60_-325] (0.00s)
    --- PASS: TestMergeSort/[700_828_219_378_-611_622_307_552_-634_543_563_-105_862_-816_-560] (0.00s)
    --- PASS: TestMergeSort/[-477_-860_-77_-422_-54_-431_453_-30_262_214_12_-421_-410_-196_72] (0.00s)
    --- PASS: TestMergeSort/[506_168_-183_-60_433_562_-224_-521_280_1_118_-627_233_395_-180] (0.00s)
    --- PASS: TestMergeSort/[559_653_-237_224_271_126_961_-221_277_67_883_-414_-381_-499_-665] (0.00s)
    --- PASS: TestMergeSort/[474_219_689_-323_-255_-270_-222_236_-500_546_111_89_-459_-93_-495] (0.00s)
    --- PASS: TestMergeSort/[-704_126_-602_-556_-45_-666_497_-615_-898_743_-177_-166_-64_497_-523] (0.00s)
    --- PASS: TestMergeSort/[41_315_342_162_918_12_204_-549_-113_319_505_-266_-493_8_-328] (0.00s)
    --- PASS: TestMergeSort/[-504_854_67_-61_74_653_51_-72_53_364_-572_456_346_-1_63] (0.00s)
    --- PASS: TestMergeSort/[-688_511_-451_720_615_-513_719_726_-740_134_320_6_68_588_395] (0.00s)
    --- PASS: TestMergeSort/[204_66_357_417_737_-522_219_-478_-339_-5_5_-769_181_50_296] (0.00s)
    --- PASS: TestMergeSort/[290_851_715_408_765_400_236_323_232_-320_68_-201_-96_64_109] (0.00s)
    --- PASS: TestMergeSort/[-556_43_329_-71_-247_122_795_-295_-469_-61_74_-378_-9_-196_25] (0.00s)
    --- PASS: TestMergeSort/[-491_2_221_-309_26_-334_-287_510_-428_198_-365_-247_-28_0_-189] (0.00s)
    --- PASS: TestMergeSort/[143_-108_738_197_3_302_904_-589_565_218_-38_-112_-136_254_378] (0.00s)
    --- PASS: TestMergeSort/[73_768_-574_-382_-122_-407_-76_-212_831_263_803_241_-341_-370_-148] (0.00s)
    --- PASS: TestMergeSort/[539_117_226_-803_282_776_594_516_106_452_67_-576_44_651_-488] (0.00s)
    --- PASS: TestMergeSort/[275_-279_-565_-471_-607_-226_646_368_-395_-438_479_-224_408_-188_715] (0.00s)
    --- PASS: TestMergeSort/[218_-831_-53_532_-22_-425_299_136_148_499_165_372_-142_-643_69] (0.00s)
    --- PASS: TestMergeSort/[427_900_387_312_-66_-516_-610_-61_-622_212_-241_-275_589_-484_510] (0.00s)
    --- PASS: TestMergeSort/[269_-679_22_9_-201_-58_-338_648_-743_15_84_-166_-160_513_-841] (0.00s)
    --- PASS: TestMergeSort/[-230_-21_-35_262_-293_45_-527_171_441_-72_-544_689_-486_215_-333] (0.00s)
    --- PASS: TestMergeSort/[-459_-882_-487_-126_443_621_233_370_-686_581_-482_-181_-44_-476_-872] (0.00s)
    --- PASS: TestMergeSort/[-277_527_-268_-44_291_182_774_27_-222_-85_127_-474_-51_527_-109] (0.00s)
    --- PASS: TestMergeSort/[183_887_-626_-58_119_447_697_-634_-621_-535_54_-452_22_-225_244] (0.00s)
    --- PASS: TestMergeSort/[-366_-319_405_-201_22_-597_-615_-120_628_-407_65_-555_-169_434_-543] (0.00s)
    --- PASS: TestMergeSort/[-102_337_-98_84_530_60_-295_54_550_-304_561_-557_98_-359_-306] (0.00s)
    --- PASS: TestMergeSort/[631_101_-495_183_-578_532_341_410_184_72_299_-113_510_416_-216] (0.00s)
    --- PASS: TestMergeSort/[-123_341_14_586_42_513_-247_75_556_263_442_72_-135_74_-199] (0.00s)
    --- PASS: TestMergeSort/[-42_241_764_-570_-303_45_-54_683_-227_-257_-326_-1_-121_821_302] (0.00s)
    --- PASS: TestMergeSort/[168_107_-331_452_855_-159_817_-334_663_176_881_73_679_793_-108] (0.00s)
    --- PASS: TestMergeSort/[39_958_-242_256_130_-414_170_185_519_294_-319_-332_-353_412_-558] (0.00s)
    --- PASS: TestMergeSort/[-369_540_-639_-288_-443_-787_-268_492_691_-651_-417_214_-251_207_153] (0.00s)
    --- PASS: TestMergeSort/[34_85_793_21_89_838_-618_-427_-246_533_-34_387_-44_-446_-413] (0.00s)
    --- PASS: TestMergeSort/[-775_-744_-58_-192_125_-153_350_-686_193_-733_30_-9_268_-638_213] (0.00s)
    --- PASS: TestMergeSort/[61_306_-83_352_-222_-60_-339_451_-148_-768_-770_-278_631_-981_-533] (0.00s)
    --- PASS: TestMergeSort/[471_-205_-45_106_645_-220_0_14_503_-31_120_-169_142_-5_-87] (0.00s)
    --- PASS: TestMergeSort/[-157_-521_-310_-460_156_66_-110_35_566_-469_-56_-308_-860_-301_891] (0.00s)
    --- PASS: TestMergeSort/[210_226_-682_-414_-394_-431_323_834_-764_-95_439_-278_236_637_-228] (0.00s)
    --- PASS: TestMergeSort/[399_-631_-716_120_-198_-428_-620_-127_90_-498_-44_-163_-215_-8_-430] (0.00s)
    --- PASS: TestMergeSort/[-603_-151_507_385_-25_16_191_484_-150_267_-718_-193_-339_-397_-73] (0.00s)
    --- PASS: TestMergeSort/[153_-41_255_431_-747_-287_766_182_-211_608_197_-181_-761_-42_-586] (0.00s)
    --- PASS: TestMergeSort/[-173_-227_725_94_784_-443_-439_132_71_363_-15_705_526_-182_-623] (0.00s)
    --- PASS: TestMergeSort/[-538_-163_-148_63_-449_-147_65_-565_418_504_-202_533_-700_470_94] (0.00s)
    --- PASS: TestMergeSort/[856_-283_-784_763_-68_-470_-355_36_982_710_153_154_-139_-620_-252] (0.00s)
    --- PASS: TestMergeSort/[298_-638_874_529_-77_-170_150_273_-557_803_117_-319_748_-142_-139] (0.00s)
    --- PASS: TestMergeSort/[247_31_-215_-168_418_-801_122_-246_-411_202_517_-79_426_370_-26] (0.00s)
    --- PASS: TestMergeSort/[73_-198_417_206_-131_-326_92_762_-536_285_325_-43_-462_-368_-438] (0.00s)
    --- PASS: TestMergeSort/[-137_-505_-9_81_-593_-306_-378_-490_385_-82_319_-778_15_734_-398] (0.00s)
    --- PASS: TestMergeSort/[-15_51_-164_-451_-651_51_-772_46_55_199_27_-173_-656_-143_23] (0.00s)
    --- PASS: TestMergeSort/[-352_311_-140_53_239_285_-69_19_647_-724_-373_384_-836_-634_-41] (0.00s)
    --- PASS: TestMergeSort/[141_246_-594_-462_82_-345_-292_667_323_-391_-355_672_16_801_-252] (0.00s)
    --- PASS: TestMergeSort/[23_-105_-201_-55_330_70_-273_-78_-586_-261_203_40_37_-637_351] (0.00s)
    --- PASS: TestMergeSort/[2_-251_482_103_568_99_671_209_358_-521_465_-12_314_401_12] (0.00s)
    --- PASS: TestMergeSort/[-50_-325_886_-464_-337_-44_-626_305_478_-103_-158_363_410_-277_75] (0.00s)
    --- PASS: TestMergeSort/[614_-182_-519_-62_-667_151_330_-388_-2_218_472_-345_249_-392_-620] (0.00s)
    --- PASS: TestMergeSort/[404_445_272_533_-3_-191_-608_-512_-389_35_67_219_57_133_-254] (0.00s)
    --- PASS: TestMergeSort/[-50_-112_454_-637_-190_-357_502_321_631_789_228_-636_-431_412_-272] (0.00s)
    --- PASS: TestMergeSort/[-918_51_-328_295_-81_-285_330_-409_-470_-142_296_157_562_-142_-124] (0.00s)
    --- PASS: TestMergeSort/[-16_578_-207_-148_134_-529_-382_-230_-461_59_61_-352_-328_-45_-148] (0.00s)
    --- PASS: TestMergeSort/[-809_612_-121_273_132_96_-504_106_377_690_-377_-566_793_-340_-251] (0.00s)
    --- PASS: TestMergeSort/[113_-649_848_475_-825_156_475_557_195_-496_336_-12_-239_880_352] (0.00s)
    --- PASS: TestMergeSort/[730_-628_49_22_628_-742_-278_49_204_-198_-561_76_270_-15_497] (0.00s)
    --- PASS: TestMergeSort/[-467_25_615_649_-608_-23_430_38_-494_51_679_351_602_-836_199] (0.00s)
    --- PASS: TestMergeSort/[241_406_283_235_-798_156_375_-271_495_-210_-637_-326_-285_159_317] (0.00s)
    --- PASS: TestMergeSort/[-529_-837_-294_70_375_78_-388_-667_-687_192_676_528_81_-61_-444] (0.00s)
    --- PASS: TestMergeSort/[-16_-807_-314_-157_869_313_116_822_-366_-192_263_423_534_204_-17] (0.00s)
    --- PASS: TestMergeSort/[245_-259_-414_-373_-899_706_507_387_28_-110_-720_188_-98_949_480] (0.00s)
    --- PASS: TestMergeSort/[-237_-107_695_983_28_62_-202_-455_363_-588_393_-184_-518_-496_542] (0.00s)
    --- PASS: TestMergeSort/[-568_256_148_-40_29_115_-290_476_274_233_2_144_-542_343_387] (0.00s)
    --- PASS: TestMergeSort/[320_-627_-8_685_-90_-383_-2_551_-219_-56_-223_-691_132_426_258] (0.00s)
    --- PASS: TestMergeSort/[246_-28_492_-328_80_-190_-529_262_335_-701_-450_156_-192_673_136] (0.00s)
    --- PASS: TestMergeSort/[713_-242_495_515_528_305_239_-519_236_-585_19_-442_173_21_74] (0.00s)
    --- PASS: TestMergeSort/[-99_-451_-470_-611_530_218_-342_465_381_-342_269_-123_45_203_486] (0.00s)
    --- PASS: TestMergeSort/[-517_448_191_-54_-390_-6_44_-192_944_-227_-251_160_626_466_-710] (0.00s)
    --- PASS: TestMergeSort/[117_-164_-74_785_-356_-179_243_699_-456_140_-287_-335_-599_-203_124] (0.00s)
    --- PASS: TestMergeSort/[40_146_651_528_-826_-316_-133_326_268_-590_346_-331_-559_-140_106] (0.00s)
    --- PASS: TestMergeSort/[503_-112_594_-32_-289_418_177_-157_38_28_-222_-520_-610_-386_-215] (0.00s)
    --- PASS: TestMergeSort/[535_710_126_425_-275_172_87_-891_-517_883_-114_213_602_-98_-85] (0.00s)
    --- PASS: TestMergeSort/[483_60_-129_-396_-410_-342_46_-323_-745_692_936_-324_51_417_473] (0.00s)
    --- PASS: TestMergeSort/[-35_179_53_-217_588_439_-13_-257_-255_-65_433_264_-475_399_-475] (0.00s)
    --- PASS: TestMergeSort/[-394_-188_606_432_52_438_-253_388_-431_212_-915_-244_53_313_54] (0.00s)
    --- PASS: TestMergeSort/[76_486_8_-241_-24_195_13_-85_-463_109_-347_480_178_7_-69] (0.00s)
    --- PASS: TestMergeSort/[248_537_-585_575_-969_222_250_-100_-318_421_-203_-229_-558_-505_-150] (0.00s)
    --- PASS: TestMergeSort/[-12_-87_-260_698_413_55_288_125_33_-91_-8_-405_-303_-155_797] (0.00s)
    --- PASS: TestMergeSort/[-859_55_8_-589_684_-437_-876_-749_-290_123_274_-751_-24_228_-23] (0.00s)
    --- PASS: TestMergeSort/[-42_53_-63_398_27_-699_-281_833_26_792_-319_363_-151_-139_101] (0.00s)
    --- PASS: TestMergeSort/[870_-4_-257_-18_414_184_408_-659_613_826_-338_223_848_-795_-366] (0.00s)
    --- PASS: TestMergeSort/[143_535_454_498_152_118_-342_355_48_90_-294_669_-842_153_253] (0.00s)
    --- PASS: TestMergeSort/[723_-493_-300_574_7_229_456_395_-620_-132_635_-232_23_382_562] (0.00s)
    --- PASS: TestMergeSort/[-847_519_765_-218_-311_-407_489_310_-364_709_-104_-198_177_-549_260] (0.00s)
    --- PASS: TestMergeSort/[-735_-655_-65_-94_-389_-179_-368_-253_-144_-767_-653_-573_103_26_-385] (0.00s)
    --- PASS: TestMergeSort/[852_-190_-121_183_326_-253_464_507_-358_-188_-70_348_-656_-842_515] (0.00s)
    --- PASS: TestMergeSort/[-555_426_309_-86_677_-173_489_-752_7_-295_-293_-476_66_-309_71] (0.00s)
    --- PASS: TestMergeSort/[739_-348_24_442_-361_-500_585_-490_461_438_-790_-147_660_-161_153] (0.00s)
    --- PASS: TestMergeSort/[304_-14_120_352_-422_-26_451_-9_-673_828_-76_-647_144_236_723] (0.00s)
    --- PASS: TestMergeSort/[-434_385_586_161_121_29_541_347_-108_348_295_241_-55_8_9] (0.00s)
    --- PASS: TestMergeSort/[-490_121_686_67_205_203_-621_107_618_-64_205_-682_40_-743_-578] (0.00s)
    --- PASS: TestMergeSort/[-2_-93_-40_-299_-561_28_-52_-541_283_390_302_429_-123_342_-126] (0.00s)
    --- PASS: TestMergeSort/[396_113_477_-596_-89_110_509_278_-766_-10_-229_-365_-273_-6_78] (0.00s)
    --- PASS: TestMergeSort/[689_-185_-139_380_51_70_-77_347_520_-241_-239_741_-267_-847_-51] (0.00s)
    --- PASS: TestMergeSort/[279_-830_176_158_141_-504_-678_-591_-112_-631_713_-738_353_282_-772] (0.00s)
    --- PASS: TestMergeSort/[371_-794_10_-764_23_-483_772_637_-448_-33_-162_779_115_-127_353] (0.00s)
    --- PASS: TestMergeSort/[249_-295_547_295_98_-478_-322_-162_-225_394_420_-639_-793_-223_679] (0.00s)
    --- PASS: TestMergeSort/[717_189_104_-474_8_614_-402_-286_621_420_90_373_74_-467_-373] (0.00s)
    --- PASS: TestMergeSort/[624_-163_248_23_506_-3_372_377_-610_-316_-281_417_-49_188_-466] (0.00s)
    --- PASS: TestMergeSort/[175_312_-130_-680_-16_-89_-174_-938_74_301_-26_-23_-33_-238_-173] (0.00s)
    --- PASS: TestMergeSort/[-759_604_154_278_-178_758_570_618_481_139_-335_-606_229_-255_39] (0.00s)
    --- PASS: TestMergeSort/[-725_265_217_34_-201_354_173_-190_-46_-103_-417_-104_-51_533_-249] (0.00s)
    --- PASS: TestMergeSort/[377_288_526_55_-774_324_-451_-877_-327_57_-106_-262_-756_42_156] (0.00s)
    --- PASS: TestMergeSort/[14_780_469_-158_250_568_-112_144_194_-115_-518_-299_42_-408_-91] (0.00s)
    --- PASS: TestMergeSort/[-189_-357_-17_-339_54_-267_711_-127_702_-305_395_328_314_-234_-10] (0.00s)
    --- PASS: TestMergeSort/[-688_289_-495_475_320_-213_-785_-56_21_-746_223_790_-389_747_42] (0.00s)
    --- PASS: TestMergeSort/[-31_-58_-893_236_9_100_-412_222_462_428_-694_131_-151_150_745] (0.00s)
    --- PASS: TestMergeSort/[51_289_-354_120_111_-169_-505_19_434_-233_185_-511_-511_-4_372] (0.00s)
    --- PASS: TestMergeSort/[-149_-3_-794_-605_-490_-156_142_20_-11_201_159_-243_272_99_200] (0.00s)
    --- PASS: TestMergeSort/[-606_-428_-273_174_-110_8_-5_-208_770_-734_-429_358_585_-260_662] (0.00s)
    --- PASS: TestMergeSort/[70_290_-97_203_-910_293_-19_-728_371_13_-371_385_207_-869_-586] (0.00s)
    --- PASS: TestMergeSort/[229_596_-145_4_-136_104_728_357_-323_-602_-72_23_145_440_811] (0.00s)
    --- PASS: TestMergeSort/[357_85_-208_497_-438_-159_771_-98_-470_148_-626_590_817_184_363] (0.00s)
    --- PASS: TestMergeSort/[-187_-529_305_145_456_-87_325_-129_581_-547_382_163_220_284_-536] (0.00s)
    --- PASS: TestMergeSort/[95_54_-398_-620_391_-229_760_-39_-536_-590_-38_-558_-63_411_-23] (0.00s)
    --- PASS: TestMergeSort/[-69_99_108_66_-65_390_-553_-354_189_205_-485_343_-288_240_174] (0.00s)
    --- PASS: TestMergeSort/[-217_-359_133_206_126_151_320_516_53_-265_661_-77_-686_77_-79] (0.00s)
    --- PASS: TestMergeSort/[74_348_-369_-80_-94_6_49_-339_807_-20_55_364_128_-165_223] (0.00s)
    --- PASS: TestMergeSort/[-245_306_701_18_-681_-444_770_303_-155_610_-420_-444_-478_235_-77] (0.00s)
    --- PASS: TestMergeSort/[-509_-34_-167_-920_196_76_-322_273_431_157_-798_100_-38_-418_-388] (0.00s)
    --- PASS: TestMergeSort/[-512_627_-144_-98_275_-330_-94_-525_706_59_345_184_-648_158_154] (0.00s)
    --- PASS: TestMergeSort/[313_79_-496_160_-302_-111_-230_318_218_320_378_67_-44_-92_825] (0.00s)
    --- PASS: TestMergeSort/[-148_-12_40_-105_-519_-312_-278_475_-457_-313_690_-707_-570_-770_437] (0.00s)
    --- PASS: TestMergeSort/[-74_11_921_562_-867_-313_-598_115_-36_-597_499_281_375_759_-602] (0.00s)
    --- PASS: TestMergeSort/[-155_-588_318_258_-322_175_132_823_320_-12_-378_-413_-23_6_410] (0.00s)
    --- PASS: TestMergeSort/[-500_317_336_-369_137_-553_-164_-856_259_779_269_644_412_-483_432] (0.00s)
    --- PASS: TestMergeSort/[607_-293_-86_491_-814_-642_959_427_399_-31_-163_-524_-174_797_-129] (0.00s)
    --- PASS: TestMergeSort/[282_765_-65_-213_66_-524_-373_133_236_-128_-605_34_-111_-231_143] (0.00s)
    --- PASS: TestMergeSort/[482_804_-74_-535_45_70_96_-218_-99_580_-638_48_-38_-70_432] (0.00s)
    --- PASS: TestMergeSort/[396_430_246_585_342_-244_-288_-341_-1_681_-455_860_-18_479_249] (0.00s)
    --- PASS: TestMergeSort/[614_146_-489_127_178_-63_-116_-228_812_268_477_113_65_189_-49] (0.00s)
    --- PASS: TestMergeSort/[-72_-386_-133_-158_555_742_-291_665_-8_-551_195_-27_-167_-678_697] (0.00s)
    --- PASS: TestMergeSort/[-252_-443_570_-194_457_165_39_340_270_201_587_350_-638_-52_-418] (0.00s)
    --- PASS: TestMergeSort/[835_-627_-276_19_-442_-248_745_-426_-263_75_189_4_719_405_162] (0.00s)
    --- PASS: TestMergeSort/[265_162_34_119_397_527_717_511_-188_91_33_-63_-17_252_258] (0.00s)
    --- PASS: TestMergeSort/[150_-713_186_-227_234_342_360_-251_46_-276_751_470_863_-234_-501] (0.00s)
    --- PASS: TestMergeSort/[217_140_110_138_811_584_454_-385_-2_520_269_-657_252_-479_-234] (0.00s)
    --- PASS: TestMergeSort/[12_200_-91_211_-389_126_101_-96_-469_-511_-223_392_118_287_-29] (0.00s)
    --- PASS: TestMergeSort/[-257_-331_12_410_207_269_74_-245_-303_138_399_33_-436_-429_-223] (0.00s)
=== RUN   TestMergeSortGo
=== RUN   TestMergeSortGo/[537_-618_149_526_-83_-133_391_-262_110_-372_-839_750_-569_-137_231]
=== RUN   TestMergeSortGo/[-641_-545_-285_655_-223_84_-10_226_277_-730_-117_-490_-599_373_51]
=== RUN   TestMergeSortGo/[-204_660_341_132_89_-228_787_264_961_-386_322_454_833_280_-611]
=== RUN   TestMergeSortGo/[546_301_-177_330_644_7_-239_-902_160_-660_-656_680_-141_938_450]
=== RUN   TestMergeSortGo/[-450_170_-399_-347_148_-22_-121_-148_-544_-561_75_18_441_1_526]
=== RUN   TestMergeSortGo/[-108_182_-245_-548_652_-484_-540_37_-55_-657_-731_-264_27_-582_813]
=== RUN   TestMergeSortGo/[590_-227_564_91_176_66_449_-48_255_-451_264_16_515_1_587]
=== RUN   TestMergeSortGo/[319_-275_-230_816_-407_-479_683_480_372_2_-28_929_-42_136_454]
=== RUN   TestMergeSortGo/[399_204_531_197_527_-615_-84_763_-42_366_373_155_-551_-241_273]
=== RUN   TestMergeSortGo/[193_529_25_-127_16_-508_-602_79_473_576_-125_-348_344_250_-128]
=== RUN   TestMergeSortGo/[141_889_-376_-199_109_416_-792_-68_-115_-143_-109_-100_115_694_-368]
=== RUN   TestMergeSortGo/[-643_-356_21_90_-261_184_632_-13_450_-259_-23_295_-87_-557_539]
=== RUN   TestMergeSortGo/[-257_-63_-691_648_819_-84_-187_-139_-216_-20_-470_108_-641_-142_595]
=== RUN   TestMergeSortGo/[-394_116_-58_-376_372_-139_18_341_311_-159_191_-296_-195_-94_-250]
=== RUN   TestMergeSortGo/[671_164_-252_104_-253_162_-471_139_464_207_-224_283_-272_-2_200]
=== RUN   TestMergeSortGo/[-60_837_-446_413_-301_-696_-248_-44_10_160_-672_640_871_-8_804]
=== RUN   TestMergeSortGo/[633_199_91_120_-445_738_73_-240_191_781_209_-49_554_-313_134]
=== RUN   TestMergeSortGo/[-825_544_-108_-479_465_531_80_77_473_384_-745_68_-461_-100_-494]
=== RUN   TestMergeSortGo/[-3_-296_-114_166_-750_388_-35_267_-40_248_397_-301_793_368_-34]
=== RUN   TestMergeSortGo/[-451_886_-255_429_-230_28_-282_-275_85_-71_-340_-304_-561_449_500]
=== RUN   TestMergeSortGo/[-209_-146_721_745_83_-351_-91_348_360_420_-125_-702_231_266_-613]
=== RUN   TestMergeSortGo/[-526_385_-66_-223_-219_21_503_-347_124_83_-348_153_-494_145_-510]
=== RUN   TestMergeSortGo/[-404_-114_-478_-236_375_-240_-402_-320_373_-587_-642_498_474_798_333]
=== RUN   TestMergeSortGo/[602_-644_-303_-128_98_-390_169_-32_-409_5_621_-597_118_-98_105]
=== RUN   TestMergeSortGo/[58_-173_-34_583_-294_67_-666_-353_757_277_-82_33_-41_252_-152]
=== RUN   TestMergeSortGo/[-310_140_-547_503_-59_4_248_-556_-57_-253_-362_45_63_508_-97]
=== RUN   TestMergeSortGo/[886_274_-159_-577_354_-921_36_409_-847_-118_-763_-374_-481_-136_-439]
=== RUN   TestMergeSortGo/[830_-126_219_176_-960_-519_873_354_158_281_134_-665_-454_421_-33]
=== RUN   TestMergeSortGo/[115_245_426_-211_84_-595_326_-171_663_401_-442_-480_-313_140_-385]
=== RUN   TestMergeSortGo/[-223_-478_214_-24_405_298_-589_487_-98_14_937_-1_848_-887_372]
=== RUN   TestMergeSortGo/[608_329_836_-164_-138_918_149_-403_177_660_17_400_-196_198_-628]
=== RUN   TestMergeSortGo/[32_47_812_-351_-215_147_-584_112_180_277_-547_316_127_-109_-832]
=== RUN   TestMergeSortGo/[-872_269_-31_78_-78_324_-640_13_158_-39_402_584_44_566_-393]
=== RUN   TestMergeSortGo/[-213_-570_276_123_-494_146_-193_-26_-79_-241_-489_718_-45_-120_-414]
=== RUN   TestMergeSortGo/[349_150_95_-128_-526_76_703_-41_336_10_-446_-305_735_721_821]
=== RUN   TestMergeSortGo/[809_116_-792_345_-331_-21_209_138_344_340_-609_-341_-77_-205_-396]
=== RUN   TestMergeSortGo/[66_322_475_-659_-11_-400_-213_290_296_-433_173_427_-333_-10_-135]
=== RUN   TestMergeSortGo/[-298_-567_-187_88_-106_-133_448_-765_725_26_307_-39_-346_-596_-113]
=== RUN   TestMergeSortGo/[-164_-364_637_87_141_108_89_365_168_-157_21_481_256_-693_-405]
=== RUN   TestMergeSortGo/[189_234_468_-201_231_-511_667_-914_640_418_309_-110_-547_567_-300]
=== RUN   TestMergeSortGo/[183_-52_90_-481_-736_113_21_-448_61_263_477_451_-694_338_-16]
=== RUN   TestMergeSortGo/[103_-92_30_-91_204_576_-288_80_361_-220_-689_441_398_-524_-875]
=== RUN   TestMergeSortGo/[-177_-580_502_-645_-258_-804_-471_-354_281_58_-142_-679_-95_98_-351]
=== RUN   TestMergeSortGo/[408_837_228_380_382_-831_516_286_454_-798_273_149_-372_-887_-424]
=== RUN   TestMergeSortGo/[-378_-725_348_331_61_-202_596_-106_696_174_-423_339_28_-175_-79]
=== RUN   TestMergeSortGo/[-150_-39_-154_-417_-490_-286_-87_510_479_447_603_-330_-500_-877_-82]
=== RUN   TestMergeSortGo/[-27_322_618_-215_-461_727_-21_-96_-187_600_258_641_589_555_-106]
=== RUN   TestMergeSortGo/[-71_-734_564_-68_-466_59_-674_27_283_-951_-559_-487_-343_-622_-131]
=== RUN   TestMergeSortGo/[510_465_-475_7_-227_85_-225_98_-132_-683_137_49_-131_-372_455]
=== RUN   TestMergeSortGo/[-123_-167_-6_-165_200_340_-744_-81_-4_-526_228_-752_-93_-424_-98]
=== RUN   TestMergeSortGo/[-410_-209_-164_329_378_-444_123_650_172_-124_820_565_306_-217_360]
=== RUN   TestMergeSortGo/[41_547_180_-108_231_-324_597_190_-470_47_-253_324_611_-183_401]
=== RUN   TestMergeSortGo/[359_-85_232_-164_-111_-484_-606_-818_-412_-340_-623_-58_40_-4_-625]
=== RUN   TestMergeSortGo/[411_237_617_-307_-16_47_-10_749_-145_-389_299_212_-8_478_91]
=== RUN   TestMergeSortGo/[625_180_115_-375_-638_41_-312_314_-278_457_-189_-94_-448_291_586]
=== RUN   TestMergeSortGo/[656_-377_-278_667_105_10_161_103_-4_-262_-529_836_143_-379_550]
=== RUN   TestMergeSortGo/[-579_-214_-799_-263_208_-135_198_568_-104_-860_57_-448_-591_389_-372]
=== RUN   TestMergeSortGo/[788_-261_-79_339_-366_-783_356_-535_-528_-749_-179_-759_307_680_-439]
=== RUN   TestMergeSortGo/[-284_-12_-160_768_-208_330_123_-178_411_505_277_-56_557_364_824]
=== RUN   TestMergeSortGo/[233_-431_-794_-544_52_432_192_-496_-569_259_107_-154_378_-102_-309]
=== RUN   TestMergeSortGo/[666_192_794_-334_-625_114_-2_-348_-514_-25_461_-354_-156_122_81]
=== RUN   TestMergeSortGo/[17_284_-665_403_12_315_-218_839_-208_401_-634_-190_-885_-51_1]
=== RUN   TestMergeSortGo/[-619_-218_-276_-527_-544_-111_-106_-175_304_-55_-31_530_66_-205_528]
=== RUN   TestMergeSortGo/[-99_601_-627_-413_-30_-667_414_185_126_389_-440_-440_-5_83_-651]
=== RUN   TestMergeSortGo/[110_-71_-149_-28_-79_-465_388_-14_380_-509_-99_-6_-152_-563_94]
=== RUN   TestMergeSortGo/[18_128_560_-209_200_14_-460_104_96_-231_196_-39_-103_117_382]
=== RUN   TestMergeSortGo/[458_-175_-93_356_-148_339_-703_-565_-386_325_159_-110_183_162_13]
=== RUN   TestMergeSortGo/[586_-943_-779_182_-225_87_326_339_-272_642_-562_-197_-35_-531_-434]
=== RUN   TestMergeSortGo/[791_454_353_183_-136_-296_305_-663_-422_346_-159_688_22_533_140]
=== RUN   TestMergeSortGo/[121_49_64_51_173_891_132_-121_667_602_753_-824_214_587_212]
=== RUN   TestMergeSortGo/[95_358_-18_-491_44_119_0_-189_-152_-277_-569_-520_66_213_-159]
=== RUN   TestMergeSortGo/[305_-337_9_69_-87_20_270_-681_293_-714_-241_-130_558_-69_-86]
=== RUN   TestMergeSortGo/[-150_60_-805_650_-439_-143_-180_-272_-779_124_74_88_-117_-403_315]
=== RUN   TestMergeSortGo/[281_162_-423_-709_-217_-516_175_-313_-249_588_296_13_-434_358_214]
=== RUN   TestMergeSortGo/[-581_66_-848_752_-708_-489_-404_-747_313_193_-243_740_120_4_325]
=== RUN   TestMergeSortGo/[134_-249_-494_-119_611_22_181_371_-386_-684_-696_32_-250_322_-581]
=== RUN   TestMergeSortGo/[452_87_-125_-383_271_-377_-354_414_-185_676_279_-36_205_-6_-193]
=== RUN   TestMergeSortGo/[-534_-139_-571_366_-438_-69_461_13_669_99_361_458_49_-343_-479]
=== RUN   TestMergeSortGo/[745_57_215_140_81_150_653_232_572_32_-485_576_-332_-76_-426]
=== RUN   TestMergeSortGo/[-108_610_-23_287_-207_715_-178_11_367_-46_-3_681_-169_-273_26]
=== RUN   TestMergeSortGo/[59_-738_-587_-789_-34_30_-107_-1_223_-789_-533_11_290_610_-550]
=== RUN   TestMergeSortGo/[-576_224_620_159_235_609_604_530_-442_-55_176_-72_43_612_-65]
=== RUN   TestMergeSortGo/[-499_-698_568_-55_-399_49_433_235_-29_-505_-158_-380_890_-243_-227]
=== RUN   TestMergeSortGo/[353_75_-142_73_-693_387_-174_426_-32_-162_-897_-156_-169_-614_225]
=== RUN   TestMergeSortGo/[126_-601_-4_334_650_-589_-232_-73_-49_63_-4_51_-101_34_549]
=== RUN   TestMergeSortGo/[60_-698_534_-700_-276_934_-440_438_-110_17_-571_210_-201_619_-458]
=== RUN   TestMergeSortGo/[-455_-70_-521_-32_253_538_33_609_-30_429_-80_271_-13_-3_-377]
=== RUN   TestMergeSortGo/[970_-15_-353_343_-543_-555_910_-226_-429_544_-666_-635_-157_-107_-189]
=== RUN   TestMergeSortGo/[236_-345_651_444_-47_29_-29_405_171_971_284_-563_547_306_-541]
=== RUN   TestMergeSortGo/[294_68_-219_201_609_501_-156_-508_-542_-261_826_405_422_624_-290]
=== RUN   TestMergeSortGo/[-215_-11_-608_738_463_-65_-195_-719_20_80_-546_244_-143_10_348]
=== RUN   TestMergeSortGo/[138_419_-546_-515_-778_223_51_638_-54_166_-250_-386_-794_-672_-316]
=== RUN   TestMergeSortGo/[705_-94_-272_133_161_763_464_57_47_-171_422_-150_-271_637_-172]
=== RUN   TestMergeSortGo/[-471_-992_173_-704_-753_-377_-778_-307_-171_-175_303_131_441_-157_465]
=== RUN   TestMergeSortGo/[147_342_111_-283_67_-660_599_275_-371_-682_221_295_558_681_-144]
=== RUN   TestMergeSortGo/[-7_-221_-141_818_-411_240_-267_-145_619_29_-678_9_248_-675_954]
=== RUN   TestMergeSortGo/[99_-141_-331_121_475_410_520_-69_-418_907_189_-573_449_-63_-331]
=== RUN   TestMergeSortGo/[-44_-719_-492_54_651_-337_-804_685_-178_-226_435_-107_-263_565_-926]
=== RUN   TestMergeSortGo/[709_410_60_233_682_-52_264_-609_-631_202_280_373_-610_-386_119]
=== RUN   TestMergeSortGo/[-817_299_261_-35_-399_477_-255_-53_-355_-423_455_474_75_274_-473]
=== RUN   TestMergeSortGo/[96_182_-262_-174_61_-541_-237_165_-495_-467_-437_-68_-415_-673_-108]
=== RUN   TestMergeSortGo/[-260_-145_-220_94_42_-343_-466_262_393_718_402_-118_353_-136_-149]
=== RUN   TestMergeSortGo/[-120_-509_675_-248_-83_-533_764_50_665_413_431_324_-209_779_239]
=== RUN   TestMergeSortGo/[324_-250_-162_-457_-150_16_-266_61_66_-914_398_832_611_-475_-327]
=== RUN   TestMergeSortGo/[481_-755_-93_-258_296_-233_-378_267_-191_-886_-513_705_370_-24_271]
=== RUN   TestMergeSortGo/[483_-787_449_103_591_-317_362_-100_294_607_170_-152_-28_304_423]
=== RUN   TestMergeSortGo/[-468_305_666_-739_-326_-174_607_-202_755_-806_-102_-131_163_215_100]
=== RUN   TestMergeSortGo/[28_-257_-470_96_-241_862_302_0_-342_821_416_-695_-581_1_471]
=== RUN   TestMergeSortGo/[693_-285_-138_304_222_-176_-343_238_94_529_-176_-165_-472_697_-341]
=== RUN   TestMergeSortGo/[681_-607_-76_1_208_-342_24_-123_-98_252_-365_-15_-137_-365_171]
=== RUN   TestMergeSortGo/[-697_-470_-11_124_-224_-467_219_288_-453_-192_-104_141_427_-744_79]
=== RUN   TestMergeSortGo/[-6_-21_-61_-195_-339_344_72_-343_-125_60_134_-446_-387_-314_-180]
=== RUN   TestMergeSortGo/[389_-887_291_96_145_-219_180_466_435_452_-831_-8_371_-181_605]
=== RUN   TestMergeSortGo/[-175_212_55_-74_219_51_490_475_-653_158_37_453_-563_-328_-475]
=== RUN   TestMergeSortGo/[756_-452_-157_314_-100_115_-569_187_104_85_-765_149_599_366_91]
=== RUN   TestMergeSortGo/[-449_-518_-539_-397_-34_457_-690_327_354_160_53_-267_-409_637_-101]
=== RUN   TestMergeSortGo/[97_-40_-682_-220_105_-184_-860_-22_20_-220_103_170_-23_-203_501]
=== RUN   TestMergeSortGo/[34_-411_44_279_145_109_-345_-554_110_-66_-398_-767_-14_-645_255]
=== RUN   TestMergeSortGo/[597_578_302_580_-295_-90_-624_403_155_155_389_-19_452_-134_-100]
=== RUN   TestMergeSortGo/[-159_37_-99_211_-404_172_178_110_-134_-231_-523_705_-81_126_561]
=== RUN   TestMergeSortGo/[-340_-494_-272_749_134_1_548_-339_183_-484_298_-185_-398_199_62]
=== RUN   TestMergeSortGo/[156_389_-63_699_-597_193_313_453_-918_-90_-136_396_295_256_-99]
=== RUN   TestMergeSortGo/[-12_481_364_188_108_-407_83_-106_69_336_-834_-52_-714_-277_115]
=== RUN   TestMergeSortGo/[249_-584_-238_685_-29_513_-409_212_799_-105_-247_-17_-201_-611_55]
=== RUN   TestMergeSortGo/[-461_-483_-102_719_-50_183_-126_390_-153_211_-292_277_-557_-863_-403]
=== RUN   TestMergeSortGo/[328_-259_-648_-38_-98_-471_-141_798_-406_-413_990_-332_403_78_-219]
=== RUN   TestMergeSortGo/[-671_424_426_53_641_198_557_121_-67_598_233_-647_112_-492_-96]
=== RUN   TestMergeSortGo/[-910_-47_188_200_-299_242_-438_-214_631_-238_-620_-233_-321_-374_-233]
=== RUN   TestMergeSortGo/[-584_-648_-324_103_-164_249_18_-490_-628_382_-75_150_322_274_-165]
=== RUN   TestMergeSortGo/[-227_-441_-284_107_-118_-615_377_248_105_132_745_638_283_-11_33]
=== RUN   TestMergeSortGo/[190_-8_-125_66_204_361_247_-279_-647_-728_206_-266_-574_875_785]
=== RUN   TestMergeSortGo/[817_96_-202_-594_479_-563_252_623_-25_418_-638_484_-111_382_210]
=== RUN   TestMergeSortGo/[-274_701_475_62_140_-310_-345_31_-620_-89_-164_-262_-111_591_682]
=== RUN   TestMergeSortGo/[63_-437_-193_-530_343_-141_466_46_838_-51_-144_83_79_-3_-764]
=== RUN   TestMergeSortGo/[-174_-165_-510_-811_186_70_161_206_422_-3_-543_-80_453_11_73]
=== RUN   TestMergeSortGo/[207_541_96_-8_-136_-628_-313_-407_332_-541_113_157_436_182_802]
=== RUN   TestMergeSortGo/[-287_809_-625_-165_-259_-33_-880_168_-489_284_-510_-125_-280_-120_167]
=== RUN   TestMergeSortGo/[-489_-161_40_208_-263_-52_191_-145_445_23_311_255_30_724_-452]
=== RUN   TestMergeSortGo/[-649_622_-815_2_-395_-309_806_248_24_670_262_157_161_-391_-418]
=== RUN   TestMergeSortGo/[172_293_88_-176_-6_-518_235_-645_-151_269_-291_-343_-573_366_-407]
=== RUN   TestMergeSortGo/[200_-204_363_-437_-247_-176_240_298_438_-310_-529_57_567_-168_296]
=== RUN   TestMergeSortGo/[229_-23_-567_162_-596_-408_186_-203_638_-322_-406_-163_127_403_31]
=== RUN   TestMergeSortGo/[611_-43_-242_393_-313_-255_-520_536_-57_365_11_-394_-210_-608_-548]
=== RUN   TestMergeSortGo/[120_428_-576_351_203_-135_311_-742_-564_319_467_14_-65_591_703]
=== RUN   TestMergeSortGo/[-115_327_-374_-678_664_106_-290_-135_760_356_32_321_-264_85_-192]
=== RUN   TestMergeSortGo/[-477_655_-538_-318_0_-49_915_-342_318_-15_-187_-637_222_-8_649]
=== RUN   TestMergeSortGo/[-116_121_-316_465_-687_37_198_-821_-176_-365_-205_-267_-316_-136_-24]
=== RUN   TestMergeSortGo/[-20_-268_-534_-22_144_-53_-290_32_525_178_7_640_-350_-258_82]
=== RUN   TestMergeSortGo/[-345_-148_286_-321_-854_-3_-71_-523_438_-310_319_600_-274_9_-49]
=== RUN   TestMergeSortGo/[374_-186_852_1_-731_-479_-17_254_666_396_-63_356_207_243_-169]
=== RUN   TestMergeSortGo/[87_-373_177_631_478_-12_82_140_-597_457_-828_428_-188_272_679]
=== RUN   TestMergeSortGo/[-7_-367_218_694_17_529_392_198_796_202_566_806_265_553_183]
=== RUN   TestMergeSortGo/[371_-1_-544_-64_217_-514_74_-368_4_-365_517_-456_-216_-156_430]
=== RUN   TestMergeSortGo/[16_66_-778_517_-269_-219_-929_-151_305_-886_-33_316_-438_-59_-156]
=== RUN   TestMergeSortGo/[596_-254_492_-23_-863_-133_-709_-391_85_-50_-311_-66_424_229_-562]
=== RUN   TestMergeSortGo/[152_733_-172_-365_827_539_19_52_546_-219_740_-480_-459_203_699]
=== RUN   TestMergeSortGo/[-692_-194_-349_639_-21_-663_-512_-159_504_-506_-476_-777_293_855_10]
=== RUN   TestMergeSortGo/[-204_34_316_-233_-132_-179_-316_-284_-717_-76_555_-519_-473_687_-772]
=== RUN   TestMergeSortGo/[-698_183_305_-566_362_360_-608_455_311_255_-125_-28_637_791_-411]
=== RUN   TestMergeSortGo/[231_-330_-433_-59_132_-346_721_-198_126_-811_154_208_212_497_-70]
=== RUN   TestMergeSortGo/[318_-105_-483_134_478_514_-75_189_-404_-91_650_-212_-228_-58_-634]
=== RUN   TestMergeSortGo/[339_-316_-57_-292_-370_416_631_-1_435_625_-147_882_650_-88_37]
=== RUN   TestMergeSortGo/[52_-257_-398_-559_-239_556_-516_230_671_-609_310_-192_204_-251_-301]
=== RUN   TestMergeSortGo/[-131_-770_940_179_-675_455_533_7_437_-825_-31_824_-365_-459_259]
=== RUN   TestMergeSortGo/[-531_-5_116_-327_-51_-249_-271_-688_205_-499_586_729_-120_97_44]
=== RUN   TestMergeSortGo/[-268_323_-424_648_-267_267_-344_-830_494_-77_-723_162_94_-204_-361]
=== RUN   TestMergeSortGo/[-782_-27_340_-33_12_-7_-2_-56_-103_756_594_-439_-455_-239_361]
=== RUN   TestMergeSortGo/[369_21_-561_25_324_-55_38_-110_50_261_151_-140_-615_221_-46]
=== RUN   TestMergeSortGo/[-176_361_31_645_-172_117_493_664_-145_-55_880_-602_462_386_-355]
=== RUN   TestMergeSortGo/[-483_682_-382_138_-265_-122_145_687_877_146_-329_155_-63_725_-104]
=== RUN   TestMergeSortGo/[707_-647_602_572_80_-341_596_-202_-261_837_-211_-175_422_684_451]
=== RUN   TestMergeSortGo/[2_678_-21_209_373_-753_-83_634_-524_549_399_349_75_-82_-4]
=== RUN   TestMergeSortGo/[-309_-325_-171_-51_-255_383_111_-127_123_236_-821_301_606_51_620]
=== RUN   TestMergeSortGo/[363_-420_-77_-287_692_321_-371_762_161_-186_631_168_16_-67_218]
=== RUN   TestMergeSortGo/[-693_-436_153_-529_153_-409_612_630_-230_-157_-164_447_-435_293_-591]
=== RUN   TestMergeSortGo/[-266_-898_-195_182_217_424_-428_333_303_-512_3_394_-202_-523_-863]
=== RUN   TestMergeSortGo/[-91_122_180_592_-327_-490_-277_290_-159_190_154_111_-361_-354_-152]
=== RUN   TestMergeSortGo/[136_650_177_341_405_-132_-488_-126_840_591_-308_-355_40_-193_173]
=== RUN   TestMergeSortGo/[245_443_55_-556_-764_262_-412_-394_127_-697_-337_305_780_-11_-445]
=== RUN   TestMergeSortGo/[91_219_853_679_635_-711_-61_929_377_426_-244_519_-228_421_128]
=== RUN   TestMergeSortGo/[82_-262_-481_111_3_-262_-844_467_-368_-614_794_-278_445_-350_-11]
=== RUN   TestMergeSortGo/[-401_-782_-239_-100_569_-471_325_-457_-182_196_-260_205_480_576_296]
=== RUN   TestMergeSortGo/[-11_257_436_-165_431_-151_-215_737_611_-771_707_-294_-385_618_-168]
=== RUN   TestMergeSortGo/[638_-264_-144_211_-215_252_-384_-362_-239_474_129_-91_100_122_564]
=== RUN   TestMergeSortGo/[-162_-213_204_230_132_298_-665_-79_-241_-107_-413_9_57_2_-169]
=== RUN   TestMergeSortGo/[-277_-183_-108_157_-419_460_44_65_78_-477_-513_-183_269_288_730]
=== RUN   TestMergeSortGo/[-722_556_268_-647_234_394_157_1_79_-572_-316_-143_-224_-60_-157]
=== RUN   TestMergeSortGo/[-110_372_-92_-190_166_-523_-559_-206_238_374_305_57_-514_-101_367]
=== RUN   TestMergeSortGo/[8_-241_148_7_-250_269_369_-272_-357_766_344_382_-504_-92_836]
=== RUN   TestMergeSortGo/[-639_-359_-135_-540_-280_-332_860_-810_-8_-112_-586_373_804_-239_301]
=== RUN   TestMergeSortGo/[51_447_690_-119_60_627_-877_-142_440_480_238_377_-404_227_137]
=== RUN   TestMergeSortGo/[263_-70_9_-208_50_135_538_420_-113_148_190_194_0_-3_540]
=== RUN   TestMergeSortGo/[-390_546_-291_519_260_-584_-472_-201_639_-91_116_-447_-486_-148_252]
=== RUN   TestMergeSortGo/[-112_-454_277_132_209_-164_412_920_475_-90_553_175_159_224_-101]
=== RUN   TestMergeSortGo/[146_-814_-81_-553_100_-131_-948_-305_511_130_241_217_-150_444_112]
=== RUN   TestMergeSortGo/[-648_-144_-283_747_11_225_-152_215_-437_802_321_-939_365_-363_-645]
=== RUN   TestMergeSortGo/[91_51_129_316_285_402_-178_-745_-109_876_-577_-413_-476_176_439]
=== RUN   TestMergeSortGo/[-581_104_269_-559_364_490_-56_-419_-712_-527_-321_-616_418_104_7]
=== RUN   TestMergeSortGo/[-171_256_177_659_88_-125_636_-356_-143_817_358_43_403_227_-429]
=== RUN   TestMergeSortGo/[285_-360_698_205_-429_149_-182_-566_-10_170_-266_105_546_-37_-502]
=== RUN   TestMergeSortGo/[133_238_229_155_3_284_175_-320_-171_166_-306_-552_336_307_343]
=== RUN   TestMergeSortGo/[-28_785_147_-790_-650_749_300_-226_102_94_196_-297_-154_-583_779]
=== RUN   TestMergeSortGo/[-633_-86_15_190_-56_125_222_-256_-422_192_-746_-65_-638_-249_281]
=== RUN   TestMergeSortGo/[-68_423_790_444_77_282_-73_85_-13_-91_-20_285_-205_77_-218]
=== RUN   TestMergeSortGo/[-124_-183_153_-100_88_274_-175_306_554_72_367_67_-190_902_101]
=== RUN   TestMergeSortGo/[162_264_824_-390_351_-261_645_257_189_-111_-220_512_82_58_-497]
=== RUN   TestMergeSortGo/[-74_348_64_316_619_-595_-85_21_-468_-303_485_-258_-885_-667_93]
=== RUN   TestMergeSortGo/[66_16_66_-447_0_71_-507_-395_-58_-616_-91_173_-103_713_819]
=== RUN   TestMergeSortGo/[-222_-516_-232_-801_361_386_78_-45_177_390_900_-115_-116_-171_-753]
=== RUN   TestMergeSortGo/[67_-32_295_383_243_-269_811_-486_245_-428_354_50_-526_41_342]
=== RUN   TestMergeSortGo/[340_-542_-342_445_826_-473_-559_516_-305_-174_-270_59_-526_152_15]
=== RUN   TestMergeSortGo/[41_-938_126_-348_-94_172_520_785_521_-103_-82_-103_313_-212_-617]
=== RUN   TestMergeSortGo/[-731_65_-299_165_252_-261_158_118_39_166_-371_-697_154_-181_-468]
=== RUN   TestMergeSortGo/[287_-461_270_126_-48_9_-670_13_6_371_-343_-430_687_221_-510]
=== RUN   TestMergeSortGo/[69_-454_85_616_162_-120_-157_226_703_-301_13_361_-381_-552_108]
=== RUN   TestMergeSortGo/[-330_-141_-726_-6_-494_292_-513_-657_-409_-225_281_-803_25_491_326]
=== RUN   TestMergeSortGo/[-419_-379_-368_-697_490_208_216_-371_-280_71_-656_-321_802_388_252]
=== RUN   TestMergeSortGo/[375_-30_-136_112_47_198_706_52_695_309_639_-692_-87_-240_-627]
=== RUN   TestMergeSortGo/[213_-666_202_-58_42_-8_429_-245_-40_148_-335_-67_13_471_-601]
=== RUN   TestMergeSortGo/[23_-534_582_367_869_-17_247_766_-198_-426_658_862_-49_157_-898]
=== RUN   TestMergeSortGo/[305_394_201_394_566_519_577_-177_-227_842_793_-404_-35_562_-137]
=== RUN   TestMergeSortGo/[-152_928_-246_-702_181_77_320_-631_217_-72_341_200_-759_841_103]
=== RUN   TestMergeSortGo/[624_-698_-113_693_-332_432_-941_387_-406_-141_17_-708_121_380_-20]
=== RUN   TestMergeSortGo/[-417_-98_249_124_101_128_-447_-505_260_-588_-178_-107_-117_217_47]
=== RUN   TestMergeSortGo/[77_43_387_-397_141_-195_-958_122_297_-755_833_259_396_-389_59]
=== RUN   TestMergeSortGo/[-3_-410_-826_-524_-482_-355_324_-862_-194_331_300_434_129_251_405]
=== RUN   TestMergeSortGo/[-369_-204_-300_-814_713_886_539_-405_-674_139_-204_203_430_272_123]
=== RUN   TestMergeSortGo/[-587_-381_483_-337_241_22_-200_45_-341_-328_671_-496_-348_-397_54]
=== RUN   TestMergeSortGo/[-4_10_-486_122_-721_-102_89_-657_-507_638_326_65_80_471_-110]
=== RUN   TestMergeSortGo/[-15_-75_62_-356_199_68_272_-451_-22_-232_-650_850_199_107_-28]
=== RUN   TestMergeSortGo/[-493_160_306_-252_-44_324_-204_126_-461_91_-161_-657_797_569_674]
=== RUN   TestMergeSortGo/[108_-336_-30_-31_240_-253_-321_-294_479_152_444_531_-137_476_-191]
=== RUN   TestMergeSortGo/[-12_-366_-192_-157_-315_-227_131_-152_580_-343_50_-95_-506_180_641]
=== RUN   TestMergeSortGo/[247_172_-219_284_588_-117_-70_-147_-833_-238_-904_-182_-780_490_465]
=== RUN   TestMergeSortGo/[-228_-96_-107_-223_-477_-392_51_458_-113_-514_145_-673_555_215_-442]
=== RUN   TestMergeSortGo/[-636_-408_-332_102_-179_-525_232_94_391_483_798_-171_-506_114_89]
=== RUN   TestMergeSortGo/[201_129_-54_182_223_163_-559_343_112_-448_809_-571_-813_363_-486]
=== RUN   TestMergeSortGo/[109_245_-380_396_-253_84_-249_-39_-388_265_36_-10_-364_391_216]
=== RUN   TestMergeSortGo/[-408_553_-455_-400_-7_-46_709_-529_410_-392_-253_-622_-720_51_507]
=== RUN   TestMergeSortGo/[70_312_201_413_39_-356_291_89_662_-446_217_-36_-303_-338_172]
=== RUN   TestMergeSortGo/[-205_-438_205_-264_722_75_-489_124_558_123_181_118_-19_-193_-61]
=== RUN   TestMergeSortGo/[433_-516_-219_-239_400_840_57_49_375_-216_445_552_-289_-234_-601]
=== RUN   TestMergeSortGo/[629_-613_388_-380_-200_150_43_-157_-113_-567_-99_710_-178_466_223]
=== RUN   TestMergeSortGo/[-94_32_-242_-9_-343_-116_53_492_-574_745_468_-411_346_-290_377]
=== RUN   TestMergeSortGo/[-91_447_-566_-505_183_-54_196_-169_-489_-143_421_-36_-413_125_198]
=== RUN   TestMergeSortGo/[-38_698_-301_-98_591_686_313_-116_-174_446_39_263_-210_129_407]
=== RUN   TestMergeSortGo/[-604_132_251_-637_280_-553_692_166_66_128_462_-167_-4_-153_-192]
=== RUN   TestMergeSortGo/[-268_-481_-156_-540_-127_-798_166_-459_520_99_-317_297_-522_791_-183]
=== RUN   TestMergeSortGo/[333_-228_604_499_500_-113_10_-365_713_-266_212_-338_128_59_-480]
=== RUN   TestMergeSortGo/[-235_523_393_-632_373_-290_897_680_728_-677_33_210_48_-812_-937]
=== RUN   TestMergeSortGo/[398_-364_96_-125_-390_51_-119_772_-817_-11_139_328_19_522_776]
=== RUN   TestMergeSortGo/[720_496_925_442_-455_188_585_307_751_702_-643_-624_30_-259_285]
=== RUN   TestMergeSortGo/[9_287_546_604_-559_777_320_-274_-400_-71_-666_-345_591_53_-381]
=== RUN   TestMergeSortGo/[208_-467_-257_76_-226_71_30_474_-29_-661_-223_-775_441_77_-98]
=== RUN   TestMergeSortGo/[-436_-499_28_-546_675_-143_-27_458_277_109_16_-191_-767_-395_360]
=== RUN   TestMergeSortGo/[-441_-780_182_-624_-243_-296_232_-406_-75_-775_-543_-601_-445_-173_710]
=== RUN   TestMergeSortGo/[-190_204_169_642_440_-908_-391_-390_247_-246_349_187_-287_-289_395]
=== RUN   TestMergeSortGo/[375_131_-540_-624_-174_-4_-212_169_112_229_60_-385_378_-504_171]
=== RUN   TestMergeSortGo/[492_668_2_-226_-166_555_-891_-53_-60_-74_-35_78_-120_-600_-70]
=== RUN   TestMergeSortGo/[549_-121_750_524_106_-286_-81_935_194_971_204_-3_104_422_-479]
=== RUN   TestMergeSortGo/[138_136_9_410_587_-531_-126_-66_70_-412_-107_-244_-233_-277_398]
=== RUN   TestMergeSortGo/[-338_209_-565_-438_-266_727_348_-80_331_506_398_-321_-83_194_-20]
=== RUN   TestMergeSortGo/[-455_-563_588_193_350_523_290_134_-24_341_813_-400_212_370_-709]
=== RUN   TestMergeSortGo/[771_623_-112_85_-68_-46_-83_-41_259_421_-815_290_-514_-65_-289]
=== RUN   TestMergeSortGo/[-414_-332_742_-287_-175_319_-241_-271_328_198_122_-795_-315_234_119]
=== RUN   TestMergeSortGo/[-208_192_480_435_-582_354_-533_671_556_-230_-76_-473_23_-161_90]
=== RUN   TestMergeSortGo/[-245_-307_-312_0_-274_-420_148_-156_120_-136_467_430_-141_618_-927]
=== RUN   TestMergeSortGo/[-7_-386_440_-334_-649_419_423_-722_420_-396_-251_123_730_117_-217]
=== RUN   TestMergeSortGo/[269_352_13_605_683_482_72_752_-605_635_325_261_9_761_-49]
=== RUN   TestMergeSortGo/[-445_355_27_407_646_-107_-73_-104_-21_-575_-766_40_916_505_-42]
=== RUN   TestMergeSortGo/[-221_443_489_-389_238_-539_641_53_752_-454_-277_524_570_-264_-203]
=== RUN   TestMergeSortGo/[-459_578_-170_-275_153_470_-153_437_87_-136_-127_165_607_-253_-562]
=== RUN   TestMergeSortGo/[400_59_40_364_-8_-410_644_-193_655_277_25_-654_-52_-227_-24]
=== RUN   TestMergeSortGo/[810_482_252_445_768_-799_21_-399_662_-362_-590_-129_457_225_824]
=== RUN   TestMergeSortGo/[227_-353_-402_-239_154_118_222_947_133_-823_-116_-245_523_-172_-440]
=== RUN   TestMergeSortGo/[88_350_-371_-475_-641_169_82_341_-192_213_-497_-581_-150_-818_-90]
=== RUN   TestMergeSortGo/[534_-133_21_224_-150_-277_-907_-167_31_-756_504_361_77_32_17]
=== RUN   TestMergeSortGo/[-366_-426_194_118_146_-680_-362_-80_-160_-529_448_22_-743_-154_-124]
=== RUN   TestMergeSortGo/[205_-81_784_-42_-278_142_-285_-261_-256_-561_489_341_891_686_762]
=== RUN   TestMergeSortGo/[179_752_25_31_416_-263_-627_124_700_282_141_161_95_-466_225]
=== RUN   TestMergeSortGo/[189_652_284_167_-200_-46_-640_24_-12_70_255_332_-123_832_136]
=== RUN   TestMergeSortGo/[143_-839_-380_-500_-372_104_-308_80_-417_812_815_529_115_725_359]
=== RUN   TestMergeSortGo/[44_494_839_-185_-570_641_-170_480_-827_183_-632_513_-72_-468_-463]
=== RUN   TestMergeSortGo/[-265_-324_631_463_-55_-515_306_-207_-675_-137_801_-655_-78_-109_406]
=== RUN   TestMergeSortGo/[17_122_-190_2_-532_560_-448_-337_514_203_-198_109_201_-516_-38]
=== RUN   TestMergeSortGo/[-29_-72_173_-435_37_-635_-147_-660_-719_281_-159_310_-498_-803_-296]
=== RUN   TestMergeSortGo/[-490_305_51_570_-108_313_100_146_741_-350_451_279_558_12_351]
=== RUN   TestMergeSortGo/[714_155_67_272_68_-307_91_42_344_837_886_-427_806_-7_-336]
=== RUN   TestMergeSortGo/[-669_-621_411_-396_-507_-59_-241_-389_23_432_-646_-381_426_575_83]
=== RUN   TestMergeSortGo/[413_-303_496_577_650_-691_-328_12_376_724_-23_73_-45_4_-52]
=== RUN   TestMergeSortGo/[-362_136_241_-69_-388_184_-278_114_-310_-176_179_-862_567_-328_421]
=== RUN   TestMergeSortGo/[-47_-601_-119_-523_-541_115_197_447_-158_121_278_294_40_241_248]
=== RUN   TestMergeSortGo/[110_95_203_333_254_-18_-55_-3_667_859_93_245_142_534_216]
=== RUN   TestMergeSortGo/[158_-73_173_-290_-294_417_-362_-692_696_585_-267_282_-775_401_48]
=== RUN   TestMergeSortGo/[4_-205_3_-537_221_-239_274_209_298_908_-265_415_201_-215_-921]
=== RUN   TestMergeSortGo/[212_-311_-140_405_-551_-397_142_-465_-634_-9_138_-859_-161_234_-855]
=== RUN   TestMergeSortGo/[-258_-298_-629_-326_69_166_-429_287_62_-6_86_-349_243_19_183]
=== RUN   TestMergeSortGo/[27_385_-824_-587_281_506_-226_0_-143_72_695_-44_500_258_-828]
=== RUN   TestMergeSortGo/[435_-333_-765_-206_149_-44_-41_545_-688_-424_552_-60_-279_253_-72]
=== RUN   TestMergeSortGo/[871_-224_249_-95_-223_-110_216_-177_-38_3_286_172_125_-105_307]
=== RUN   TestMergeSortGo/[-467_119_232_-114_-667_-501_-162_-182_585_-146_-353_489_143_-686_-651]
=== RUN   TestMergeSortGo/[-345_469_-465_219_312_-847_-381_21_-655_-625_333_669_374_-455_63]
=== RUN   TestMergeSortGo/[-266_-613_863_-896_-544_-479_-111_305_-698_592_334_-730_123_-243_-85]
=== RUN   TestMergeSortGo/[913_-137_-53_-427_310_-436_416_244_624_-659_53_-363_145_-429_441]
=== RUN   TestMergeSortGo/[428_290_436_-18_111_27_-92_-280_-426_733_-294_63_-115_166_469]
=== RUN   TestMergeSortGo/[186_-729_-740_632_-180_17_364_-573_-605_-243_701_635_-474_632_358]
=== RUN   TestMergeSortGo/[377_206_-297_-394_562_-392_-179_-213_101_21_511_299_54_858_-88]
=== RUN   TestMergeSortGo/[848_336_911_593_-812_275_295_649_189_234_-9_-178_630_220_-229]
=== RUN   TestMergeSortGo/[-689_290_196_470_-278_-39_-197_-111_-648_-296_114_-779_543_-547_-9]
=== RUN   TestMergeSortGo/[489_406_289_-59_-497_-349_-221_-121_190_351_-597_-266_624_188_201]
=== RUN   TestMergeSortGo/[-114_-816_-719_243_-404_-150_-231_-369_-355_-19_307_-86_728_82_431]
=== RUN   TestMergeSortGo/[-407_1_43_798_-729_-2_-393_318_-289_71_-311_-573_14_-88_501]
=== RUN   TestMergeSortGo/[354_-360_-51_540_-611_-777_-349_71_209_-20_-234_-281_785_298_184]
=== RUN   TestMergeSortGo/[447_223_280_-90_-416_574_183_348_25_362_255_158_-258_452_270]
=== RUN   TestMergeSortGo/[-262_1_685_-327_30_-247_-20_-337_665_-293_5_4_633_551_25]
=== RUN   TestMergeSortGo/[-198_-498_502_162_245_-32_-672_366_336_-147_-428_-111_722_222_631]
=== RUN   TestMergeSortGo/[2_-36_-481_227_-343_241_545_-284_420_740_-112_188_-4_509_537]
=== RUN   TestMergeSortGo/[-442_-28_-775_220_345_91_805_-700_967_493_324_285_381_-275_-265]
=== RUN   TestMergeSortGo/[-216_483_-228_537_-539_315_-637_-287_-555_679_350_428_-110_219_-755]
=== RUN   TestMergeSortGo/[-107_-378_-194_-25_-60_641_-290_-101_-521_-239_77_-281_-112_309_133]
=== RUN   TestMergeSortGo/[-59_-638_-508_-361_165_262_-207_-680_-360_-728_213_166_-174_-775_-50]
=== RUN   TestMergeSortGo/[516_-15_-45_288_56_208_88_-602_-39_643_-5_-304_-167_-387_333]
=== RUN   TestMergeSortGo/[-734_130_-838_329_538_155_426_169_-232_-41_154_-503_-82_-786_-3]
=== RUN   TestMergeSortGo/[128_612_219_-708_-107_-44_-809_7_-236_281_-590_-685_331_-328_24]
=== RUN   TestMergeSortGo/[-455_664_888_596_710_-4_253_188_-840_460_153_-203_594_-363_6]
=== RUN   TestMergeSortGo/[200_38_-94_36_795_-396_540_23_-137_-31_-109_218_93_-404_-443]
=== RUN   TestMergeSortGo/[379_600_-209_-50_-488_124_547_136_92_614_284_136_21_652_-457]
=== RUN   TestMergeSortGo/[-775_226_-235_113_-81_783_591_101_-216_103_395_151_-21_280_454]
=== RUN   TestMergeSortGo/[-412_-624_-75_167_5_131_-73_115_32_-825_133_-901_396_110_306]
=== RUN   TestMergeSortGo/[-489_163_-363_54_142_-236_-322_-244_447_-546_239_-621_-42_-94_-584]
=== RUN   TestMergeSortGo/[-654_-188_35_73_-209_150_453_158_234_595_-372_-309_-125_-528_-189]
=== RUN   TestMergeSortGo/[-427_256_-94_29_-192_344_-255_-571_-153_-54_153_552_-170_573_-539]
=== RUN   TestMergeSortGo/[45_33_518_-747_-269_-358_162_-799_39_316_-290_-427_97_-209_226]
=== RUN   TestMergeSortGo/[482_434_-547_-210_-312_-464_46_-350_786_-97_-833_-136_-455_191_956]
=== RUN   TestMergeSortGo/[-747_-316_664_63_163_20_-29_382_251_194_326_-400_-766_-194_67]
=== RUN   TestMergeSortGo/[500_-403_-44_258_20_3_-792_150_-649_121_534_-14_-407_-71_442]
=== RUN   TestMergeSortGo/[722_384_471_-69_229_479_61_94_-739_981_372_-832_206_164_-50]
=== RUN   TestMergeSortGo/[-204_-776_-211_-918_214_430_879_-64_-554_39_-130_110_-123_388_253]
=== RUN   TestMergeSortGo/[180_573_-877_126_-537_516_-462_250_-929_-551_214_-783_244_-246_-770]
=== RUN   TestMergeSortGo/[-112_310_-230_-292_252_127_47_111_701_402_92_-818_458_-312_-369]
=== RUN   TestMergeSortGo/[25_-775_528_729_50_-316_-514_225_59_761_-274_921_600_-598_-715]
=== RUN   TestMergeSortGo/[-328_125_-281_278_92_852_-159_101_408_-691_-406_-97_370_-98_213]
=== RUN   TestMergeSortGo/[622_338_201_397_-394_90_154_-71_193_-437_182_-131_-462_269_-224]
=== RUN   TestMergeSortGo/[-228_-193_45_-159_440_-160_243_-342_-362_48_-444_27_576_-138_-14]
=== RUN   TestMergeSortGo/[132_165_-640_-121_-311_-409_-554_-165_136_659_657_969_-572_623_98]
=== RUN   TestMergeSortGo/[-118_186_19_654_-234_-248_-117_196_486_-157_290_675_382_798_268]
=== RUN   TestMergeSortGo/[48_642_-809_-731_265_-303_695_467_-871_243_329_411_90_-179_-316]
=== RUN   TestMergeSortGo/[4_-7_173_110_169_342_-477_-445_-424_309_325_-219_-278_-32_-6]
=== RUN   TestMergeSortGo/[-229_751_-426_-118_150_143_245_-552_307_-540_66_-97_-250_202_167]
=== RUN   TestMergeSortGo/[319_645_404_457_743_-611_-138_274_72_-477_444_240_240_618_31]
=== RUN   TestMergeSortGo/[-79_575_-597_612_379_72_-92_382_90_140_-141_170_441_-185_553]
=== RUN   TestMergeSortGo/[-737_163_-626_288_-646_-28_-361_139_595_653_841_23_14_-60_-306]
=== RUN   TestMergeSortGo/[-220_-317_-233_417_367_-5_-206_-699_-774_-509_-177_-206_711_397_-244]
=== RUN   TestMergeSortGo/[-465_-744_-14_740_-194_-672_-608_-227_-352_311_858_535_73_-257_281]
=== RUN   TestMergeSortGo/[114_-38_-330_378_315_-75_300_-364_376_90_-18_-690_-62_-605_-197]
=== RUN   TestMergeSortGo/[199_2_704_450_-497_-510_31_106_433_-33_-68_268_150_-82_-377]
=== RUN   TestMergeSortGo/[-676_-213_-558_-202_-162_-212_150_129_84_34_446_-409_236_-214_213]
=== RUN   TestMergeSortGo/[-454_127_722_-208_-184_-261_-390_-659_-70_-512_166_10_-617_756_226]
=== RUN   TestMergeSortGo/[-264_-260_431_-213_-222_-328_-267_173_-42_-535_-190_394_54_34_275]
=== RUN   TestMergeSortGo/[548_114_-329_48_582_-484_546_4_-776_264_-393_192_701_366_302]
=== RUN   TestMergeSortGo/[560_383_350_54_-593_163_495_-100_-9_157_526_-508_191_-220_-95]
=== RUN   TestMergeSortGo/[-876_450_-456_-303_261_-353_752_-400_-5_658_479_77_257_-351_-210]
=== RUN   TestMergeSortGo/[503_-3_-28_137_799_-357_-38_802_-493_-284_370_895_126_-56_375]
=== RUN   TestMergeSortGo/[328_-470_387_38_339_55_634_132_-263_-397_35_465_324_-303_42]
=== RUN   TestMergeSortGo/[-449_408_548_587_36_-74_-358_704_625_465_-587_-271_-504_217_681]
=== RUN   TestMergeSortGo/[387_-62_6_-441_-607_359_34_315_14_222_816_-46_-757_-500_520]
=== RUN   TestMergeSortGo/[-543_105_-379_148_137_-254_344_-404_-471_579_303_-489_-594_-657_43]
=== RUN   TestMergeSortGo/[323_25_-207_799_79_520_-63_476_-186_-304_451_216_-298_-887_59]
=== RUN   TestMergeSortGo/[-353_757_186_-407_-225_-194_-328_-422_427_-612_-160_-317_622_-105_277]
=== RUN   TestMergeSortGo/[761_19_887_-190_90_-264_-609_449_-47_291_317_594_-444_349_685]
=== RUN   TestMergeSortGo/[-264_537_480_40_580_-700_-818_-640_46_-104_627_-106_349_467_-123]
=== RUN   TestMergeSortGo/[297_656_298_807_13_-364_332_-341_348_420_716_756_870_-450_888]
=== RUN   TestMergeSortGo/[-737_-108_-551_-195_439_534_-682_316_-490_696_303_-77_-151_616_420]
=== RUN   TestMergeSortGo/[-141_131_676_416_-751_291_-168_56_471_-186_-322_-422_362_477_125]
=== RUN   TestMergeSortGo/[36_150_370_430_316_-5_-426_684_448_-776_-360_366_-499_339_-580]
=== RUN   TestMergeSortGo/[-380_-34_122_-851_749_-27_-89_-46_432_-155_543_252_125_14_-250]
=== RUN   TestMergeSortGo/[353_-305_-242_259_-153_323_-356_-394_-64_-603_74_-88_112_189_108]
=== RUN   TestMergeSortGo/[-94_-148_-632_470_54_134_-154_130_-404_-233_-34_369_-532_-293_641]
=== RUN   TestMergeSortGo/[-495_-417_537_761_-140_-522_-729_261_-132_402_-231_-217_211_-352_-776]
=== RUN   TestMergeSortGo/[569_-557_77_288_753_388_184_41_45_44_292_610_-478_-724_800]
=== RUN   TestMergeSortGo/[-34_-258_37_-352_298_69_124_349_88_465_-552_-418_-562_-102_-108]
=== RUN   TestMergeSortGo/[418_-171_-60_20_320_-354_92_37_-69_498_2_430_509_-361_-794]
=== RUN   TestMergeSortGo/[-513_373_99_-267_468_-126_668_-791_-203_-229_-451_471_207_457_728]
=== RUN   TestMergeSortGo/[-110_104_23_-504_423_-495_-529_200_158_348_-435_-200_296_-580_-316]
=== RUN   TestMergeSortGo/[-184_-90_-605_-218_-911_-8_-93_230_916_472_-222_135_-242_341_-608]
=== RUN   TestMergeSortGo/[-835_849_407_261_-4_-556_428_-54_418_251_612_298_-311_224_-145]
=== RUN   TestMergeSortGo/[375_-635_-77_-457_411_31_-249_259_-289_-112_-262_89_-594_-32_-789]
=== RUN   TestMergeSortGo/[183_-28_344_576_-780_-5_139_312_-461_-59_174_-315_389_-522_194]
=== RUN   TestMergeSortGo/[17_-925_-579_-241_165_103_33_-248_-359_25_605_-239_75_467_17]
=== RUN   TestMergeSortGo/[838_-594_219_-206_-123_-180_-436_-294_-59_414_547_-114_-229_5_-80]
=== RUN   TestMergeSortGo/[313_160_6_669_-114_240_-339_771_-12_-141_565_59_59_-330_545]
=== RUN   TestMergeSortGo/[294_-439_-40_63_532_-121_342_21_379_-360_393_61_-333_180_-583]
=== RUN   TestMergeSortGo/[480_-57_-426_151_-270_-111_-444_155_-228_16_-364_-288_450_383_-164]
=== RUN   TestMergeSortGo/[-187_342_717_10_488_131_-324_-506_85_-660_-807_-265_497_-255_-596]
=== RUN   TestMergeSortGo/[-748_-715_335_-19_315_-381_-17_228_-12_17_124_-497_220_-336_-217]
=== RUN   TestMergeSortGo/[-121_582_-21_-12_233_310_-30_-166_-671_-111_-269_-359_-658_-239_-167]
=== RUN   TestMergeSortGo/[-488_276_275_380_-68_369_0_641_252_159_-178_943_57_355_-486]
=== RUN   TestMergeSortGo/[524_144_-605_-283_-744_620_-50_97_533_550_770_2_-339_415_-820]
=== RUN   TestMergeSortGo/[433_251_-141_-593_-309_54_821_391_332_-54_322_22_-349_-201_80]
=== RUN   TestMergeSortGo/[98_-104_344_-79_580_9_323_59_351_587_-799_790_342_-720_-432]
=== RUN   TestMergeSortGo/[-125_439_-828_-386_69_-755_651_-859_-112_-3_78_-668_640_-283_462]
=== RUN   TestMergeSortGo/[-370_-83_-56_-485_463_-201_832_265_-653_154_-768_29_97_-393_-496]
=== RUN   TestMergeSortGo/[9_-399_-518_-267_-409_-38_283_-629_-130_-439_-435_528_-388_799_-447]
=== RUN   TestMergeSortGo/[696_-473_-69_-679_387_-308_501_-529_287_-125_255_413_-217_546_66]
=== RUN   TestMergeSortGo/[-295_259_32_-488_708_27_-113_99_351_716_591_454_316_363_-412]
=== RUN   TestMergeSortGo/[-705_238_-417_497_348_401_190_-246_-82_386_-276_760_-88_-232_-375]
=== RUN   TestMergeSortGo/[351_208_8_-585_47_252_327_-169_-410_27_12_547_480_183_534]
=== RUN   TestMergeSortGo/[61_523_285_-341_170_30_-112_137_-619_-771_-350_375_185_-639_-327]
=== RUN   TestMergeSortGo/[-13_-313_-527_-573_69_-363_-793_15_130_-134_149_-641_-463_795_707]
=== RUN   TestMergeSortGo/[280_-746_52_506_-767_138_-313_152_613_236_-257_131_-552_-417_253]
=== RUN   TestMergeSortGo/[400_-290_218_155_102_-182_442_105_41_100_143_55_-196_-349_-273]
=== RUN   TestMergeSortGo/[-233_487_330_-39_865_-614_-627_123_711_-847_-191_129_-665_-205_-48]
=== RUN   TestMergeSortGo/[50_585_543_-114_819_375_563_-353_103_-427_-668_-307_577_579_80]
=== RUN   TestMergeSortGo/[-200_-355_-792_-156_283_-203_650_-497_-848_268_-670_103_564_366_119]
=== RUN   TestMergeSortGo/[-271_841_-295_710_-911_-861_-450_516_85_-145_320_516_468_252_316]
=== RUN   TestMergeSortGo/[-732_-31_34_-397_428_-618_-288_794_-637_186_-318_476_-343_303_-52]
=== RUN   TestMergeSortGo/[165_-2_-677_-492_-281_294_-256_333_65_-351_-578_-490_190_-128_-381]
=== RUN   TestMergeSortGo/[114_-525_890_338_-530_-609_111_196_19_277_586_2_196_-316_683]
=== RUN   TestMergeSortGo/[-655_-99_-214_-17_-405_-322_-48_-723_129_713_-19_-8_-164_-362_104]
=== RUN   TestMergeSortGo/[-242_21_-576_-509_124_-200_-257_446_-350_-35_-573_-11_-197_633_-59]
=== RUN   TestMergeSortGo/[-148_-78_-172_-874_891_352_716_-406_-143_758_231_372_-159_492_19]
=== RUN   TestMergeSortGo/[-463_115_413_251_-158_259_-547_-344_-128_-443_-221_893_-132_-270_38]
=== RUN   TestMergeSortGo/[-171_141_-763_-330_-651_-407_-230_-254_-258_-539_561_-654_461_201_608]
=== RUN   TestMergeSortGo/[-58_-487_391_194_521_490_-182_-285_-238_-409_-692_117_414_-445_551]
=== RUN   TestMergeSortGo/[399_-429_700_88_-364_372_-379_-452_764_311_-266_-129_-288_516_1]
=== RUN   TestMergeSortGo/[-24_-602_-109_-163_-330_-542_667_147_-459_386_649_74_170_-361_-476]
=== RUN   TestMergeSortGo/[137_453_152_-125_-261_59_-323_716_694_24_-484_483_-105_-70_-203]
=== RUN   TestMergeSortGo/[-727_-371_874_-423_283_-252_789_-83_232_-133_232_-160_267_-63_70]
=== RUN   TestMergeSortGo/[-516_315_248_-213_199_756_71_-452_166_659_-409_458_370_-712_-537]
=== RUN   TestMergeSortGo/[318_-727_-343_-273_97_86_-809_-602_505_-606_388_-30_-601_532_85]
=== RUN   TestMergeSortGo/[2_778_65_347_341_548_-151_-295_610_-8_662_-33_135_-179_-655]
=== RUN   TestMergeSortGo/[-145_7_-389_35_772_543_427_-178_-3_-13_-59_-291_-388_-889_-142]
=== RUN   TestMergeSortGo/[-230_78_-144_187_-633_-31_253_155_32_114_-245_-460_307_-428_-265]
=== RUN   TestMergeSortGo/[21_-232_636_-68_-193_-534_335_-142_575_-229_854_-216_549_36_268]
=== RUN   TestMergeSortGo/[856_-355_303_514_96_-618_680_850_63_-458_398_110_-198_46_-247]
=== RUN   TestMergeSortGo/[265_818_-747_-188_-110_-695_-542_-451_183_84_581_-218_8_-94_897]
=== RUN   TestMergeSortGo/[-539_342_768_255_252_-221_229_758_-630_581_-381_-67_-98_-806_437]
=== RUN   TestMergeSortGo/[-787_134_-148_-333_-897_-432_-625_-344_-279_40_-539_-491_266_-534_614]
=== RUN   TestMergeSortGo/[408_408_-437_-337_-331_250_-516_883_-818_45_190_-547_-180_-575_-150]
=== RUN   TestMergeSortGo/[-878_512_-97_158_-252_590_24_54_196_450_158_-56_573_381_-247]
=== RUN   TestMergeSortGo/[-95_-227_260_279_182_149_-544_256_61_-405_152_-34_664_-349_67]
=== RUN   TestMergeSortGo/[-569_160_578_-20_-722_-402_613_832_-483_-676_-19_227_160_-355_137]
=== RUN   TestMergeSortGo/[155_-260_597_556_-579_156_-106_450_-739_329_401_89_-196_154_-334]
=== RUN   TestMergeSortGo/[448_-897_707_-681_618_495_135_-342_250_-530_-21_-293_-104_239_140]
=== RUN   TestMergeSortGo/[614_-344_-568_-309_572_110_-73_90_-499_-303_432_-464_-67_1_-82]
=== RUN   TestMergeSortGo/[-406_-354_72_151_99_-44_-692_-399_-187_-792_-3_316_411_57_415]
=== RUN   TestMergeSortGo/[540_-118_165_-211_-603_267_385_635_-324_124_-295_208_130_-505_36]
=== RUN   TestMergeSortGo/[297_-31_-111_266_-212_-268_145_15_375_-668_137_-666_306_-543_-205]
=== RUN   TestMergeSortGo/[-625_-235_-364_47_88_-277_483_-210_637_-84_309_354_-565_736_356]
=== RUN   TestMergeSortGo/[324_322_778_-317_-254_846_41_251_901_485_-262_-226_-483_-909_-117]
=== RUN   TestMergeSortGo/[-96_626_-49_106_156_246_128_473_-521_624_183_-60_-215_635_290]
=== RUN   TestMergeSortGo/[487_-17_57_-335_-180_-116_-52_428_-815_-617_656_61_-258_521_838]
=== RUN   TestMergeSortGo/[249_-231_255_610_-331_-361_53_-64_-16_617_-260_-140_435_-702_-470]
=== RUN   TestMergeSortGo/[248_-639_-455_-78_322_-575_-441_-463_-172_198_644_830_235_-103_515]
=== RUN   TestMergeSortGo/[-147_8_-127_341_-123_405_-229_-192_-313_551_410_206_522_-90_61]
=== RUN   TestMergeSortGo/[864_412_837_769_-328_295_214_-86_156_-98_-162_101_30_-63_780]
=== RUN   TestMergeSortGo/[-75_200_151_-98_-679_133_-456_81_-288_298_525_305_65_140_111]
=== RUN   TestMergeSortGo/[22_-264_369_-205_532_-567_-294_-292_47_-671_266_-32_98_720_-373]
=== RUN   TestMergeSortGo/[319_681_-275_751_8_368_248_21_-719_-408_-247_431_66_195_287]
=== RUN   TestMergeSortGo/[-360_-827_-69_-191_815_-41_-202_-518_225_285_381_-429_606_-232_277]
=== RUN   TestMergeSortGo/[340_-159_370_-577_-586_109_-488_395_-469_-52_180_33_19_-310_735]
=== RUN   TestMergeSortGo/[773_72_651_207_-15_-114_501_74_-47_-462_690_-750_843_-522_-911]
=== RUN   TestMergeSortGo/[411_594_162_754_426_-517_-659_-444_-209_-808_49_361_-28_-404_-170]
=== RUN   TestMergeSortGo/[189_438_270_-330_313_174_-86_949_-421_286_135_550_-115_-382_613]
=== RUN   TestMergeSortGo/[223_-322_-123_-588_240_429_11_319_120_-696_349_0_335_249_-215]
=== RUN   TestMergeSortGo/[760_484_-109_318_-299_-125_-551_-47_255_313_-496_-528_436_458_-339]
=== RUN   TestMergeSortGo/[-227_-57_-721_-450_-562_-76_88_-104_372_325_-283_457_-318_90_-218]
=== RUN   TestMergeSortGo/[397_-634_-458_7_-364_-177_168_317_-97_563_-119_601_-814_-96_-389]
=== RUN   TestMergeSortGo/[221_-255_-96_-444_-39_-250_-594_980_26_-122_503_-499_729_-543_489]
=== RUN   TestMergeSortGo/[-268_-757_-487_534_43_-35_-49_43_36_-330_-24_-400_480_250_396]
=== RUN   TestMergeSortGo/[-379_-696_-226_-177_453_336_949_-358_514_608_355_51_-712_-304_177]
=== RUN   TestMergeSortGo/[-653_280_87_-536_-659_44_423_-128_-267_548_-93_537_-307_-247_-714]
=== RUN   TestMergeSortGo/[523_552_21_225_-208_-585_-453_955_-143_-3_-221_597_246_-82_-537]
=== RUN   TestMergeSortGo/[56_62_-32_-235_-704_-86_-740_-402_-59_-719_-134_-241_-92_757_-958]
=== RUN   TestMergeSortGo/[-369_-145_-705_462_530_595_-37_487_206_117_-669_74_196_-41_-28]
=== RUN   TestMergeSortGo/[60_-695_401_73_648_-7_360_972_-365_93_277_379_-85_-447_-10]
=== RUN   TestMergeSortGo/[-314_52_6_316_-966_-837_446_600_142_-413_-46_-19_735_434_174]
=== RUN   TestMergeSortGo/[276_714_-607_551_-85_-145_-232_-440_-290_209_8_-53_-292_-32_85]
=== RUN   TestMergeSortGo/[502_791_-310_7_-632_-172_-146_-34_62_478_61_-721_-633_77_-258]
=== RUN   TestMergeSortGo/[256_588_-868_20_435_69_-479_-498_-548_218_-25_-223_-426_-182_-273]
=== RUN   TestMergeSortGo/[534_67_59_-422_728_49_-701_-225_575_-713_-252_-296_154_806_-339]
=== RUN   TestMergeSortGo/[-395_-1_22_294_-286_-392_355_-11_179_-410_-34_-671_575_-31_35]
=== RUN   TestMergeSortGo/[90_343_187_-577_84_-318_-701_131_-163_-549_1_-389_212_-775_-247]
=== RUN   TestMergeSortGo/[-355_-101_460_-307_-387_-897_-313_-350_-415_58_55_574_-217_-438_191]
=== RUN   TestMergeSortGo/[-31_492_-120_747_-695_21_-601_-9_-25_-270_623_19_-483_547_126]
=== RUN   TestMergeSortGo/[175_-294_701_550_654_-232_-281_558_22_276_-821_423_318_305_369]
=== RUN   TestMergeSortGo/[-336_487_150_-287_-560_-11_-33_-247_-347_-38_304_-327_54_705_-354]
=== RUN   TestMergeSortGo/[-1_776_471_420_-136_88_-817_406_-176_363_279_-366_-344_-594_161]
=== RUN   TestMergeSortGo/[295_199_-28_-597_522_200_-386_-468_576_-601_-387_-290_152_-501_440]
=== RUN   TestMergeSortGo/[-719_-671_-561_-40_16_568_-52_-143_-112_340_106_204_-891_-590_-334]
=== RUN   TestMergeSortGo/[-227_18_493_406_537_238_6_194_-477_371_39_637_-205_239_18]
=== RUN   TestMergeSortGo/[-450_-157_403_859_-336_293_467_-704_285_-4_446_-261_-136_-86_-312]
=== RUN   TestMergeSortGo/[213_-216_-48_178_-509_268_98_408_471_62_455_-369_7_19_100]
=== RUN   TestMergeSortGo/[-477_326_123_-465_-111_472_-13_373_15_-856_19_-456_236_79_-180]
=== RUN   TestMergeSortGo/[-648_-330_-236_-305_298_-588_-82_-131_-94_579_82_289_-365_-709_162]
=== RUN   TestMergeSortGo/[248_258_-171_24_69_-188_34_-207_325_771_449_207_99_25_634]
=== RUN   TestMergeSortGo/[136_93_20_-184_-94_593_-487_-152_-140_-104_18_-116_-512_-21_234]
=== RUN   TestMergeSortGo/[-185_-75_582_-42_-32_-62_-645_-271_-747_516_612_501_243_-35_-308]
=== RUN   TestMergeSortGo/[75_-178_-134_-150_-326_42_-305_660_130_-285_215_-354_-724_482_-60]
=== RUN   TestMergeSortGo/[915_-441_171_513_-268_-141_469_-194_296_187_-197_591_-137_334_185]
--- PASS: TestMergeSortGo (0.02s)
    --- PASS: TestMergeSortGo/[537_-618_149_526_-83_-133_391_-262_110_-372_-839_750_-569_-137_231] (0.00s)
    --- PASS: TestMergeSortGo/[-641_-545_-285_655_-223_84_-10_226_277_-730_-117_-490_-599_373_51] (0.00s)
    --- PASS: TestMergeSortGo/[-204_660_341_132_89_-228_787_264_961_-386_322_454_833_280_-611] (0.00s)
    --- PASS: TestMergeSortGo/[546_301_-177_330_644_7_-239_-902_160_-660_-656_680_-141_938_450] (0.00s)
    --- PASS: TestMergeSortGo/[-450_170_-399_-347_148_-22_-121_-148_-544_-561_75_18_441_1_526] (0.00s)
    --- PASS: TestMergeSortGo/[-108_182_-245_-548_652_-484_-540_37_-55_-657_-731_-264_27_-582_813] (0.00s)
    --- PASS: TestMergeSortGo/[590_-227_564_91_176_66_449_-48_255_-451_264_16_515_1_587] (0.00s)
    --- PASS: TestMergeSortGo/[319_-275_-230_816_-407_-479_683_480_372_2_-28_929_-42_136_454] (0.00s)
    --- PASS: TestMergeSortGo/[399_204_531_197_527_-615_-84_763_-42_366_373_155_-551_-241_273] (0.00s)
    --- PASS: TestMergeSortGo/[193_529_25_-127_16_-508_-602_79_473_576_-125_-348_344_250_-128] (0.00s)
    --- PASS: TestMergeSortGo/[141_889_-376_-199_109_416_-792_-68_-115_-143_-109_-100_115_694_-368] (0.00s)
    --- PASS: TestMergeSortGo/[-643_-356_21_90_-261_184_632_-13_450_-259_-23_295_-87_-557_539] (0.00s)
    --- PASS: TestMergeSortGo/[-257_-63_-691_648_819_-84_-187_-139_-216_-20_-470_108_-641_-142_595] (0.00s)
    --- PASS: TestMergeSortGo/[-394_116_-58_-376_372_-139_18_341_311_-159_191_-296_-195_-94_-250] (0.00s)
    --- PASS: TestMergeSortGo/[671_164_-252_104_-253_162_-471_139_464_207_-224_283_-272_-2_200] (0.00s)
    --- PASS: TestMergeSortGo/[-60_837_-446_413_-301_-696_-248_-44_10_160_-672_640_871_-8_804] (0.00s)
    --- PASS: TestMergeSortGo/[633_199_91_120_-445_738_73_-240_191_781_209_-49_554_-313_134] (0.00s)
    --- PASS: TestMergeSortGo/[-825_544_-108_-479_465_531_80_77_473_384_-745_68_-461_-100_-494] (0.00s)
    --- PASS: TestMergeSortGo/[-3_-296_-114_166_-750_388_-35_267_-40_248_397_-301_793_368_-34] (0.00s)
    --- PASS: TestMergeSortGo/[-451_886_-255_429_-230_28_-282_-275_85_-71_-340_-304_-561_449_500] (0.00s)
    --- PASS: TestMergeSortGo/[-209_-146_721_745_83_-351_-91_348_360_420_-125_-702_231_266_-613] (0.00s)
    --- PASS: TestMergeSortGo/[-526_385_-66_-223_-219_21_503_-347_124_83_-348_153_-494_145_-510] (0.00s)
    --- PASS: TestMergeSortGo/[-404_-114_-478_-236_375_-240_-402_-320_373_-587_-642_498_474_798_333] (0.00s)
    --- PASS: TestMergeSortGo/[602_-644_-303_-128_98_-390_169_-32_-409_5_621_-597_118_-98_105] (0.00s)
    --- PASS: TestMergeSortGo/[58_-173_-34_583_-294_67_-666_-353_757_277_-82_33_-41_252_-152] (0.00s)
    --- PASS: TestMergeSortGo/[-310_140_-547_503_-59_4_248_-556_-57_-253_-362_45_63_508_-97] (0.00s)
    --- PASS: TestMergeSortGo/[886_274_-159_-577_354_-921_36_409_-847_-118_-763_-374_-481_-136_-439] (0.00s)
    --- PASS: TestMergeSortGo/[830_-126_219_176_-960_-519_873_354_158_281_134_-665_-454_421_-33] (0.00s)
    --- PASS: TestMergeSortGo/[115_245_426_-211_84_-595_326_-171_663_401_-442_-480_-313_140_-385] (0.00s)
    --- PASS: TestMergeSortGo/[-223_-478_214_-24_405_298_-589_487_-98_14_937_-1_848_-887_372] (0.00s)
    --- PASS: TestMergeSortGo/[608_329_836_-164_-138_918_149_-403_177_660_17_400_-196_198_-628] (0.00s)
    --- PASS: TestMergeSortGo/[32_47_812_-351_-215_147_-584_112_180_277_-547_316_127_-109_-832] (0.00s)
    --- PASS: TestMergeSortGo/[-872_269_-31_78_-78_324_-640_13_158_-39_402_584_44_566_-393] (0.00s)
    --- PASS: TestMergeSortGo/[-213_-570_276_123_-494_146_-193_-26_-79_-241_-489_718_-45_-120_-414] (0.00s)
    --- PASS: TestMergeSortGo/[349_150_95_-128_-526_76_703_-41_336_10_-446_-305_735_721_821] (0.00s)
    --- PASS: TestMergeSortGo/[809_116_-792_345_-331_-21_209_138_344_340_-609_-341_-77_-205_-396] (0.00s)
    --- PASS: TestMergeSortGo/[66_322_475_-659_-11_-400_-213_290_296_-433_173_427_-333_-10_-135] (0.00s)
    --- PASS: TestMergeSortGo/[-298_-567_-187_88_-106_-133_448_-765_725_26_307_-39_-346_-596_-113] (0.00s)
    --- PASS: TestMergeSortGo/[-164_-364_637_87_141_108_89_365_168_-157_21_481_256_-693_-405] (0.00s)
    --- PASS: TestMergeSortGo/[189_234_468_-201_231_-511_667_-914_640_418_309_-110_-547_567_-300] (0.00s)
    --- PASS: TestMergeSortGo/[183_-52_90_-481_-736_113_21_-448_61_263_477_451_-694_338_-16] (0.00s)
    --- PASS: TestMergeSortGo/[103_-92_30_-91_204_576_-288_80_361_-220_-689_441_398_-524_-875] (0.00s)
    --- PASS: TestMergeSortGo/[-177_-580_502_-645_-258_-804_-471_-354_281_58_-142_-679_-95_98_-351] (0.00s)
    --- PASS: TestMergeSortGo/[408_837_228_380_382_-831_516_286_454_-798_273_149_-372_-887_-424] (0.00s)
    --- PASS: TestMergeSortGo/[-378_-725_348_331_61_-202_596_-106_696_174_-423_339_28_-175_-79] (0.00s)
    --- PASS: TestMergeSortGo/[-150_-39_-154_-417_-490_-286_-87_510_479_447_603_-330_-500_-877_-82] (0.00s)
    --- PASS: TestMergeSortGo/[-27_322_618_-215_-461_727_-21_-96_-187_600_258_641_589_555_-106] (0.00s)
    --- PASS: TestMergeSortGo/[-71_-734_564_-68_-466_59_-674_27_283_-951_-559_-487_-343_-622_-131] (0.00s)
    --- PASS: TestMergeSortGo/[510_465_-475_7_-227_85_-225_98_-132_-683_137_49_-131_-372_455] (0.00s)
    --- PASS: TestMergeSortGo/[-123_-167_-6_-165_200_340_-744_-81_-4_-526_228_-752_-93_-424_-98] (0.00s)
    --- PASS: TestMergeSortGo/[-410_-209_-164_329_378_-444_123_650_172_-124_820_565_306_-217_360] (0.00s)
    --- PASS: TestMergeSortGo/[41_547_180_-108_231_-324_597_190_-470_47_-253_324_611_-183_401] (0.00s)
    --- PASS: TestMergeSortGo/[359_-85_232_-164_-111_-484_-606_-818_-412_-340_-623_-58_40_-4_-625] (0.00s)
    --- PASS: TestMergeSortGo/[411_237_617_-307_-16_47_-10_749_-145_-389_299_212_-8_478_91] (0.00s)
    --- PASS: TestMergeSortGo/[625_180_115_-375_-638_41_-312_314_-278_457_-189_-94_-448_291_586] (0.00s)
    --- PASS: TestMergeSortGo/[656_-377_-278_667_105_10_161_103_-4_-262_-529_836_143_-379_550] (0.00s)
    --- PASS: TestMergeSortGo/[-579_-214_-799_-263_208_-135_198_568_-104_-860_57_-448_-591_389_-372] (0.00s)
    --- PASS: TestMergeSortGo/[788_-261_-79_339_-366_-783_356_-535_-528_-749_-179_-759_307_680_-439] (0.00s)
    --- PASS: TestMergeSortGo/[-284_-12_-160_768_-208_330_123_-178_411_505_277_-56_557_364_824] (0.00s)
    --- PASS: TestMergeSortGo/[233_-431_-794_-544_52_432_192_-496_-569_259_107_-154_378_-102_-309] (0.00s)
    --- PASS: TestMergeSortGo/[666_192_794_-334_-625_114_-2_-348_-514_-25_461_-354_-156_122_81] (0.00s)
    --- PASS: TestMergeSortGo/[17_284_-665_403_12_315_-218_839_-208_401_-634_-190_-885_-51_1] (0.00s)
    --- PASS: TestMergeSortGo/[-619_-218_-276_-527_-544_-111_-106_-175_304_-55_-31_530_66_-205_528] (0.00s)
    --- PASS: TestMergeSortGo/[-99_601_-627_-413_-30_-667_414_185_126_389_-440_-440_-5_83_-651] (0.00s)
    --- PASS: TestMergeSortGo/[110_-71_-149_-28_-79_-465_388_-14_380_-509_-99_-6_-152_-563_94] (0.00s)
    --- PASS: TestMergeSortGo/[18_128_560_-209_200_14_-460_104_96_-231_196_-39_-103_117_382] (0.00s)
    --- PASS: TestMergeSortGo/[458_-175_-93_356_-148_339_-703_-565_-386_325_159_-110_183_162_13] (0.00s)
    --- PASS: TestMergeSortGo/[586_-943_-779_182_-225_87_326_339_-272_642_-562_-197_-35_-531_-434] (0.00s)
    --- PASS: TestMergeSortGo/[791_454_353_183_-136_-296_305_-663_-422_346_-159_688_22_533_140] (0.00s)
    --- PASS: TestMergeSortGo/[121_49_64_51_173_891_132_-121_667_602_753_-824_214_587_212] (0.00s)
    --- PASS: TestMergeSortGo/[95_358_-18_-491_44_119_0_-189_-152_-277_-569_-520_66_213_-159] (0.00s)
    --- PASS: TestMergeSortGo/[305_-337_9_69_-87_20_270_-681_293_-714_-241_-130_558_-69_-86] (0.00s)
    --- PASS: TestMergeSortGo/[-150_60_-805_650_-439_-143_-180_-272_-779_124_74_88_-117_-403_315] (0.00s)
    --- PASS: TestMergeSortGo/[281_162_-423_-709_-217_-516_175_-313_-249_588_296_13_-434_358_214] (0.00s)
    --- PASS: TestMergeSortGo/[-581_66_-848_752_-708_-489_-404_-747_313_193_-243_740_120_4_325] (0.00s)
    --- PASS: TestMergeSortGo/[134_-249_-494_-119_611_22_181_371_-386_-684_-696_32_-250_322_-581] (0.00s)
    --- PASS: TestMergeSortGo/[452_87_-125_-383_271_-377_-354_414_-185_676_279_-36_205_-6_-193] (0.00s)
    --- PASS: TestMergeSortGo/[-534_-139_-571_366_-438_-69_461_13_669_99_361_458_49_-343_-479] (0.00s)
    --- PASS: TestMergeSortGo/[745_57_215_140_81_150_653_232_572_32_-485_576_-332_-76_-426] (0.00s)
    --- PASS: TestMergeSortGo/[-108_610_-23_287_-207_715_-178_11_367_-46_-3_681_-169_-273_26] (0.00s)
    --- PASS: TestMergeSortGo/[59_-738_-587_-789_-34_30_-107_-1_223_-789_-533_11_290_610_-550] (0.00s)
    --- PASS: TestMergeSortGo/[-576_224_620_159_235_609_604_530_-442_-55_176_-72_43_612_-65] (0.00s)
    --- PASS: TestMergeSortGo/[-499_-698_568_-55_-399_49_433_235_-29_-505_-158_-380_890_-243_-227] (0.00s)
    --- PASS: TestMergeSortGo/[353_75_-142_73_-693_387_-174_426_-32_-162_-897_-156_-169_-614_225] (0.00s)
    --- PASS: TestMergeSortGo/[126_-601_-4_334_650_-589_-232_-73_-49_63_-4_51_-101_34_549] (0.00s)
    --- PASS: TestMergeSortGo/[60_-698_534_-700_-276_934_-440_438_-110_17_-571_210_-201_619_-458] (0.00s)
    --- PASS: TestMergeSortGo/[-455_-70_-521_-32_253_538_33_609_-30_429_-80_271_-13_-3_-377] (0.00s)
    --- PASS: TestMergeSortGo/[970_-15_-353_343_-543_-555_910_-226_-429_544_-666_-635_-157_-107_-189] (0.00s)
    --- PASS: TestMergeSortGo/[236_-345_651_444_-47_29_-29_405_171_971_284_-563_547_306_-541] (0.00s)
    --- PASS: TestMergeSortGo/[294_68_-219_201_609_501_-156_-508_-542_-261_826_405_422_624_-290] (0.00s)
    --- PASS: TestMergeSortGo/[-215_-11_-608_738_463_-65_-195_-719_20_80_-546_244_-143_10_348] (0.00s)
    --- PASS: TestMergeSortGo/[138_419_-546_-515_-778_223_51_638_-54_166_-250_-386_-794_-672_-316] (0.00s)
    --- PASS: TestMergeSortGo/[705_-94_-272_133_161_763_464_57_47_-171_422_-150_-271_637_-172] (0.00s)
    --- PASS: TestMergeSortGo/[-471_-992_173_-704_-753_-377_-778_-307_-171_-175_303_131_441_-157_465] (0.00s)
    --- PASS: TestMergeSortGo/[147_342_111_-283_67_-660_599_275_-371_-682_221_295_558_681_-144] (0.00s)
    --- PASS: TestMergeSortGo/[-7_-221_-141_818_-411_240_-267_-145_619_29_-678_9_248_-675_954] (0.00s)
    --- PASS: TestMergeSortGo/[99_-141_-331_121_475_410_520_-69_-418_907_189_-573_449_-63_-331] (0.00s)
    --- PASS: TestMergeSortGo/[-44_-719_-492_54_651_-337_-804_685_-178_-226_435_-107_-263_565_-926] (0.00s)
    --- PASS: TestMergeSortGo/[709_410_60_233_682_-52_264_-609_-631_202_280_373_-610_-386_119] (0.00s)
    --- PASS: TestMergeSortGo/[-817_299_261_-35_-399_477_-255_-53_-355_-423_455_474_75_274_-473] (0.00s)
    --- PASS: TestMergeSortGo/[96_182_-262_-174_61_-541_-237_165_-495_-467_-437_-68_-415_-673_-108] (0.00s)
    --- PASS: TestMergeSortGo/[-260_-145_-220_94_42_-343_-466_262_393_718_402_-118_353_-136_-149] (0.00s)
    --- PASS: TestMergeSortGo/[-120_-509_675_-248_-83_-533_764_50_665_413_431_324_-209_779_239] (0.00s)
    --- PASS: TestMergeSortGo/[324_-250_-162_-457_-150_16_-266_61_66_-914_398_832_611_-475_-327] (0.00s)
    --- PASS: TestMergeSortGo/[481_-755_-93_-258_296_-233_-378_267_-191_-886_-513_705_370_-24_271] (0.00s)
    --- PASS: TestMergeSortGo/[483_-787_449_103_591_-317_362_-100_294_607_170_-152_-28_304_423] (0.00s)
    --- PASS: TestMergeSortGo/[-468_305_666_-739_-326_-174_607_-202_755_-806_-102_-131_163_215_100] (0.00s)
    --- PASS: TestMergeSortGo/[28_-257_-470_96_-241_862_302_0_-342_821_416_-695_-581_1_471] (0.00s)
    --- PASS: TestMergeSortGo/[693_-285_-138_304_222_-176_-343_238_94_529_-176_-165_-472_697_-341] (0.00s)
    --- PASS: TestMergeSortGo/[681_-607_-76_1_208_-342_24_-123_-98_252_-365_-15_-137_-365_171] (0.00s)
    --- PASS: TestMergeSortGo/[-697_-470_-11_124_-224_-467_219_288_-453_-192_-104_141_427_-744_79] (0.00s)
    --- PASS: TestMergeSortGo/[-6_-21_-61_-195_-339_344_72_-343_-125_60_134_-446_-387_-314_-180] (0.00s)
    --- PASS: TestMergeSortGo/[389_-887_291_96_145_-219_180_466_435_452_-831_-8_371_-181_605] (0.00s)
    --- PASS: TestMergeSortGo/[-175_212_55_-74_219_51_490_475_-653_158_37_453_-563_-328_-475] (0.00s)
    --- PASS: TestMergeSortGo/[756_-452_-157_314_-100_115_-569_187_104_85_-765_149_599_366_91] (0.00s)
    --- PASS: TestMergeSortGo/[-449_-518_-539_-397_-34_457_-690_327_354_160_53_-267_-409_637_-101] (0.00s)
    --- PASS: TestMergeSortGo/[97_-40_-682_-220_105_-184_-860_-22_20_-220_103_170_-23_-203_501] (0.00s)
    --- PASS: TestMergeSortGo/[34_-411_44_279_145_109_-345_-554_110_-66_-398_-767_-14_-645_255] (0.00s)
    --- PASS: TestMergeSortGo/[597_578_302_580_-295_-90_-624_403_155_155_389_-19_452_-134_-100] (0.00s)
    --- PASS: TestMergeSortGo/[-159_37_-99_211_-404_172_178_110_-134_-231_-523_705_-81_126_561] (0.00s)
    --- PASS: TestMergeSortGo/[-340_-494_-272_749_134_1_548_-339_183_-484_298_-185_-398_199_62] (0.00s)
    --- PASS: TestMergeSortGo/[156_389_-63_699_-597_193_313_453_-918_-90_-136_396_295_256_-99] (0.00s)
    --- PASS: TestMergeSortGo/[-12_481_364_188_108_-407_83_-106_69_336_-834_-52_-714_-277_115] (0.00s)
    --- PASS: TestMergeSortGo/[249_-584_-238_685_-29_513_-409_212_799_-105_-247_-17_-201_-611_55] (0.00s)
    --- PASS: TestMergeSortGo/[-461_-483_-102_719_-50_183_-126_390_-153_211_-292_277_-557_-863_-403] (0.00s)
    --- PASS: TestMergeSortGo/[328_-259_-648_-38_-98_-471_-141_798_-406_-413_990_-332_403_78_-219] (0.00s)
    --- PASS: TestMergeSortGo/[-671_424_426_53_641_198_557_121_-67_598_233_-647_112_-492_-96] (0.00s)
    --- PASS: TestMergeSortGo/[-910_-47_188_200_-299_242_-438_-214_631_-238_-620_-233_-321_-374_-233] (0.00s)
    --- PASS: TestMergeSortGo/[-584_-648_-324_103_-164_249_18_-490_-628_382_-75_150_322_274_-165] (0.00s)
    --- PASS: TestMergeSortGo/[-227_-441_-284_107_-118_-615_377_248_105_132_745_638_283_-11_33] (0.00s)
    --- PASS: TestMergeSortGo/[190_-8_-125_66_204_361_247_-279_-647_-728_206_-266_-574_875_785] (0.00s)
    --- PASS: TestMergeSortGo/[817_96_-202_-594_479_-563_252_623_-25_418_-638_484_-111_382_210] (0.00s)
    --- PASS: TestMergeSortGo/[-274_701_475_62_140_-310_-345_31_-620_-89_-164_-262_-111_591_682] (0.00s)
    --- PASS: TestMergeSortGo/[63_-437_-193_-530_343_-141_466_46_838_-51_-144_83_79_-3_-764] (0.00s)
    --- PASS: TestMergeSortGo/[-174_-165_-510_-811_186_70_161_206_422_-3_-543_-80_453_11_73] (0.00s)
    --- PASS: TestMergeSortGo/[207_541_96_-8_-136_-628_-313_-407_332_-541_113_157_436_182_802] (0.00s)
    --- PASS: TestMergeSortGo/[-287_809_-625_-165_-259_-33_-880_168_-489_284_-510_-125_-280_-120_167] (0.00s)
    --- PASS: TestMergeSortGo/[-489_-161_40_208_-263_-52_191_-145_445_23_311_255_30_724_-452] (0.00s)
    --- PASS: TestMergeSortGo/[-649_622_-815_2_-395_-309_806_248_24_670_262_157_161_-391_-418] (0.00s)
    --- PASS: TestMergeSortGo/[172_293_88_-176_-6_-518_235_-645_-151_269_-291_-343_-573_366_-407] (0.00s)
    --- PASS: TestMergeSortGo/[200_-204_363_-437_-247_-176_240_298_438_-310_-529_57_567_-168_296] (0.00s)
    --- PASS: TestMergeSortGo/[229_-23_-567_162_-596_-408_186_-203_638_-322_-406_-163_127_403_31] (0.00s)
    --- PASS: TestMergeSortGo/[611_-43_-242_393_-313_-255_-520_536_-57_365_11_-394_-210_-608_-548] (0.00s)
    --- PASS: TestMergeSortGo/[120_428_-576_351_203_-135_311_-742_-564_319_467_14_-65_591_703] (0.00s)
    --- PASS: TestMergeSortGo/[-115_327_-374_-678_664_106_-290_-135_760_356_32_321_-264_85_-192] (0.00s)
    --- PASS: TestMergeSortGo/[-477_655_-538_-318_0_-49_915_-342_318_-15_-187_-637_222_-8_649] (0.00s)
    --- PASS: TestMergeSortGo/[-116_121_-316_465_-687_37_198_-821_-176_-365_-205_-267_-316_-136_-24] (0.00s)
    --- PASS: TestMergeSortGo/[-20_-268_-534_-22_144_-53_-290_32_525_178_7_640_-350_-258_82] (0.00s)
    --- PASS: TestMergeSortGo/[-345_-148_286_-321_-854_-3_-71_-523_438_-310_319_600_-274_9_-49] (0.00s)
    --- PASS: TestMergeSortGo/[374_-186_852_1_-731_-479_-17_254_666_396_-63_356_207_243_-169] (0.00s)
    --- PASS: TestMergeSortGo/[87_-373_177_631_478_-12_82_140_-597_457_-828_428_-188_272_679] (0.00s)
    --- PASS: TestMergeSortGo/[-7_-367_218_694_17_529_392_198_796_202_566_806_265_553_183] (0.00s)
    --- PASS: TestMergeSortGo/[371_-1_-544_-64_217_-514_74_-368_4_-365_517_-456_-216_-156_430] (0.00s)
    --- PASS: TestMergeSortGo/[16_66_-778_517_-269_-219_-929_-151_305_-886_-33_316_-438_-59_-156] (0.00s)
    --- PASS: TestMergeSortGo/[596_-254_492_-23_-863_-133_-709_-391_85_-50_-311_-66_424_229_-562] (0.00s)
    --- PASS: TestMergeSortGo/[152_733_-172_-365_827_539_19_52_546_-219_740_-480_-459_203_699] (0.00s)
    --- PASS: TestMergeSortGo/[-692_-194_-349_639_-21_-663_-512_-159_504_-506_-476_-777_293_855_10] (0.00s)
    --- PASS: TestMergeSortGo/[-204_34_316_-233_-132_-179_-316_-284_-717_-76_555_-519_-473_687_-772] (0.00s)
    --- PASS: TestMergeSortGo/[-698_183_305_-566_362_360_-608_455_311_255_-125_-28_637_791_-411] (0.00s)
    --- PASS: TestMergeSortGo/[231_-330_-433_-59_132_-346_721_-198_126_-811_154_208_212_497_-70] (0.00s)
    --- PASS: TestMergeSortGo/[318_-105_-483_134_478_514_-75_189_-404_-91_650_-212_-228_-58_-634] (0.00s)
    --- PASS: TestMergeSortGo/[339_-316_-57_-292_-370_416_631_-1_435_625_-147_882_650_-88_37] (0.00s)
    --- PASS: TestMergeSortGo/[52_-257_-398_-559_-239_556_-516_230_671_-609_310_-192_204_-251_-301] (0.00s)
    --- PASS: TestMergeSortGo/[-131_-770_940_179_-675_455_533_7_437_-825_-31_824_-365_-459_259] (0.00s)
    --- PASS: TestMergeSortGo/[-531_-5_116_-327_-51_-249_-271_-688_205_-499_586_729_-120_97_44] (0.00s)
    --- PASS: TestMergeSortGo/[-268_323_-424_648_-267_267_-344_-830_494_-77_-723_162_94_-204_-361] (0.00s)
    --- PASS: TestMergeSortGo/[-782_-27_340_-33_12_-7_-2_-56_-103_756_594_-439_-455_-239_361] (0.00s)
    --- PASS: TestMergeSortGo/[369_21_-561_25_324_-55_38_-110_50_261_151_-140_-615_221_-46] (0.00s)
    --- PASS: TestMergeSortGo/[-176_361_31_645_-172_117_493_664_-145_-55_880_-602_462_386_-355] (0.00s)
    --- PASS: TestMergeSortGo/[-483_682_-382_138_-265_-122_145_687_877_146_-329_155_-63_725_-104] (0.00s)
    --- PASS: TestMergeSortGo/[707_-647_602_572_80_-341_596_-202_-261_837_-211_-175_422_684_451] (0.00s)
    --- PASS: TestMergeSortGo/[2_678_-21_209_373_-753_-83_634_-524_549_399_349_75_-82_-4] (0.00s)
    --- PASS: TestMergeSortGo/[-309_-325_-171_-51_-255_383_111_-127_123_236_-821_301_606_51_620] (0.00s)
    --- PASS: TestMergeSortGo/[363_-420_-77_-287_692_321_-371_762_161_-186_631_168_16_-67_218] (0.00s)
    --- PASS: TestMergeSortGo/[-693_-436_153_-529_153_-409_612_630_-230_-157_-164_447_-435_293_-591] (0.00s)
    --- PASS: TestMergeSortGo/[-266_-898_-195_182_217_424_-428_333_303_-512_3_394_-202_-523_-863] (0.00s)
    --- PASS: TestMergeSortGo/[-91_122_180_592_-327_-490_-277_290_-159_190_154_111_-361_-354_-152] (0.00s)
    --- PASS: TestMergeSortGo/[136_650_177_341_405_-132_-488_-126_840_591_-308_-355_40_-193_173] (0.00s)
    --- PASS: TestMergeSortGo/[245_443_55_-556_-764_262_-412_-394_127_-697_-337_305_780_-11_-445] (0.00s)
    --- PASS: TestMergeSortGo/[91_219_853_679_635_-711_-61_929_377_426_-244_519_-228_421_128] (0.00s)
    --- PASS: TestMergeSortGo/[82_-262_-481_111_3_-262_-844_467_-368_-614_794_-278_445_-350_-11] (0.00s)
    --- PASS: TestMergeSortGo/[-401_-782_-239_-100_569_-471_325_-457_-182_196_-260_205_480_576_296] (0.00s)
    --- PASS: TestMergeSortGo/[-11_257_436_-165_431_-151_-215_737_611_-771_707_-294_-385_618_-168] (0.00s)
    --- PASS: TestMergeSortGo/[638_-264_-144_211_-215_252_-384_-362_-239_474_129_-91_100_122_564] (0.00s)
    --- PASS: TestMergeSortGo/[-162_-213_204_230_132_298_-665_-79_-241_-107_-413_9_57_2_-169] (0.00s)
    --- PASS: TestMergeSortGo/[-277_-183_-108_157_-419_460_44_65_78_-477_-513_-183_269_288_730] (0.00s)
    --- PASS: TestMergeSortGo/[-722_556_268_-647_234_394_157_1_79_-572_-316_-143_-224_-60_-157] (0.00s)
    --- PASS: TestMergeSortGo/[-110_372_-92_-190_166_-523_-559_-206_238_374_305_57_-514_-101_367] (0.00s)
    --- PASS: TestMergeSortGo/[8_-241_148_7_-250_269_369_-272_-357_766_344_382_-504_-92_836] (0.00s)
    --- PASS: TestMergeSortGo/[-639_-359_-135_-540_-280_-332_860_-810_-8_-112_-586_373_804_-239_301] (0.00s)
    --- PASS: TestMergeSortGo/[51_447_690_-119_60_627_-877_-142_440_480_238_377_-404_227_137] (0.00s)
    --- PASS: TestMergeSortGo/[263_-70_9_-208_50_135_538_420_-113_148_190_194_0_-3_540] (0.00s)
    --- PASS: TestMergeSortGo/[-390_546_-291_519_260_-584_-472_-201_639_-91_116_-447_-486_-148_252] (0.00s)
    --- PASS: TestMergeSortGo/[-112_-454_277_132_209_-164_412_920_475_-90_553_175_159_224_-101] (0.00s)
    --- PASS: TestMergeSortGo/[146_-814_-81_-553_100_-131_-948_-305_511_130_241_217_-150_444_112] (0.00s)
    --- PASS: TestMergeSortGo/[-648_-144_-283_747_11_225_-152_215_-437_802_321_-939_365_-363_-645] (0.00s)
    --- PASS: TestMergeSortGo/[91_51_129_316_285_402_-178_-745_-109_876_-577_-413_-476_176_439] (0.00s)
    --- PASS: TestMergeSortGo/[-581_104_269_-559_364_490_-56_-419_-712_-527_-321_-616_418_104_7] (0.00s)
    --- PASS: TestMergeSortGo/[-171_256_177_659_88_-125_636_-356_-143_817_358_43_403_227_-429] (0.00s)
    --- PASS: TestMergeSortGo/[285_-360_698_205_-429_149_-182_-566_-10_170_-266_105_546_-37_-502] (0.00s)
    --- PASS: TestMergeSortGo/[133_238_229_155_3_284_175_-320_-171_166_-306_-552_336_307_343] (0.00s)
    --- PASS: TestMergeSortGo/[-28_785_147_-790_-650_749_300_-226_102_94_196_-297_-154_-583_779] (0.00s)
    --- PASS: TestMergeSortGo/[-633_-86_15_190_-56_125_222_-256_-422_192_-746_-65_-638_-249_281] (0.00s)
    --- PASS: TestMergeSortGo/[-68_423_790_444_77_282_-73_85_-13_-91_-20_285_-205_77_-218] (0.00s)
    --- PASS: TestMergeSortGo/[-124_-183_153_-100_88_274_-175_306_554_72_367_67_-190_902_101] (0.00s)
    --- PASS: TestMergeSortGo/[162_264_824_-390_351_-261_645_257_189_-111_-220_512_82_58_-497] (0.00s)
    --- PASS: TestMergeSortGo/[-74_348_64_316_619_-595_-85_21_-468_-303_485_-258_-885_-667_93] (0.00s)
    --- PASS: TestMergeSortGo/[66_16_66_-447_0_71_-507_-395_-58_-616_-91_173_-103_713_819] (0.00s)
    --- PASS: TestMergeSortGo/[-222_-516_-232_-801_361_386_78_-45_177_390_900_-115_-116_-171_-753] (0.00s)
    --- PASS: TestMergeSortGo/[67_-32_295_383_243_-269_811_-486_245_-428_354_50_-526_41_342] (0.00s)
    --- PASS: TestMergeSortGo/[340_-542_-342_445_826_-473_-559_516_-305_-174_-270_59_-526_152_15] (0.00s)
    --- PASS: TestMergeSortGo/[41_-938_126_-348_-94_172_520_785_521_-103_-82_-103_313_-212_-617] (0.00s)
    --- PASS: TestMergeSortGo/[-731_65_-299_165_252_-261_158_118_39_166_-371_-697_154_-181_-468] (0.00s)
    --- PASS: TestMergeSortGo/[287_-461_270_126_-48_9_-670_13_6_371_-343_-430_687_221_-510] (0.00s)
    --- PASS: TestMergeSortGo/[69_-454_85_616_162_-120_-157_226_703_-301_13_361_-381_-552_108] (0.00s)
    --- PASS: TestMergeSortGo/[-330_-141_-726_-6_-494_292_-513_-657_-409_-225_281_-803_25_491_326] (0.00s)
    --- PASS: TestMergeSortGo/[-419_-379_-368_-697_490_208_216_-371_-280_71_-656_-321_802_388_252] (0.00s)
    --- PASS: TestMergeSortGo/[375_-30_-136_112_47_198_706_52_695_309_639_-692_-87_-240_-627] (0.00s)
    --- PASS: TestMergeSortGo/[213_-666_202_-58_42_-8_429_-245_-40_148_-335_-67_13_471_-601] (0.00s)
    --- PASS: TestMergeSortGo/[23_-534_582_367_869_-17_247_766_-198_-426_658_862_-49_157_-898] (0.00s)
    --- PASS: TestMergeSortGo/[305_394_201_394_566_519_577_-177_-227_842_793_-404_-35_562_-137] (0.00s)
    --- PASS: TestMergeSortGo/[-152_928_-246_-702_181_77_320_-631_217_-72_341_200_-759_841_103] (0.00s)
    --- PASS: TestMergeSortGo/[624_-698_-113_693_-332_432_-941_387_-406_-141_17_-708_121_380_-20] (0.00s)
    --- PASS: TestMergeSortGo/[-417_-98_249_124_101_128_-447_-505_260_-588_-178_-107_-117_217_47] (0.00s)
    --- PASS: TestMergeSortGo/[77_43_387_-397_141_-195_-958_122_297_-755_833_259_396_-389_59] (0.00s)
    --- PASS: TestMergeSortGo/[-3_-410_-826_-524_-482_-355_324_-862_-194_331_300_434_129_251_405] (0.00s)
    --- PASS: TestMergeSortGo/[-369_-204_-300_-814_713_886_539_-405_-674_139_-204_203_430_272_123] (0.00s)
    --- PASS: TestMergeSortGo/[-587_-381_483_-337_241_22_-200_45_-341_-328_671_-496_-348_-397_54] (0.00s)
    --- PASS: TestMergeSortGo/[-4_10_-486_122_-721_-102_89_-657_-507_638_326_65_80_471_-110] (0.00s)
    --- PASS: TestMergeSortGo/[-15_-75_62_-356_199_68_272_-451_-22_-232_-650_850_199_107_-28] (0.00s)
    --- PASS: TestMergeSortGo/[-493_160_306_-252_-44_324_-204_126_-461_91_-161_-657_797_569_674] (0.00s)
    --- PASS: TestMergeSortGo/[108_-336_-30_-31_240_-253_-321_-294_479_152_444_531_-137_476_-191] (0.00s)
    --- PASS: TestMergeSortGo/[-12_-366_-192_-157_-315_-227_131_-152_580_-343_50_-95_-506_180_641] (0.00s)
    --- PASS: TestMergeSortGo/[247_172_-219_284_588_-117_-70_-147_-833_-238_-904_-182_-780_490_465] (0.00s)
    --- PASS: TestMergeSortGo/[-228_-96_-107_-223_-477_-392_51_458_-113_-514_145_-673_555_215_-442] (0.00s)
    --- PASS: TestMergeSortGo/[-636_-408_-332_102_-179_-525_232_94_391_483_798_-171_-506_114_89] (0.00s)
    --- PASS: TestMergeSortGo/[201_129_-54_182_223_163_-559_343_112_-448_809_-571_-813_363_-486] (0.00s)
    --- PASS: TestMergeSortGo/[109_245_-380_396_-253_84_-249_-39_-388_265_36_-10_-364_391_216] (0.00s)
    --- PASS: TestMergeSortGo/[-408_553_-455_-400_-7_-46_709_-529_410_-392_-253_-622_-720_51_507] (0.00s)
    --- PASS: TestMergeSortGo/[70_312_201_413_39_-356_291_89_662_-446_217_-36_-303_-338_172] (0.00s)
    --- PASS: TestMergeSortGo/[-205_-438_205_-264_722_75_-489_124_558_123_181_118_-19_-193_-61] (0.00s)
    --- PASS: TestMergeSortGo/[433_-516_-219_-239_400_840_57_49_375_-216_445_552_-289_-234_-601] (0.00s)
    --- PASS: TestMergeSortGo/[629_-613_388_-380_-200_150_43_-157_-113_-567_-99_710_-178_466_223] (0.00s)
    --- PASS: TestMergeSortGo/[-94_32_-242_-9_-343_-116_53_492_-574_745_468_-411_346_-290_377] (0.00s)
    --- PASS: TestMergeSortGo/[-91_447_-566_-505_183_-54_196_-169_-489_-143_421_-36_-413_125_198] (0.00s)
    --- PASS: TestMergeSortGo/[-38_698_-301_-98_591_686_313_-116_-174_446_39_263_-210_129_407] (0.00s)
    --- PASS: TestMergeSortGo/[-604_132_251_-637_280_-553_692_166_66_128_462_-167_-4_-153_-192] (0.00s)
    --- PASS: TestMergeSortGo/[-268_-481_-156_-540_-127_-798_166_-459_520_99_-317_297_-522_791_-183] (0.00s)
    --- PASS: TestMergeSortGo/[333_-228_604_499_500_-113_10_-365_713_-266_212_-338_128_59_-480] (0.00s)
    --- PASS: TestMergeSortGo/[-235_523_393_-632_373_-290_897_680_728_-677_33_210_48_-812_-937] (0.00s)
    --- PASS: TestMergeSortGo/[398_-364_96_-125_-390_51_-119_772_-817_-11_139_328_19_522_776] (0.00s)
    --- PASS: TestMergeSortGo/[720_496_925_442_-455_188_585_307_751_702_-643_-624_30_-259_285] (0.00s)
    --- PASS: TestMergeSortGo/[9_287_546_604_-559_777_320_-274_-400_-71_-666_-345_591_53_-381] (0.00s)
    --- PASS: TestMergeSortGo/[208_-467_-257_76_-226_71_30_474_-29_-661_-223_-775_441_77_-98] (0.00s)
    --- PASS: TestMergeSortGo/[-436_-499_28_-546_675_-143_-27_458_277_109_16_-191_-767_-395_360] (0.00s)
    --- PASS: TestMergeSortGo/[-441_-780_182_-624_-243_-296_232_-406_-75_-775_-543_-601_-445_-173_710] (0.00s)
    --- PASS: TestMergeSortGo/[-190_204_169_642_440_-908_-391_-390_247_-246_349_187_-287_-289_395] (0.00s)
    --- PASS: TestMergeSortGo/[375_131_-540_-624_-174_-4_-212_169_112_229_60_-385_378_-504_171] (0.00s)
    --- PASS: TestMergeSortGo/[492_668_2_-226_-166_555_-891_-53_-60_-74_-35_78_-120_-600_-70] (0.00s)
    --- PASS: TestMergeSortGo/[549_-121_750_524_106_-286_-81_935_194_971_204_-3_104_422_-479] (0.00s)
    --- PASS: TestMergeSortGo/[138_136_9_410_587_-531_-126_-66_70_-412_-107_-244_-233_-277_398] (0.00s)
    --- PASS: TestMergeSortGo/[-338_209_-565_-438_-266_727_348_-80_331_506_398_-321_-83_194_-20] (0.00s)
    --- PASS: TestMergeSortGo/[-455_-563_588_193_350_523_290_134_-24_341_813_-400_212_370_-709] (0.00s)
    --- PASS: TestMergeSortGo/[771_623_-112_85_-68_-46_-83_-41_259_421_-815_290_-514_-65_-289] (0.00s)
    --- PASS: TestMergeSortGo/[-414_-332_742_-287_-175_319_-241_-271_328_198_122_-795_-315_234_119] (0.00s)
    --- PASS: TestMergeSortGo/[-208_192_480_435_-582_354_-533_671_556_-230_-76_-473_23_-161_90] (0.00s)
    --- PASS: TestMergeSortGo/[-245_-307_-312_0_-274_-420_148_-156_120_-136_467_430_-141_618_-927] (0.00s)
    --- PASS: TestMergeSortGo/[-7_-386_440_-334_-649_419_423_-722_420_-396_-251_123_730_117_-217] (0.00s)
    --- PASS: TestMergeSortGo/[269_352_13_605_683_482_72_752_-605_635_325_261_9_761_-49] (0.00s)
    --- PASS: TestMergeSortGo/[-445_355_27_407_646_-107_-73_-104_-21_-575_-766_40_916_505_-42] (0.00s)
    --- PASS: TestMergeSortGo/[-221_443_489_-389_238_-539_641_53_752_-454_-277_524_570_-264_-203] (0.00s)
    --- PASS: TestMergeSortGo/[-459_578_-170_-275_153_470_-153_437_87_-136_-127_165_607_-253_-562] (0.00s)
    --- PASS: TestMergeSortGo/[400_59_40_364_-8_-410_644_-193_655_277_25_-654_-52_-227_-24] (0.00s)
    --- PASS: TestMergeSortGo/[810_482_252_445_768_-799_21_-399_662_-362_-590_-129_457_225_824] (0.00s)
    --- PASS: TestMergeSortGo/[227_-353_-402_-239_154_118_222_947_133_-823_-116_-245_523_-172_-440] (0.00s)
    --- PASS: TestMergeSortGo/[88_350_-371_-475_-641_169_82_341_-192_213_-497_-581_-150_-818_-90] (0.00s)
    --- PASS: TestMergeSortGo/[534_-133_21_224_-150_-277_-907_-167_31_-756_504_361_77_32_17] (0.00s)
    --- PASS: TestMergeSortGo/[-366_-426_194_118_146_-680_-362_-80_-160_-529_448_22_-743_-154_-124] (0.00s)
    --- PASS: TestMergeSortGo/[205_-81_784_-42_-278_142_-285_-261_-256_-561_489_341_891_686_762] (0.00s)
    --- PASS: TestMergeSortGo/[179_752_25_31_416_-263_-627_124_700_282_141_161_95_-466_225] (0.00s)
    --- PASS: TestMergeSortGo/[189_652_284_167_-200_-46_-640_24_-12_70_255_332_-123_832_136] (0.00s)
    --- PASS: TestMergeSortGo/[143_-839_-380_-500_-372_104_-308_80_-417_812_815_529_115_725_359] (0.00s)
    --- PASS: TestMergeSortGo/[44_494_839_-185_-570_641_-170_480_-827_183_-632_513_-72_-468_-463] (0.00s)
    --- PASS: TestMergeSortGo/[-265_-324_631_463_-55_-515_306_-207_-675_-137_801_-655_-78_-109_406] (0.00s)
    --- PASS: TestMergeSortGo/[17_122_-190_2_-532_560_-448_-337_514_203_-198_109_201_-516_-38] (0.00s)
    --- PASS: TestMergeSortGo/[-29_-72_173_-435_37_-635_-147_-660_-719_281_-159_310_-498_-803_-296] (0.00s)
    --- PASS: TestMergeSortGo/[-490_305_51_570_-108_313_100_146_741_-350_451_279_558_12_351] (0.00s)
    --- PASS: TestMergeSortGo/[714_155_67_272_68_-307_91_42_344_837_886_-427_806_-7_-336] (0.00s)
    --- PASS: TestMergeSortGo/[-669_-621_411_-396_-507_-59_-241_-389_23_432_-646_-381_426_575_83] (0.00s)
    --- PASS: TestMergeSortGo/[413_-303_496_577_650_-691_-328_12_376_724_-23_73_-45_4_-52] (0.00s)
    --- PASS: TestMergeSortGo/[-362_136_241_-69_-388_184_-278_114_-310_-176_179_-862_567_-328_421] (0.00s)
    --- PASS: TestMergeSortGo/[-47_-601_-119_-523_-541_115_197_447_-158_121_278_294_40_241_248] (0.00s)
    --- PASS: TestMergeSortGo/[110_95_203_333_254_-18_-55_-3_667_859_93_245_142_534_216] (0.00s)
    --- PASS: TestMergeSortGo/[158_-73_173_-290_-294_417_-362_-692_696_585_-267_282_-775_401_48] (0.00s)
    --- PASS: TestMergeSortGo/[4_-205_3_-537_221_-239_274_209_298_908_-265_415_201_-215_-921] (0.00s)
    --- PASS: TestMergeSortGo/[212_-311_-140_405_-551_-397_142_-465_-634_-9_138_-859_-161_234_-855] (0.00s)
    --- PASS: TestMergeSortGo/[-258_-298_-629_-326_69_166_-429_287_62_-6_86_-349_243_19_183] (0.00s)
    --- PASS: TestMergeSortGo/[27_385_-824_-587_281_506_-226_0_-143_72_695_-44_500_258_-828] (0.00s)
    --- PASS: TestMergeSortGo/[435_-333_-765_-206_149_-44_-41_545_-688_-424_552_-60_-279_253_-72] (0.00s)
    --- PASS: TestMergeSortGo/[871_-224_249_-95_-223_-110_216_-177_-38_3_286_172_125_-105_307] (0.00s)
    --- PASS: TestMergeSortGo/[-467_119_232_-114_-667_-501_-162_-182_585_-146_-353_489_143_-686_-651] (0.00s)
    --- PASS: TestMergeSortGo/[-345_469_-465_219_312_-847_-381_21_-655_-625_333_669_374_-455_63] (0.00s)
    --- PASS: TestMergeSortGo/[-266_-613_863_-896_-544_-479_-111_305_-698_592_334_-730_123_-243_-85] (0.00s)
    --- PASS: TestMergeSortGo/[913_-137_-53_-427_310_-436_416_244_624_-659_53_-363_145_-429_441] (0.00s)
    --- PASS: TestMergeSortGo/[428_290_436_-18_111_27_-92_-280_-426_733_-294_63_-115_166_469] (0.00s)
    --- PASS: TestMergeSortGo/[186_-729_-740_632_-180_17_364_-573_-605_-243_701_635_-474_632_358] (0.00s)
    --- PASS: TestMergeSortGo/[377_206_-297_-394_562_-392_-179_-213_101_21_511_299_54_858_-88] (0.00s)
    --- PASS: TestMergeSortGo/[848_336_911_593_-812_275_295_649_189_234_-9_-178_630_220_-229] (0.00s)
    --- PASS: TestMergeSortGo/[-689_290_196_470_-278_-39_-197_-111_-648_-296_114_-779_543_-547_-9] (0.00s)
    --- PASS: TestMergeSortGo/[489_406_289_-59_-497_-349_-221_-121_190_351_-597_-266_624_188_201] (0.00s)
    --- PASS: TestMergeSortGo/[-114_-816_-719_243_-404_-150_-231_-369_-355_-19_307_-86_728_82_431] (0.00s)
    --- PASS: TestMergeSortGo/[-407_1_43_798_-729_-2_-393_318_-289_71_-311_-573_14_-88_501] (0.00s)
    --- PASS: TestMergeSortGo/[354_-360_-51_540_-611_-777_-349_71_209_-20_-234_-281_785_298_184] (0.00s)
    --- PASS: TestMergeSortGo/[447_223_280_-90_-416_574_183_348_25_362_255_158_-258_452_270] (0.00s)
    --- PASS: TestMergeSortGo/[-262_1_685_-327_30_-247_-20_-337_665_-293_5_4_633_551_25] (0.00s)
    --- PASS: TestMergeSortGo/[-198_-498_502_162_245_-32_-672_366_336_-147_-428_-111_722_222_631] (0.00s)
    --- PASS: TestMergeSortGo/[2_-36_-481_227_-343_241_545_-284_420_740_-112_188_-4_509_537] (0.00s)
    --- PASS: TestMergeSortGo/[-442_-28_-775_220_345_91_805_-700_967_493_324_285_381_-275_-265] (0.00s)
    --- PASS: TestMergeSortGo/[-216_483_-228_537_-539_315_-637_-287_-555_679_350_428_-110_219_-755] (0.00s)
    --- PASS: TestMergeSortGo/[-107_-378_-194_-25_-60_641_-290_-101_-521_-239_77_-281_-112_309_133] (0.00s)
    --- PASS: TestMergeSortGo/[-59_-638_-508_-361_165_262_-207_-680_-360_-728_213_166_-174_-775_-50] (0.00s)
    --- PASS: TestMergeSortGo/[516_-15_-45_288_56_208_88_-602_-39_643_-5_-304_-167_-387_333] (0.00s)
    --- PASS: TestMergeSortGo/[-734_130_-838_329_538_155_426_169_-232_-41_154_-503_-82_-786_-3] (0.00s)
    --- PASS: TestMergeSortGo/[128_612_219_-708_-107_-44_-809_7_-236_281_-590_-685_331_-328_24] (0.00s)
    --- PASS: TestMergeSortGo/[-455_664_888_596_710_-4_253_188_-840_460_153_-203_594_-363_6] (0.00s)
    --- PASS: TestMergeSortGo/[200_38_-94_36_795_-396_540_23_-137_-31_-109_218_93_-404_-443] (0.00s)
    --- PASS: TestMergeSortGo/[379_600_-209_-50_-488_124_547_136_92_614_284_136_21_652_-457] (0.00s)
    --- PASS: TestMergeSortGo/[-775_226_-235_113_-81_783_591_101_-216_103_395_151_-21_280_454] (0.00s)
    --- PASS: TestMergeSortGo/[-412_-624_-75_167_5_131_-73_115_32_-825_133_-901_396_110_306] (0.00s)
    --- PASS: TestMergeSortGo/[-489_163_-363_54_142_-236_-322_-244_447_-546_239_-621_-42_-94_-584] (0.00s)
    --- PASS: TestMergeSortGo/[-654_-188_35_73_-209_150_453_158_234_595_-372_-309_-125_-528_-189] (0.00s)
    --- PASS: TestMergeSortGo/[-427_256_-94_29_-192_344_-255_-571_-153_-54_153_552_-170_573_-539] (0.00s)
    --- PASS: TestMergeSortGo/[45_33_518_-747_-269_-358_162_-799_39_316_-290_-427_97_-209_226] (0.00s)
    --- PASS: TestMergeSortGo/[482_434_-547_-210_-312_-464_46_-350_786_-97_-833_-136_-455_191_956] (0.00s)
    --- PASS: TestMergeSortGo/[-747_-316_664_63_163_20_-29_382_251_194_326_-400_-766_-194_67] (0.00s)
    --- PASS: TestMergeSortGo/[500_-403_-44_258_20_3_-792_150_-649_121_534_-14_-407_-71_442] (0.00s)
    --- PASS: TestMergeSortGo/[722_384_471_-69_229_479_61_94_-739_981_372_-832_206_164_-50] (0.00s)
    --- PASS: TestMergeSortGo/[-204_-776_-211_-918_214_430_879_-64_-554_39_-130_110_-123_388_253] (0.00s)
    --- PASS: TestMergeSortGo/[180_573_-877_126_-537_516_-462_250_-929_-551_214_-783_244_-246_-770] (0.00s)
    --- PASS: TestMergeSortGo/[-112_310_-230_-292_252_127_47_111_701_402_92_-818_458_-312_-369] (0.00s)
    --- PASS: TestMergeSortGo/[25_-775_528_729_50_-316_-514_225_59_761_-274_921_600_-598_-715] (0.00s)
    --- PASS: TestMergeSortGo/[-328_125_-281_278_92_852_-159_101_408_-691_-406_-97_370_-98_213] (0.00s)
    --- PASS: TestMergeSortGo/[622_338_201_397_-394_90_154_-71_193_-437_182_-131_-462_269_-224] (0.00s)
    --- PASS: TestMergeSortGo/[-228_-193_45_-159_440_-160_243_-342_-362_48_-444_27_576_-138_-14] (0.00s)
    --- PASS: TestMergeSortGo/[132_165_-640_-121_-311_-409_-554_-165_136_659_657_969_-572_623_98] (0.00s)
    --- PASS: TestMergeSortGo/[-118_186_19_654_-234_-248_-117_196_486_-157_290_675_382_798_268] (0.00s)
    --- PASS: TestMergeSortGo/[48_642_-809_-731_265_-303_695_467_-871_243_329_411_90_-179_-316] (0.00s)
    --- PASS: TestMergeSortGo/[4_-7_173_110_169_342_-477_-445_-424_309_325_-219_-278_-32_-6] (0.00s)
    --- PASS: TestMergeSortGo/[-229_751_-426_-118_150_143_245_-552_307_-540_66_-97_-250_202_167] (0.00s)
    --- PASS: TestMergeSortGo/[319_645_404_457_743_-611_-138_274_72_-477_444_240_240_618_31] (0.00s)
    --- PASS: TestMergeSortGo/[-79_575_-597_612_379_72_-92_382_90_140_-141_170_441_-185_553] (0.00s)
    --- PASS: TestMergeSortGo/[-737_163_-626_288_-646_-28_-361_139_595_653_841_23_14_-60_-306] (0.00s)
    --- PASS: TestMergeSortGo/[-220_-317_-233_417_367_-5_-206_-699_-774_-509_-177_-206_711_397_-244] (0.00s)
    --- PASS: TestMergeSortGo/[-465_-744_-14_740_-194_-672_-608_-227_-352_311_858_535_73_-257_281] (0.00s)
    --- PASS: TestMergeSortGo/[114_-38_-330_378_315_-75_300_-364_376_90_-18_-690_-62_-605_-197] (0.00s)
    --- PASS: TestMergeSortGo/[199_2_704_450_-497_-510_31_106_433_-33_-68_268_150_-82_-377] (0.00s)
    --- PASS: TestMergeSortGo/[-676_-213_-558_-202_-162_-212_150_129_84_34_446_-409_236_-214_213] (0.00s)
    --- PASS: TestMergeSortGo/[-454_127_722_-208_-184_-261_-390_-659_-70_-512_166_10_-617_756_226] (0.00s)
    --- PASS: TestMergeSortGo/[-264_-260_431_-213_-222_-328_-267_173_-42_-535_-190_394_54_34_275] (0.00s)
    --- PASS: TestMergeSortGo/[548_114_-329_48_582_-484_546_4_-776_264_-393_192_701_366_302] (0.00s)
    --- PASS: TestMergeSortGo/[560_383_350_54_-593_163_495_-100_-9_157_526_-508_191_-220_-95] (0.00s)
    --- PASS: TestMergeSortGo/[-876_450_-456_-303_261_-353_752_-400_-5_658_479_77_257_-351_-210] (0.00s)
    --- PASS: TestMergeSortGo/[503_-3_-28_137_799_-357_-38_802_-493_-284_370_895_126_-56_375] (0.00s)
    --- PASS: TestMergeSortGo/[328_-470_387_38_339_55_634_132_-263_-397_35_465_324_-303_42] (0.00s)
    --- PASS: TestMergeSortGo/[-449_408_548_587_36_-74_-358_704_625_465_-587_-271_-504_217_681] (0.00s)
    --- PASS: TestMergeSortGo/[387_-62_6_-441_-607_359_34_315_14_222_816_-46_-757_-500_520] (0.00s)
    --- PASS: TestMergeSortGo/[-543_105_-379_148_137_-254_344_-404_-471_579_303_-489_-594_-657_43] (0.00s)
    --- PASS: TestMergeSortGo/[323_25_-207_799_79_520_-63_476_-186_-304_451_216_-298_-887_59] (0.00s)
    --- PASS: TestMergeSortGo/[-353_757_186_-407_-225_-194_-328_-422_427_-612_-160_-317_622_-105_277] (0.00s)
    --- PASS: TestMergeSortGo/[761_19_887_-190_90_-264_-609_449_-47_291_317_594_-444_349_685] (0.00s)
    --- PASS: TestMergeSortGo/[-264_537_480_40_580_-700_-818_-640_46_-104_627_-106_349_467_-123] (0.00s)
    --- PASS: TestMergeSortGo/[297_656_298_807_13_-364_332_-341_348_420_716_756_870_-450_888] (0.00s)
    --- PASS: TestMergeSortGo/[-737_-108_-551_-195_439_534_-682_316_-490_696_303_-77_-151_616_420] (0.00s)
    --- PASS: TestMergeSortGo/[-141_131_676_416_-751_291_-168_56_471_-186_-322_-422_362_477_125] (0.00s)
    --- PASS: TestMergeSortGo/[36_150_370_430_316_-5_-426_684_448_-776_-360_366_-499_339_-580] (0.00s)
    --- PASS: TestMergeSortGo/[-380_-34_122_-851_749_-27_-89_-46_432_-155_543_252_125_14_-250] (0.00s)
    --- PASS: TestMergeSortGo/[353_-305_-242_259_-153_323_-356_-394_-64_-603_74_-88_112_189_108] (0.00s)
    --- PASS: TestMergeSortGo/[-94_-148_-632_470_54_134_-154_130_-404_-233_-34_369_-532_-293_641] (0.00s)
    --- PASS: TestMergeSortGo/[-495_-417_537_761_-140_-522_-729_261_-132_402_-231_-217_211_-352_-776] (0.00s)
    --- PASS: TestMergeSortGo/[569_-557_77_288_753_388_184_41_45_44_292_610_-478_-724_800] (0.00s)
    --- PASS: TestMergeSortGo/[-34_-258_37_-352_298_69_124_349_88_465_-552_-418_-562_-102_-108] (0.00s)
    --- PASS: TestMergeSortGo/[418_-171_-60_20_320_-354_92_37_-69_498_2_430_509_-361_-794] (0.00s)
    --- PASS: TestMergeSortGo/[-513_373_99_-267_468_-126_668_-791_-203_-229_-451_471_207_457_728] (0.00s)
    --- PASS: TestMergeSortGo/[-110_104_23_-504_423_-495_-529_200_158_348_-435_-200_296_-580_-316] (0.00s)
    --- PASS: TestMergeSortGo/[-184_-90_-605_-218_-911_-8_-93_230_916_472_-222_135_-242_341_-608] (0.00s)
    --- PASS: TestMergeSortGo/[-835_849_407_261_-4_-556_428_-54_418_251_612_298_-311_224_-145] (0.00s)
    --- PASS: TestMergeSortGo/[375_-635_-77_-457_411_31_-249_259_-289_-112_-262_89_-594_-32_-789] (0.00s)
    --- PASS: TestMergeSortGo/[183_-28_344_576_-780_-5_139_312_-461_-59_174_-315_389_-522_194] (0.00s)
    --- PASS: TestMergeSortGo/[17_-925_-579_-241_165_103_33_-248_-359_25_605_-239_75_467_17] (0.00s)
    --- PASS: TestMergeSortGo/[838_-594_219_-206_-123_-180_-436_-294_-59_414_547_-114_-229_5_-80] (0.00s)
    --- PASS: TestMergeSortGo/[313_160_6_669_-114_240_-339_771_-12_-141_565_59_59_-330_545] (0.00s)
    --- PASS: TestMergeSortGo/[294_-439_-40_63_532_-121_342_21_379_-360_393_61_-333_180_-583] (0.00s)
    --- PASS: TestMergeSortGo/[480_-57_-426_151_-270_-111_-444_155_-228_16_-364_-288_450_383_-164] (0.00s)
    --- PASS: TestMergeSortGo/[-187_342_717_10_488_131_-324_-506_85_-660_-807_-265_497_-255_-596] (0.00s)
    --- PASS: TestMergeSortGo/[-748_-715_335_-19_315_-381_-17_228_-12_17_124_-497_220_-336_-217] (0.00s)
    --- PASS: TestMergeSortGo/[-121_582_-21_-12_233_310_-30_-166_-671_-111_-269_-359_-658_-239_-167] (0.00s)
    --- PASS: TestMergeSortGo/[-488_276_275_380_-68_369_0_641_252_159_-178_943_57_355_-486] (0.00s)
    --- PASS: TestMergeSortGo/[524_144_-605_-283_-744_620_-50_97_533_550_770_2_-339_415_-820] (0.00s)
    --- PASS: TestMergeSortGo/[433_251_-141_-593_-309_54_821_391_332_-54_322_22_-349_-201_80] (0.00s)
    --- PASS: TestMergeSortGo/[98_-104_344_-79_580_9_323_59_351_587_-799_790_342_-720_-432] (0.00s)
    --- PASS: TestMergeSortGo/[-125_439_-828_-386_69_-755_651_-859_-112_-3_78_-668_640_-283_462] (0.00s)
    --- PASS: TestMergeSortGo/[-370_-83_-56_-485_463_-201_832_265_-653_154_-768_29_97_-393_-496] (0.00s)
    --- PASS: TestMergeSortGo/[9_-399_-518_-267_-409_-38_283_-629_-130_-439_-435_528_-388_799_-447] (0.00s)
    --- PASS: TestMergeSortGo/[696_-473_-69_-679_387_-308_501_-529_287_-125_255_413_-217_546_66] (0.00s)
    --- PASS: TestMergeSortGo/[-295_259_32_-488_708_27_-113_99_351_716_591_454_316_363_-412] (0.00s)
    --- PASS: TestMergeSortGo/[-705_238_-417_497_348_401_190_-246_-82_386_-276_760_-88_-232_-375] (0.00s)
    --- PASS: TestMergeSortGo/[351_208_8_-585_47_252_327_-169_-410_27_12_547_480_183_534] (0.00s)
    --- PASS: TestMergeSortGo/[61_523_285_-341_170_30_-112_137_-619_-771_-350_375_185_-639_-327] (0.00s)
    --- PASS: TestMergeSortGo/[-13_-313_-527_-573_69_-363_-793_15_130_-134_149_-641_-463_795_707] (0.00s)
    --- PASS: TestMergeSortGo/[280_-746_52_506_-767_138_-313_152_613_236_-257_131_-552_-417_253] (0.00s)
    --- PASS: TestMergeSortGo/[400_-290_218_155_102_-182_442_105_41_100_143_55_-196_-349_-273] (0.00s)
    --- PASS: TestMergeSortGo/[-233_487_330_-39_865_-614_-627_123_711_-847_-191_129_-665_-205_-48] (0.00s)
    --- PASS: TestMergeSortGo/[50_585_543_-114_819_375_563_-353_103_-427_-668_-307_577_579_80] (0.00s)
    --- PASS: TestMergeSortGo/[-200_-355_-792_-156_283_-203_650_-497_-848_268_-670_103_564_366_119] (0.00s)
    --- PASS: TestMergeSortGo/[-271_841_-295_710_-911_-861_-450_516_85_-145_320_516_468_252_316] (0.00s)
    --- PASS: TestMergeSortGo/[-732_-31_34_-397_428_-618_-288_794_-637_186_-318_476_-343_303_-52] (0.00s)
    --- PASS: TestMergeSortGo/[165_-2_-677_-492_-281_294_-256_333_65_-351_-578_-490_190_-128_-381] (0.00s)
    --- PASS: TestMergeSortGo/[114_-525_890_338_-530_-609_111_196_19_277_586_2_196_-316_683] (0.00s)
    --- PASS: TestMergeSortGo/[-655_-99_-214_-17_-405_-322_-48_-723_129_713_-19_-8_-164_-362_104] (0.00s)
    --- PASS: TestMergeSortGo/[-242_21_-576_-509_124_-200_-257_446_-350_-35_-573_-11_-197_633_-59] (0.00s)
    --- PASS: TestMergeSortGo/[-148_-78_-172_-874_891_352_716_-406_-143_758_231_372_-159_492_19] (0.00s)
    --- PASS: TestMergeSortGo/[-463_115_413_251_-158_259_-547_-344_-128_-443_-221_893_-132_-270_38] (0.00s)
    --- PASS: TestMergeSortGo/[-171_141_-763_-330_-651_-407_-230_-254_-258_-539_561_-654_461_201_608] (0.00s)
    --- PASS: TestMergeSortGo/[-58_-487_391_194_521_490_-182_-285_-238_-409_-692_117_414_-445_551] (0.00s)
    --- PASS: TestMergeSortGo/[399_-429_700_88_-364_372_-379_-452_764_311_-266_-129_-288_516_1] (0.00s)
    --- PASS: TestMergeSortGo/[-24_-602_-109_-163_-330_-542_667_147_-459_386_649_74_170_-361_-476] (0.00s)
    --- PASS: TestMergeSortGo/[137_453_152_-125_-261_59_-323_716_694_24_-484_483_-105_-70_-203] (0.00s)
    --- PASS: TestMergeSortGo/[-727_-371_874_-423_283_-252_789_-83_232_-133_232_-160_267_-63_70] (0.00s)
    --- PASS: TestMergeSortGo/[-516_315_248_-213_199_756_71_-452_166_659_-409_458_370_-712_-537] (0.00s)
    --- PASS: TestMergeSortGo/[318_-727_-343_-273_97_86_-809_-602_505_-606_388_-30_-601_532_85] (0.00s)
    --- PASS: TestMergeSortGo/[2_778_65_347_341_548_-151_-295_610_-8_662_-33_135_-179_-655] (0.00s)
    --- PASS: TestMergeSortGo/[-145_7_-389_35_772_543_427_-178_-3_-13_-59_-291_-388_-889_-142] (0.00s)
    --- PASS: TestMergeSortGo/[-230_78_-144_187_-633_-31_253_155_32_114_-245_-460_307_-428_-265] (0.00s)
    --- PASS: TestMergeSortGo/[21_-232_636_-68_-193_-534_335_-142_575_-229_854_-216_549_36_268] (0.00s)
    --- PASS: TestMergeSortGo/[856_-355_303_514_96_-618_680_850_63_-458_398_110_-198_46_-247] (0.00s)
    --- PASS: TestMergeSortGo/[265_818_-747_-188_-110_-695_-542_-451_183_84_581_-218_8_-94_897] (0.00s)
    --- PASS: TestMergeSortGo/[-539_342_768_255_252_-221_229_758_-630_581_-381_-67_-98_-806_437] (0.00s)
    --- PASS: TestMergeSortGo/[-787_134_-148_-333_-897_-432_-625_-344_-279_40_-539_-491_266_-534_614] (0.00s)
    --- PASS: TestMergeSortGo/[408_408_-437_-337_-331_250_-516_883_-818_45_190_-547_-180_-575_-150] (0.00s)
    --- PASS: TestMergeSortGo/[-878_512_-97_158_-252_590_24_54_196_450_158_-56_573_381_-247] (0.00s)
    --- PASS: TestMergeSortGo/[-95_-227_260_279_182_149_-544_256_61_-405_152_-34_664_-349_67] (0.00s)
    --- PASS: TestMergeSortGo/[-569_160_578_-20_-722_-402_613_832_-483_-676_-19_227_160_-355_137] (0.00s)
    --- PASS: TestMergeSortGo/[155_-260_597_556_-579_156_-106_450_-739_329_401_89_-196_154_-334] (0.00s)
    --- PASS: TestMergeSortGo/[448_-897_707_-681_618_495_135_-342_250_-530_-21_-293_-104_239_140] (0.00s)
    --- PASS: TestMergeSortGo/[614_-344_-568_-309_572_110_-73_90_-499_-303_432_-464_-67_1_-82] (0.00s)
    --- PASS: TestMergeSortGo/[-406_-354_72_151_99_-44_-692_-399_-187_-792_-3_316_411_57_415] (0.00s)
    --- PASS: TestMergeSortGo/[540_-118_165_-211_-603_267_385_635_-324_124_-295_208_130_-505_36] (0.00s)
    --- PASS: TestMergeSortGo/[297_-31_-111_266_-212_-268_145_15_375_-668_137_-666_306_-543_-205] (0.00s)
    --- PASS: TestMergeSortGo/[-625_-235_-364_47_88_-277_483_-210_637_-84_309_354_-565_736_356] (0.00s)
    --- PASS: TestMergeSortGo/[324_322_778_-317_-254_846_41_251_901_485_-262_-226_-483_-909_-117] (0.00s)
    --- PASS: TestMergeSortGo/[-96_626_-49_106_156_246_128_473_-521_624_183_-60_-215_635_290] (0.00s)
    --- PASS: TestMergeSortGo/[487_-17_57_-335_-180_-116_-52_428_-815_-617_656_61_-258_521_838] (0.00s)
    --- PASS: TestMergeSortGo/[249_-231_255_610_-331_-361_53_-64_-16_617_-260_-140_435_-702_-470] (0.00s)
    --- PASS: TestMergeSortGo/[248_-639_-455_-78_322_-575_-441_-463_-172_198_644_830_235_-103_515] (0.00s)
    --- PASS: TestMergeSortGo/[-147_8_-127_341_-123_405_-229_-192_-313_551_410_206_522_-90_61] (0.00s)
    --- PASS: TestMergeSortGo/[864_412_837_769_-328_295_214_-86_156_-98_-162_101_30_-63_780] (0.00s)
    --- PASS: TestMergeSortGo/[-75_200_151_-98_-679_133_-456_81_-288_298_525_305_65_140_111] (0.00s)
    --- PASS: TestMergeSortGo/[22_-264_369_-205_532_-567_-294_-292_47_-671_266_-32_98_720_-373] (0.00s)
    --- PASS: TestMergeSortGo/[319_681_-275_751_8_368_248_21_-719_-408_-247_431_66_195_287] (0.00s)
    --- PASS: TestMergeSortGo/[-360_-827_-69_-191_815_-41_-202_-518_225_285_381_-429_606_-232_277] (0.00s)
    --- PASS: TestMergeSortGo/[340_-159_370_-577_-586_109_-488_395_-469_-52_180_33_19_-310_735] (0.00s)
    --- PASS: TestMergeSortGo/[773_72_651_207_-15_-114_501_74_-47_-462_690_-750_843_-522_-911] (0.00s)
    --- PASS: TestMergeSortGo/[411_594_162_754_426_-517_-659_-444_-209_-808_49_361_-28_-404_-170] (0.00s)
    --- PASS: TestMergeSortGo/[189_438_270_-330_313_174_-86_949_-421_286_135_550_-115_-382_613] (0.00s)
    --- PASS: TestMergeSortGo/[223_-322_-123_-588_240_429_11_319_120_-696_349_0_335_249_-215] (0.00s)
    --- PASS: TestMergeSortGo/[760_484_-109_318_-299_-125_-551_-47_255_313_-496_-528_436_458_-339] (0.00s)
    --- PASS: TestMergeSortGo/[-227_-57_-721_-450_-562_-76_88_-104_372_325_-283_457_-318_90_-218] (0.00s)
    --- PASS: TestMergeSortGo/[397_-634_-458_7_-364_-177_168_317_-97_563_-119_601_-814_-96_-389] (0.00s)
    --- PASS: TestMergeSortGo/[221_-255_-96_-444_-39_-250_-594_980_26_-122_503_-499_729_-543_489] (0.00s)
    --- PASS: TestMergeSortGo/[-268_-757_-487_534_43_-35_-49_43_36_-330_-24_-400_480_250_396] (0.00s)
    --- PASS: TestMergeSortGo/[-379_-696_-226_-177_453_336_949_-358_514_608_355_51_-712_-304_177] (0.00s)
    --- PASS: TestMergeSortGo/[-653_280_87_-536_-659_44_423_-128_-267_548_-93_537_-307_-247_-714] (0.00s)
    --- PASS: TestMergeSortGo/[523_552_21_225_-208_-585_-453_955_-143_-3_-221_597_246_-82_-537] (0.00s)
    --- PASS: TestMergeSortGo/[56_62_-32_-235_-704_-86_-740_-402_-59_-719_-134_-241_-92_757_-958] (0.00s)
    --- PASS: TestMergeSortGo/[-369_-145_-705_462_530_595_-37_487_206_117_-669_74_196_-41_-28] (0.00s)
    --- PASS: TestMergeSortGo/[60_-695_401_73_648_-7_360_972_-365_93_277_379_-85_-447_-10] (0.00s)
    --- PASS: TestMergeSortGo/[-314_52_6_316_-966_-837_446_600_142_-413_-46_-19_735_434_174] (0.00s)
    --- PASS: TestMergeSortGo/[276_714_-607_551_-85_-145_-232_-440_-290_209_8_-53_-292_-32_85] (0.00s)
    --- PASS: TestMergeSortGo/[502_791_-310_7_-632_-172_-146_-34_62_478_61_-721_-633_77_-258] (0.00s)
    --- PASS: TestMergeSortGo/[256_588_-868_20_435_69_-479_-498_-548_218_-25_-223_-426_-182_-273] (0.00s)
    --- PASS: TestMergeSortGo/[534_67_59_-422_728_49_-701_-225_575_-713_-252_-296_154_806_-339] (0.00s)
    --- PASS: TestMergeSortGo/[-395_-1_22_294_-286_-392_355_-11_179_-410_-34_-671_575_-31_35] (0.00s)
    --- PASS: TestMergeSortGo/[90_343_187_-577_84_-318_-701_131_-163_-549_1_-389_212_-775_-247] (0.00s)
    --- PASS: TestMergeSortGo/[-355_-101_460_-307_-387_-897_-313_-350_-415_58_55_574_-217_-438_191] (0.00s)
    --- PASS: TestMergeSortGo/[-31_492_-120_747_-695_21_-601_-9_-25_-270_623_19_-483_547_126] (0.00s)
    --- PASS: TestMergeSortGo/[175_-294_701_550_654_-232_-281_558_22_276_-821_423_318_305_369] (0.00s)
    --- PASS: TestMergeSortGo/[-336_487_150_-287_-560_-11_-33_-247_-347_-38_304_-327_54_705_-354] (0.00s)
    --- PASS: TestMergeSortGo/[-1_776_471_420_-136_88_-817_406_-176_363_279_-366_-344_-594_161] (0.00s)
    --- PASS: TestMergeSortGo/[295_199_-28_-597_522_200_-386_-468_576_-601_-387_-290_152_-501_440] (0.00s)
    --- PASS: TestMergeSortGo/[-719_-671_-561_-40_16_568_-52_-143_-112_340_106_204_-891_-590_-334] (0.00s)
    --- PASS: TestMergeSortGo/[-227_18_493_406_537_238_6_194_-477_371_39_637_-205_239_18] (0.00s)
    --- PASS: TestMergeSortGo/[-450_-157_403_859_-336_293_467_-704_285_-4_446_-261_-136_-86_-312] (0.00s)
    --- PASS: TestMergeSortGo/[213_-216_-48_178_-509_268_98_408_471_62_455_-369_7_19_100] (0.00s)
    --- PASS: TestMergeSortGo/[-477_326_123_-465_-111_472_-13_373_15_-856_19_-456_236_79_-180] (0.00s)
    --- PASS: TestMergeSortGo/[-648_-330_-236_-305_298_-588_-82_-131_-94_579_82_289_-365_-709_162] (0.00s)
    --- PASS: TestMergeSortGo/[248_258_-171_24_69_-188_34_-207_325_771_449_207_99_25_634] (0.00s)
    --- PASS: TestMergeSortGo/[136_93_20_-184_-94_593_-487_-152_-140_-104_18_-116_-512_-21_234] (0.00s)
    --- PASS: TestMergeSortGo/[-185_-75_582_-42_-32_-62_-645_-271_-747_516_612_501_243_-35_-308] (0.00s)
    --- PASS: TestMergeSortGo/[75_-178_-134_-150_-326_42_-305_660_130_-285_215_-354_-724_482_-60] (0.00s)
    --- PASS: TestMergeSortGo/[915_-441_171_513_-268_-141_469_-194_296_187_-197_591_-137_334_185] (0.00s)
=== RUN   TestQuickSort
=== RUN   TestQuickSort/[449_679_-112_-350_51_5_850_359_157_-742_404_-630_-841_62_102]
=== RUN   TestQuickSort/[-84_-93_611_-402_-15_265_52_-125_483_80_-304_-90_24_566_-416]
=== RUN   TestQuickSort/[-357_-486_-450_38_177_138_743_183_583_609_-85_4_335_-2_733]
=== RUN   TestQuickSort/[136_-86_-95_-197_-176_-325_-424_215_578_-556_-856_487_620_-186_708]
=== RUN   TestQuickSort/[531_-552_-120_481_601_344_-190_-537_150_-188_-373_-110_-31_-103_-447]
=== RUN   TestQuickSort/[19_58_-55_92_-133_33_59_101_471_-518_-440_-492_240_552_185]
=== RUN   TestQuickSort/[-72_-133_431_-474_397_18_-299_-109_-3_-281_397_-295_-514_237_482]
=== RUN   TestQuickSort/[-120_-199_593_777_298_295_-261_136_612_-151_-46_-427_262_842_-258]
=== RUN   TestQuickSort/[224_357_391_-490_701_-380_-610_-609_53_105_593_407_694_196_362]
=== RUN   TestQuickSort/[-67_114_163_-307_743_76_341_280_-87_740_479_-166_48_-589_-145]
=== RUN   TestQuickSort/[363_-391_466_-140_53_192_195_97_-351_816_501_356_-65_-661_425]
=== RUN   TestQuickSort/[-798_763_308_-309_-32_-354_-705_86_-220_-353_433_860_735_-204_-424]
=== RUN   TestQuickSort/[414_-448_-50_-41_825_-82_11_-110_259_235_318_-35_244_-395_577]
=== RUN   TestQuickSort/[173_-58_646_-770_372_599_-396_-492_-487_58_-159_-291_-19_-252_493]
=== RUN   TestQuickSort/[-386_-695_-13_-440_-47_483_537_414_-688_-76_420_565_806_314_-236]
=== RUN   TestQuickSort/[-8_-99_423_-449_26_772_390_-144_231_220_-28_-432_58_-521_-778]
=== RUN   TestQuickSort/[585_672_429_-343_-737_133_625_385_751_-660_666_46_-825_-404_-161]
=== RUN   TestQuickSort/[664_-652_333_730_148_-88_-558_-446_293_198_357_-71_122_-616_-212]
=== RUN   TestQuickSort/[517_329_182_-944_386_-280_-165_-542_190_-451_-203_-309_-761_370_-807]
=== RUN   TestQuickSort/[374_486_-288_-260_-42_244_-141_65_-16_38_-428_-4_-49_-366_4]
=== RUN   TestQuickSort/[-6_222_126_-405_81_102_330_-616_126_-26_-161_-263_-255_198_-446]
=== RUN   TestQuickSort/[188_135_212_438_-202_-165_-662_-168_39_65_0_2_550_-22_-338]
=== RUN   TestQuickSort/[-164_534_-125_405_-650_256_-609_397_-390_-265_142_209_232_-37_-121]
=== RUN   TestQuickSort/[803_-169_164_139_-418_30_-504_-695_-278_-307_-139_441_-8_765_-402]
=== RUN   TestQuickSort/[-82_28_376_-46_255_428_102_133_-799_161_-554_-291_466_-870_454]
=== RUN   TestQuickSort/[367_18_-540_-177_53_39_146_-515_-170_-241_-258_64_-634_-71_176]
=== RUN   TestQuickSort/[16_327_-523_-951_-55_-212_214_222_-766_671_-649_829_-115_-178_179]
=== RUN   TestQuickSort/[-536_118_184_530_40_-401_-562_756_-123_-364_-79_211_536_-534_317]
=== RUN   TestQuickSort/[260_-547_320_29_840_56_172_542_279_-18_-82_-586_69_173_583]
=== RUN   TestQuickSort/[-271_67_10_480_-370_119_-167_-109_187_251_-656_160_-187_342_-133]
=== RUN   TestQuickSort/[249_194_-4_164_201_251_-9_86_-641_-236_-216_-455_815_-13_376]
=== RUN   TestQuickSort/[-100_-42_-207_-383_-334_-664_7_730_-727_-94_4_724_146_27_127]
=== RUN   TestQuickSort/[71_-719_118_155_-206_133_38_-602_468_-100_781_22_671_474_-444]
=== RUN   TestQuickSort/[-510_-294_-153_-196_95_439_216_-197_298_205_355_88_18_553_-456]
=== RUN   TestQuickSort/[384_678_-325_143_-232_457_65_-647_-113_-316_-416_-478_-625_617_805]
=== RUN   TestQuickSort/[392_-609_159_-125_-464_387_-384_489_27_-546_697_479_357_-173_-559]
=== RUN   TestQuickSort/[140_-586_-520_-548_-444_147_279_-365_-32_-648_513_-29_-33_-302_-641]
=== RUN   TestQuickSort/[185_-453_-207_-520_424_212_-334_623_-488_-198_44_175_-91_618_741]
=== RUN   TestQuickSort/[-80_126_938_646_162_-38_-339_738_-43_-924_154_-280_604_378_441]
=== RUN   TestQuickSort/[-729_498_298_416_-7_-167_602_-132_43_265_173_503_616_-138_7]
=== RUN   TestQuickSort/[-96_559_428_-339_481_-557_864_578_449_-401_263_133_351_739_-547]
=== RUN   TestQuickSort/[346_-182_423_-202_75_-33_-80_-547_-750_-442_-794_142_-97_117_-74]
=== RUN   TestQuickSort/[-628_-147_16_-230_-619_293_67_33_24_238_374_-49_-363_-830_245]
=== RUN   TestQuickSort/[67_141_-276_498_-84_250_-91_-411_160_-446_210_69_585_-263_-885]
=== RUN   TestQuickSort/[-27_-17_471_-256_-224_760_-103_-343_-309_269_419_94_-170_83_483]
=== RUN   TestQuickSort/[39_-103_209_171_260_-399_852_110_388_859_48_685_-67_-212_-646]
=== RUN   TestQuickSort/[785_862_-347_-823_761_-158_-285_-488_-279_-91_283_-256_-110_648_178]
=== RUN   TestQuickSort/[-821_-534_-217_164_671_-650_-83_-378_172_-102_415_-147_-232_13_0]
=== RUN   TestQuickSort/[233_-127_-735_453_517_-523_-561_-419_-440_252_631_-13_-53_-289_-59]
=== RUN   TestQuickSort/[-492_-565_-564_-81_-878_-350_303_-500_277_20_-217_343_626_167_-462]
=== RUN   TestQuickSort/[-8_656_-176_-174_-79_236_-671_-624_479_-209_-436_-956_661_188_-791]
=== RUN   TestQuickSort/[101_-38_-126_711_-404_-809_-588_-392_828_-635_164_257_-493_924_157]
=== RUN   TestQuickSort/[442_620_-426_919_-17_-625_-12_-79_-109_147_603_96_232_-58_686]
=== RUN   TestQuickSort/[-159_-14_-501_550_-267_903_-124_98_-472_33_-163_-831_91_-388_91]
=== RUN   TestQuickSort/[-191_-316_339_192_-430_-205_-861_-593_-221_308_314_48_100_75_326]
=== RUN   TestQuickSort/[442_342_-744_409_-430_152_45_-243_-641_472_175_755_382_-579_368]
=== RUN   TestQuickSort/[-121_73_752_78_684_259_151_-241_-347_364_582_-363_467_-236_-165]
=== RUN   TestQuickSort/[53_-181_184_-235_642_388_-234_397_702_221_390_491_-243_-494_555]
=== RUN   TestQuickSort/[-66_41_680_-328_73_-759_748_719_431_-116_630_-676_-318_438_46]
=== RUN   TestQuickSort/[-558_135_308_79_-512_159_31_434_772_408_110_212_284_-421_69]
=== RUN   TestQuickSort/[-324_-102_778_-6_-58_223_-32_-361_345_187_-756_481_132_37_248]
=== RUN   TestQuickSort/[-167_56_57_-623_248_363_203_35_-7_21_-94_-644_205_443_-442]
=== RUN   TestQuickSort/[-61_-707_22_-404_-654_538_-233_242_-418_485_-136_-346_347_516_963]
=== RUN   TestQuickSort/[70_112_-147_333_-166_98_-126_-125_-186_93_-18_594_-582_-118_384]
=== RUN   TestQuickSort/[-116_-167_-648_-362_-378_41_41_275_338_177_362_-657_21_-499_-306]
=== RUN   TestQuickSort/[-464_454_224_-24_495_-177_77_20_-582_292_185_-600_-905_143_1]
=== RUN   TestQuickSort/[-711_401_27_-35_293_-433_364_395_-21_549_106_-395_-516_-335_696]
=== RUN   TestQuickSort/[-705_132_-36_362_11_-470_298_584_645_-241_0_196_-200_538_1]
=== RUN   TestQuickSort/[566_-534_441_-502_-259_630_-369_-62_-211_37_323_776_194_2_698]
=== RUN   TestQuickSort/[139_-307_258_432_314_119_-586_-513_236_-863_-667_2_-75_-51_195]
=== RUN   TestQuickSort/[544_-380_-368_-137_686_-788_-95_-376_82_-165_-663_168_515_-279_370]
=== RUN   TestQuickSort/[-466_199_-63_-189_-265_223_158_563_-786_317_-761_220_211_-100_-630]
=== RUN   TestQuickSort/[-67_-70_-180_340_136_-216_240_534_-173_69_-332_-312_-48_-555_809]
=== RUN   TestQuickSort/[-111_-132_275_772_229_-820_750_-242_148_-198_-187_-617_-310_-8_-134]
=== RUN   TestQuickSort/[-235_-121_355_542_596_-347_617_632_-105_671_-755_15_-97_72_402]
=== RUN   TestQuickSort/[179_-206_616_46_-379_-327_-477_-527_-208_-291_273_532_207_-525_-405]
=== RUN   TestQuickSort/[38_661_234_-129_713_-49_-217_507_-793_-12_-365_-799_583_-35_556]
=== RUN   TestQuickSort/[-129_346_-65_-717_505_-247_-772_-226_3_-643_-24_322_565_-330_208]
=== RUN   TestQuickSort/[392_429_-327_566_57_-36_326_85_-196_527_182_-15_58_97_-242]
=== RUN   TestQuickSort/[219_175_767_-557_-42_-162_-905_-691_-146_260_370_-180_458_-197_671]
=== RUN   TestQuickSort/[167_61_183_-219_-5_519_28_573_-363_716_899_440_-454_-40_-97]
=== RUN   TestQuickSort/[27_-504_-435_792_-288_-206_-246_224_-169_375_430_105_120_-889_417]
=== RUN   TestQuickSort/[-513_728_88_106_70_215_240_-665_-13_-642_268_-59_62_408_-114]
=== RUN   TestQuickSort/[130_79_-303_-205_210_162_581_404_671_199_-287_30_-58_133_428]
=== RUN   TestQuickSort/[254_431_161_-122_-382_-391_109_373_-534_-222_-269_-418_-34_-245_793]
=== RUN   TestQuickSort/[-295_-151_-532_-655_725_90_-505_-735_-142_-725_166_849_220_-593_668]
=== RUN   TestQuickSort/[353_507_68_621_35_659_-407_96_264_-186_443_-488_575_-529_-601]
=== RUN   TestQuickSort/[481_518_347_36_-379_555_60_-2_-54_-484_32_-745_169_355_-451]
=== RUN   TestQuickSort/[-470_716_722_787_-266_38_370_51_-537_78_-105_112_900_-265_-140]
=== RUN   TestQuickSort/[315_746_-147_144_142_110_-10_-493_139_311_610_314_-135_-664_-250]
=== RUN   TestQuickSort/[12_132_638_614_-617_419_-169_481_289_318_-263_-190_327_-384_41]
=== RUN   TestQuickSort/[-495_620_-128_-99_-250_-84_-121_-40_-26_-223_669_257_7_592_-599]
=== RUN   TestQuickSort/[137_391_-63_-6_-579_580_-441_298_245_116_728_-519_-509_-663_140]
=== RUN   TestQuickSort/[15_-138_-152_122_-155_-215_545_-51_8_116_437_204_-8_-173_228]
=== RUN   TestQuickSort/[65_303_365_-271_169_849_99_-332_413_370_11_14_597_157_22]
=== RUN   TestQuickSort/[-99_774_-434_-165_-778_-535_-3_879_38_303_-227_-99_-274_-232_451]
=== RUN   TestQuickSort/[-453_394_-373_603_-311_329_-785_73_145_-681_441_66_-546_-603_279]
=== RUN   TestQuickSort/[298_-160_-410_639_580_-358_-188_442_208_12_-824_-109_150_139_-800]
=== RUN   TestQuickSort/[950_240_-278_-395_-711_606_125_-399_640_-720_541_-465_119_166_-225]
=== RUN   TestQuickSort/[-354_-365_-98_-371_-122_811_-618_-129_53_126_-187_-816_272_-728_408]
=== RUN   TestQuickSort/[294_507_-160_-273_-168_-495_-499_-337_-333_-241_-70_0_622_133_578]
=== RUN   TestQuickSort/[142_589_870_-585_335_-613_-438_-191_-695_-346_803_-24_-308_-54_70]
=== RUN   TestQuickSort/[-224_144_-532_-147_-412_356_-554_-479_181_-695_531_-360_595_-227_-287]
=== RUN   TestQuickSort/[-440_121_-6_-348_-579_704_391_20_-423_-463_-132_-36_-23_-337_308]
=== RUN   TestQuickSort/[52_795_303_636_-154_-520_-400_-507_225_380_101_104_590_88_-91]
=== RUN   TestQuickSort/[-65_-355_661_333_170_260_87_-476_134_149_256_-362_-530_513_-133]
=== RUN   TestQuickSort/[310_-518_-385_-129_-665_-167_826_-31_3_511_-195_357_-533_169_19]
=== RUN   TestQuickSort/[304_-593_213_417_616_651_1_383_-579_34_844_-938_153_-502_68]
=== RUN   TestQuickSort/[-430_-444_129_437_80_672_783_-654_-682_-169_142_3_-780_366_-68]
=== RUN   TestQuickSort/[-536_156_-277_243_-25_-179_-762_-193_-69_18_561_690_-26_-30_54]
=== RUN   TestQuickSort/[246_-99_-364_-282_-438_-240_-900_-356_319_454_25_-361_53_-56_-170]
=== RUN   TestQuickSort/[-166_296_373_805_-518_268_-230_-318_-345_-62_-123_541_178_468_-588]
=== RUN   TestQuickSort/[-809_386_586_93_-72_-553_638_537_-777_287_292_150_844_109_81]
=== RUN   TestQuickSort/[400_822_-692_-414_316_-145_-54_-235_-249_221_-572_-439_-366_-593_575]
=== RUN   TestQuickSort/[462_379_-145_-38_-452_-111_395_105_916_643_429_354_-664_204_432]
=== RUN   TestQuickSort/[82_255_-794_-621_-838_-600_-383_-290_-301_186_413_-472_406_-567_-8]
=== RUN   TestQuickSort/[-743_-19_-131_126_-411_-296_-188_583_678_-623_-520_-70_-592_-177_268]
=== RUN   TestQuickSort/[-589_151_8_-254_27_-44_266_-801_-125_666_35_-297_349_-430_105]
=== RUN   TestQuickSort/[570_-485_601_-513_168_541_696_-60_-225_13_439_184_562_-99_-574]
=== RUN   TestQuickSort/[-639_251_587_364_669_194_581_523_344_-1_-519_-385_-602_644_-254]
=== RUN   TestQuickSort/[-206_90_-430_296_45_555_-249_-333_439_434_231_476_33_621_-244]
=== RUN   TestQuickSort/[-151_-88_-375_79_-146_641_-553_-91_167_-474_-233_201_-892_-123_-398]
=== RUN   TestQuickSort/[-567_282_-208_-23_669_-734_-362_449_81_-855_-310_-505_-311_-7_578]
=== RUN   TestQuickSort/[-434_-111_662_466_-343_-233_115_-371_-66_401_38_215_378_-320_354]
=== RUN   TestQuickSort/[-189_-579_-639_-494_-41_82_102_-248_-368_56_13_-25_132_852_-275]
=== RUN   TestQuickSort/[-808_29_-840_459_-8_-4_-625_27_689_-356_75_50_-333_-80_174]
=== RUN   TestQuickSort/[432_633_-511_411_-515_-69_-841_-154_-725_590_-595_-518_-32_294_199]
=== RUN   TestQuickSort/[0_62_-17_48_-563_-859_17_-633_445_650_208_645_-64_-281_-698]
=== RUN   TestQuickSort/[-536_191_154_-83_609_-168_375_90_505_-97_358_-696_-118_184_878]
=== RUN   TestQuickSort/[-478_-394_-166_-189_-391_361_33_-115_-118_-336_-368_-608_-110_80_583]
=== RUN   TestQuickSort/[964_285_310_-320_698_-58_-199_-38_259_341_2_-36_337_-217_961]
=== RUN   TestQuickSort/[34_32_-104_72_-476_-86_144_35_-200_238_-881_-151_197_39_441]
=== RUN   TestQuickSort/[183_-348_489_-611_459_104_7_-530_-258_319_-288_625_162_255_160]
=== RUN   TestQuickSort/[369_300_-236_581_76_-461_-180_-284_742_799_-491_444_263_-687_-684]
=== RUN   TestQuickSort/[-455_158_-548_269_101_-71_-55_649_443_464_313_141_502_-254_-786]
=== RUN   TestQuickSort/[228_385_176_654_-110_129_175_371_146_-662_394_-48_749_171_207]
=== RUN   TestQuickSort/[442_-84_-637_474_-625_-293_-107_-122_614_437_790_934_507_290_-561]
=== RUN   TestQuickSort/[222_109_-342_178_-934_-771_-48_512_166_-297_83_131_-205_-537_-313]
=== RUN   TestQuickSort/[-477_-156_57_-719_314_421_396_-82_600_57_-170_-24_-209_0_-179]
=== RUN   TestQuickSort/[-60_8_-232_-4_43_-532_-646_-163_598_-376_136_540_218_495_-198]
=== RUN   TestQuickSort/[-318_211_258_225_-185_-328_411_296_-145_125_-2_431_27_766_279]
=== RUN   TestQuickSort/[-444_587_-166_395_401_-554_24_499_-874_374_827_9_-285_-316_-555]
=== RUN   TestQuickSort/[-633_-268_388_615_104_542_-172_651_549_-296_-98_87_-478_-52_-336]
=== RUN   TestQuickSort/[549_476_186_-130_442_-207_276_-594_-270_7_-526_-142_34_-454_332]
=== RUN   TestQuickSort/[471_250_49_282_63_-424_-142_757_-312_51_51_-482_289_-747_-12]
=== RUN   TestQuickSort/[582_-195_-115_-405_236_-122_-452_216_412_129_290_-697_-437_717_-65]
=== RUN   TestQuickSort/[-278_6_133_147_-594_-255_-471_615_-190_326_496_75_242_212_66]
=== RUN   TestQuickSort/[-267_-244_157_162_226_-328_-197_366_-6_-246_224_139_-55_-687_-860]
=== RUN   TestQuickSort/[751_-460_15_126_-346_-61_-972_-16_-264_266_349_-910_20_564_122]
=== RUN   TestQuickSort/[359_726_-256_305_288_404_-720_-448_-193_-173_154_138_-667_299_668]
=== RUN   TestQuickSort/[-500_-597_200_127_-71_269_-425_148_-412_-131_-198_706_-374_446_-178]
=== RUN   TestQuickSort/[-534_-78_-119_-611_65_148_182_-32_-4_126_102_-102_221_-21_436]
=== RUN   TestQuickSort/[222_-487_-100_-365_52_-739_592_943_-278_767_-823_434_671_954_808]
=== RUN   TestQuickSort/[-169_143_89_-247_-401_300_-192_111_-484_163_479_-339_-198_-272_309]
=== RUN   TestQuickSort/[107_-302_-258_-63_99_326_-904_-229_148_246_-518_-298_111_739_883]
=== RUN   TestQuickSort/[893_-110_-500_-23_-431_-609_121_317_-872_-89_-54_-366_-30_94_-632]
=== RUN   TestQuickSort/[262_319_469_41_-403_-265_498_-673_101_281_329_-531_-21_-600_-190]
=== RUN   TestQuickSort/[-271_311_41_-53_543_-138_-780_-395_173_781_144_-202_341_-224_63]
=== RUN   TestQuickSort/[159_245_625_-773_167_-192_-346_-360_-335_323_632_33_-396_-211_189]
=== RUN   TestQuickSort/[-126_-70_562_2_-209_-320_-557_-99_5_220_288_600_-256_313_-657]
=== RUN   TestQuickSort/[263_-526_-581_-248_-19_47_632_-113_-208_302_-575_295_76_-64_497]
=== RUN   TestQuickSort/[15_-431_249_-210_92_434_-504_234_517_161_-135_-58_-295_86_152]
=== RUN   TestQuickSort/[-520_415_-57_621_230_49_-150_-521_-912_221_-503_602_270_124_404]
=== RUN   TestQuickSort/[435_787_-559_580_44_-705_198_-302_-288_252_255_-299_329_187_-664]
=== RUN   TestQuickSort/[122_698_241_-366_-98_-126_-579_120_-182_912_-201_72_-149_-281_-114]
=== RUN   TestQuickSort/[121_383_58_-132_614_-113_368_75_-179_41_49_546_-57_-165_-259]
=== RUN   TestQuickSort/[-285_-79_108_98_433_-503_29_89_-585_-633_-37_181_-231_804_-101]
=== RUN   TestQuickSort/[278_229_-439_-437_-63_-503_98_-824_730_365_162_252_-231_-108_-874]
=== RUN   TestQuickSort/[132_51_-327_696_122_439_484_-96_-763_296_126_-356_-134_172_205]
=== RUN   TestQuickSort/[-111_127_723_133_-122_-858_928_432_-558_88_143_-388_-493_-106_-90]
=== RUN   TestQuickSort/[-277_-254_-743_-779_-606_-399_-144_798_669_304_-215_-630_746_28_262]
=== RUN   TestQuickSort/[931_-65_134_452_757_-793_-219_-199_266_70_111_130_208_-498_247]
=== RUN   TestQuickSort/[-343_-430_264_-639_-331_296_-254_-145_-71_-771_-60_297_-375_-18_623]
=== RUN   TestQuickSort/[-32_-762_913_-797_-887_224_63_793_878_697_490_56_282_251_68]
=== RUN   TestQuickSort/[-348_-651_203_-259_46_-349_-651_-258_-670_-164_48_-231_-159_737_396]
=== RUN   TestQuickSort/[363_-369_-418_362_-316_-278_180_-95_268_-123_-216_71_-506_499_0]
=== RUN   TestQuickSort/[-380_-413_-516_-172_-217_332_531_435_248_569_51_103_-467_786_346]
=== RUN   TestQuickSort/[-426_-427_359_-220_-518_-527_-315_205_67_-92_444_173_36_88_432]
=== RUN   TestQuickSort/[-118_-67_-361_-482_333_-460_-92_-770_184_-142_539_-230_-363_174_-37]
=== RUN   TestQuickSort/[22_762_502_53_-48_44_-217_145_-246_282_220_33_-144_169_-277]
=== RUN   TestQuickSort/[-496_136_-546_464_-493_-328_-726_-119_-238_-182_138_-65_-601_-365_-296]
=== RUN   TestQuickSort/[134_720_198_-569_70_626_-183_814_463_471_-126_103_-296_1_-324]
=== RUN   TestQuickSort/[646_-49_-340_-190_-21_270_-52_-487_-382_251_-42_5_574_51_-50]
=== RUN   TestQuickSort/[179_55_739_-728_553_-275_-241_302_151_690_451_451_279_-6_-575]
=== RUN   TestQuickSort/[-148_169_-15_183_129_-646_704_635_-307_-678_63_-221_-282_-196_-496]
=== RUN   TestQuickSort/[371_500_-196_-749_-366_373_103_299_153_160_122_116_264_-743_481]
=== RUN   TestQuickSort/[30_796_-69_-735_-535_464_111_41_737_-346_-498_-148_-144_-91_279]
=== RUN   TestQuickSort/[-217_69_-615_-46_-543_-289_38_269_-4_27_20_-38_247_154_429]
=== RUN   TestQuickSort/[-12_154_-2_-296_794_-412_-613_-182_191_264_-491_364_-883_-608_11]
=== RUN   TestQuickSort/[528_-521_-39_115_253_232_265_487_378_-63_-752_-820_-231_-22_-539]
=== RUN   TestQuickSort/[-394_182_-437_254_353_94_111_22_124_-63_47_534_519_349_195]
=== RUN   TestQuickSort/[150_-54_92_370_25_-175_-11_688_433_-207_-286_327_-352_-338_-107]
=== RUN   TestQuickSort/[316_591_386_-364_54_-603_357_133_385_-724_-385_-120_-547_385_481]
=== RUN   TestQuickSort/[-717_-235_214_223_375_-830_-228_-320_341_-562_52_-287_169_658_323]
=== RUN   TestQuickSort/[-324_-79_474_729_218_121_-132_766_-256_279_305_556_4_402_49]
=== RUN   TestQuickSort/[-246_258_236_-44_-405_-16_452_27_-58_-320_-29_387_-262_95_576]
=== RUN   TestQuickSort/[40_32_147_219_84_-501_-335_708_621_41_47_-428_-509_-128_-426]
=== RUN   TestQuickSort/[277_-70_288_333_530_-135_713_26_-445_567_411_-209_-201_-395_-291]
=== RUN   TestQuickSort/[367_189_560_-495_3_404_355_-178_92_419_-594_356_-725_441_122]
=== RUN   TestQuickSort/[-570_-488_463_-276_-97_305_-459_-393_372_-67_-485_4_355_444_252]
=== RUN   TestQuickSort/[-738_44_830_-498_154_296_-222_378_-444_-298_-429_-596_-270_-438_48]
=== RUN   TestQuickSort/[-258_384_117_92_123_404_484_-249_-644_-676_-48_-451_229_-752_814]
=== RUN   TestQuickSort/[128_723_-422_-237_-171_-359_-492_-135_-7_-721_148_343_-570_-532_199]
=== RUN   TestQuickSort/[-33_-435_-20_-549_-342_217_-182_-575_43_30_-407_-595_365_43_200]
=== RUN   TestQuickSort/[-316_-119_238_386_-87_89_-23_323_-225_-50_10_-239_-377_116_553]
=== RUN   TestQuickSort/[263_835_-169_-150_625_372_495_-329_390_448_-661_528_554_432_2]
=== RUN   TestQuickSort/[-115_-465_772_-631_-729_-434_-79_738_824_-573_-256_691_-112_-709_191]
=== RUN   TestQuickSort/[-152_37_655_697_-16_34_-111_486_-644_120_-113_306_71_-358_130]
=== RUN   TestQuickSort/[329_228_-210_553_-573_719_-244_64_146_-343_89_-112_44_672_704]
=== RUN   TestQuickSort/[-326_-8_-316_644_-233_-918_-41_555_-673_-352_-276_-67_491_106_582]
=== RUN   TestQuickSort/[-46_442_349_-284_955_-241_80_-158_-61_422_-877_24_58_-121_-284]
=== RUN   TestQuickSort/[76_461_639_-613_-248_-50_135_219_-34_45_-289_-328_680_298_-252]
=== RUN   TestQuickSort/[-851_-751_276_-360_-445_592_421_50_550_792_454_-310_-259_779_-268]
=== RUN   TestQuickSort/[199_-169_-633_483_-406_-50_48_670_36_-16_-680_62_157_-696_-158]
=== RUN   TestQuickSort/[38_811_-191_396_-638_164_-19_-320_-107_-135_-955_142_-676_-631_255]
=== RUN   TestQuickSort/[-635_58_-336_668_-269_-795_-672_-156_82_-264_-121_607_-407_387_-400]
=== RUN   TestQuickSort/[-739_5_76_127_704_816_411_-115_-479_-731_-258_-415_806_115_-329]
=== RUN   TestQuickSort/[615_514_-981_-48_131_372_-551_155_237_-539_0_-233_-254_632_605]
=== RUN   TestQuickSort/[-79_-220_-4_83_-70_449_111_-407_369_21_-169_-470_-318_110_-458]
=== RUN   TestQuickSort/[296_-510_-299_813_-187_-964_-266_51_100_-863_-357_-389_35_466_405]
=== RUN   TestQuickSort/[551_365_555_195_-821_-127_31_-469_283_-237_-480_111_-587_-97_-597]
=== RUN   TestQuickSort/[-657_476_753_-369_-433_-92_854_783_315_541_305_-106_665_-802_-178]
=== RUN   TestQuickSort/[-228_-651_-235_4_-182_470_570_-448_-4_767_-181_-358_-131_25_-222]
=== RUN   TestQuickSort/[-147_364_-596_704_-131_153_142_-609_-22_387_-134_-558_137_645_-139]
=== RUN   TestQuickSort/[-559_25_597_833_174_462_162_-77_277_-653_-838_151_511_353_-477]
=== RUN   TestQuickSort/[352_714_62_-136_384_-56_-24_560_-459_-502_-115_-766_-39_-251_69]
=== RUN   TestQuickSort/[574_409_-129_-140_256_353_205_-110_-102_403_8_-172_-339_-492_-30]
=== RUN   TestQuickSort/[-513_-308_-10_-404_-106_398_-203_20_276_-149_-179_246_-744_901_428]
=== RUN   TestQuickSort/[-490_110_-253_-182_661_231_73_-496_133_244_-230_397_153_-531_-620]
=== RUN   TestQuickSort/[314_-258_264_161_-818_-452_57_724_-371_-75_373_656_-729_737_-78]
=== RUN   TestQuickSort/[177_-103_861_-726_192_-297_315_-217_-252_-770_-199_-205_493_-20_312]
=== RUN   TestQuickSort/[-126_-48_131_-580_-261_163_-551_-282_81_273_47_-499_-453_-103_350]
=== RUN   TestQuickSort/[-636_365_-252_-649_298_841_-37_153_578_-190_218_36_-45_93_-580]
=== RUN   TestQuickSort/[53_493_496_423_31_-239_-73_498_422_-224_-349_306_-634_251_-466]
=== RUN   TestQuickSort/[-267_-288_163_325_-408_650_797_-494_366_146_-281_157_755_494_-25]
=== RUN   TestQuickSort/[-9_274_-462_-241_625_188_86_191_311_-422_577_-52_-327_-216_-218]
=== RUN   TestQuickSort/[-453_89_-8_-245_-678_160_-251_30_-66_56_-506_253_529_824_27]
=== RUN   TestQuickSort/[141_39_-25_-272_-39_-77_171_-190_379_334_-222_-900_332_-675_-309]
=== RUN   TestQuickSort/[-804_621_-20_312_591_-178_-179_-573_-9_-827_-274_152_-836_-597_536]
=== RUN   TestQuickSort/[-192_-101_324_-583_-359_159_189_-279_246_-417_539_303_599_4_151]
=== RUN   TestQuickSort/[396_-209_42_16_-654_184_-3_292_579_814_229_-69_307_318_-887]
=== RUN   TestQuickSort/[-753_381_-155_100_37_311_-324_531_-362_524_-69_485_760_-587_-221]
=== RUN   TestQuickSort/[-812_803_0_-766_357_167_-321_242_-142_-38_286_-293_634_-298_-147]
=== RUN   TestQuickSort/[74_-465_300_-226_486_-6_-208_-188_319_-272_-595_-433_-116_-843_627]
=== RUN   TestQuickSort/[-13_-344_257_-520_204_46_-95_-667_-762_729_-364_-5_-285_-245_-6]
=== RUN   TestQuickSort/[359_48_425_799_66_-467_160_-748_447_-118_-83_87_-287_-139_421]
=== RUN   TestQuickSort/[-22_421_413_53_4_-149_321_122_561_-48_-191_132_-297_-424_136]
=== RUN   TestQuickSort/[-33_208_126_19_198_9_-8_125_62_-647_-425_475_-414_-293_334]
=== RUN   TestQuickSort/[-490_-157_685_-482_-343_-439_530_585_498_-21_462_39_-198_308_694]
=== RUN   TestQuickSort/[160_-105_404_-366_-933_132_43_-100_454_-132_-457_-603_-404_204_162]
=== RUN   TestQuickSort/[570_-275_-8_-425_54_428_-15_130_219_-209_-885_-628_40_-295_20]
=== RUN   TestQuickSort/[275_63_-166_-789_-544_-6_-235_843_-753_533_-652_-143_-133_117_574]
=== RUN   TestQuickSort/[-496_-351_359_150_748_38_873_-304_176_261_637_-405_-38_-36_563]
=== RUN   TestQuickSort/[163_-514_-784_-350_-794_-55_377_-33_432_-806_-245_-819_-544_78_-191]
=== RUN   TestQuickSort/[627_-404_295_-38_307_-184_630_-143_-341_-21_107_890_210_-764_-834]
=== RUN   TestQuickSort/[22_841_-601_503_454_-310_-251_-289_637_-604_-637_-375_-53_317_94]
=== RUN   TestQuickSort/[-77_-180_270_535_-361_467_666_-42_540_-828_557_89_-46_1_567]
=== RUN   TestQuickSort/[-490_-383_-718_-386_370_-804_-81_-140_-496_530_-136_-545_-120_-274_-418]
=== RUN   TestQuickSort/[-142_-553_573_-33_-233_-436_172_-350_-318_-749_101_-239_57_521_-477]
=== RUN   TestQuickSort/[-383_105_-553_822_84_-468_321_-365_-124_-161_172_249_79_905_337]
=== RUN   TestQuickSort/[66_-83_337_-94_117_188_164_-282_476_441_-131_468_0_-122_-645]
=== RUN   TestQuickSort/[52_-76_-262_387_-220_-198_-124_-619_83_180_-162_-280_-168_15_780]
=== RUN   TestQuickSort/[-859_252_108_-199_50_152_253_-383_143_89_363_125_203_-927_865]
=== RUN   TestQuickSort/[866_-816_50_-182_197_548_-660_77_-269_-443_276_287_-4_599_161]
=== RUN   TestQuickSort/[160_628_-48_-122_-60_-197_-38_-572_39_664_766_4_213_60_-63]
=== RUN   TestQuickSort/[-36_-555_-779_514_-137_-567_53_305_-844_-168_384_295_669_-596_58]
=== RUN   TestQuickSort/[-271_299_-475_-233_-211_501_483_-61_-534_317_668_558_766_-174_-577]
=== RUN   TestQuickSort/[34_358_154_-433_-145_-372_486_241_-605_-7_-944_-504_158_165_490]
=== RUN   TestQuickSort/[-575_-258_-159_119_-648_468_-851_129_-297_361_-924_-70_31_-144_254]
=== RUN   TestQuickSort/[-260_-368_-810_45_320_-471_382_-335_215_-173_-688_-731_220_703_499]
=== RUN   TestQuickSort/[-640_263_-248_392_49_-663_-251_-515_-1_428_563_135_35_-252_49]
=== RUN   TestQuickSort/[-12_-630_-648_-92_129_-567_391_-233_469_-727_-287_768_529_108_-679]
=== RUN   TestQuickSort/[768_132_527_-606_441_-98_193_-158_632_565_-377_106_-531_517_-763]
=== RUN   TestQuickSort/[-714_530_-882_-845_3_-209_-113_561_209_-9_-416_-294_-16_4_886]
=== RUN   TestQuickSort/[170_147_28_845_-3_13_-52_-135_-425_-185_560_-429_159_316_533]
=== RUN   TestQuickSort/[-479_-398_-325_-672_-301_352_-747_216_-382_-524_21_-368_130_-329_17]
=== RUN   TestQuickSort/[268_-79_-185_198_-627_-390_381_59_-596_218_-357_-657_-67_67_207]
=== RUN   TestQuickSort/[722_584_76_490_-735_108_680_300_24_-460_-80_-354_-365_-239_-213]
=== RUN   TestQuickSort/[285_286_291_-38_-220_-146_650_65_-772_170_139_337_-550_146_267]
=== RUN   TestQuickSort/[-1_-767_441_8_109_247_-402_-159_-25_-364_266_292_-121_1_-34]
=== RUN   TestQuickSort/[231_-408_-658_-344_-322_-300_858_-238_-213_240_-445_-56_-92_231_-465]
=== RUN   TestQuickSort/[0_-17_-378_213_-298_39_129_35_-120_-106_-159_-335_-168_188_-36]
=== RUN   TestQuickSort/[-591_345_-280_-264_-107_104_-700_42_121_-198_311_-393_270_-71_197]
=== RUN   TestQuickSort/[85_623_326_-69_236_69_-79_-397_-172_-426_610_-75_-94_-608_435]
=== RUN   TestQuickSort/[893_46_-227_620_384_246_-160_-282_231_613_-320_55_-446_103_761]
=== RUN   TestQuickSort/[60_601_-25_-182_505_-173_357_73_606_-168_427_-273_-207_537_-64]
=== RUN   TestQuickSort/[59_-292_-53_-129_-500_92_-435_-300_-404_-376_-636_658_876_-897_-44]
=== RUN   TestQuickSort/[-449_-335_508_307_-198_-630_195_-439_-94_-520_-448_-193_-894_904_273]
=== RUN   TestQuickSort/[-310_893_286_-230_-404_221_-54_-166_-382_-235_658_939_595_-655_-567]
=== RUN   TestQuickSort/[68_501_-252_603_-66_180_-9_236_59_-64_-29_-583_-48_616_34]
=== RUN   TestQuickSort/[645_-317_609_233_447_-417_-505_-310_-318_-168_-303_658_282_-359_-439]
=== RUN   TestQuickSort/[332_32_10_23_-774_-334_-11_-373_918_129_365_-155_519_-76_-788]
=== RUN   TestQuickSort/[200_-302_586_-384_-683_-416_820_-355_-769_866_-776_534_-133_-288_-785]
=== RUN   TestQuickSort/[-91_-585_185_50_21_364_412_-441_-705_-147_418_-577_-210_423_594]
=== RUN   TestQuickSort/[-317_-28_-536_-143_-185_-826_788_305_768_135_135_459_-388_-691_-136]
=== RUN   TestQuickSort/[8_-228_-787_331_346_350_-677_-321_695_-230_-585_484_-549_476_-735]
=== RUN   TestQuickSort/[559_528_73_195_-34_-549_-413_152_-50_-280_57_383_-348_-511_482]
=== RUN   TestQuickSort/[418_-83_814_526_169_123_-16_-492_-52_-633_339_671_-378_291_-178]
=== RUN   TestQuickSort/[-508_205_-445_-815_-232_138_297_-486_683_21_175_348_-774_-261_334]
=== RUN   TestQuickSort/[109_161_-291_-126_269_433_-203_-356_-289_137_106_-82_94_-138_508]
=== RUN   TestQuickSort/[502_54_611_28_570_-298_804_477_731_-188_-26_-236_-296_-95_-35]
=== RUN   TestQuickSort/[-22_553_-432_-78_-495_168_-96_-430_-595_-494_372_-237_599_-926_424]
=== RUN   TestQuickSort/[320_458_146_312_39_-282_188_278_-189_-317_353_-312_-429_-182_-97]
=== RUN   TestQuickSort/[85_-340_-508_635_41_-155_-72_167_-89_149_14_279_-423_-260_157]
=== RUN   TestQuickSort/[-520_-62_-258_-263_-253_166_-415_-183_-663_-755_-684_508_-59_285_226]
=== RUN   TestQuickSort/[521_121_131_870_471_401_-54_-565_-138_-140_-165_-74_-261_492_207]
=== RUN   TestQuickSort/[-372_-705_235_-430_266_750_-94_-11_202_19_-234_157_-462_-861_122]
=== RUN   TestQuickSort/[-198_141_504_-844_-352_-185_152_-361_-154_-118_-518_-583_60_110_-89]
=== RUN   TestQuickSort/[723_101_652_318_122_-209_234_219_-289_316_6_421_412_622_-137]
=== RUN   TestQuickSort/[-791_80_-546_709_-140_554_242_71_-69_-262_-39_-524_595_-302_-488]
=== RUN   TestQuickSort/[-449_-37_354_-518_386_524_-608_600_640_-631_-200_-80_67_-97_-304]
=== RUN   TestQuickSort/[223_16_867_186_-91_-373_-780_4_-271_-75_51_-298_-525_369_-491]
=== RUN   TestQuickSort/[581_-785_-23_255_-60_-107_-647_19_130_494_395_-498_-328_-281_238]
=== RUN   TestQuickSort/[189_-465_-684_106_-347_-781_-275_-539_261_23_610_720_-547_-701_-347]
=== RUN   TestQuickSort/[-828_-185_554_92_-510_346_-779_-697_-815_201_414_-824_-160_-316_717]
=== RUN   TestQuickSort/[260_80_-589_27_501_357_-339_475_-222_40_173_-329_97_-190_-7]
=== RUN   TestQuickSort/[93_69_194_936_143_-36_774_250_-294_-746_-536_-761_111_-88_-283]
=== RUN   TestQuickSort/[466_-692_375_-503_290_602_-550_-72_694_417_-31_-532_205_57_-119]
=== RUN   TestQuickSort/[306_602_151_176_-99_-368_474_711_-503_-202_-337_527_-476_947_424]
=== RUN   TestQuickSort/[-10_-2_894_487_-312_173_167_-515_270_-722_-68_-267_-247_390_77]
=== RUN   TestQuickSort/[129_482_377_-671_675_-481_-53_-100_-529_-456_760_223_535_322_408]
=== RUN   TestQuickSort/[-408_326_298_564_354_436_-323_-101_-250_-524_-499_554_-15_247_476]
=== RUN   TestQuickSort/[115_-37_-462_432_52_-61_-438_-667_-117_-83_415_144_154_396_-44]
=== RUN   TestQuickSort/[-166_-63_631_-147_-16_-499_60_26_793_-193_-202_246_765_64_513]
=== RUN   TestQuickSort/[-713_80_468_-80_-615_120_99_-33_80_-89_787_-337_173_711_280]
=== RUN   TestQuickSort/[-32_-260_235_-135_-178_166_-384_-746_58_632_-150_-538_-397_-311_1]
=== RUN   TestQuickSort/[77_112_-579_432_427_573_-435_516_-486_-93_-333_-80_-552_-450_-137]
=== RUN   TestQuickSort/[600_551_-254_326_621_-433_-122_165_98_72_21_-518_733_691_361]
=== RUN   TestQuickSort/[307_446_645_-147_273_-393_-225_595_-159_-317_134_-386_782_710_-668]
=== RUN   TestQuickSort/[-231_493_436_-252_158_-337_-162_-302_462_-56_754_-713_134_-19_-698]
=== RUN   TestQuickSort/[-157_292_-114_-170_564_193_-173_-61_597_-108_341_318_84_-475_234]
=== RUN   TestQuickSort/[-575_836_-378_-655_48_233_315_-404_-213_602_-863_297_493_-354_434]
=== RUN   TestQuickSort/[-50_-7_188_753_765_-430_-30_771_-190_709_691_488_61_-274_-95]
=== RUN   TestQuickSort/[228_-413_17_295_116_239_-243_-465_379_-135_168_-493_336_35_334]
=== RUN   TestQuickSort/[-35_780_6_98_-5_-398_-47_-741_318_380_760_-180_279_-187_-161]
=== RUN   TestQuickSort/[-290_-102_65_83_48_-314_-516_-54_-397_-114_599_572_283_-525_-86]
=== RUN   TestQuickSort/[-149_372_211_-377_471_137_292_38_-125_-528_-293_233_300_444_-359]
=== RUN   TestQuickSort/[580_-13_-212_415_911_66_-195_-328_-232_-511_-403_-15_321_-249_-222]
=== RUN   TestQuickSort/[395_45_-201_791_714_-238_65_-252_523_668_-104_218_520_44_375]
=== RUN   TestQuickSort/[-15_628_258_394_31_831_185_-415_389_110_-93_472_-218_-714_914]
=== RUN   TestQuickSort/[170_-905_617_-486_106_557_-504_92_265_-271_570_-154_-199_288_260]
=== RUN   TestQuickSort/[-347_770_-446_-30_-877_-166_-378_-9_-215_98_738_-431_76_636_525]
=== RUN   TestQuickSort/[-533_330_-521_833_-373_-151_-888_-339_-329_-573_-40_-704_-219_-188_132]
=== RUN   TestQuickSort/[92_-433_-288_-371_-285_-197_-341_-537_-300_-449_-787_-777_623_-807_-359]
=== RUN   TestQuickSort/[-123_35_-445_-371_-240_331_918_53_212_264_-273_579_-89_-515_846]
=== RUN   TestQuickSort/[217_-360_253_-215_-30_655_187_883_-294_-393_780_-500_647_486_-380]
=== RUN   TestQuickSort/[-381_83_-1_-269_86_860_-749_853_79_-629_-346_-225_324_455_811]
=== RUN   TestQuickSort/[19_693_649_-757_92_272_-62_553_392_116_709_491_211_693_731]
=== RUN   TestQuickSort/[-199_-837_819_-16_-50_184_-385_-42_-337_-749_259_781_274_-424_-95]
=== RUN   TestQuickSort/[-337_183_-291_89_-94_-91_694_-281_531_124_-38_-70_666_-616_-366]
=== RUN   TestQuickSort/[-240_36_-2_361_224_356_-149_526_49_-127_476_-271_579_-534_120]
=== RUN   TestQuickSort/[363_-28_685_118_105_742_-423_-258_931_303_-304_235_-155_11_-671]
=== RUN   TestQuickSort/[-186_-523_-101_808_468_-11_443_363_-285_50_457_-642_-417_133_-526]
=== RUN   TestQuickSort/[-720_-303_-642_-191_-640_676_429_-404_765_569_286_32_464_-152_574]
=== RUN   TestQuickSort/[190_3_-87_-742_-131_89_29_344_347_83_-352_-334_-190_-550_-235]
=== RUN   TestQuickSort/[248_-298_478_157_-99_-137_-622_-826_254_-410_3_-334_-548_346_475]
=== RUN   TestQuickSort/[640_-756_75_-502_-417_196_4_-453_226_-85_-235_301_-394_-392_544]
=== RUN   TestQuickSort/[414_557_5_-231_-55_-290_-469_-289_-9_-782_270_-14_-430_-174_-268]
=== RUN   TestQuickSort/[342_61_387_-211_-252_365_305_-659_154_-744_177_-298_771_-332_687]
=== RUN   TestQuickSort/[-269_185_222_547_-395_-264_-173_188_285_405_-404_561_-77_-192_-78]
=== RUN   TestQuickSort/[-883_402_-222_-364_221_780_151_-491_-706_-879_492_150_-233_291_-168]
=== RUN   TestQuickSort/[142_473_747_131_51_123_-95_-487_570_-221_-171_-129_-831_-191_30]
=== RUN   TestQuickSort/[-916_-165_-5_-768_-115_618_-146_-192_791_-549_254_-666_377_-744_-478]
=== RUN   TestQuickSort/[-344_0_78_-465_-72_-54_-569_-238_-548_-37_-503_500_-23_-346_383]
=== RUN   TestQuickSort/[243_-719_-350_95_80_246_-935_-254_206_-18_569_115_-450_59_-27]
=== RUN   TestQuickSort/[86_446_-113_-168_147_-560_-579_629_621_83_460_639_-252_335_-112]
=== RUN   TestQuickSort/[-556_315_-450_567_-282_483_-97_101_-505_-85_-521_-175_498_297_-465]
=== RUN   TestQuickSort/[-633_-170_66_-159_333_-83_471_-66_78_162_141_803_-46_229_-685]
=== RUN   TestQuickSort/[-34_375_-527_-636_37_-281_375_752_-133_-20_2_120_-13_-87_-132]
=== RUN   TestQuickSort/[-26_-492_474_-872_-228_793_275_134_315_352_-97_-219_-6_-280_-596]
=== RUN   TestQuickSort/[-154_148_156_-667_212_-34_-608_-32_-78_-567_-223_484_418_-273_-94]
=== RUN   TestQuickSort/[-86_-783_-242_-487_-174_-219_-99_277_-51_91_-267_-200_526_59_379]
=== RUN   TestQuickSort/[-580_196_512_-75_311_173_653_503_-167_8_-429_937_162_-572_-329]
=== RUN   TestQuickSort/[-81_-481_-230_-381_-237_461_67_100_-669_-126_295_343_551_541_102]
=== RUN   TestQuickSort/[239_-71_426_-217_-21_-92_-598_48_-748_-614_-631_-196_22_701_136]
=== RUN   TestQuickSort/[171_570_827_-627_266_-605_-11_-132_-528_487_189_-118_-243_202_-23]
=== RUN   TestQuickSort/[130_305_-441_173_234_112_-584_135_350_533_105_-373_-483_40_503]
=== RUN   TestQuickSort/[-517_309_362_335_140_132_591_-364_-380_-209_-264_232_-237_-266_68]
=== RUN   TestQuickSort/[-101_430_715_-351_-582_-839_-70_126_-777_-289_161_203_312_-98_-157]
=== RUN   TestQuickSort/[451_192_-286_544_395_-768_140_-548_-163_403_-337_-60_266_-77_-912]
=== RUN   TestQuickSort/[-388_528_-128_659_-246_624_382_592_329_357_-215_-200_-514_878_747]
=== RUN   TestQuickSort/[-702_470_-133_-231_-116_224_105_314_613_169_-77_-698_-221_8_-255]
=== RUN   TestQuickSort/[-530_-505_-352_8_820_-225_-738_454_185_-151_-298_476_147_290_-324]
=== RUN   TestQuickSort/[125_502_-127_-445_46_315_647_330_671_-182_-147_-177_-258_436_358]
=== RUN   TestQuickSort/[-818_60_174_-551_326_593_605_76_-290_-132_747_-476_3_-648_11]
=== RUN   TestQuickSort/[-130_-184_291_307_644_62_-14_-299_60_-89_-175_202_-391_-56_-218]
=== RUN   TestQuickSort/[180_328_207_-300_-699_-198_332_330_-530_773_-402_-51_-296_-854_-395]
=== RUN   TestQuickSort/[-255_547_-243_110_281_-197_-98_-336_-272_760_470_-378_442_-262_689]
=== RUN   TestQuickSort/[-268_-163_683_-83_307_-69_-13_526_498_467_-290_-144_48_358_210]
=== RUN   TestQuickSort/[-73_235_-351_-225_170_254_229_-208_-536_674_85_-135_-491_-567_-231]
=== RUN   TestQuickSort/[-496_-308_-216_-601_-790_-135_-357_-338_-382_-110_299_-651_140_-359_-337]
=== RUN   TestQuickSort/[-207_464_527_172_-773_-39_85_649_-399_-13_-481_-245_-682_116_-712]
=== RUN   TestQuickSort/[-48_-56_-957_-36_-313_457_258_-154_-31_311_-122_258_249_-502_-381]
=== RUN   TestQuickSort/[250_61_342_221_343_-193_-232_-28_322_730_20_42_721_-723_-371]
=== RUN   TestQuickSort/[-300_152_-728_-89_12_256_83_-696_-725_688_154_-341_367_-440_402]
=== RUN   TestQuickSort/[-484_392_872_-387_-55_16_-134_-326_127_-53_81_766_-227_-596_67]
=== RUN   TestQuickSort/[709_66_-619_-885_538_168_-41_-602_142_547_202_-197_-563_-744_-575]
=== RUN   TestQuickSort/[915_-56_647_-308_235_-119_783_-663_38_-602_-250_670_351_315_-67]
=== RUN   TestQuickSort/[-660_545_292_-13_-2_364_230_-191_-47_-226_284_-95_-404_-704_42]
=== RUN   TestQuickSort/[20_-655_573_-170_283_579_-638_-869_0_-94_-188_-828_711_445_-293]
=== RUN   TestQuickSort/[-252_-252_-585_239_-238_-372_570_100_-162_38_170_-191_90_-259_36]
=== RUN   TestQuickSort/[359_26_103_870_-476_-66_-144_-89_-147_48_108_205_-174_663_-254]
=== RUN   TestQuickSort/[509_-378_-405_-395_-193_-103_388_19_405_44_-416_-55_821_498_-21]
=== RUN   TestQuickSort/[-218_883_42_40_-57_118_46_-140_-227_506_284_-62_-471_460_483]
=== RUN   TestQuickSort/[-204_-282_-584_337_-224_260_106_164_-141_-22_271_-90_670_190_5]
=== RUN   TestQuickSort/[9_-447_-374_-196_184_609_149_3_656_440_236_-400_391_-152_80]
=== RUN   TestQuickSort/[-256_204_406_-519_-603_117_-289_-448_352_-742_349_-762_-8_234_-450]
=== RUN   TestQuickSort/[598_-208_333_-383_-21_449_-388_580_-184_416_534_-657_-15_470_-753]
=== RUN   TestQuickSort/[-346_644_32_251_-181_-302_651_274_-246_-223_533_334_-869_-12_169]
=== RUN   TestQuickSort/[101_-507_114_-394_505_429_220_-340_-529_-328_-926_-645_-2_267_-311]
=== RUN   TestQuickSort/[-221_-333_874_132_-666_200_-282_-150_238_103_595_406_115_397_-353]
=== RUN   TestQuickSort/[887_138_836_782_421_-263_-6_-7_499_-416_-361_-297_-371_8_-177]
=== RUN   TestQuickSort/[-87_-17_82_715_503_-52_558_694_-78_-410_-414_329_-693_-51_603]
=== RUN   TestQuickSort/[-316_317_236_663_447_-63_280_535_-485_-476_243_-382_268_235_601]
=== RUN   TestQuickSort/[263_-585_120_23_407_462_-99_299_210_152_343_-17_-345_128_88]
=== RUN   TestQuickSort/[217_653_922_435_866_321_660_-181_-122_-335_32_184_-926_-604_256]
=== RUN   TestQuickSort/[-460_-393_-466_-238_411_323_368_503_-901_330_593_-405_270_198_-209]
=== RUN   TestQuickSort/[-527_676_548_-165_-605_142_492_351_-252_473_-95_-353_328_-480_944]
=== RUN   TestQuickSort/[6_776_-4_667_212_-369_58_713_770_-5_-16_122_-125_-619_-244]
=== RUN   TestQuickSort/[142_372_114_-503_312_-286_-82_547_-133_206_-38_-434_-135_407_190]
=== RUN   TestQuickSort/[5_-456_525_531_-337_60_15_-253_23_571_-325_-30_36_-701_147]
=== RUN   TestQuickSort/[599_676_241_-581_508_-13_-300_193_-33_-309_-200_-279_476_10_-9]
=== RUN   TestQuickSort/[168_308_-134_-423_-433_253_-285_18_-551_-180_318_293_-101_-686_-678]
=== RUN   TestQuickSort/[-267_-96_-314_-243_571_807_-133_-503_-228_104_-520_-98_54_623_649]
=== RUN   TestQuickSort/[25_394_-93_-140_924_557_320_158_-255_-1_-98_-386_-268_401_-335]
=== RUN   TestQuickSort/[-58_-205_744_-360_-754_-695_594_336_-243_149_321_858_-128_265_356]
=== RUN   TestQuickSort/[-195_203_19_223_258_-273_72_138_115_-62_-71_-59_626_441_630]
=== RUN   TestQuickSort/[125_-167_735_-954_110_615_187_-145_692_317_401_499_-166_171_-88]
=== RUN   TestQuickSort/[33_595_465_-603_54_-199_452_-116_442_-537_14_348_-422_-662_-441]
=== RUN   TestQuickSort/[306_-504_-339_-76_-738_-411_-93_479_521_-466_-387_-133_-276_-742_-403]
=== RUN   TestQuickSort/[174_253_-497_-86_-456_444_-717_-202_133_863_481_-544_-79_-468_-49]
=== RUN   TestQuickSort/[-148_353_-430_-243_77_236_827_-70_-39_-1_11_184_641_217_247]
=== RUN   TestQuickSort/[-142_260_362_-411_652_-250_-261_808_-579_-251_742_-152_238_321_-127]
=== RUN   TestQuickSort/[-623_353_-483_200_333_-150_-395_-615_-349_692_79_-483_92_-653_58]
=== RUN   TestQuickSort/[196_774_183_-278_-442_435_-473_-221_-297_369_514_-711_-608_-264_572]
=== RUN   TestQuickSort/[-325_-869_-79_-423_-643_19_-282_-508_150_591_-386_-312_-724_-581_118]
=== RUN   TestQuickSort/[-160_857_349_10_-410_-246_-35_20_498_229_224_121_917_-831_-88]
=== RUN   TestQuickSort/[-16_510_263_-470_-126_-622_753_649_446_-594_-84_293_-265_258_-22]
=== RUN   TestQuickSort/[439_83_614_892_-218_-339_-108_-328_-684_-20_525_36_-377_-612_674]
=== RUN   TestQuickSort/[-50_-35_-302_538_-528_-401_-497_159_507_525_260_715_-462_-434_183]
=== RUN   TestQuickSort/[91_671_114_-11_-26_343_-550_540_-48_-797_178_167_-288_-598_25]
=== RUN   TestQuickSort/[379_603_331_-492_-110_678_-228_-328_116_65_-505_-674_-471_-588_472]
=== RUN   TestQuickSort/[847_-45_-791_750_-339_5_143_-269_-5_-173_-317_-602_17_168_-209]
=== RUN   TestQuickSort/[432_-417_-535_-183_940_636_568_68_230_-9_170_549_-438_-81_155]
=== RUN   TestQuickSort/[305_-55_287_910_-861_-150_-101_-322_435_17_151_776_-274_-2_76]
=== RUN   TestQuickSort/[192_309_-455_249_9_-419_182_253_-601_-575_-522_419_185_569_57]
=== RUN   TestQuickSort/[-513_-49_464_-96_612_37_-11_-112_-157_260_-627_-846_-695_699_527]
=== RUN   TestQuickSort/[128_19_-693_-54_-729_-230_278_-607_245_-122_-75_-506_6_689_-571]
=== RUN   TestQuickSort/[51_350_581_178_-239_86_-343_-662_591_714_-235_355_648_166_419]
=== RUN   TestQuickSort/[-101_210_-28_-349_-727_373_-278_-2_698_471_-533_-510_-160_-481_-89]
=== RUN   TestQuickSort/[-326_53_142_487_627_-803_53_609_-244_665_424_461_144_80_-586]
=== RUN   TestQuickSort/[709_351_-267_-152_-747_88_821_50_-312_-260_-3_-48_72_539_821]
=== RUN   TestQuickSort/[-237_-888_273_-56_-80_611_738_397_-409_167_-554_502_-679_123_194]
=== RUN   TestQuickSort/[-90_212_-141_807_-457_-50_-74_-169_538_302_-473_-486_-40_165_-673]
=== RUN   TestQuickSort/[258_-119_-292_559_-103_-351_-95_683_-932_0_-590_596_132_-285_-438]
=== RUN   TestQuickSort/[-617_184_471_765_98_202_529_-487_-209_-682_66_-184_-583_530_515]
=== RUN   TestQuickSort/[384_764_-84_-185_225_287_140_-222_-222_598_-16_-32_-90_581_354]
=== RUN   TestQuickSort/[65_799_0_-225_586_101_-128_246_670_200_810_-7_343_-115_214]
=== RUN   TestQuickSort/[273_98_-63_-168_773_-114_56_223_-438_-338_133_148_-79_-69_-320]
=== RUN   TestQuickSort/[-108_657_-122_-596_-16_-193_-614_-500_115_237_-203_-131_869_419_259]
=== RUN   TestQuickSort/[426_-426_-133_373_-224_-311_-177_-466_567_-93_-527_672_20_-223_382]
=== RUN   TestQuickSort/[654_266_184_-205_-206_-609_177_82_19_761_-66_441_77_153_-66]
=== RUN   TestQuickSort/[560_-299_307_426_799_309_403_-591_190_-119_-108_251_307_45_927]
=== RUN   TestQuickSort/[-72_-561_447_-336_114_-362_-360_284_-217_464_-387_144_209_276_-40]
=== RUN   TestQuickSort/[358_-189_-147_188_-339_-71_-404_238_405_427_3_342_680_512_-720]
=== RUN   TestQuickSort/[176_709_-724_-593_625_591_-312_-619_-660_-300_654_497_-116_283_38]
=== RUN   TestQuickSort/[800_137_90_271_-119_514_-458_83_-675_495_-375_-131_-387_716_129]
=== RUN   TestQuickSort/[-74_178_-393_340_-225_341_799_-719_144_-205_-151_312_152_-341_5]
=== RUN   TestQuickSort/[-301_187_-273_196_211_-556_17_71_-682_-85_683_82_-120_-27_119]
=== RUN   TestQuickSort/[-154_158_710_286_41_740_630_533_159_179_536_-38_402_-94_214]
=== RUN   TestQuickSort/[274_369_-155_263_-375_404_-461_391_-177_-584_91_-97_-214_223_-248]
=== RUN   TestQuickSort/[-384_-72_-815_-523_310_505_-453_-397_-32_-61_46_-228_15_57_-201]
=== RUN   TestQuickSort/[677_857_121_41_368_-533_-530_-251_255_772_166_-618_248_584_332]
=== RUN   TestQuickSort/[-571_-773_72_-672_-633_-559_-156_184_-96_567_81_794_-92_39_124]
=== RUN   TestQuickSort/[-391_739_517_-482_144_449_-128_332_-896_-242_-661_304_349_-301_-383]
=== RUN   TestQuickSort/[151_-226_-262_140_-669_-366_542_-49_-568_679_571_-114_-584_-735_-636]
=== RUN   TestQuickSort/[471_-172_737_490_283_457_117_-57_565_697_-387_-647_140_-308_-580]
=== RUN   TestQuickSort/[367_185_90_503_435_-863_113_-150_500_480_234_4_316_-194_-82]
=== RUN   TestQuickSort/[357_756_-207_-676_6_-47_386_-437_-298_-500_-888_-705_82_444_-339]
=== RUN   TestQuickSort/[-561_-223_-422_-132_435_-68_-55_-309_180_-686_-333_-352_572_-348_318]
=== RUN   TestQuickSort/[-72_-538_738_396_855_-31_24_-560_545_-184_487_-510_631_196_-358]
=== RUN   TestQuickSort/[129_-114_309_-162_-47_-404_-429_329_-309_535_345_58_212_-310_-125]
=== RUN   TestQuickSort/[367_106_503_-567_888_71_-376_311_339_-142_626_-475_-236_134_-370]
=== RUN   TestQuickSort/[124_-265_366_-6_495_481_-311_-154_20_-327_-386_-415_615_-17_445]
=== RUN   TestQuickSort/[486_-231_934_37_-350_66_-542_-281_-126_651_253_261_-52_179_-36]
=== RUN   TestQuickSort/[-305_573_-482_-638_831_-300_771_363_43_732_-233_171_5_110_593]
=== RUN   TestQuickSort/[372_-110_184_254_422_11_396_-562_-768_-35_99_-40_-497_149_-727]
=== RUN   TestQuickSort/[-487_405_-23_831_848_-81_277_74_110_73_-333_87_80_46_208]
=== RUN   TestQuickSort/[165_247_539_-704_388_-567_501_17_-214_61_-114_188_-104_469_122]
=== RUN   TestQuickSort/[988_429_-480_-26_485_795_-145_-397_435_-742_96_-561_-73_91_-98]
=== RUN   TestQuickSort/[-135_-235_92_-285_305_-241_763_-834_299_-295_-629_-143_784_186_45]
=== RUN   TestQuickSort/[22_387_-266_-98_-86_55_-484_409_-334_-240_22_-180_542_37_252]
=== RUN   TestQuickSort/[-610_-349_65_283_-912_-749_397_693_-50_388_-79_-549_-928_50_-603]
=== RUN   TestQuickSort/[384_251_-338_-371_-313_-128_-768_475_81_448_-659_-503_-572_136_24]
=== RUN   TestQuickSort/[337_-901_625_203_858_357_73_-274_-69_-344_560_-680_490_328_767]
=== RUN   TestQuickSort/[-582_-147_679_-332_-497_664_947_-123_-442_25_-822_35_737_510_467]
=== RUN   TestQuickSort/[7_414_595_259_-103_310_344_418_-243_-470_-382_-452_615_-102_396]
=== RUN   TestQuickSort/[-501_-179_-31_97_286_-90_445_194_248_-166_-725_279_-758_265_272]
=== RUN   TestQuickSort/[-114_490_4_-562_-889_426_-282_58_-62_-59_-187_-264_-491_-533_-370]
=== RUN   TestQuickSort/[-177_518_506_578_56_405_-828_-208_-321_-302_-329_554_-238_-358_86]
--- PASS: TestQuickSort (0.02s)
    --- PASS: TestQuickSort/[449_679_-112_-350_51_5_850_359_157_-742_404_-630_-841_62_102] (0.00s)
    --- PASS: TestQuickSort/[-84_-93_611_-402_-15_265_52_-125_483_80_-304_-90_24_566_-416] (0.00s)
    --- PASS: TestQuickSort/[-357_-486_-450_38_177_138_743_183_583_609_-85_4_335_-2_733] (0.00s)
    --- PASS: TestQuickSort/[136_-86_-95_-197_-176_-325_-424_215_578_-556_-856_487_620_-186_708] (0.00s)
    --- PASS: TestQuickSort/[531_-552_-120_481_601_344_-190_-537_150_-188_-373_-110_-31_-103_-447] (0.00s)
    --- PASS: TestQuickSort/[19_58_-55_92_-133_33_59_101_471_-518_-440_-492_240_552_185] (0.00s)
    --- PASS: TestQuickSort/[-72_-133_431_-474_397_18_-299_-109_-3_-281_397_-295_-514_237_482] (0.00s)
    --- PASS: TestQuickSort/[-120_-199_593_777_298_295_-261_136_612_-151_-46_-427_262_842_-258] (0.00s)
    --- PASS: TestQuickSort/[224_357_391_-490_701_-380_-610_-609_53_105_593_407_694_196_362] (0.00s)
    --- PASS: TestQuickSort/[-67_114_163_-307_743_76_341_280_-87_740_479_-166_48_-589_-145] (0.00s)
    --- PASS: TestQuickSort/[363_-391_466_-140_53_192_195_97_-351_816_501_356_-65_-661_425] (0.00s)
    --- PASS: TestQuickSort/[-798_763_308_-309_-32_-354_-705_86_-220_-353_433_860_735_-204_-424] (0.00s)
    --- PASS: TestQuickSort/[414_-448_-50_-41_825_-82_11_-110_259_235_318_-35_244_-395_577] (0.00s)
    --- PASS: TestQuickSort/[173_-58_646_-770_372_599_-396_-492_-487_58_-159_-291_-19_-252_493] (0.00s)
    --- PASS: TestQuickSort/[-386_-695_-13_-440_-47_483_537_414_-688_-76_420_565_806_314_-236] (0.00s)
    --- PASS: TestQuickSort/[-8_-99_423_-449_26_772_390_-144_231_220_-28_-432_58_-521_-778] (0.00s)
    --- PASS: TestQuickSort/[585_672_429_-343_-737_133_625_385_751_-660_666_46_-825_-404_-161] (0.00s)
    --- PASS: TestQuickSort/[664_-652_333_730_148_-88_-558_-446_293_198_357_-71_122_-616_-212] (0.00s)
    --- PASS: TestQuickSort/[517_329_182_-944_386_-280_-165_-542_190_-451_-203_-309_-761_370_-807] (0.00s)
    --- PASS: TestQuickSort/[374_486_-288_-260_-42_244_-141_65_-16_38_-428_-4_-49_-366_4] (0.00s)
    --- PASS: TestQuickSort/[-6_222_126_-405_81_102_330_-616_126_-26_-161_-263_-255_198_-446] (0.00s)
    --- PASS: TestQuickSort/[188_135_212_438_-202_-165_-662_-168_39_65_0_2_550_-22_-338] (0.00s)
    --- PASS: TestQuickSort/[-164_534_-125_405_-650_256_-609_397_-390_-265_142_209_232_-37_-121] (0.00s)
    --- PASS: TestQuickSort/[803_-169_164_139_-418_30_-504_-695_-278_-307_-139_441_-8_765_-402] (0.00s)
    --- PASS: TestQuickSort/[-82_28_376_-46_255_428_102_133_-799_161_-554_-291_466_-870_454] (0.00s)
    --- PASS: TestQuickSort/[367_18_-540_-177_53_39_146_-515_-170_-241_-258_64_-634_-71_176] (0.00s)
    --- PASS: TestQuickSort/[16_327_-523_-951_-55_-212_214_222_-766_671_-649_829_-115_-178_179] (0.00s)
    --- PASS: TestQuickSort/[-536_118_184_530_40_-401_-562_756_-123_-364_-79_211_536_-534_317] (0.00s)
    --- PASS: TestQuickSort/[260_-547_320_29_840_56_172_542_279_-18_-82_-586_69_173_583] (0.00s)
    --- PASS: TestQuickSort/[-271_67_10_480_-370_119_-167_-109_187_251_-656_160_-187_342_-133] (0.00s)
    --- PASS: TestQuickSort/[249_194_-4_164_201_251_-9_86_-641_-236_-216_-455_815_-13_376] (0.00s)
    --- PASS: TestQuickSort/[-100_-42_-207_-383_-334_-664_7_730_-727_-94_4_724_146_27_127] (0.00s)
    --- PASS: TestQuickSort/[71_-719_118_155_-206_133_38_-602_468_-100_781_22_671_474_-444] (0.00s)
    --- PASS: TestQuickSort/[-510_-294_-153_-196_95_439_216_-197_298_205_355_88_18_553_-456] (0.00s)
    --- PASS: TestQuickSort/[384_678_-325_143_-232_457_65_-647_-113_-316_-416_-478_-625_617_805] (0.00s)
    --- PASS: TestQuickSort/[392_-609_159_-125_-464_387_-384_489_27_-546_697_479_357_-173_-559] (0.00s)
    --- PASS: TestQuickSort/[140_-586_-520_-548_-444_147_279_-365_-32_-648_513_-29_-33_-302_-641] (0.00s)
    --- PASS: TestQuickSort/[185_-453_-207_-520_424_212_-334_623_-488_-198_44_175_-91_618_741] (0.00s)
    --- PASS: TestQuickSort/[-80_126_938_646_162_-38_-339_738_-43_-924_154_-280_604_378_441] (0.00s)
    --- PASS: TestQuickSort/[-729_498_298_416_-7_-167_602_-132_43_265_173_503_616_-138_7] (0.00s)
    --- PASS: TestQuickSort/[-96_559_428_-339_481_-557_864_578_449_-401_263_133_351_739_-547] (0.00s)
    --- PASS: TestQuickSort/[346_-182_423_-202_75_-33_-80_-547_-750_-442_-794_142_-97_117_-74] (0.00s)
    --- PASS: TestQuickSort/[-628_-147_16_-230_-619_293_67_33_24_238_374_-49_-363_-830_245] (0.00s)
    --- PASS: TestQuickSort/[67_141_-276_498_-84_250_-91_-411_160_-446_210_69_585_-263_-885] (0.00s)
    --- PASS: TestQuickSort/[-27_-17_471_-256_-224_760_-103_-343_-309_269_419_94_-170_83_483] (0.00s)
    --- PASS: TestQuickSort/[39_-103_209_171_260_-399_852_110_388_859_48_685_-67_-212_-646] (0.00s)
    --- PASS: TestQuickSort/[785_862_-347_-823_761_-158_-285_-488_-279_-91_283_-256_-110_648_178] (0.00s)
    --- PASS: TestQuickSort/[-821_-534_-217_164_671_-650_-83_-378_172_-102_415_-147_-232_13_0] (0.00s)
    --- PASS: TestQuickSort/[233_-127_-735_453_517_-523_-561_-419_-440_252_631_-13_-53_-289_-59] (0.00s)
    --- PASS: TestQuickSort/[-492_-565_-564_-81_-878_-350_303_-500_277_20_-217_343_626_167_-462] (0.00s)
    --- PASS: TestQuickSort/[-8_656_-176_-174_-79_236_-671_-624_479_-209_-436_-956_661_188_-791] (0.00s)
    --- PASS: TestQuickSort/[101_-38_-126_711_-404_-809_-588_-392_828_-635_164_257_-493_924_157] (0.00s)
    --- PASS: TestQuickSort/[442_620_-426_919_-17_-625_-12_-79_-109_147_603_96_232_-58_686] (0.00s)
    --- PASS: TestQuickSort/[-159_-14_-501_550_-267_903_-124_98_-472_33_-163_-831_91_-388_91] (0.00s)
    --- PASS: TestQuickSort/[-191_-316_339_192_-430_-205_-861_-593_-221_308_314_48_100_75_326] (0.00s)
    --- PASS: TestQuickSort/[442_342_-744_409_-430_152_45_-243_-641_472_175_755_382_-579_368] (0.00s)
    --- PASS: TestQuickSort/[-121_73_752_78_684_259_151_-241_-347_364_582_-363_467_-236_-165] (0.00s)
    --- PASS: TestQuickSort/[53_-181_184_-235_642_388_-234_397_702_221_390_491_-243_-494_555] (0.00s)
    --- PASS: TestQuickSort/[-66_41_680_-328_73_-759_748_719_431_-116_630_-676_-318_438_46] (0.00s)
    --- PASS: TestQuickSort/[-558_135_308_79_-512_159_31_434_772_408_110_212_284_-421_69] (0.00s)
    --- PASS: TestQuickSort/[-324_-102_778_-6_-58_223_-32_-361_345_187_-756_481_132_37_248] (0.00s)
    --- PASS: TestQuickSort/[-167_56_57_-623_248_363_203_35_-7_21_-94_-644_205_443_-442] (0.00s)
    --- PASS: TestQuickSort/[-61_-707_22_-404_-654_538_-233_242_-418_485_-136_-346_347_516_963] (0.00s)
    --- PASS: TestQuickSort/[70_112_-147_333_-166_98_-126_-125_-186_93_-18_594_-582_-118_384] (0.00s)
    --- PASS: TestQuickSort/[-116_-167_-648_-362_-378_41_41_275_338_177_362_-657_21_-499_-306] (0.00s)
    --- PASS: TestQuickSort/[-464_454_224_-24_495_-177_77_20_-582_292_185_-600_-905_143_1] (0.00s)
    --- PASS: TestQuickSort/[-711_401_27_-35_293_-433_364_395_-21_549_106_-395_-516_-335_696] (0.00s)
    --- PASS: TestQuickSort/[-705_132_-36_362_11_-470_298_584_645_-241_0_196_-200_538_1] (0.00s)
    --- PASS: TestQuickSort/[566_-534_441_-502_-259_630_-369_-62_-211_37_323_776_194_2_698] (0.00s)
    --- PASS: TestQuickSort/[139_-307_258_432_314_119_-586_-513_236_-863_-667_2_-75_-51_195] (0.00s)
    --- PASS: TestQuickSort/[544_-380_-368_-137_686_-788_-95_-376_82_-165_-663_168_515_-279_370] (0.00s)
    --- PASS: TestQuickSort/[-466_199_-63_-189_-265_223_158_563_-786_317_-761_220_211_-100_-630] (0.00s)
    --- PASS: TestQuickSort/[-67_-70_-180_340_136_-216_240_534_-173_69_-332_-312_-48_-555_809] (0.00s)
    --- PASS: TestQuickSort/[-111_-132_275_772_229_-820_750_-242_148_-198_-187_-617_-310_-8_-134] (0.00s)
    --- PASS: TestQuickSort/[-235_-121_355_542_596_-347_617_632_-105_671_-755_15_-97_72_402] (0.00s)
    --- PASS: TestQuickSort/[179_-206_616_46_-379_-327_-477_-527_-208_-291_273_532_207_-525_-405] (0.00s)
    --- PASS: TestQuickSort/[38_661_234_-129_713_-49_-217_507_-793_-12_-365_-799_583_-35_556] (0.00s)
    --- PASS: TestQuickSort/[-129_346_-65_-717_505_-247_-772_-226_3_-643_-24_322_565_-330_208] (0.00s)
    --- PASS: TestQuickSort/[392_429_-327_566_57_-36_326_85_-196_527_182_-15_58_97_-242] (0.00s)
    --- PASS: TestQuickSort/[219_175_767_-557_-42_-162_-905_-691_-146_260_370_-180_458_-197_671] (0.00s)
    --- PASS: TestQuickSort/[167_61_183_-219_-5_519_28_573_-363_716_899_440_-454_-40_-97] (0.00s)
    --- PASS: TestQuickSort/[27_-504_-435_792_-288_-206_-246_224_-169_375_430_105_120_-889_417] (0.00s)
    --- PASS: TestQuickSort/[-513_728_88_106_70_215_240_-665_-13_-642_268_-59_62_408_-114] (0.00s)
    --- PASS: TestQuickSort/[130_79_-303_-205_210_162_581_404_671_199_-287_30_-58_133_428] (0.00s)
    --- PASS: TestQuickSort/[254_431_161_-122_-382_-391_109_373_-534_-222_-269_-418_-34_-245_793] (0.00s)
    --- PASS: TestQuickSort/[-295_-151_-532_-655_725_90_-505_-735_-142_-725_166_849_220_-593_668] (0.00s)
    --- PASS: TestQuickSort/[353_507_68_621_35_659_-407_96_264_-186_443_-488_575_-529_-601] (0.00s)
    --- PASS: TestQuickSort/[481_518_347_36_-379_555_60_-2_-54_-484_32_-745_169_355_-451] (0.00s)
    --- PASS: TestQuickSort/[-470_716_722_787_-266_38_370_51_-537_78_-105_112_900_-265_-140] (0.00s)
    --- PASS: TestQuickSort/[315_746_-147_144_142_110_-10_-493_139_311_610_314_-135_-664_-250] (0.00s)
    --- PASS: TestQuickSort/[12_132_638_614_-617_419_-169_481_289_318_-263_-190_327_-384_41] (0.00s)
    --- PASS: TestQuickSort/[-495_620_-128_-99_-250_-84_-121_-40_-26_-223_669_257_7_592_-599] (0.00s)
    --- PASS: TestQuickSort/[137_391_-63_-6_-579_580_-441_298_245_116_728_-519_-509_-663_140] (0.00s)
    --- PASS: TestQuickSort/[15_-138_-152_122_-155_-215_545_-51_8_116_437_204_-8_-173_228] (0.00s)
    --- PASS: TestQuickSort/[65_303_365_-271_169_849_99_-332_413_370_11_14_597_157_22] (0.00s)
    --- PASS: TestQuickSort/[-99_774_-434_-165_-778_-535_-3_879_38_303_-227_-99_-274_-232_451] (0.00s)
    --- PASS: TestQuickSort/[-453_394_-373_603_-311_329_-785_73_145_-681_441_66_-546_-603_279] (0.00s)
    --- PASS: TestQuickSort/[298_-160_-410_639_580_-358_-188_442_208_12_-824_-109_150_139_-800] (0.00s)
    --- PASS: TestQuickSort/[950_240_-278_-395_-711_606_125_-399_640_-720_541_-465_119_166_-225] (0.00s)
    --- PASS: TestQuickSort/[-354_-365_-98_-371_-122_811_-618_-129_53_126_-187_-816_272_-728_408] (0.00s)
    --- PASS: TestQuickSort/[294_507_-160_-273_-168_-495_-499_-337_-333_-241_-70_0_622_133_578] (0.00s)
    --- PASS: TestQuickSort/[142_589_870_-585_335_-613_-438_-191_-695_-346_803_-24_-308_-54_70] (0.00s)
    --- PASS: TestQuickSort/[-224_144_-532_-147_-412_356_-554_-479_181_-695_531_-360_595_-227_-287] (0.00s)
    --- PASS: TestQuickSort/[-440_121_-6_-348_-579_704_391_20_-423_-463_-132_-36_-23_-337_308] (0.00s)
    --- PASS: TestQuickSort/[52_795_303_636_-154_-520_-400_-507_225_380_101_104_590_88_-91] (0.00s)
    --- PASS: TestQuickSort/[-65_-355_661_333_170_260_87_-476_134_149_256_-362_-530_513_-133] (0.00s)
    --- PASS: TestQuickSort/[310_-518_-385_-129_-665_-167_826_-31_3_511_-195_357_-533_169_19] (0.00s)
    --- PASS: TestQuickSort/[304_-593_213_417_616_651_1_383_-579_34_844_-938_153_-502_68] (0.00s)
    --- PASS: TestQuickSort/[-430_-444_129_437_80_672_783_-654_-682_-169_142_3_-780_366_-68] (0.00s)
    --- PASS: TestQuickSort/[-536_156_-277_243_-25_-179_-762_-193_-69_18_561_690_-26_-30_54] (0.00s)
    --- PASS: TestQuickSort/[246_-99_-364_-282_-438_-240_-900_-356_319_454_25_-361_53_-56_-170] (0.00s)
    --- PASS: TestQuickSort/[-166_296_373_805_-518_268_-230_-318_-345_-62_-123_541_178_468_-588] (0.00s)
    --- PASS: TestQuickSort/[-809_386_586_93_-72_-553_638_537_-777_287_292_150_844_109_81] (0.00s)
    --- PASS: TestQuickSort/[400_822_-692_-414_316_-145_-54_-235_-249_221_-572_-439_-366_-593_575] (0.00s)
    --- PASS: TestQuickSort/[462_379_-145_-38_-452_-111_395_105_916_643_429_354_-664_204_432] (0.00s)
    --- PASS: TestQuickSort/[82_255_-794_-621_-838_-600_-383_-290_-301_186_413_-472_406_-567_-8] (0.00s)
    --- PASS: TestQuickSort/[-743_-19_-131_126_-411_-296_-188_583_678_-623_-520_-70_-592_-177_268] (0.00s)
    --- PASS: TestQuickSort/[-589_151_8_-254_27_-44_266_-801_-125_666_35_-297_349_-430_105] (0.00s)
    --- PASS: TestQuickSort/[570_-485_601_-513_168_541_696_-60_-225_13_439_184_562_-99_-574] (0.00s)
    --- PASS: TestQuickSort/[-639_251_587_364_669_194_581_523_344_-1_-519_-385_-602_644_-254] (0.00s)
    --- PASS: TestQuickSort/[-206_90_-430_296_45_555_-249_-333_439_434_231_476_33_621_-244] (0.00s)
    --- PASS: TestQuickSort/[-151_-88_-375_79_-146_641_-553_-91_167_-474_-233_201_-892_-123_-398] (0.00s)
    --- PASS: TestQuickSort/[-567_282_-208_-23_669_-734_-362_449_81_-855_-310_-505_-311_-7_578] (0.00s)
    --- PASS: TestQuickSort/[-434_-111_662_466_-343_-233_115_-371_-66_401_38_215_378_-320_354] (0.00s)
    --- PASS: TestQuickSort/[-189_-579_-639_-494_-41_82_102_-248_-368_56_13_-25_132_852_-275] (0.00s)
    --- PASS: TestQuickSort/[-808_29_-840_459_-8_-4_-625_27_689_-356_75_50_-333_-80_174] (0.00s)
    --- PASS: TestQuickSort/[432_633_-511_411_-515_-69_-841_-154_-725_590_-595_-518_-32_294_199] (0.00s)
    --- PASS: TestQuickSort/[0_62_-17_48_-563_-859_17_-633_445_650_208_645_-64_-281_-698] (0.00s)
    --- PASS: TestQuickSort/[-536_191_154_-83_609_-168_375_90_505_-97_358_-696_-118_184_878] (0.00s)
    --- PASS: TestQuickSort/[-478_-394_-166_-189_-391_361_33_-115_-118_-336_-368_-608_-110_80_583] (0.00s)
    --- PASS: TestQuickSort/[964_285_310_-320_698_-58_-199_-38_259_341_2_-36_337_-217_961] (0.00s)
    --- PASS: TestQuickSort/[34_32_-104_72_-476_-86_144_35_-200_238_-881_-151_197_39_441] (0.00s)
    --- PASS: TestQuickSort/[183_-348_489_-611_459_104_7_-530_-258_319_-288_625_162_255_160] (0.00s)
    --- PASS: TestQuickSort/[369_300_-236_581_76_-461_-180_-284_742_799_-491_444_263_-687_-684] (0.00s)
    --- PASS: TestQuickSort/[-455_158_-548_269_101_-71_-55_649_443_464_313_141_502_-254_-786] (0.00s)
    --- PASS: TestQuickSort/[228_385_176_654_-110_129_175_371_146_-662_394_-48_749_171_207] (0.00s)
    --- PASS: TestQuickSort/[442_-84_-637_474_-625_-293_-107_-122_614_437_790_934_507_290_-561] (0.00s)
    --- PASS: TestQuickSort/[222_109_-342_178_-934_-771_-48_512_166_-297_83_131_-205_-537_-313] (0.00s)
    --- PASS: TestQuickSort/[-477_-156_57_-719_314_421_396_-82_600_57_-170_-24_-209_0_-179] (0.00s)
    --- PASS: TestQuickSort/[-60_8_-232_-4_43_-532_-646_-163_598_-376_136_540_218_495_-198] (0.00s)
    --- PASS: TestQuickSort/[-318_211_258_225_-185_-328_411_296_-145_125_-2_431_27_766_279] (0.00s)
    --- PASS: TestQuickSort/[-444_587_-166_395_401_-554_24_499_-874_374_827_9_-285_-316_-555] (0.00s)
    --- PASS: TestQuickSort/[-633_-268_388_615_104_542_-172_651_549_-296_-98_87_-478_-52_-336] (0.00s)
    --- PASS: TestQuickSort/[549_476_186_-130_442_-207_276_-594_-270_7_-526_-142_34_-454_332] (0.00s)
    --- PASS: TestQuickSort/[471_250_49_282_63_-424_-142_757_-312_51_51_-482_289_-747_-12] (0.00s)
    --- PASS: TestQuickSort/[582_-195_-115_-405_236_-122_-452_216_412_129_290_-697_-437_717_-65] (0.00s)
    --- PASS: TestQuickSort/[-278_6_133_147_-594_-255_-471_615_-190_326_496_75_242_212_66] (0.00s)
    --- PASS: TestQuickSort/[-267_-244_157_162_226_-328_-197_366_-6_-246_224_139_-55_-687_-860] (0.00s)
    --- PASS: TestQuickSort/[751_-460_15_126_-346_-61_-972_-16_-264_266_349_-910_20_564_122] (0.00s)
    --- PASS: TestQuickSort/[359_726_-256_305_288_404_-720_-448_-193_-173_154_138_-667_299_668] (0.00s)
    --- PASS: TestQuickSort/[-500_-597_200_127_-71_269_-425_148_-412_-131_-198_706_-374_446_-178] (0.00s)
    --- PASS: TestQuickSort/[-534_-78_-119_-611_65_148_182_-32_-4_126_102_-102_221_-21_436] (0.00s)
    --- PASS: TestQuickSort/[222_-487_-100_-365_52_-739_592_943_-278_767_-823_434_671_954_808] (0.00s)
    --- PASS: TestQuickSort/[-169_143_89_-247_-401_300_-192_111_-484_163_479_-339_-198_-272_309] (0.00s)
    --- PASS: TestQuickSort/[107_-302_-258_-63_99_326_-904_-229_148_246_-518_-298_111_739_883] (0.00s)
    --- PASS: TestQuickSort/[893_-110_-500_-23_-431_-609_121_317_-872_-89_-54_-366_-30_94_-632] (0.00s)
    --- PASS: TestQuickSort/[262_319_469_41_-403_-265_498_-673_101_281_329_-531_-21_-600_-190] (0.00s)
    --- PASS: TestQuickSort/[-271_311_41_-53_543_-138_-780_-395_173_781_144_-202_341_-224_63] (0.00s)
    --- PASS: TestQuickSort/[159_245_625_-773_167_-192_-346_-360_-335_323_632_33_-396_-211_189] (0.00s)
    --- PASS: TestQuickSort/[-126_-70_562_2_-209_-320_-557_-99_5_220_288_600_-256_313_-657] (0.00s)
    --- PASS: TestQuickSort/[263_-526_-581_-248_-19_47_632_-113_-208_302_-575_295_76_-64_497] (0.00s)
    --- PASS: TestQuickSort/[15_-431_249_-210_92_434_-504_234_517_161_-135_-58_-295_86_152] (0.00s)
    --- PASS: TestQuickSort/[-520_415_-57_621_230_49_-150_-521_-912_221_-503_602_270_124_404] (0.00s)
    --- PASS: TestQuickSort/[435_787_-559_580_44_-705_198_-302_-288_252_255_-299_329_187_-664] (0.00s)
    --- PASS: TestQuickSort/[122_698_241_-366_-98_-126_-579_120_-182_912_-201_72_-149_-281_-114] (0.00s)
    --- PASS: TestQuickSort/[121_383_58_-132_614_-113_368_75_-179_41_49_546_-57_-165_-259] (0.00s)
    --- PASS: TestQuickSort/[-285_-79_108_98_433_-503_29_89_-585_-633_-37_181_-231_804_-101] (0.00s)
    --- PASS: TestQuickSort/[278_229_-439_-437_-63_-503_98_-824_730_365_162_252_-231_-108_-874] (0.00s)
    --- PASS: TestQuickSort/[132_51_-327_696_122_439_484_-96_-763_296_126_-356_-134_172_205] (0.00s)
    --- PASS: TestQuickSort/[-111_127_723_133_-122_-858_928_432_-558_88_143_-388_-493_-106_-90] (0.00s)
    --- PASS: TestQuickSort/[-277_-254_-743_-779_-606_-399_-144_798_669_304_-215_-630_746_28_262] (0.00s)
    --- PASS: TestQuickSort/[931_-65_134_452_757_-793_-219_-199_266_70_111_130_208_-498_247] (0.00s)
    --- PASS: TestQuickSort/[-343_-430_264_-639_-331_296_-254_-145_-71_-771_-60_297_-375_-18_623] (0.00s)
    --- PASS: TestQuickSort/[-32_-762_913_-797_-887_224_63_793_878_697_490_56_282_251_68] (0.00s)
    --- PASS: TestQuickSort/[-348_-651_203_-259_46_-349_-651_-258_-670_-164_48_-231_-159_737_396] (0.00s)
    --- PASS: TestQuickSort/[363_-369_-418_362_-316_-278_180_-95_268_-123_-216_71_-506_499_0] (0.00s)
    --- PASS: TestQuickSort/[-380_-413_-516_-172_-217_332_531_435_248_569_51_103_-467_786_346] (0.00s)
    --- PASS: TestQuickSort/[-426_-427_359_-220_-518_-527_-315_205_67_-92_444_173_36_88_432] (0.00s)
    --- PASS: TestQuickSort/[-118_-67_-361_-482_333_-460_-92_-770_184_-142_539_-230_-363_174_-37] (0.00s)
    --- PASS: TestQuickSort/[22_762_502_53_-48_44_-217_145_-246_282_220_33_-144_169_-277] (0.00s)
    --- PASS: TestQuickSort/[-496_136_-546_464_-493_-328_-726_-119_-238_-182_138_-65_-601_-365_-296] (0.00s)
    --- PASS: TestQuickSort/[134_720_198_-569_70_626_-183_814_463_471_-126_103_-296_1_-324] (0.00s)
    --- PASS: TestQuickSort/[646_-49_-340_-190_-21_270_-52_-487_-382_251_-42_5_574_51_-50] (0.00s)
    --- PASS: TestQuickSort/[179_55_739_-728_553_-275_-241_302_151_690_451_451_279_-6_-575] (0.00s)
    --- PASS: TestQuickSort/[-148_169_-15_183_129_-646_704_635_-307_-678_63_-221_-282_-196_-496] (0.00s)
    --- PASS: TestQuickSort/[371_500_-196_-749_-366_373_103_299_153_160_122_116_264_-743_481] (0.00s)
    --- PASS: TestQuickSort/[30_796_-69_-735_-535_464_111_41_737_-346_-498_-148_-144_-91_279] (0.00s)
    --- PASS: TestQuickSort/[-217_69_-615_-46_-543_-289_38_269_-4_27_20_-38_247_154_429] (0.00s)
    --- PASS: TestQuickSort/[-12_154_-2_-296_794_-412_-613_-182_191_264_-491_364_-883_-608_11] (0.00s)
    --- PASS: TestQuickSort/[528_-521_-39_115_253_232_265_487_378_-63_-752_-820_-231_-22_-539] (0.00s)
    --- PASS: TestQuickSort/[-394_182_-437_254_353_94_111_22_124_-63_47_534_519_349_195] (0.00s)
    --- PASS: TestQuickSort/[150_-54_92_370_25_-175_-11_688_433_-207_-286_327_-352_-338_-107] (0.00s)
    --- PASS: TestQuickSort/[316_591_386_-364_54_-603_357_133_385_-724_-385_-120_-547_385_481] (0.00s)
    --- PASS: TestQuickSort/[-717_-235_214_223_375_-830_-228_-320_341_-562_52_-287_169_658_323] (0.00s)
    --- PASS: TestQuickSort/[-324_-79_474_729_218_121_-132_766_-256_279_305_556_4_402_49] (0.00s)
    --- PASS: TestQuickSort/[-246_258_236_-44_-405_-16_452_27_-58_-320_-29_387_-262_95_576] (0.00s)
    --- PASS: TestQuickSort/[40_32_147_219_84_-501_-335_708_621_41_47_-428_-509_-128_-426] (0.00s)
    --- PASS: TestQuickSort/[277_-70_288_333_530_-135_713_26_-445_567_411_-209_-201_-395_-291] (0.00s)
    --- PASS: TestQuickSort/[367_189_560_-495_3_404_355_-178_92_419_-594_356_-725_441_122] (0.00s)
    --- PASS: TestQuickSort/[-570_-488_463_-276_-97_305_-459_-393_372_-67_-485_4_355_444_252] (0.00s)
    --- PASS: TestQuickSort/[-738_44_830_-498_154_296_-222_378_-444_-298_-429_-596_-270_-438_48] (0.00s)
    --- PASS: TestQuickSort/[-258_384_117_92_123_404_484_-249_-644_-676_-48_-451_229_-752_814] (0.00s)
    --- PASS: TestQuickSort/[128_723_-422_-237_-171_-359_-492_-135_-7_-721_148_343_-570_-532_199] (0.00s)
    --- PASS: TestQuickSort/[-33_-435_-20_-549_-342_217_-182_-575_43_30_-407_-595_365_43_200] (0.00s)
    --- PASS: TestQuickSort/[-316_-119_238_386_-87_89_-23_323_-225_-50_10_-239_-377_116_553] (0.00s)
    --- PASS: TestQuickSort/[263_835_-169_-150_625_372_495_-329_390_448_-661_528_554_432_2] (0.00s)
    --- PASS: TestQuickSort/[-115_-465_772_-631_-729_-434_-79_738_824_-573_-256_691_-112_-709_191] (0.00s)
    --- PASS: TestQuickSort/[-152_37_655_697_-16_34_-111_486_-644_120_-113_306_71_-358_130] (0.00s)
    --- PASS: TestQuickSort/[329_228_-210_553_-573_719_-244_64_146_-343_89_-112_44_672_704] (0.00s)
    --- PASS: TestQuickSort/[-326_-8_-316_644_-233_-918_-41_555_-673_-352_-276_-67_491_106_582] (0.00s)
    --- PASS: TestQuickSort/[-46_442_349_-284_955_-241_80_-158_-61_422_-877_24_58_-121_-284] (0.00s)
    --- PASS: TestQuickSort/[76_461_639_-613_-248_-50_135_219_-34_45_-289_-328_680_298_-252] (0.00s)
    --- PASS: TestQuickSort/[-851_-751_276_-360_-445_592_421_50_550_792_454_-310_-259_779_-268] (0.00s)
    --- PASS: TestQuickSort/[199_-169_-633_483_-406_-50_48_670_36_-16_-680_62_157_-696_-158] (0.00s)
    --- PASS: TestQuickSort/[38_811_-191_396_-638_164_-19_-320_-107_-135_-955_142_-676_-631_255] (0.00s)
    --- PASS: TestQuickSort/[-635_58_-336_668_-269_-795_-672_-156_82_-264_-121_607_-407_387_-400] (0.00s)
    --- PASS: TestQuickSort/[-739_5_76_127_704_816_411_-115_-479_-731_-258_-415_806_115_-329] (0.00s)
    --- PASS: TestQuickSort/[615_514_-981_-48_131_372_-551_155_237_-539_0_-233_-254_632_605] (0.00s)
    --- PASS: TestQuickSort/[-79_-220_-4_83_-70_449_111_-407_369_21_-169_-470_-318_110_-458] (0.00s)
    --- PASS: TestQuickSort/[296_-510_-299_813_-187_-964_-266_51_100_-863_-357_-389_35_466_405] (0.00s)
    --- PASS: TestQuickSort/[551_365_555_195_-821_-127_31_-469_283_-237_-480_111_-587_-97_-597] (0.00s)
    --- PASS: TestQuickSort/[-657_476_753_-369_-433_-92_854_783_315_541_305_-106_665_-802_-178] (0.00s)
    --- PASS: TestQuickSort/[-228_-651_-235_4_-182_470_570_-448_-4_767_-181_-358_-131_25_-222] (0.00s)
    --- PASS: TestQuickSort/[-147_364_-596_704_-131_153_142_-609_-22_387_-134_-558_137_645_-139] (0.00s)
    --- PASS: TestQuickSort/[-559_25_597_833_174_462_162_-77_277_-653_-838_151_511_353_-477] (0.00s)
    --- PASS: TestQuickSort/[352_714_62_-136_384_-56_-24_560_-459_-502_-115_-766_-39_-251_69] (0.00s)
    --- PASS: TestQuickSort/[574_409_-129_-140_256_353_205_-110_-102_403_8_-172_-339_-492_-30] (0.00s)
    --- PASS: TestQuickSort/[-513_-308_-10_-404_-106_398_-203_20_276_-149_-179_246_-744_901_428] (0.00s)
    --- PASS: TestQuickSort/[-490_110_-253_-182_661_231_73_-496_133_244_-230_397_153_-531_-620] (0.00s)
    --- PASS: TestQuickSort/[314_-258_264_161_-818_-452_57_724_-371_-75_373_656_-729_737_-78] (0.00s)
    --- PASS: TestQuickSort/[177_-103_861_-726_192_-297_315_-217_-252_-770_-199_-205_493_-20_312] (0.00s)
    --- PASS: TestQuickSort/[-126_-48_131_-580_-261_163_-551_-282_81_273_47_-499_-453_-103_350] (0.00s)
    --- PASS: TestQuickSort/[-636_365_-252_-649_298_841_-37_153_578_-190_218_36_-45_93_-580] (0.00s)
    --- PASS: TestQuickSort/[53_493_496_423_31_-239_-73_498_422_-224_-349_306_-634_251_-466] (0.00s)
    --- PASS: TestQuickSort/[-267_-288_163_325_-408_650_797_-494_366_146_-281_157_755_494_-25] (0.00s)
    --- PASS: TestQuickSort/[-9_274_-462_-241_625_188_86_191_311_-422_577_-52_-327_-216_-218] (0.00s)
    --- PASS: TestQuickSort/[-453_89_-8_-245_-678_160_-251_30_-66_56_-506_253_529_824_27] (0.00s)
    --- PASS: TestQuickSort/[141_39_-25_-272_-39_-77_171_-190_379_334_-222_-900_332_-675_-309] (0.00s)
    --- PASS: TestQuickSort/[-804_621_-20_312_591_-178_-179_-573_-9_-827_-274_152_-836_-597_536] (0.00s)
    --- PASS: TestQuickSort/[-192_-101_324_-583_-359_159_189_-279_246_-417_539_303_599_4_151] (0.00s)
    --- PASS: TestQuickSort/[396_-209_42_16_-654_184_-3_292_579_814_229_-69_307_318_-887] (0.00s)
    --- PASS: TestQuickSort/[-753_381_-155_100_37_311_-324_531_-362_524_-69_485_760_-587_-221] (0.00s)
    --- PASS: TestQuickSort/[-812_803_0_-766_357_167_-321_242_-142_-38_286_-293_634_-298_-147] (0.00s)
    --- PASS: TestQuickSort/[74_-465_300_-226_486_-6_-208_-188_319_-272_-595_-433_-116_-843_627] (0.00s)
    --- PASS: TestQuickSort/[-13_-344_257_-520_204_46_-95_-667_-762_729_-364_-5_-285_-245_-6] (0.00s)
    --- PASS: TestQuickSort/[359_48_425_799_66_-467_160_-748_447_-118_-83_87_-287_-139_421] (0.00s)
    --- PASS: TestQuickSort/[-22_421_413_53_4_-149_321_122_561_-48_-191_132_-297_-424_136] (0.00s)
    --- PASS: TestQuickSort/[-33_208_126_19_198_9_-8_125_62_-647_-425_475_-414_-293_334] (0.00s)
    --- PASS: TestQuickSort/[-490_-157_685_-482_-343_-439_530_585_498_-21_462_39_-198_308_694] (0.00s)
    --- PASS: TestQuickSort/[160_-105_404_-366_-933_132_43_-100_454_-132_-457_-603_-404_204_162] (0.00s)
    --- PASS: TestQuickSort/[570_-275_-8_-425_54_428_-15_130_219_-209_-885_-628_40_-295_20] (0.00s)
    --- PASS: TestQuickSort/[275_63_-166_-789_-544_-6_-235_843_-753_533_-652_-143_-133_117_574] (0.00s)
    --- PASS: TestQuickSort/[-496_-351_359_150_748_38_873_-304_176_261_637_-405_-38_-36_563] (0.00s)
    --- PASS: TestQuickSort/[163_-514_-784_-350_-794_-55_377_-33_432_-806_-245_-819_-544_78_-191] (0.00s)
    --- PASS: TestQuickSort/[627_-404_295_-38_307_-184_630_-143_-341_-21_107_890_210_-764_-834] (0.00s)
    --- PASS: TestQuickSort/[22_841_-601_503_454_-310_-251_-289_637_-604_-637_-375_-53_317_94] (0.00s)
    --- PASS: TestQuickSort/[-77_-180_270_535_-361_467_666_-42_540_-828_557_89_-46_1_567] (0.00s)
    --- PASS: TestQuickSort/[-490_-383_-718_-386_370_-804_-81_-140_-496_530_-136_-545_-120_-274_-418] (0.00s)
    --- PASS: TestQuickSort/[-142_-553_573_-33_-233_-436_172_-350_-318_-749_101_-239_57_521_-477] (0.00s)
    --- PASS: TestQuickSort/[-383_105_-553_822_84_-468_321_-365_-124_-161_172_249_79_905_337] (0.00s)
    --- PASS: TestQuickSort/[66_-83_337_-94_117_188_164_-282_476_441_-131_468_0_-122_-645] (0.00s)
    --- PASS: TestQuickSort/[52_-76_-262_387_-220_-198_-124_-619_83_180_-162_-280_-168_15_780] (0.00s)
    --- PASS: TestQuickSort/[-859_252_108_-199_50_152_253_-383_143_89_363_125_203_-927_865] (0.00s)
    --- PASS: TestQuickSort/[866_-816_50_-182_197_548_-660_77_-269_-443_276_287_-4_599_161] (0.00s)
    --- PASS: TestQuickSort/[160_628_-48_-122_-60_-197_-38_-572_39_664_766_4_213_60_-63] (0.00s)
    --- PASS: TestQuickSort/[-36_-555_-779_514_-137_-567_53_305_-844_-168_384_295_669_-596_58] (0.00s)
    --- PASS: TestQuickSort/[-271_299_-475_-233_-211_501_483_-61_-534_317_668_558_766_-174_-577] (0.00s)
    --- PASS: TestQuickSort/[34_358_154_-433_-145_-372_486_241_-605_-7_-944_-504_158_165_490] (0.00s)
    --- PASS: TestQuickSort/[-575_-258_-159_119_-648_468_-851_129_-297_361_-924_-70_31_-144_254] (0.00s)
    --- PASS: TestQuickSort/[-260_-368_-810_45_320_-471_382_-335_215_-173_-688_-731_220_703_499] (0.00s)
    --- PASS: TestQuickSort/[-640_263_-248_392_49_-663_-251_-515_-1_428_563_135_35_-252_49] (0.00s)
    --- PASS: TestQuickSort/[-12_-630_-648_-92_129_-567_391_-233_469_-727_-287_768_529_108_-679] (0.00s)
    --- PASS: TestQuickSort/[768_132_527_-606_441_-98_193_-158_632_565_-377_106_-531_517_-763] (0.00s)
    --- PASS: TestQuickSort/[-714_530_-882_-845_3_-209_-113_561_209_-9_-416_-294_-16_4_886] (0.00s)
    --- PASS: TestQuickSort/[170_147_28_845_-3_13_-52_-135_-425_-185_560_-429_159_316_533] (0.00s)
    --- PASS: TestQuickSort/[-479_-398_-325_-672_-301_352_-747_216_-382_-524_21_-368_130_-329_17] (0.00s)
    --- PASS: TestQuickSort/[268_-79_-185_198_-627_-390_381_59_-596_218_-357_-657_-67_67_207] (0.00s)
    --- PASS: TestQuickSort/[722_584_76_490_-735_108_680_300_24_-460_-80_-354_-365_-239_-213] (0.00s)
    --- PASS: TestQuickSort/[285_286_291_-38_-220_-146_650_65_-772_170_139_337_-550_146_267] (0.00s)
    --- PASS: TestQuickSort/[-1_-767_441_8_109_247_-402_-159_-25_-364_266_292_-121_1_-34] (0.00s)
    --- PASS: TestQuickSort/[231_-408_-658_-344_-322_-300_858_-238_-213_240_-445_-56_-92_231_-465] (0.00s)
    --- PASS: TestQuickSort/[0_-17_-378_213_-298_39_129_35_-120_-106_-159_-335_-168_188_-36] (0.00s)
    --- PASS: TestQuickSort/[-591_345_-280_-264_-107_104_-700_42_121_-198_311_-393_270_-71_197] (0.00s)
    --- PASS: TestQuickSort/[85_623_326_-69_236_69_-79_-397_-172_-426_610_-75_-94_-608_435] (0.00s)
    --- PASS: TestQuickSort/[893_46_-227_620_384_246_-160_-282_231_613_-320_55_-446_103_761] (0.00s)
    --- PASS: TestQuickSort/[60_601_-25_-182_505_-173_357_73_606_-168_427_-273_-207_537_-64] (0.00s)
    --- PASS: TestQuickSort/[59_-292_-53_-129_-500_92_-435_-300_-404_-376_-636_658_876_-897_-44] (0.00s)
    --- PASS: TestQuickSort/[-449_-335_508_307_-198_-630_195_-439_-94_-520_-448_-193_-894_904_273] (0.00s)
    --- PASS: TestQuickSort/[-310_893_286_-230_-404_221_-54_-166_-382_-235_658_939_595_-655_-567] (0.00s)
    --- PASS: TestQuickSort/[68_501_-252_603_-66_180_-9_236_59_-64_-29_-583_-48_616_34] (0.00s)
    --- PASS: TestQuickSort/[645_-317_609_233_447_-417_-505_-310_-318_-168_-303_658_282_-359_-439] (0.00s)
    --- PASS: TestQuickSort/[332_32_10_23_-774_-334_-11_-373_918_129_365_-155_519_-76_-788] (0.00s)
    --- PASS: TestQuickSort/[200_-302_586_-384_-683_-416_820_-355_-769_866_-776_534_-133_-288_-785] (0.00s)
    --- PASS: TestQuickSort/[-91_-585_185_50_21_364_412_-441_-705_-147_418_-577_-210_423_594] (0.00s)
    --- PASS: TestQuickSort/[-317_-28_-536_-143_-185_-826_788_305_768_135_135_459_-388_-691_-136] (0.00s)
    --- PASS: TestQuickSort/[8_-228_-787_331_346_350_-677_-321_695_-230_-585_484_-549_476_-735] (0.00s)
    --- PASS: TestQuickSort/[559_528_73_195_-34_-549_-413_152_-50_-280_57_383_-348_-511_482] (0.00s)
    --- PASS: TestQuickSort/[418_-83_814_526_169_123_-16_-492_-52_-633_339_671_-378_291_-178] (0.00s)
    --- PASS: TestQuickSort/[-508_205_-445_-815_-232_138_297_-486_683_21_175_348_-774_-261_334] (0.00s)
    --- PASS: TestQuickSort/[109_161_-291_-126_269_433_-203_-356_-289_137_106_-82_94_-138_508] (0.00s)
    --- PASS: TestQuickSort/[502_54_611_28_570_-298_804_477_731_-188_-26_-236_-296_-95_-35] (0.00s)
    --- PASS: TestQuickSort/[-22_553_-432_-78_-495_168_-96_-430_-595_-494_372_-237_599_-926_424] (0.00s)
    --- PASS: TestQuickSort/[320_458_146_312_39_-282_188_278_-189_-317_353_-312_-429_-182_-97] (0.00s)
    --- PASS: TestQuickSort/[85_-340_-508_635_41_-155_-72_167_-89_149_14_279_-423_-260_157] (0.00s)
    --- PASS: TestQuickSort/[-520_-62_-258_-263_-253_166_-415_-183_-663_-755_-684_508_-59_285_226] (0.00s)
    --- PASS: TestQuickSort/[521_121_131_870_471_401_-54_-565_-138_-140_-165_-74_-261_492_207] (0.00s)
    --- PASS: TestQuickSort/[-372_-705_235_-430_266_750_-94_-11_202_19_-234_157_-462_-861_122] (0.00s)
    --- PASS: TestQuickSort/[-198_141_504_-844_-352_-185_152_-361_-154_-118_-518_-583_60_110_-89] (0.00s)
    --- PASS: TestQuickSort/[723_101_652_318_122_-209_234_219_-289_316_6_421_412_622_-137] (0.00s)
    --- PASS: TestQuickSort/[-791_80_-546_709_-140_554_242_71_-69_-262_-39_-524_595_-302_-488] (0.00s)
    --- PASS: TestQuickSort/[-449_-37_354_-518_386_524_-608_600_640_-631_-200_-80_67_-97_-304] (0.00s)
    --- PASS: TestQuickSort/[223_16_867_186_-91_-373_-780_4_-271_-75_51_-298_-525_369_-491] (0.00s)
    --- PASS: TestQuickSort/[581_-785_-23_255_-60_-107_-647_19_130_494_395_-498_-328_-281_238] (0.00s)
    --- PASS: TestQuickSort/[189_-465_-684_106_-347_-781_-275_-539_261_23_610_720_-547_-701_-347] (0.00s)
    --- PASS: TestQuickSort/[-828_-185_554_92_-510_346_-779_-697_-815_201_414_-824_-160_-316_717] (0.00s)
    --- PASS: TestQuickSort/[260_80_-589_27_501_357_-339_475_-222_40_173_-329_97_-190_-7] (0.00s)
    --- PASS: TestQuickSort/[93_69_194_936_143_-36_774_250_-294_-746_-536_-761_111_-88_-283] (0.00s)
    --- PASS: TestQuickSort/[466_-692_375_-503_290_602_-550_-72_694_417_-31_-532_205_57_-119] (0.00s)
    --- PASS: TestQuickSort/[306_602_151_176_-99_-368_474_711_-503_-202_-337_527_-476_947_424] (0.00s)
    --- PASS: TestQuickSort/[-10_-2_894_487_-312_173_167_-515_270_-722_-68_-267_-247_390_77] (0.00s)
    --- PASS: TestQuickSort/[129_482_377_-671_675_-481_-53_-100_-529_-456_760_223_535_322_408] (0.00s)
    --- PASS: TestQuickSort/[-408_326_298_564_354_436_-323_-101_-250_-524_-499_554_-15_247_476] (0.00s)
    --- PASS: TestQuickSort/[115_-37_-462_432_52_-61_-438_-667_-117_-83_415_144_154_396_-44] (0.00s)
    --- PASS: TestQuickSort/[-166_-63_631_-147_-16_-499_60_26_793_-193_-202_246_765_64_513] (0.00s)
    --- PASS: TestQuickSort/[-713_80_468_-80_-615_120_99_-33_80_-89_787_-337_173_711_280] (0.00s)
    --- PASS: TestQuickSort/[-32_-260_235_-135_-178_166_-384_-746_58_632_-150_-538_-397_-311_1] (0.00s)
    --- PASS: TestQuickSort/[77_112_-579_432_427_573_-435_516_-486_-93_-333_-80_-552_-450_-137] (0.00s)
    --- PASS: TestQuickSort/[600_551_-254_326_621_-433_-122_165_98_72_21_-518_733_691_361] (0.00s)
    --- PASS: TestQuickSort/[307_446_645_-147_273_-393_-225_595_-159_-317_134_-386_782_710_-668] (0.00s)
    --- PASS: TestQuickSort/[-231_493_436_-252_158_-337_-162_-302_462_-56_754_-713_134_-19_-698] (0.00s)
    --- PASS: TestQuickSort/[-157_292_-114_-170_564_193_-173_-61_597_-108_341_318_84_-475_234] (0.00s)
    --- PASS: TestQuickSort/[-575_836_-378_-655_48_233_315_-404_-213_602_-863_297_493_-354_434] (0.00s)
    --- PASS: TestQuickSort/[-50_-7_188_753_765_-430_-30_771_-190_709_691_488_61_-274_-95] (0.00s)
    --- PASS: TestQuickSort/[228_-413_17_295_116_239_-243_-465_379_-135_168_-493_336_35_334] (0.00s)
    --- PASS: TestQuickSort/[-35_780_6_98_-5_-398_-47_-741_318_380_760_-180_279_-187_-161] (0.00s)
    --- PASS: TestQuickSort/[-290_-102_65_83_48_-314_-516_-54_-397_-114_599_572_283_-525_-86] (0.00s)
    --- PASS: TestQuickSort/[-149_372_211_-377_471_137_292_38_-125_-528_-293_233_300_444_-359] (0.00s)
    --- PASS: TestQuickSort/[580_-13_-212_415_911_66_-195_-328_-232_-511_-403_-15_321_-249_-222] (0.00s)
    --- PASS: TestQuickSort/[395_45_-201_791_714_-238_65_-252_523_668_-104_218_520_44_375] (0.00s)
    --- PASS: TestQuickSort/[-15_628_258_394_31_831_185_-415_389_110_-93_472_-218_-714_914] (0.00s)
    --- PASS: TestQuickSort/[170_-905_617_-486_106_557_-504_92_265_-271_570_-154_-199_288_260] (0.00s)
    --- PASS: TestQuickSort/[-347_770_-446_-30_-877_-166_-378_-9_-215_98_738_-431_76_636_525] (0.00s)
    --- PASS: TestQuickSort/[-533_330_-521_833_-373_-151_-888_-339_-329_-573_-40_-704_-219_-188_132] (0.00s)
    --- PASS: TestQuickSort/[92_-433_-288_-371_-285_-197_-341_-537_-300_-449_-787_-777_623_-807_-359] (0.00s)
    --- PASS: TestQuickSort/[-123_35_-445_-371_-240_331_918_53_212_264_-273_579_-89_-515_846] (0.00s)
    --- PASS: TestQuickSort/[217_-360_253_-215_-30_655_187_883_-294_-393_780_-500_647_486_-380] (0.00s)
    --- PASS: TestQuickSort/[-381_83_-1_-269_86_860_-749_853_79_-629_-346_-225_324_455_811] (0.00s)
    --- PASS: TestQuickSort/[19_693_649_-757_92_272_-62_553_392_116_709_491_211_693_731] (0.00s)
    --- PASS: TestQuickSort/[-199_-837_819_-16_-50_184_-385_-42_-337_-749_259_781_274_-424_-95] (0.00s)
    --- PASS: TestQuickSort/[-337_183_-291_89_-94_-91_694_-281_531_124_-38_-70_666_-616_-366] (0.00s)
    --- PASS: TestQuickSort/[-240_36_-2_361_224_356_-149_526_49_-127_476_-271_579_-534_120] (0.00s)
    --- PASS: TestQuickSort/[363_-28_685_118_105_742_-423_-258_931_303_-304_235_-155_11_-671] (0.00s)
    --- PASS: TestQuickSort/[-186_-523_-101_808_468_-11_443_363_-285_50_457_-642_-417_133_-526] (0.00s)
    --- PASS: TestQuickSort/[-720_-303_-642_-191_-640_676_429_-404_765_569_286_32_464_-152_574] (0.00s)
    --- PASS: TestQuickSort/[190_3_-87_-742_-131_89_29_344_347_83_-352_-334_-190_-550_-235] (0.00s)
    --- PASS: TestQuickSort/[248_-298_478_157_-99_-137_-622_-826_254_-410_3_-334_-548_346_475] (0.00s)
    --- PASS: TestQuickSort/[640_-756_75_-502_-417_196_4_-453_226_-85_-235_301_-394_-392_544] (0.00s)
    --- PASS: TestQuickSort/[414_557_5_-231_-55_-290_-469_-289_-9_-782_270_-14_-430_-174_-268] (0.00s)
    --- PASS: TestQuickSort/[342_61_387_-211_-252_365_305_-659_154_-744_177_-298_771_-332_687] (0.00s)
    --- PASS: TestQuickSort/[-269_185_222_547_-395_-264_-173_188_285_405_-404_561_-77_-192_-78] (0.00s)
    --- PASS: TestQuickSort/[-883_402_-222_-364_221_780_151_-491_-706_-879_492_150_-233_291_-168] (0.00s)
    --- PASS: TestQuickSort/[142_473_747_131_51_123_-95_-487_570_-221_-171_-129_-831_-191_30] (0.00s)
    --- PASS: TestQuickSort/[-916_-165_-5_-768_-115_618_-146_-192_791_-549_254_-666_377_-744_-478] (0.00s)
    --- PASS: TestQuickSort/[-344_0_78_-465_-72_-54_-569_-238_-548_-37_-503_500_-23_-346_383] (0.00s)
    --- PASS: TestQuickSort/[243_-719_-350_95_80_246_-935_-254_206_-18_569_115_-450_59_-27] (0.00s)
    --- PASS: TestQuickSort/[86_446_-113_-168_147_-560_-579_629_621_83_460_639_-252_335_-112] (0.00s)
    --- PASS: TestQuickSort/[-556_315_-450_567_-282_483_-97_101_-505_-85_-521_-175_498_297_-465] (0.00s)
    --- PASS: TestQuickSort/[-633_-170_66_-159_333_-83_471_-66_78_162_141_803_-46_229_-685] (0.00s)
    --- PASS: TestQuickSort/[-34_375_-527_-636_37_-281_375_752_-133_-20_2_120_-13_-87_-132] (0.00s)
    --- PASS: TestQuickSort/[-26_-492_474_-872_-228_793_275_134_315_352_-97_-219_-6_-280_-596] (0.00s)
    --- PASS: TestQuickSort/[-154_148_156_-667_212_-34_-608_-32_-78_-567_-223_484_418_-273_-94] (0.00s)
    --- PASS: TestQuickSort/[-86_-783_-242_-487_-174_-219_-99_277_-51_91_-267_-200_526_59_379] (0.00s)
    --- PASS: TestQuickSort/[-580_196_512_-75_311_173_653_503_-167_8_-429_937_162_-572_-329] (0.00s)
    --- PASS: TestQuickSort/[-81_-481_-230_-381_-237_461_67_100_-669_-126_295_343_551_541_102] (0.00s)
    --- PASS: TestQuickSort/[239_-71_426_-217_-21_-92_-598_48_-748_-614_-631_-196_22_701_136] (0.00s)
    --- PASS: TestQuickSort/[171_570_827_-627_266_-605_-11_-132_-528_487_189_-118_-243_202_-23] (0.00s)
    --- PASS: TestQuickSort/[130_305_-441_173_234_112_-584_135_350_533_105_-373_-483_40_503] (0.00s)
    --- PASS: TestQuickSort/[-517_309_362_335_140_132_591_-364_-380_-209_-264_232_-237_-266_68] (0.00s)
    --- PASS: TestQuickSort/[-101_430_715_-351_-582_-839_-70_126_-777_-289_161_203_312_-98_-157] (0.00s)
    --- PASS: TestQuickSort/[451_192_-286_544_395_-768_140_-548_-163_403_-337_-60_266_-77_-912] (0.00s)
    --- PASS: TestQuickSort/[-388_528_-128_659_-246_624_382_592_329_357_-215_-200_-514_878_747] (0.00s)
    --- PASS: TestQuickSort/[-702_470_-133_-231_-116_224_105_314_613_169_-77_-698_-221_8_-255] (0.00s)
    --- PASS: TestQuickSort/[-530_-505_-352_8_820_-225_-738_454_185_-151_-298_476_147_290_-324] (0.00s)
    --- PASS: TestQuickSort/[125_502_-127_-445_46_315_647_330_671_-182_-147_-177_-258_436_358] (0.00s)
    --- PASS: TestQuickSort/[-818_60_174_-551_326_593_605_76_-290_-132_747_-476_3_-648_11] (0.00s)
    --- PASS: TestQuickSort/[-130_-184_291_307_644_62_-14_-299_60_-89_-175_202_-391_-56_-218] (0.00s)
    --- PASS: TestQuickSort/[180_328_207_-300_-699_-198_332_330_-530_773_-402_-51_-296_-854_-395] (0.00s)
    --- PASS: TestQuickSort/[-255_547_-243_110_281_-197_-98_-336_-272_760_470_-378_442_-262_689] (0.00s)
    --- PASS: TestQuickSort/[-268_-163_683_-83_307_-69_-13_526_498_467_-290_-144_48_358_210] (0.00s)
    --- PASS: TestQuickSort/[-73_235_-351_-225_170_254_229_-208_-536_674_85_-135_-491_-567_-231] (0.00s)
    --- PASS: TestQuickSort/[-496_-308_-216_-601_-790_-135_-357_-338_-382_-110_299_-651_140_-359_-337] (0.00s)
    --- PASS: TestQuickSort/[-207_464_527_172_-773_-39_85_649_-399_-13_-481_-245_-682_116_-712] (0.00s)
    --- PASS: TestQuickSort/[-48_-56_-957_-36_-313_457_258_-154_-31_311_-122_258_249_-502_-381] (0.00s)
    --- PASS: TestQuickSort/[250_61_342_221_343_-193_-232_-28_322_730_20_42_721_-723_-371] (0.00s)
    --- PASS: TestQuickSort/[-300_152_-728_-89_12_256_83_-696_-725_688_154_-341_367_-440_402] (0.00s)
    --- PASS: TestQuickSort/[-484_392_872_-387_-55_16_-134_-326_127_-53_81_766_-227_-596_67] (0.00s)
    --- PASS: TestQuickSort/[709_66_-619_-885_538_168_-41_-602_142_547_202_-197_-563_-744_-575] (0.00s)
    --- PASS: TestQuickSort/[915_-56_647_-308_235_-119_783_-663_38_-602_-250_670_351_315_-67] (0.00s)
    --- PASS: TestQuickSort/[-660_545_292_-13_-2_364_230_-191_-47_-226_284_-95_-404_-704_42] (0.00s)
    --- PASS: TestQuickSort/[20_-655_573_-170_283_579_-638_-869_0_-94_-188_-828_711_445_-293] (0.00s)
    --- PASS: TestQuickSort/[-252_-252_-585_239_-238_-372_570_100_-162_38_170_-191_90_-259_36] (0.00s)
    --- PASS: TestQuickSort/[359_26_103_870_-476_-66_-144_-89_-147_48_108_205_-174_663_-254] (0.00s)
    --- PASS: TestQuickSort/[509_-378_-405_-395_-193_-103_388_19_405_44_-416_-55_821_498_-21] (0.00s)
    --- PASS: TestQuickSort/[-218_883_42_40_-57_118_46_-140_-227_506_284_-62_-471_460_483] (0.00s)
    --- PASS: TestQuickSort/[-204_-282_-584_337_-224_260_106_164_-141_-22_271_-90_670_190_5] (0.00s)
    --- PASS: TestQuickSort/[9_-447_-374_-196_184_609_149_3_656_440_236_-400_391_-152_80] (0.00s)
    --- PASS: TestQuickSort/[-256_204_406_-519_-603_117_-289_-448_352_-742_349_-762_-8_234_-450] (0.00s)
    --- PASS: TestQuickSort/[598_-208_333_-383_-21_449_-388_580_-184_416_534_-657_-15_470_-753] (0.00s)
    --- PASS: TestQuickSort/[-346_644_32_251_-181_-302_651_274_-246_-223_533_334_-869_-12_169] (0.00s)
    --- PASS: TestQuickSort/[101_-507_114_-394_505_429_220_-340_-529_-328_-926_-645_-2_267_-311] (0.00s)
    --- PASS: TestQuickSort/[-221_-333_874_132_-666_200_-282_-150_238_103_595_406_115_397_-353] (0.00s)
    --- PASS: TestQuickSort/[887_138_836_782_421_-263_-6_-7_499_-416_-361_-297_-371_8_-177] (0.00s)
    --- PASS: TestQuickSort/[-87_-17_82_715_503_-52_558_694_-78_-410_-414_329_-693_-51_603] (0.00s)
    --- PASS: TestQuickSort/[-316_317_236_663_447_-63_280_535_-485_-476_243_-382_268_235_601] (0.00s)
    --- PASS: TestQuickSort/[263_-585_120_23_407_462_-99_299_210_152_343_-17_-345_128_88] (0.00s)
    --- PASS: TestQuickSort/[217_653_922_435_866_321_660_-181_-122_-335_32_184_-926_-604_256] (0.00s)
    --- PASS: TestQuickSort/[-460_-393_-466_-238_411_323_368_503_-901_330_593_-405_270_198_-209] (0.00s)
    --- PASS: TestQuickSort/[-527_676_548_-165_-605_142_492_351_-252_473_-95_-353_328_-480_944] (0.00s)
    --- PASS: TestQuickSort/[6_776_-4_667_212_-369_58_713_770_-5_-16_122_-125_-619_-244] (0.00s)
    --- PASS: TestQuickSort/[142_372_114_-503_312_-286_-82_547_-133_206_-38_-434_-135_407_190] (0.00s)
    --- PASS: TestQuickSort/[5_-456_525_531_-337_60_15_-253_23_571_-325_-30_36_-701_147] (0.00s)
    --- PASS: TestQuickSort/[599_676_241_-581_508_-13_-300_193_-33_-309_-200_-279_476_10_-9] (0.00s)
    --- PASS: TestQuickSort/[168_308_-134_-423_-433_253_-285_18_-551_-180_318_293_-101_-686_-678] (0.00s)
    --- PASS: TestQuickSort/[-267_-96_-314_-243_571_807_-133_-503_-228_104_-520_-98_54_623_649] (0.00s)
    --- PASS: TestQuickSort/[25_394_-93_-140_924_557_320_158_-255_-1_-98_-386_-268_401_-335] (0.00s)
    --- PASS: TestQuickSort/[-58_-205_744_-360_-754_-695_594_336_-243_149_321_858_-128_265_356] (0.00s)
    --- PASS: TestQuickSort/[-195_203_19_223_258_-273_72_138_115_-62_-71_-59_626_441_630] (0.00s)
    --- PASS: TestQuickSort/[125_-167_735_-954_110_615_187_-145_692_317_401_499_-166_171_-88] (0.00s)
    --- PASS: TestQuickSort/[33_595_465_-603_54_-199_452_-116_442_-537_14_348_-422_-662_-441] (0.00s)
    --- PASS: TestQuickSort/[306_-504_-339_-76_-738_-411_-93_479_521_-466_-387_-133_-276_-742_-403] (0.00s)
    --- PASS: TestQuickSort/[174_253_-497_-86_-456_444_-717_-202_133_863_481_-544_-79_-468_-49] (0.00s)
    --- PASS: TestQuickSort/[-148_353_-430_-243_77_236_827_-70_-39_-1_11_184_641_217_247] (0.00s)
    --- PASS: TestQuickSort/[-142_260_362_-411_652_-250_-261_808_-579_-251_742_-152_238_321_-127] (0.00s)
    --- PASS: TestQuickSort/[-623_353_-483_200_333_-150_-395_-615_-349_692_79_-483_92_-653_58] (0.00s)
    --- PASS: TestQuickSort/[196_774_183_-278_-442_435_-473_-221_-297_369_514_-711_-608_-264_572] (0.00s)
    --- PASS: TestQuickSort/[-325_-869_-79_-423_-643_19_-282_-508_150_591_-386_-312_-724_-581_118] (0.00s)
    --- PASS: TestQuickSort/[-160_857_349_10_-410_-246_-35_20_498_229_224_121_917_-831_-88] (0.00s)
    --- PASS: TestQuickSort/[-16_510_263_-470_-126_-622_753_649_446_-594_-84_293_-265_258_-22] (0.00s)
    --- PASS: TestQuickSort/[439_83_614_892_-218_-339_-108_-328_-684_-20_525_36_-377_-612_674] (0.00s)
    --- PASS: TestQuickSort/[-50_-35_-302_538_-528_-401_-497_159_507_525_260_715_-462_-434_183] (0.00s)
    --- PASS: TestQuickSort/[91_671_114_-11_-26_343_-550_540_-48_-797_178_167_-288_-598_25] (0.00s)
    --- PASS: TestQuickSort/[379_603_331_-492_-110_678_-228_-328_116_65_-505_-674_-471_-588_472] (0.00s)
    --- PASS: TestQuickSort/[847_-45_-791_750_-339_5_143_-269_-5_-173_-317_-602_17_168_-209] (0.00s)
    --- PASS: TestQuickSort/[432_-417_-535_-183_940_636_568_68_230_-9_170_549_-438_-81_155] (0.00s)
    --- PASS: TestQuickSort/[305_-55_287_910_-861_-150_-101_-322_435_17_151_776_-274_-2_76] (0.00s)
    --- PASS: TestQuickSort/[192_309_-455_249_9_-419_182_253_-601_-575_-522_419_185_569_57] (0.00s)
    --- PASS: TestQuickSort/[-513_-49_464_-96_612_37_-11_-112_-157_260_-627_-846_-695_699_527] (0.00s)
    --- PASS: TestQuickSort/[128_19_-693_-54_-729_-230_278_-607_245_-122_-75_-506_6_689_-571] (0.00s)
    --- PASS: TestQuickSort/[51_350_581_178_-239_86_-343_-662_591_714_-235_355_648_166_419] (0.00s)
    --- PASS: TestQuickSort/[-101_210_-28_-349_-727_373_-278_-2_698_471_-533_-510_-160_-481_-89] (0.00s)
    --- PASS: TestQuickSort/[-326_53_142_487_627_-803_53_609_-244_665_424_461_144_80_-586] (0.00s)
    --- PASS: TestQuickSort/[709_351_-267_-152_-747_88_821_50_-312_-260_-3_-48_72_539_821] (0.00s)
    --- PASS: TestQuickSort/[-237_-888_273_-56_-80_611_738_397_-409_167_-554_502_-679_123_194] (0.00s)
    --- PASS: TestQuickSort/[-90_212_-141_807_-457_-50_-74_-169_538_302_-473_-486_-40_165_-673] (0.00s)
    --- PASS: TestQuickSort/[258_-119_-292_559_-103_-351_-95_683_-932_0_-590_596_132_-285_-438] (0.00s)
    --- PASS: TestQuickSort/[-617_184_471_765_98_202_529_-487_-209_-682_66_-184_-583_530_515] (0.00s)
    --- PASS: TestQuickSort/[384_764_-84_-185_225_287_140_-222_-222_598_-16_-32_-90_581_354] (0.00s)
    --- PASS: TestQuickSort/[65_799_0_-225_586_101_-128_246_670_200_810_-7_343_-115_214] (0.00s)
    --- PASS: TestQuickSort/[273_98_-63_-168_773_-114_56_223_-438_-338_133_148_-79_-69_-320] (0.00s)
    --- PASS: TestQuickSort/[-108_657_-122_-596_-16_-193_-614_-500_115_237_-203_-131_869_419_259] (0.00s)
    --- PASS: TestQuickSort/[426_-426_-133_373_-224_-311_-177_-466_567_-93_-527_672_20_-223_382] (0.00s)
    --- PASS: TestQuickSort/[654_266_184_-205_-206_-609_177_82_19_761_-66_441_77_153_-66] (0.00s)
    --- PASS: TestQuickSort/[560_-299_307_426_799_309_403_-591_190_-119_-108_251_307_45_927] (0.00s)
    --- PASS: TestQuickSort/[-72_-561_447_-336_114_-362_-360_284_-217_464_-387_144_209_276_-40] (0.00s)
    --- PASS: TestQuickSort/[358_-189_-147_188_-339_-71_-404_238_405_427_3_342_680_512_-720] (0.00s)
    --- PASS: TestQuickSort/[176_709_-724_-593_625_591_-312_-619_-660_-300_654_497_-116_283_38] (0.00s)
    --- PASS: TestQuickSort/[800_137_90_271_-119_514_-458_83_-675_495_-375_-131_-387_716_129] (0.00s)
    --- PASS: TestQuickSort/[-74_178_-393_340_-225_341_799_-719_144_-205_-151_312_152_-341_5] (0.00s)
    --- PASS: TestQuickSort/[-301_187_-273_196_211_-556_17_71_-682_-85_683_82_-120_-27_119] (0.00s)
    --- PASS: TestQuickSort/[-154_158_710_286_41_740_630_533_159_179_536_-38_402_-94_214] (0.00s)
    --- PASS: TestQuickSort/[274_369_-155_263_-375_404_-461_391_-177_-584_91_-97_-214_223_-248] (0.00s)
    --- PASS: TestQuickSort/[-384_-72_-815_-523_310_505_-453_-397_-32_-61_46_-228_15_57_-201] (0.00s)
    --- PASS: TestQuickSort/[677_857_121_41_368_-533_-530_-251_255_772_166_-618_248_584_332] (0.00s)
    --- PASS: TestQuickSort/[-571_-773_72_-672_-633_-559_-156_184_-96_567_81_794_-92_39_124] (0.00s)
    --- PASS: TestQuickSort/[-391_739_517_-482_144_449_-128_332_-896_-242_-661_304_349_-301_-383] (0.00s)
    --- PASS: TestQuickSort/[151_-226_-262_140_-669_-366_542_-49_-568_679_571_-114_-584_-735_-636] (0.00s)
    --- PASS: TestQuickSort/[471_-172_737_490_283_457_117_-57_565_697_-387_-647_140_-308_-580] (0.00s)
    --- PASS: TestQuickSort/[367_185_90_503_435_-863_113_-150_500_480_234_4_316_-194_-82] (0.00s)
    --- PASS: TestQuickSort/[357_756_-207_-676_6_-47_386_-437_-298_-500_-888_-705_82_444_-339] (0.00s)
    --- PASS: TestQuickSort/[-561_-223_-422_-132_435_-68_-55_-309_180_-686_-333_-352_572_-348_318] (0.00s)
    --- PASS: TestQuickSort/[-72_-538_738_396_855_-31_24_-560_545_-184_487_-510_631_196_-358] (0.00s)
    --- PASS: TestQuickSort/[129_-114_309_-162_-47_-404_-429_329_-309_535_345_58_212_-310_-125] (0.00s)
    --- PASS: TestQuickSort/[367_106_503_-567_888_71_-376_311_339_-142_626_-475_-236_134_-370] (0.00s)
    --- PASS: TestQuickSort/[124_-265_366_-6_495_481_-311_-154_20_-327_-386_-415_615_-17_445] (0.00s)
    --- PASS: TestQuickSort/[486_-231_934_37_-350_66_-542_-281_-126_651_253_261_-52_179_-36] (0.00s)
    --- PASS: TestQuickSort/[-305_573_-482_-638_831_-300_771_363_43_732_-233_171_5_110_593] (0.00s)
    --- PASS: TestQuickSort/[372_-110_184_254_422_11_396_-562_-768_-35_99_-40_-497_149_-727] (0.00s)
    --- PASS: TestQuickSort/[-487_405_-23_831_848_-81_277_74_110_73_-333_87_80_46_208] (0.00s)
    --- PASS: TestQuickSort/[165_247_539_-704_388_-567_501_17_-214_61_-114_188_-104_469_122] (0.00s)
    --- PASS: TestQuickSort/[988_429_-480_-26_485_795_-145_-397_435_-742_96_-561_-73_91_-98] (0.00s)
    --- PASS: TestQuickSort/[-135_-235_92_-285_305_-241_763_-834_299_-295_-629_-143_784_186_45] (0.00s)
    --- PASS: TestQuickSort/[22_387_-266_-98_-86_55_-484_409_-334_-240_22_-180_542_37_252] (0.00s)
    --- PASS: TestQuickSort/[-610_-349_65_283_-912_-749_397_693_-50_388_-79_-549_-928_50_-603] (0.00s)
    --- PASS: TestQuickSort/[384_251_-338_-371_-313_-128_-768_475_81_448_-659_-503_-572_136_24] (0.00s)
    --- PASS: TestQuickSort/[337_-901_625_203_858_357_73_-274_-69_-344_560_-680_490_328_767] (0.00s)
    --- PASS: TestQuickSort/[-582_-147_679_-332_-497_664_947_-123_-442_25_-822_35_737_510_467] (0.00s)
    --- PASS: TestQuickSort/[7_414_595_259_-103_310_344_418_-243_-470_-382_-452_615_-102_396] (0.00s)
    --- PASS: TestQuickSort/[-501_-179_-31_97_286_-90_445_194_248_-166_-725_279_-758_265_272] (0.00s)
    --- PASS: TestQuickSort/[-114_490_4_-562_-889_426_-282_58_-62_-59_-187_-264_-491_-533_-370] (0.00s)
    --- PASS: TestQuickSort/[-177_518_506_578_56_405_-828_-208_-321_-302_-329_554_-238_-358_86] (0.00s)
=== RUN   TestQuickSortGo
=== RUN   TestQuickSortGo/[199_-760_-490_-271_425_-82_-104_-99_-591_20_55_166_232_-742_35]
=== RUN   TestQuickSortGo/[-307_-92_279_523_-635_-391_165_2_105_-126_83_379_-125_487_117]
=== RUN   TestQuickSortGo/[-342_-650_741_-325_-444_-453_-79_415_179_-852_187_541_177_847_-438]
=== RUN   TestQuickSortGo/[-95_-483_-30_20_-71_429_-132_545_-732_-626_57_423_770_-677_32]
=== RUN   TestQuickSortGo/[-612_457_412_-642_-202_71_-68_-230_-341_679_-51_58_264_-63_-227]
=== RUN   TestQuickSortGo/[106_-355_-566_298_780_-347_383_406_700_-60_531_-127_-536_-620_-421]
=== RUN   TestQuickSortGo/[306_-64_-1_3_157_-540_414_422_54_810_11_-536_-68_177_139]
=== RUN   TestQuickSortGo/[23_-692_135_567_-365_656_813_259_-470_-309_165_223_-211_157_95]
=== RUN   TestQuickSortGo/[-272_92_-356_-61_-418_-160_-348_-252_-129_202_-365_-182_-20_180_-27]
=== RUN   TestQuickSortGo/[-219_78_-873_540_-397_-379_603_-533_315_452_152_-483_-176_-501_23]
=== RUN   TestQuickSortGo/[22_-245_37_950_-506_-991_652_430_-242_620_-4_-481_260_-263_-309]
=== RUN   TestQuickSortGo/[304_258_-192_-533_-270_-93_-515_128_-122_162_838_-284_187_-5_-446]
=== RUN   TestQuickSortGo/[-366_-282_-204_-326_458_749_220_35_-111_-25_45_-282_529_-186_-221]
=== RUN   TestQuickSortGo/[-153_-108_517_267_-599_69_99_-228_-112_-800_175_-403_469_-508_467]
=== RUN   TestQuickSortGo/[234_587_49_186_56_236_616_-228_144_57_63_157_130_134_-683]
=== RUN   TestQuickSortGo/[-485_-377_-240_820_-410_88_-269_-93_-405_181_562_-402_19_-424_131]
=== RUN   TestQuickSortGo/[-124_-219_-523_-235_400_313_17_-110_-60_-402_-202_629_27_430_-779]
=== RUN   TestQuickSortGo/[224_113_495_131_35_-707_40_83_-163_507_135_270_66_657_37]
=== RUN   TestQuickSortGo/[-118_-79_-68_-4_-400_109_-270_-205_372_-163_-214_614_28_-451_-842]
=== RUN   TestQuickSortGo/[-13_-492_-120_-643_-776_-639_-235_448_679_-200_-481_-61_-436_2_607]
=== RUN   TestQuickSortGo/[-356_290_-385_668_-215_-357_-319_158_-74_-7_512_501_330_488_-514]
=== RUN   TestQuickSortGo/[13_-253_736_636_-656_279_-51_-563_501_-223_955_385_344_-61_-319]
=== RUN   TestQuickSortGo/[197_-207_719_-203_-188_-844_-878_491_-621_-266_72_-112_495_326_137]
=== RUN   TestQuickSortGo/[-329_-445_-127_-239_-331_-665_175_-60_-22_-200_-344_-209_127_-59_649]
=== RUN   TestQuickSortGo/[-29_282_-862_177_286_529_136_69_-105_-192_-363_593_228_-659_240]
=== RUN   TestQuickSortGo/[713_-345_310_-30_590_-424_492_559_-108_201_65_-145_172_-147_-323]
=== RUN   TestQuickSortGo/[385_-56_783_469_-487_51_-545_-442_-555_71_220_340_246_-228_-527]
=== RUN   TestQuickSortGo/[316_432_159_-733_505_-212_-123_-93_-46_446_73_96_-320_399_258]
=== RUN   TestQuickSortGo/[497_264_60_-2_19_855_86_-367_165_62_-160_348_383_-246_-33]
=== RUN   TestQuickSortGo/[-108_200_-729_73_-512_-285_545_-78_-598_77_-98_522_-29_710_169]
=== RUN   TestQuickSortGo/[-131_-417_-108_74_305_76_402_-256_765_-283_-811_59_455_-167_29]
=== RUN   TestQuickSortGo/[185_279_95_-110_393_213_-237_-81_-124_-378_196_362_-71_132_-674]
=== RUN   TestQuickSortGo/[-737_370_-260_114_380_124_538_397_621_37_511_-837_-331_260_244]
=== RUN   TestQuickSortGo/[314_-368_371_-331_-709_-126_-612_589_28_-122_-167_-220_-513_100_-232]
=== RUN   TestQuickSortGo/[-179_-869_-143_-714_-537_121_754_-240_332_-555_91_1_-9_-211_-167]
=== RUN   TestQuickSortGo/[340_-36_789_-62_68_-515_-537_-299_176_223_571_-831_277_101_-276]
=== RUN   TestQuickSortGo/[-662_-146_488_149_-48_-65_-972_318_-461_93_67_-507_-798_286_100]
=== RUN   TestQuickSortGo/[-577_-518_251_163_-93_-171_-27_139_118_95_-357_6_606_-124_-194]
=== RUN   TestQuickSortGo/[-53_340_318_629_-405_-432_-877_-250_-155_-535_-356_-332_31_412_-387]
=== RUN   TestQuickSortGo/[-199_62_542_-671_428_-373_227_150_22_608_115_-46_377_-192_-13]
=== RUN   TestQuickSortGo/[768_817_-368_-757_130_-389_487_-575_315_-490_-140_-500_308_108_-279]
=== RUN   TestQuickSortGo/[-22_-511_-503_284_126_-395_23_498_-562_9_123_-226_-113_-561_382]
=== RUN   TestQuickSortGo/[572_285_-306_-72_-367_-62_121_190_-41_-354_133_-632_433_-227_-335]
=== RUN   TestQuickSortGo/[523_-452_-15_-415_491_-222_168_528_-825_128_90_423_477_-34_-287]
=== RUN   TestQuickSortGo/[199_-67_-412_442_-61_-374_-839_-328_359_-647_602_-181_-680_-18_-441]
=== RUN   TestQuickSortGo/[533_-718_-15_-73_718_52_289_-488_-181_276_116_-50_251_130_203]
=== RUN   TestQuickSortGo/[-117_-838_630_-144_-326_-178_-311_330_-724_205_-200_-232_834_196_536]
=== RUN   TestQuickSortGo/[-451_-563_316_-288_-253_-556_88_-324_-783_344_-641_-198_219_-462_-260]
=== RUN   TestQuickSortGo/[-337_550_626_304_6_-40_433_864_423_500_-187_-471_631_471_-173]
=== RUN   TestQuickSortGo/[187_107_566_-663_505_-244_-470_-292_-590_61_644_448_-665_504_-35]
=== RUN   TestQuickSortGo/[-413_-111_-89_-445_524_99_76_-517_89_278_633_71_663_-306_130]
=== RUN   TestQuickSortGo/[-217_468_806_542_-364_771_128_-705_805_30_-48_166_-418_-32_-380]
=== RUN   TestQuickSortGo/[306_-301_-88_-561_305_-33_-269_224_90_-80_548_-400_-501_770_473]
=== RUN   TestQuickSortGo/[-279_-446_-388_-272_432_-724_-595_534_147_-166_749_295_382_79_245]
=== RUN   TestQuickSortGo/[752_-509_-716_-890_612_-326_-69_-321_88_-251_-442_-116_-191_91_-120]
=== RUN   TestQuickSortGo/[95_35_-78_148_324_-611_-196_-30_-560_-799_-216_538_-107_101_-55]
=== RUN   TestQuickSortGo/[-165_160_-417_105_-293_698_5_351_-17_48_-227_-325_-319_283_-76]
=== RUN   TestQuickSortGo/[361_384_193_-461_-288_311_-301_79_91_250_-73_524_-72_-611_0]
=== RUN   TestQuickSortGo/[698_-571_644_146_-267_464_-446_416_390_-42_24_400_-211_261_244]
=== RUN   TestQuickSortGo/[-404_929_146_-61_886_191_26_-482_-596_-655_-233_436_530_512_-496]
=== RUN   TestQuickSortGo/[19_-129_285_-178_3_332_377_-537_251_81_-292_931_-92_165_750]
=== RUN   TestQuickSortGo/[-295_478_110_430_148_-702_293_560_757_162_111_-68_200_435_330]
=== RUN   TestQuickSortGo/[325_10_-717_-277_17_-531_-13_-35_-449_-726_309_-177_213_829_108]
=== RUN   TestQuickSortGo/[-812_-335_-472_537_-427_-97_133_-76_365_-819_454_-273_-113_308_74]
=== RUN   TestQuickSortGo/[295_-62_-579_-14_-50_-377_-237_117_603_-469_-193_19_188_190_313]
=== RUN   TestQuickSortGo/[29_314_25_222_-360_-96_-635_-409_-513_196_-153_-719_-14_-217_-409]
=== RUN   TestQuickSortGo/[321_-307_848_-512_149_34_-726_245_594_315_43_230_-22_-141_-192]
=== RUN   TestQuickSortGo/[-794_406_-464_953_280_-479_-307_271_9_-22_531_-254_-506_-477_23]
=== RUN   TestQuickSortGo/[-29_858_-123_-303_193_656_-27_-178_265_120_-131_-449_-814_484_-623]
=== RUN   TestQuickSortGo/[709_-428_97_-675_-821_429_346_245_297_389_498_209_-134_59_-257]
=== RUN   TestQuickSortGo/[-158_-252_376_-568_131_401_-811_21_316_-353_153_22_171_146_490]
=== RUN   TestQuickSortGo/[-498_-614_733_225_516_501_-267_-172_493_-133_505_235_141_238_373]
=== RUN   TestQuickSortGo/[362_-24_149_230_127_-516_364_221_77_297_-461_541_491_177_157]
=== RUN   TestQuickSortGo/[-66_522_-706_-699_-295_-282_673_-328_-206_199_-511_59_423_627_109]
=== RUN   TestQuickSortGo/[685_-885_-215_359_194_-379_224_374_-340_164_-115_332_362_120_-70]
=== RUN   TestQuickSortGo/[132_201_490_453_53_171_-579_823_230_534_-787_-436_-2_261_-576]
=== RUN   TestQuickSortGo/[-397_-796_504_104_-330_752_-46_-10_76_-16_-562_-27_-228_318_-134]
=== RUN   TestQuickSortGo/[-375_-590_-660_-463_-234_-137_-47_-351_-580_256_436_-371_558_703_-107]
=== RUN   TestQuickSortGo/[329_-526_788_-606_-527_74_-408_-783_-453_-392_-295_-221_-331_174_-576]
=== RUN   TestQuickSortGo/[-301_-218_394_-98_277_68_-38_290_-47_-622_-19_-135_765_-187_467]
=== RUN   TestQuickSortGo/[362_-343_-221_-101_339_-367_258_126_158_-109_32_149_149_458_-419]
=== RUN   TestQuickSortGo/[-246_563_-100_-375_165_-5_77_724_240_172_467_357_466_-204_725]
=== RUN   TestQuickSortGo/[434_7_268_592_-161_790_-56_-483_633_889_-219_-201_-444_-574_-39]
=== RUN   TestQuickSortGo/[-234_626_362_875_-204_869_-470_-835_37_-45_179_-757_518_-312_-416]
=== RUN   TestQuickSortGo/[562_-531_104_818_-597_675_-45_156_-60_564_-49_353_-467_-556_668]
=== RUN   TestQuickSortGo/[-66_2_-79_-439_-301_46_-886_-612_-187_914_-82_-42_-316_-92_538]
=== RUN   TestQuickSortGo/[-206_-468_150_-264_-3_124_331_527_-584_220_444_483_265_-28_440]
=== RUN   TestQuickSortGo/[-707_-183_-684_272_306_-631_33_737_153_347_624_-474_-329_250_-166]
=== RUN   TestQuickSortGo/[-603_-15_43_552_405_598_-220_263_149_-317_232_794_-138_355_519]
=== RUN   TestQuickSortGo/[-286_289_-361_-288_-631_-168_-238_-640_-186_98_-565_148_-696_308_365]
=== RUN   TestQuickSortGo/[-286_363_-462_84_420_-466_580_-244_518_-438_-529_203_616_959_161]
=== RUN   TestQuickSortGo/[-130_155_-617_625_-224_-55_-392_-357_501_137_-257_-62_480_292_-243]
=== RUN   TestQuickSortGo/[169_148_307_-277_-923_56_-59_516_-209_221_62_355_-23_-181_70]
=== RUN   TestQuickSortGo/[503_-781_-300_-610_200_893_273_-311_294_-198_257_586_-445_-418_-314]
=== RUN   TestQuickSortGo/[436_-244_-625_-622_-68_-167_-329_-283_-153_868_-366_-23_-6_-219_-139]
=== RUN   TestQuickSortGo/[325_487_-235_-505_750_302_592_427_333_330_625_301_297_527_-22]
=== RUN   TestQuickSortGo/[58_-619_122_-679_-227_-449_-427_-9_-305_-253_-779_153_497_506_-191]
=== RUN   TestQuickSortGo/[-166_-225_49_-355_-447_327_275_-305_845_-200_238_173_53_390_-269]
=== RUN   TestQuickSortGo/[-127_-408_184_515_-412_-95_-142_183_535_-175_-214_-22_36_-260_-27]
=== RUN   TestQuickSortGo/[-409_75_-31_-233_-233_382_-871_14_709_-116_-670_86_38_-159_31]
=== RUN   TestQuickSortGo/[188_-150_545_-107_654_705_277_127_168_-81_-250_439_-826_-238_-462]
=== RUN   TestQuickSortGo/[717_-354_-460_330_-74_333_138_-461_-393_-253_194_-56_-542_-439_232]
=== RUN   TestQuickSortGo/[83_266_240_-476_-393_217_81_85_-375_-224_170_198_-172_-462_-572]
=== RUN   TestQuickSortGo/[480_37_660_-71_669_168_-390_-420_-391_126_258_331_385_-158_748]
=== RUN   TestQuickSortGo/[82_26_66_490_-729_-171_826_418_-357_-16_-481_187_-582_-56_509]
=== RUN   TestQuickSortGo/[-77_380_-488_269_448_-105_279_455_-438_81_-298_-165_-622_-29_316]
=== RUN   TestQuickSortGo/[292_278_61_477_-208_-528_-406_-175_-482_209_321_8_-36_295_-632]
=== RUN   TestQuickSortGo/[-186_731_-671_422_119_-89_-564_-697_24_154_-676_-133_85_-711_53]
=== RUN   TestQuickSortGo/[312_639_927_136_-203_28_-348_-838_147_826_-698_492_-811_162_-841]
=== RUN   TestQuickSortGo/[101_-382_-414_-127_180_71_-301_821_676_432_-380_-366_156_-454_115]
=== RUN   TestQuickSortGo/[263_24_-706_21_-9_658_177_-380_625_308_-610_-577_172_-648_-151]
=== RUN   TestQuickSortGo/[-167_199_-212_-118_-593_365_-597_315_-210_206_-38_236_238_619_43]
=== RUN   TestQuickSortGo/[-137_-496_-85_-452_519_-59_748_337_-2_-498_-338_-271_588_303_74]
=== RUN   TestQuickSortGo/[-12_608_-450_-28_343_406_-294_-215_367_50_-114_-561_217_120_-677]
=== RUN   TestQuickSortGo/[396_428_-29_512_-8_-262_357_173_712_27_-278_295_120_821_197]
=== RUN   TestQuickSortGo/[-58_533_312_86_372_151_218_438_200_95_217_699_-809_-559_-603]
=== RUN   TestQuickSortGo/[575_186_668_275_-161_17_-92_761_39_216_-486_-6_506_-508_-240]
=== RUN   TestQuickSortGo/[-356_543_12_68_-587_886_-301_490_240_199_-92_845_550_511_-66]
=== RUN   TestQuickSortGo/[240_494_174_156_109_-350_253_437_-26_-627_-887_487_-377_363_677]
=== RUN   TestQuickSortGo/[61_722_72_-294_243_35_254_101_-309_750_637_855_363_25_-343]
=== RUN   TestQuickSortGo/[84_454_-790_206_-658_-176_-97_-140_268_537_-586_446_-38_-432_-264]
=== RUN   TestQuickSortGo/[-277_146_693_-476_561_369_49_-698_-89_947_224_211_70_-246_212]
=== RUN   TestQuickSortGo/[-888_391_559_-550_145_-246_-575_223_610_-1_-42_662_85_-75_-9]
=== RUN   TestQuickSortGo/[-225_-705_420_143_-58_132_41_-268_-79_-60_7_632_10_134_83]
=== RUN   TestQuickSortGo/[689_-636_181_217_-161_606_-15_331_-428_-218_554_-305_492_-164_-496]
=== RUN   TestQuickSortGo/[139_-555_-610_-133_545_56_-734_390_-236_-53_267_71_-141_837_-556]
=== RUN   TestQuickSortGo/[567_97_-666_76_-358_309_-150_706_-807_-309_393_-55_-249_-237_-951]
=== RUN   TestQuickSortGo/[212_-80_232_428_747_646_-639_-261_-25_-551_170_-336_209_270_120]
=== RUN   TestQuickSortGo/[81_-723_-677_561_598_717_21_-792_635_-312_-860_-89_578_-227_-159]
=== RUN   TestQuickSortGo/[581_145_382_241_184_-274_-58_378_-382_-216_-376_-518_387_-199_-434]
=== RUN   TestQuickSortGo/[-472_-248_-619_-563_-867_52_801_-749_341_-585_341_129_-207_-161_-455]
=== RUN   TestQuickSortGo/[-97_-61_-117_382_-544_-410_-219_-34_78_-24_561_468_-191_286_517]
=== RUN   TestQuickSortGo/[-599_25_-799_160_50_326_-205_-434_346_154_376_224_290_-265_-421]
=== RUN   TestQuickSortGo/[197_217_-155_-80_317_498_-420_768_-575_184_-428_-296_-801_307_-687]
=== RUN   TestQuickSortGo/[171_-259_-602_440_347_306_112_313_434_-710_-18_-99_574_38_-450]
=== RUN   TestQuickSortGo/[-752_400_271_-245_1_453_-115_-332_-464_841_184_-414_-690_680_91]
=== RUN   TestQuickSortGo/[182_664_-419_15_-301_-138_777_304_657_-641_-198_189_408_271_-425]
=== RUN   TestQuickSortGo/[-186_827_268_123_-510_-310_733_-436_-454_219_186_729_-495_45_-444]
=== RUN   TestQuickSortGo/[50_236_-365_-549_-162_210_221_19_190_-103_-926_301_-82_-72_118]
=== RUN   TestQuickSortGo/[-109_-725_146_155_-292_-41_-373_318_241_155_-4_-300_-199_513_227]
=== RUN   TestQuickSortGo/[-439_-577_583_497_11_261_-708_-201_865_434_9_552_-384_479_43]
=== RUN   TestQuickSortGo/[440_97_-3_399_381_539_911_-543_-192_-99_-586_-95_-936_-101_-273]
=== RUN   TestQuickSortGo/[608_-634_-10_719_835_340_-688_-271_-377_-530_-481_-312_-260_243_610]
=== RUN   TestQuickSortGo/[104_-75_-346_-118_90_138_-157_-129_155_-127_-32_354_54_512_611]
=== RUN   TestQuickSortGo/[359_28_-144_-244_101_554_66_-570_-53_-280_-211_232_-111_-636_229]
=== RUN   TestQuickSortGo/[823_-315_121_-232_99_-197_189_633_565_15_309_-295_-139_945_683]
=== RUN   TestQuickSortGo/[472_514_586_233_710_-15_-862_-61_-28_697_361_116_671_-684_33]
=== RUN   TestQuickSortGo/[439_-303_84_97_836_778_-287_-469_-277_-354_857_324_434_-585_500]
=== RUN   TestQuickSortGo/[-69_-13_-87_811_-113_581_620_747_72_226_645_694_70_95_-203]
=== RUN   TestQuickSortGo/[163_282_320_320_-466_-139_489_-906_-677_728_-64_-165_116_-38_694]
=== RUN   TestQuickSortGo/[-931_-224_423_-177_-433_-895_-515_-577_329_129_-136_286_-224_402_-72]
=== RUN   TestQuickSortGo/[796_507_94_104_521_-103_443_-462_-744_790_893_455_64_-3_899]
=== RUN   TestQuickSortGo/[161_910_-552_139_-546_335_571_127_-244_649_-538_-295_-99_93_177]
=== RUN   TestQuickSortGo/[98_809_318_234_107_558_-903_-643_-521_-107_49_529_-237_-108_-238]
=== RUN   TestQuickSortGo/[-312_-609_-476_354_-176_-267_149_443_-291_-563_-38_150_-602_452_-154]
=== RUN   TestQuickSortGo/[-93_-164_314_10_24_-61_-121_268_-269_-32_-202_-111_-322_-264_449]
=== RUN   TestQuickSortGo/[253_122_660_148_604_-358_2_305_404_271_390_500_-67_296_-816]
=== RUN   TestQuickSortGo/[263_-112_-621_-102_469_-254_383_610_-437_-341_402_528_-508_496_-214]
=== RUN   TestQuickSortGo/[749_-65_-685_-821_174_121_-150_21_-343_-16_-469_231_71_-305_-334]
=== RUN   TestQuickSortGo/[882_185_-227_-779_110_-160_364_367_-583_-717_-377_-587_110_-66_273]
=== RUN   TestQuickSortGo/[527_128_322_844_359_-97_434_-356_-159_-507_-297_360_181_-251_-195]
=== RUN   TestQuickSortGo/[153_566_181_-492_-42_-189_-470_785_755_66_161_78_-832_-95_41]
=== RUN   TestQuickSortGo/[-350_-770_-279_-19_-26_649_142_919_-99_372_-116_-256_571_-402_75]
=== RUN   TestQuickSortGo/[685_-226_548_-272_212_623_-649_575_-629_580_302_333_166_-74_596]
=== RUN   TestQuickSortGo/[-381_804_-107_-565_-557_-107_533_-193_-205_76_659_-134_295_-252_-937]
=== RUN   TestQuickSortGo/[-744_-647_-311_407_-552_-690_16_406_-539_340_277_-205_-250_-103_-49]
=== RUN   TestQuickSortGo/[-519_-19_-289_27_202_-945_211_-18_300_111_364_-323_366_-454_-644]
=== RUN   TestQuickSortGo/[837_-750_-668_-269_-63_278_392_-76_230_151_142_-460_-341_-379_-114]
=== RUN   TestQuickSortGo/[499_245_647_19_8_-630_-317_-493_776_-273_577_-110_-153_363_-136]
=== RUN   TestQuickSortGo/[-938_-742_-520_-209_-290_-354_-180_826_415_-848_583_-47_47_-367_678]
=== RUN   TestQuickSortGo/[-135_-348_605_231_349_95_-474_-804_-169_-539_548_4_84_73_279]
=== RUN   TestQuickSortGo/[123_-240_-55_666_-321_-86_97_664_204_302_-387_-111_410_485_-492]
=== RUN   TestQuickSortGo/[284_72_-612_546_-154_-457_105_135_541_-52_-501_-26_-589_-91_-508]
=== RUN   TestQuickSortGo/[273_42_-93_727_364_-42_-751_-210_-40_263_-781_241_720_-241_-120]
=== RUN   TestQuickSortGo/[-33_-166_109_149_-113_-32_692_-115_-808_-555_-342_521_379_687_-64]
=== RUN   TestQuickSortGo/[-778_-29_196_-683_83_85_-537_-261_0_536_237_440_358_626_516]
=== RUN   TestQuickSortGo/[-118_-593_550_37_-84_197_304_-58_-248_399_-75_-736_467_542_-668]
=== RUN   TestQuickSortGo/[7_595_-173_-301_-112_-407_-190_-394_771_380_-204_-490_410_634_-115]
=== RUN   TestQuickSortGo/[-99_-116_-428_-292_-324_46_-6_-464_-230_-897_-241_36_257_216_-760]
=== RUN   TestQuickSortGo/[51_760_846_449_555_31_822_-259_-476_-245_189_121_51_-726_-816]
=== RUN   TestQuickSortGo/[-692_-774_488_-473_-59_563_-57_434_-13_-407_-473_-309_339_-65_470]
=== RUN   TestQuickSortGo/[-667_-259_-215_-256_-460_548_-51_316_-258_101_-165_-836_191_226_64]
=== RUN   TestQuickSortGo/[-117_-603_-20_154_-704_12_-74_-38_318_411_339_576_-587_-364_-719]
=== RUN   TestQuickSortGo/[258_390_-343_-597_-326_460_-572_-231_-342_-275_171_244_-253_-595_-369]
=== RUN   TestQuickSortGo/[-80_189_114_-214_80_472_446_443_-280_168_406_189_-464_297_225]
=== RUN   TestQuickSortGo/[-209_441_522_573_-104_-39_-193_625_-169_-155_381_194_-273_-376_-63]
=== RUN   TestQuickSortGo/[173_-223_-133_103_-548_48_-236_-490_389_211_-270_-456_-57_369_-483]
=== RUN   TestQuickSortGo/[487_-284_-433_-441_-674_-338_261_-695_198_-527_600_-200_242_-153_14]
=== RUN   TestQuickSortGo/[156_-285_-40_430_543_715_631_-510_-238_730_-390_869_57_496_-99]
=== RUN   TestQuickSortGo/[45_-142_309_201_833_-7_596_-479_-275_35_478_-827_-222_-120_-936]
=== RUN   TestQuickSortGo/[-21_21_-702_553_-280_-566_-23_-406_-138_-695_387_-155_-230_717_-805]
=== RUN   TestQuickSortGo/[209_-470_-654_139_-329_-304_13_90_-19_-122_-281_-131_-255_-105_500]
=== RUN   TestQuickSortGo/[-645_306_84_-283_-1_-506_154_76_129_-59_-581_-84_-599_-71_-69]
=== RUN   TestQuickSortGo/[-247_423_811_118_-504_177_-861_-94_100_-383_-327_468_267_673_-262]
=== RUN   TestQuickSortGo/[41_752_-476_-501_-721_-340_143_-87_456_804_646_-87_614_-135_-42]
=== RUN   TestQuickSortGo/[-263_303_303_-474_201_-165_621_-746_-77_-601_-156_-96_788_-464_-146]
=== RUN   TestQuickSortGo/[146_545_714_-708_-469_463_284_-328_935_-42_-745_-164_18_222_13]
=== RUN   TestQuickSortGo/[542_508_-428_41_101_-195_-418_-857_-647_303_-541_559_333_227_35]
=== RUN   TestQuickSortGo/[54_-315_700_466_-125_171_679_-173_-198_59_464_-257_270_69_409]
=== RUN   TestQuickSortGo/[-556_-31_-634_-25_-43_-552_373_314_-254_304_219_612_-345_545_296]
=== RUN   TestQuickSortGo/[662_391_141_-27_-392_-750_-716_-300_-88_628_-286_5_161_198_-707]
=== RUN   TestQuickSortGo/[93_-476_548_-56_230_-144_-243_-726_752_21_51_411_207_669_318]
=== RUN   TestQuickSortGo/[-314_231_-679_631_-62_716_-211_-663_-112_-383_409_-432_-252_-462_-176]
=== RUN   TestQuickSortGo/[-386_27_349_18_90_462_426_-190_577_475_85_148_-301_151_379]
=== RUN   TestQuickSortGo/[194_-10_705_795_130_211_-483_404_168_-527_59_95_753_-132_407]
=== RUN   TestQuickSortGo/[541_124_-161_-650_-65_-930_-135_137_-128_316_346_437_-121_-573_-36]
=== RUN   TestQuickSortGo/[-517_35_16_-533_177_-3_485_-144_-856_86_-40_220_75_-284_221]
=== RUN   TestQuickSortGo/[-153_-944_-700_-373_-30_117_-395_316_-168_4_351_204_-580_-162_-184]
=== RUN   TestQuickSortGo/[-502_-172_21_-139_-360_58_137_650_-270_532_-309_-301_-716_-22_-170]
=== RUN   TestQuickSortGo/[-418_310_-579_839_-333_-453_-292_-336_-72_122_-40_451_-923_-119_-391]
=== RUN   TestQuickSortGo/[618_114_-424_685_223_311_190_-635_131_35_-909_13_-488_-522_-186]
=== RUN   TestQuickSortGo/[54_272_165_-262_-145_-486_-9_-519_801_-441_-343_244_-298_-205_-227]
=== RUN   TestQuickSortGo/[226_-63_81_-404_685_118_156_-267_-174_7_117_87_16_-268_-29]
=== RUN   TestQuickSortGo/[71_-192_498_-844_-214_573_254_100_33_-450_-588_13_5_487_-755]
=== RUN   TestQuickSortGo/[-56_-340_32_-182_-30_-257_-611_-303_-413_557_900_743_-481_-793_-378]
=== RUN   TestQuickSortGo/[577_581_-705_565_-503_-429_77_668_-153_-22_-587_-83_895_483_549]
=== RUN   TestQuickSortGo/[-221_-271_-289_65_504_451_284_159_444_257_683_-335_593_43_-273]
=== RUN   TestQuickSortGo/[496_-120_210_588_161_-822_161_-256_173_260_-331_602_5_332_203]
=== RUN   TestQuickSortGo/[-600_-134_164_449_599_-303_448_-76_69_154_-606_3_-22_-382_-62]
=== RUN   TestQuickSortGo/[368_817_-234_660_-598_240_469_-219_-97_365_51_12_-299_-459_-19]
=== RUN   TestQuickSortGo/[2_-415_301_492_-177_179_721_-618_-8_-315_135_589_-472_-119_405]
=== RUN   TestQuickSortGo/[26_206_266_318_571_22_844_694_-222_694_-444_420_-426_290_114]
=== RUN   TestQuickSortGo/[-407_-593_-572_-687_-13_-350_-273_-735_-73_-596_105_60_-30_709_-418]
=== RUN   TestQuickSortGo/[-551_-168_-113_722_-238_-40_-102_317_-77_105_838_-59_474_-711_62]
=== RUN   TestQuickSortGo/[-80_-208_-169_-821_584_169_294_-394_731_452_-14_22_-490_285_-316]
=== RUN   TestQuickSortGo/[382_508_-261_-222_490_-379_922_605_306_-119_-57_41_556_43_539]
=== RUN   TestQuickSortGo/[-1_-175_-834_257_-162_-644_-561_-892_-102_-483_-128_-330_-130_219_258]
=== RUN   TestQuickSortGo/[31_487_679_574_489_-438_-112_168_692_579_-131_-56_198_566_133]
=== RUN   TestQuickSortGo/[136_-82_659_214_383_108_-59_7_59_344_-95_179_844_-650_-139]
=== RUN   TestQuickSortGo/[-234_267_188_210_518_171_-565_195_129_-490_-425_302_-348_-101_505]
=== RUN   TestQuickSortGo/[-84_-147_-317_126_673_438_746_554_24_46_-613_229_-92_-472_-470]
=== RUN   TestQuickSortGo/[-68_-369_287_530_-152_156_577_-538_-277_141_316_-470_14_-848_184]
=== RUN   TestQuickSortGo/[245_666_154_384_357_-75_-274_-371_470_208_-677_70_35_-225_-569]
=== RUN   TestQuickSortGo/[-8_-334_-328_-9_839_174_-917_763_177_-93_-53_-493_11_-275_72]
=== RUN   TestQuickSortGo/[611_260_-405_326_-330_-551_666_-298_290_677_-586_-578_-668_764_848]
=== RUN   TestQuickSortGo/[-764_-654_582_-422_104_-437_329_-809_13_-698_138_793_-778_-191_-735]
=== RUN   TestQuickSortGo/[-249_-129_-456_-23_683_-333_294_-280_678_-339_-905_243_-231_-626_-705]
=== RUN   TestQuickSortGo/[-363_153_-107_9_-60_-629_-113_22_81_293_-829_-527_332_-273_265]
=== RUN   TestQuickSortGo/[126_171_137_188_297_-812_10_-126_-223_-731_-78_-281_646_-404_845]
=== RUN   TestQuickSortGo/[-251_-569_-137_-312_534_-790_-743_-838_21_625_203_-220_39_-181_463]
=== RUN   TestQuickSortGo/[-13_214_202_832_-676_64_353_429_148_31_398_-102_304_-27_334]
=== RUN   TestQuickSortGo/[-296_-497_-154_-176_451_45_-362_-148_594_606_523_-472_-288_-102_553]
=== RUN   TestQuickSortGo/[90_-425_-331_694_596_-284_265_-341_694_-216_587_132_105_435_417]
=== RUN   TestQuickSortGo/[-625_286_92_7_-492_48_-176_139_-263_472_473_913_-54_572_-228]
=== RUN   TestQuickSortGo/[-24_766_74_-203_73_-99_348_7_-316_-55_441_162_-15_-617_143]
=== RUN   TestQuickSortGo/[424_638_72_-146_-316_4_-327_-859_-329_-146_-438_629_292_-263_-27]
=== RUN   TestQuickSortGo/[-238_169_41_-297_-102_-143_10_81_429_-276_-384_482_389_-53_508]
=== RUN   TestQuickSortGo/[559_-292_-696_-5_396_415_61_-820_187_-45_-162_-178_229_-77_-23]
=== RUN   TestQuickSortGo/[-176_-30_128_-176_640_430_532_-17_13_-277_3_-791_707_121_-453]
=== RUN   TestQuickSortGo/[-306_666_175_-98_819_570_36_-41_-964_582_30_-16_101_-2_-505]
=== RUN   TestQuickSortGo/[-534_469_-11_536_633_142_122_435_-537_-460_318_-351_-66_-22_-23]
=== RUN   TestQuickSortGo/[-289_-492_-182_-356_-348_-133_-315_397_801_205_196_-596_-10_23_5]
=== RUN   TestQuickSortGo/[76_-293_78_608_-527_225_194_-157_261_641_-69_59_-785_-95_624]
=== RUN   TestQuickSortGo/[790_-100_178_511_-48_-87_-650_64_-581_-20_704_131_-891_-41_31]
=== RUN   TestQuickSortGo/[41_427_967_-199_294_591_516_156_-404_-447_507_-55_462_179_-42]
=== RUN   TestQuickSortGo/[88_-124_707_860_233_455_111_-734_-329_-736_-32_11_50_577_-451]
=== RUN   TestQuickSortGo/[567_-171_-478_-738_-138_632_202_203_572_-182_483_285_-112_-341_262]
=== RUN   TestQuickSortGo/[-100_-912_293_-55_-890_-631_-48_-683_-475_119_-281_-54_-552_-86_450]
=== RUN   TestQuickSortGo/[48_78_-148_-350_-751_-163_-616_867_187_251_355_386_-588_-322_74]
=== RUN   TestQuickSortGo/[-440_512_-794_-610_-122_-223_-677_404_-232_-169_-60_-37_-266_-53_-76]
=== RUN   TestQuickSortGo/[-331_-367_-147_-224_-26_50_234_-890_19_64_-501_239_346_-493_-427]
=== RUN   TestQuickSortGo/[-269_-103_-719_-491_-120_252_-658_-592_186_108_358_44_-94_-452_67]
=== RUN   TestQuickSortGo/[723_-67_-426_-575_-80_-580_-394_562_102_728_244_362_49_-611_-36]
=== RUN   TestQuickSortGo/[-62_-729_7_29_30_-549_796_-383_241_-757_-373_169_149_698_-305]
=== RUN   TestQuickSortGo/[40_499_265_730_-136_207_387_-42_447_580_40_772_651_244_-74]
=== RUN   TestQuickSortGo/[163_-352_-350_-146_281_119_420_-332_46_-285_-582_-246_657_-918_-14]
=== RUN   TestQuickSortGo/[-294_-747_-568_406_241_-91_-27_242_-83_211_-513_-469_-4_355_150]
=== RUN   TestQuickSortGo/[306_218_477_-786_-510_-36_859_-295_166_82_231_162_460_108_-192]
=== RUN   TestQuickSortGo/[-436_-336_-86_-469_-43_76_-238_206_-630_-509_174_-134_555_710_-881]
=== RUN   TestQuickSortGo/[-195_234_129_488_288_469_635_505_319_-195_521_-457_44_396_-39]
=== RUN   TestQuickSortGo/[269_231_18_-372_445_433_-246_-328_-489_429_392_-804_609_276_-537]
=== RUN   TestQuickSortGo/[78_216_157_-617_400_335_-49_-153_-18_191_-131_54_101_-476_-771]
=== RUN   TestQuickSortGo/[604_747_580_-366_82_-228_-536_-86_651_68_212_-589_-418_498_34]
=== RUN   TestQuickSortGo/[23_26_549_658_212_98_-4_281_216_334_32_474_-341_168_451]
=== RUN   TestQuickSortGo/[176_553_68_335_190_301_-652_288_-70_295_84_-155_599_274_-433]
=== RUN   TestQuickSortGo/[-570_195_-800_-621_461_76_13_538_57_-293_-666_-245_-100_-268_-484]
=== RUN   TestQuickSortGo/[-135_-475_82_-478_-806_174_-529_16_210_604_-239_23_-381_-193_-361]
=== RUN   TestQuickSortGo/[93_103_222_89_-328_-436_325_-21_401_223_229_331_406_764_-654]
=== RUN   TestQuickSortGo/[-440_-659_-388_-173_4_-536_86_-2_-216_-323_144_344_148_77_-382]
=== RUN   TestQuickSortGo/[605_208_-412_-109_-477_626_-651_-592_392_674_719_-362_839_710_-755]
=== RUN   TestQuickSortGo/[-555_-680_-156_-450_425_-148_38_159_21_-67_54_647_26_316_779]
=== RUN   TestQuickSortGo/[-218_849_-526_-324_-291_-351_-236_-435_799_320_-655_785_444_750_833]
=== RUN   TestQuickSortGo/[-239_128_-446_-339_-582_-207_-33_-379_-93_699_-698_-128_508_191_-29]
=== RUN   TestQuickSortGo/[-2_711_428_9_373_-344_174_544_-465_563_215_-405_690_6_488]
=== RUN   TestQuickSortGo/[171_-335_-314_193_-141_296_-520_-102_-272_-272_197_118_349_378_744]
=== RUN   TestQuickSortGo/[211_240_-44_260_552_-193_-214_168_-252_-625_-597_276_-245_526_-429]
=== RUN   TestQuickSortGo/[747_774_-382_441_765_488_225_125_-48_-61_682_387_407_-87_-128]
=== RUN   TestQuickSortGo/[141_166_299_-177_-246_111_612_-874_-305_77_190_-233_-268_457_-99]
=== RUN   TestQuickSortGo/[-118_-45_-861_136_264_-311_229_732_-199_-100_-112_-651_210_266_107]
=== RUN   TestQuickSortGo/[-452_-31_647_60_89_-84_70_-321_-916_-7_436_464_430_261_-39]
=== RUN   TestQuickSortGo/[259_-101_46_-115_849_-666_-217_-350_67_687_-169_-187_-124_791_-67]
=== RUN   TestQuickSortGo/[-304_733_-549_-187_639_-199_824_327_663_650_-385_279_62_205_-457]
=== RUN   TestQuickSortGo/[-396_-47_-305_298_34_145_43_-671_-563_-147_-8_623_-531_366_17]
=== RUN   TestQuickSortGo/[441_-251_246_-147_245_431_408_-177_-256_-127_-312_-691_687_-404_282]
=== RUN   TestQuickSortGo/[-572_-1_-200_256_-246_-518_-346_296_571_158_52_189_-453_-82_484]
=== RUN   TestQuickSortGo/[728_195_863_-459_-478_-89_332_-107_325_469_173_403_-8_-319_-272]
=== RUN   TestQuickSortGo/[-519_-53_179_-241_275_17_56_487_-369_94_-327_-352_38_-383_-401]
=== RUN   TestQuickSortGo/[-34_511_-42_-386_-166_-320_270_554_175_-16_-344_510_-245_-635_-297]
=== RUN   TestQuickSortGo/[40_119_-589_-35_-769_-525_778_-231_811_-660_-656_-694_-182_-106_12]
=== RUN   TestQuickSortGo/[256_404_101_223_-720_-651_348_356_-248_361_547_644_-162_621_333]
=== RUN   TestQuickSortGo/[-180_-299_79_-362_-236_290_82_-695_-496_-66_-507_-207_-838_497_-141]
=== RUN   TestQuickSortGo/[17_688_575_410_274_761_118_-59_518_264_339_-625_-490_182_-245]
=== RUN   TestQuickSortGo/[0_-15_545_-304_-150_539_131_-935_-44_-8_-70_770_252_-637_312]
=== RUN   TestQuickSortGo/[-293_849_677_13_-523_-702_-278_-206_-481_-795_-534_-671_424_146_752]
=== RUN   TestQuickSortGo/[-540_340_-59_276_-556_685_-209_233_-530_732_471_400_95_-198_229]
=== RUN   TestQuickSortGo/[870_428_-317_584_451_308_-32_56_412_-50_677_-229_-304_406_299]
=== RUN   TestQuickSortGo/[396_-100_-264_143_725_276_-301_-111_192_-406_-726_-216_-303_43_-352]
=== RUN   TestQuickSortGo/[-414_322_-400_-191_-99_473_32_217_-25_-211_195_378_655_40_-478]
=== RUN   TestQuickSortGo/[632_426_123_-315_511_171_-249_99_28_423_-667_-45_-55_506_632]
=== RUN   TestQuickSortGo/[31_744_506_-224_-694_311_745_-533_-181_148_-854_-885_-832_-364_-448]
=== RUN   TestQuickSortGo/[-662_-283_-383_446_149_-41_-82_-746_63_-835_117_641_11_739_307]
=== RUN   TestQuickSortGo/[-316_607_188_108_691_-436_733_52_-100_-444_909_29_-20_656_-165]
=== RUN   TestQuickSortGo/[-202_-809_791_-605_-418_-455_266_-234_-31_-379_-213_-22_-428_-731_61]
=== RUN   TestQuickSortGo/[498_130_-621_332_-85_-387_-51_-350_679_-659_-75_888_-107_-164_-56]
=== RUN   TestQuickSortGo/[564_446_280_325_452_520_-421_-223_778_-173_-448_-517_479_404_815]
=== RUN   TestQuickSortGo/[-364_102_548_49_-47_619_315_427_272_-158_-355_-515_-260_-592_-310]
=== RUN   TestQuickSortGo/[-593_-760_914_693_-65_-105_-260_-265_428_-764_21_444_-618_663_-294]
=== RUN   TestQuickSortGo/[36_115_228_-523_-367_-127_-369_286_-421_-679_-101_71_612_339_-388]
=== RUN   TestQuickSortGo/[521_18_555_-693_-109_-360_89_-156_270_-279_291_-545_-683_571_-672]
=== RUN   TestQuickSortGo/[-616_-837_-16_350_-608_-97_-330_-310_-242_-300_226_-134_-52_-710_723]
=== RUN   TestQuickSortGo/[-123_-188_597_-1_-460_683_-22_-241_61_124_-745_-146_389_324_669]
=== RUN   TestQuickSortGo/[-257_-253_-206_503_324_-319_456_-113_125_40_377_-300_-515_185_23]
=== RUN   TestQuickSortGo/[821_-89_81_-624_349_-135_-313_-610_-608_482_-424_341_-147_-145_645]
=== RUN   TestQuickSortGo/[-344_459_193_-247_-306_-73_-307_-132_-320_-18_226_-281_175_-409_102]
=== RUN   TestQuickSortGo/[-497_-514_-132_15_-415_-75_-400_80_-285_614_336_-529_155_-324_-466]
=== RUN   TestQuickSortGo/[-276_120_656_-43_148_-247_305_193_-520_70_-669_25_-179_-307_-95]
=== RUN   TestQuickSortGo/[-400_-308_-60_489_-888_-789_91_-538_483_237_-271_61_-310_-535_-254]
=== RUN   TestQuickSortGo/[208_213_521_214_322_-132_-166_230_-32_174_-349_-222_868_-482_259]
=== RUN   TestQuickSortGo/[-355_116_-10_-268_-528_588_-234_-571_284_443_-194_-225_56_-586_661]
=== RUN   TestQuickSortGo/[626_-382_-385_589_-448_46_123_-316_-374_528_-219_139_-641_259_206]
=== RUN   TestQuickSortGo/[409_874_43_60_-418_386_-173_296_48_116_-50_-128_3_398_-122]
=== RUN   TestQuickSortGo/[590_-5_-130_-37_41_-955_-253_-557_-583_-496_251_-118_-85_-56_70]
=== RUN   TestQuickSortGo/[346_-394_-504_167_178_-409_136_-241_-199_-186_-714_-835_397_-116_-56]
=== RUN   TestQuickSortGo/[-179_495_-137_-393_-91_-301_-372_-802_79_217_-199_-38_-159_-317_-427]
=== RUN   TestQuickSortGo/[-376_-345_260_101_150_-291_302_314_1_-126_323_-823_538_466_218]
=== RUN   TestQuickSortGo/[-204_-304_-159_-125_292_161_7_-248_126_619_-203_-214_492_-474_-456]
=== RUN   TestQuickSortGo/[276_-397_247_128_-28_-433_-113_502_147_-5_273_28_62_287_293]
=== RUN   TestQuickSortGo/[-145_-68_206_680_249_-421_-76_109_65_220_129_-229_478_-104_92]
=== RUN   TestQuickSortGo/[-78_395_-45_12_163_625_-642_-8_199_455_615_129_-213_0_417]
=== RUN   TestQuickSortGo/[673_-279_691_-318_-389_-369_695_312_321_-356_-530_401_299_374_163]
=== RUN   TestQuickSortGo/[87_-139_-526_-576_114_-113_55_-15_-29_-300_104_-711_-37_112_251]
=== RUN   TestQuickSortGo/[195_816_78_277_269_214_41_424_181_-70_250_-251_290_-725_700]
=== RUN   TestQuickSortGo/[-679_291_513_281_58_632_18_-294_320_-43_-442_417_353_-283_308]
=== RUN   TestQuickSortGo/[-495_45_-611_-364_-793_-231_65_198_218_476_-183_-134_65_-184_-288]
=== RUN   TestQuickSortGo/[-567_209_343_-663_89_223_290_291_-704_530_-348_-590_-441_-169_-397]
=== RUN   TestQuickSortGo/[-269_-491_-519_-213_-462_5_-569_386_248_-354_-34_220_-95_199_-383]
=== RUN   TestQuickSortGo/[407_149_649_-541_-135_-72_-145_23_-293_154_-47_-503_638_235_164]
=== RUN   TestQuickSortGo/[-623_305_-378_-28_126_327_77_-413_-584_572_-377_-747_-177_730_-157]
=== RUN   TestQuickSortGo/[-56_597_-595_83_-78_515_-15_0_9_-951_820_252_-24_-9_-239]
=== RUN   TestQuickSortGo/[852_-428_161_200_-951_-285_-246_627_171_569_400_683_426_291_-158]
=== RUN   TestQuickSortGo/[491_-508_-112_-250_19_-350_525_-929_-415_-18_-738_-100_165_-275_-48]
=== RUN   TestQuickSortGo/[281_-74_340_-514_151_608_731_353_122_200_-40_970_-298_-326_-761]
=== RUN   TestQuickSortGo/[433_484_363_429_248_770_-18_-93_271_-892_-52_-144_774_514_605]
=== RUN   TestQuickSortGo/[-44_734_65_727_184_-296_-341_64_-486_-188_-691_135_66_35_158]
=== RUN   TestQuickSortGo/[-499_380_797_131_-541_-262_-566_-63_15_17_-975_-4_297_-372_-49]
=== RUN   TestQuickSortGo/[-526_-273_-396_436_-30_116_657_414_-344_4_-473_381_-492_-596_-438]
=== RUN   TestQuickSortGo/[554_161_-429_-635_804_291_613_-370_351_-490_-189_-574_-79_487_-388]
=== RUN   TestQuickSortGo/[3_280_636_-241_578_-450_-79_-74_395_-651_221_-65_169_389_-412]
=== RUN   TestQuickSortGo/[-443_-58_-89_-820_-591_-23_-313_-80_185_-228_194_142_496_-643_70]
=== RUN   TestQuickSortGo/[-223_324_62_401_564_-224_391_-148_132_316_-419_285_-420_-51_-3]
=== RUN   TestQuickSortGo/[-371_48_-341_555_269_-592_403_90_-760_-187_646_-7_471_-864_-430]
=== RUN   TestQuickSortGo/[-352_-77_60_-35_-490_-575_-591_-347_96_665_-591_720_-136_-264_287]
=== RUN   TestQuickSortGo/[-247_-95_380_-52_-417_400_-438_121_-160_448_-315_-222_-95_805_516]
=== RUN   TestQuickSortGo/[-111_-394_-318_14_-838_-107_690_-198_-501_-3_-759_-632_123_85_376]
=== RUN   TestQuickSortGo/[585_-76_-278_-58_-874_-860_946_-720_-636_89_229_-206_-347_-342_-193]
=== RUN   TestQuickSortGo/[-388_716_792_75_187_-503_-315_537_-411_270_-651_-8_-315_3_113]
=== RUN   TestQuickSortGo/[193_382_-817_-46_-205_-797_442_476_397_-324_367_-154_77_365_528]
=== RUN   TestQuickSortGo/[-566_407_-134_-746_424_-22_645_129_-113_-203_-148_125_-165_550_-114]
=== RUN   TestQuickSortGo/[-289_177_-30_-71_244_-712_660_-124_286_347_-40_-191_515_-19_175]
=== RUN   TestQuickSortGo/[496_-278_-488_-413_-604_71_-540_667_-232_695_236_827_-20_340_202]
=== RUN   TestQuickSortGo/[-25_322_32_484_-421_404_711_59_777_959_-785_-381_-265_-234_95]
=== RUN   TestQuickSortGo/[777_-185_160_-625_666_-125_-230_368_-35_-115_-800_539_137_-155_229]
=== RUN   TestQuickSortGo/[42_578_-272_287_923_830_898_-836_-460_316_207_229_108_-835_417]
=== RUN   TestQuickSortGo/[-67_128_-851_724_-293_-440_-85_-55_-661_234_-574_50_634_60_-456]
=== RUN   TestQuickSortGo/[78_676_343_-178_538_-212_275_402_607_58_-15_-203_303_-6_-221]
=== RUN   TestQuickSortGo/[194_293_608_-306_27_86_44_491_-798_-218_454_-197_97_66_410]
=== RUN   TestQuickSortGo/[-938_167_6_123_677_-230_205_345_90_-282_-475_-687_125_-48_-119]
=== RUN   TestQuickSortGo/[-42_-300_-175_563_102_343_315_55_169_-440_-313_455_39_271_-38]
=== RUN   TestQuickSortGo/[127_27_-173_78_-624_340_36_273_-172_-201_-213_38_-769_156_-403]
=== RUN   TestQuickSortGo/[-525_-208_-651_88_465_-457_733_199_12_-10_109_720_542_-249_-87]
=== RUN   TestQuickSortGo/[-403_-629_-200_-682_266_-520_-91_230_-22_-153_-582_-643_-14_-571_270]
=== RUN   TestQuickSortGo/[-153_-377_-172_335_-45_182_38_613_-738_724_-479_-275_-536_-224_930]
=== RUN   TestQuickSortGo/[348_-754_146_-392_218_-817_-382_50_47_-5_-560_261_369_736_418]
=== RUN   TestQuickSortGo/[330_674_57_291_227_52_244_-119_-572_-186_217_587_-125_-613_-317]
=== RUN   TestQuickSortGo/[23_8_347_-56_-433_283_9_-542_-186_254_-92_401_96_3_65]
=== RUN   TestQuickSortGo/[754_-73_-3_-250_-735_621_-26_825_443_-340_239_-107_617_-234_98]
=== RUN   TestQuickSortGo/[-463_362_-458_-439_-526_512_-854_857_340_489_623_-142_798_701_916]
=== RUN   TestQuickSortGo/[-521_950_244_-100_-334_172_-764_276_389_315_548_75_382_-261_222]
=== RUN   TestQuickSortGo/[-398_-150_477_-8_-529_234_320_91_-539_-34_-468_719_313_-28_213]
=== RUN   TestQuickSortGo/[-333_147_132_219_-742_-621_299_292_289_459_-300_-215_309_-342_-345]
=== RUN   TestQuickSortGo/[-420_156_-592_-19_-423_618_321_40_671_143_-246_-620_-633_399_165]
=== RUN   TestQuickSortGo/[-173_-108_-112_33_-340_359_-242_-49_-349_-258_802_-126_-182_143_-209]
=== RUN   TestQuickSortGo/[-350_149_167_-439_704_-112_496_-326_842_-85_-713_-205_18_760_-129]
=== RUN   TestQuickSortGo/[122_17_-325_389_-609_-78_-320_77_-393_192_-482_-651_17_89_-48]
=== RUN   TestQuickSortGo/[-257_-31_171_-368_-525_165_-612_-736_-252_270_182_-504_-309_71_-284]
=== RUN   TestQuickSortGo/[332_258_538_-558_709_-236_88_-169_758_856_281_-166_-525_-230_-489]
=== RUN   TestQuickSortGo/[151_-603_-60_662_92_-378_-21_-665_-752_307_483_221_-501_417_324]
=== RUN   TestQuickSortGo/[665_66_92_-25_-19_21_-249_-151_-448_433_-583_-463_66_-476_-472]
=== RUN   TestQuickSortGo/[912_-751_172_-234_72_-521_679_56_783_213_359_110_-387_207_54]
=== RUN   TestQuickSortGo/[-141_-428_310_80_-439_-647_-201_-144_-298_-169_313_-411_-316_340_143]
=== RUN   TestQuickSortGo/[-414_-96_150_-336_-864_-538_-329_676_-579_-257_169_-214_-838_846_548]
=== RUN   TestQuickSortGo/[507_30_149_-538_475_3_386_554_569_-117_-539_-783_498_56_513]
=== RUN   TestQuickSortGo/[-700_377_-441_781_-348_-534_-721_-373_216_84_-261_463_81_-247_208]
=== RUN   TestQuickSortGo/[376_104_-196_-385_-30_-773_107_443_272_-701_-7_-137_-369_2_-166]
=== RUN   TestQuickSortGo/[-234_669_469_-724_-482_454_744_-37_443_-349_349_572_-54_-73_220]
=== RUN   TestQuickSortGo/[542_-369_-958_-257_700_-310_-638_-10_-551_773_-536_-581_-368_618_582]
=== RUN   TestQuickSortGo/[-6_490_41_7_-201_617_-624_657_-125_760_461_-425_3_-415_-38]
=== RUN   TestQuickSortGo/[727_-126_299_367_171_-310_-324_18_546_-210_541_252_-179_-782_-154]
=== RUN   TestQuickSortGo/[-713_116_205_469_-102_130_-413_-367_-45_333_132_-175_471_-621_46]
=== RUN   TestQuickSortGo/[-64_-500_74_-360_-222_-24_-294_-346_1_278_-284_22_-16_304_98]
=== RUN   TestQuickSortGo/[-33_-255_648_283_-624_517_-78_19_-630_237_-44_143_671_144_757]
=== RUN   TestQuickSortGo/[-493_-106_-25_88_130_44_-74_-213_-688_-735_128_70_142_181_1]
=== RUN   TestQuickSortGo/[127_367_843_154_417_663_-746_122_536_234_-406_-302_108_884_389]
=== RUN   TestQuickSortGo/[-249_666_-203_-46_-176_291_-200_337_304_-869_-634_-29_205_-313_576]
=== RUN   TestQuickSortGo/[-312_199_241_-248_499_572_964_-638_-90_-358_11_268_-442_34_3]
=== RUN   TestQuickSortGo/[-712_-340_216_-833_-435_620_-242_267_129_233_122_662_-828_220_139]
=== RUN   TestQuickSortGo/[-12_-282_-757_-335_-235_-149_-196_-34_259_11_-184_-307_224_216_26]
=== RUN   TestQuickSortGo/[-668_469_618_-2_-521_-462_-15_298_-543_-606_578_-113_-686_-99_217]
=== RUN   TestQuickSortGo/[-434_-717_668_-277_-268_-94_1_449_316_389_-391_-81_501_-364_414]
=== RUN   TestQuickSortGo/[408_418_-69_305_-350_689_24_105_-120_-702_453_-197_905_398_-183]
=== RUN   TestQuickSortGo/[-312_265_-91_-202_-162_218_-510_-708_-271_61_-745_-287_335_-521_-216]
=== RUN   TestQuickSortGo/[-484_-372_-158_645_-792_45_-84_290_575_46_-128_326_189_825_-603]
=== RUN   TestQuickSortGo/[62_-233_-561_177_877_667_-184_-23_-408_-120_-402_479_728_960_552]
=== RUN   TestQuickSortGo/[-317_820_-214_294_102_239_341_-248_604_-153_21_-136_-85_478_272]
=== RUN   TestQuickSortGo/[207_-278_-298_-139_-748_275_743_240_-431_295_346_50_-877_-264_659]
=== RUN   TestQuickSortGo/[166_-853_-384_0_-372_-208_-410_-253_-297_335_37_-175_44_280_214]
=== RUN   TestQuickSortGo/[177_-335_260_-540_-368_-180_758_234_-368_-729_177_158_291_-358_-271]
=== RUN   TestQuickSortGo/[-555_-2_100_309_107_715_695_-17_-105_299_32_-201_393_261_321]
=== RUN   TestQuickSortGo/[-302_-274_284_42_-137_65_29_250_196_-194_-716_649_675_-786_84]
=== RUN   TestQuickSortGo/[-564_-346_-132_420_496_450_459_-135_-600_-45_452_-341_404_-12_-212]
=== RUN   TestQuickSortGo/[-193_-788_-207_-274_93_451_487_573_-170_684_448_372_45_676_594]
=== RUN   TestQuickSortGo/[465_308_-25_294_887_-626_529_-423_-377_43_7_-68_-597_-34_-201]
=== RUN   TestQuickSortGo/[-15_7_682_789_627_-187_-226_205_-315_-124_-77_3_-114_-289_-202]
=== RUN   TestQuickSortGo/[696_-20_521_524_-782_-367_317_-171_5_-404_-150_-826_-808_236_-99]
=== RUN   TestQuickSortGo/[246_-447_652_-512_84_-456_-424_650_448_49_-555_-499_-554_-20_-647]
=== RUN   TestQuickSortGo/[9_-894_36_-434_-240_-341_253_31_24_510_-34_-832_-653_555_-154]
=== RUN   TestQuickSortGo/[508_-769_241_-502_142_8_-230_114_151_-515_-314_552_205_192_-23]
=== RUN   TestQuickSortGo/[-313_123_-565_242_145_-101_-36_-115_378_-471_134_-161_-214_382_33]
=== RUN   TestQuickSortGo/[40_-244_-311_-94_-69_-36_33_206_-385_570_587_755_80_183_232]
=== RUN   TestQuickSortGo/[-96_35_-63_-243_-256_307_256_251_54_-595_107_-463_9_-290_148]
=== RUN   TestQuickSortGo/[-432_302_-132_441_-72_326_54_-284_-44_-198_-203_-418_689_548_296]
=== RUN   TestQuickSortGo/[623_229_-95_799_-49_-365_-550_-187_20_-158_-83_-89_-569_-474_65]
=== RUN   TestQuickSortGo/[-665_-501_-359_441_363_156_128_-21_-526_-402_-136_-474_97_38_-342]
=== RUN   TestQuickSortGo/[-709_818_451_-913_-71_208_27_-467_-1_457_-360_-320_50_-114_223]
=== RUN   TestQuickSortGo/[-604_658_-364_-774_619_5_220_534_-210_434_-390_282_-23_372_-465]
=== RUN   TestQuickSortGo/[-813_358_-196_-634_-203_-307_-49_272_193_566_-373_-681_469_700_-263]
=== RUN   TestQuickSortGo/[48_-418_-99_450_-535_405_-784_677_-604_-114_171_165_-260_-11_-732]
=== RUN   TestQuickSortGo/[441_-445_-779_-86_-467_-715_301_25_-259_75_-79_-314_-737_-692_-952]
=== RUN   TestQuickSortGo/[-442_169_-16_173_602_-94_251_460_-138_240_-670_-220_320_147_163]
=== RUN   TestQuickSortGo/[-648_-91_40_-468_-101_393_-216_-198_-282_-327_69_122_244_-57_-46]
=== RUN   TestQuickSortGo/[123_231_90_-321_719_243_-688_600_49_-938_11_22_-390_12_-136]
=== RUN   TestQuickSortGo/[-267_361_286_-547_197_23_396_757_903_-493_243_-429_488_-95_-73]
=== RUN   TestQuickSortGo/[-475_-175_-310_-530_438_-297_-663_-366_-173_209_-13_11_-677_794_-119]
=== RUN   TestQuickSortGo/[-700_-755_-315_-318_658_-692_148_-557_831_-614_528_815_-206_-5_-381]
=== RUN   TestQuickSortGo/[-184_352_-2_224_-84_150_-198_-719_-428_-8_524_-77_-389_-391_-205]
=== RUN   TestQuickSortGo/[686_9_40_-55_-444_646_56_838_806_370_171_107_285_24_167]
=== RUN   TestQuickSortGo/[-382_241_194_-436_435_-448_135_-718_268_-138_-185_418_-855_52_-295]
=== RUN   TestQuickSortGo/[-518_176_-99_510_-191_429_262_386_35_-240_-871_-652_365_476_49]
=== RUN   TestQuickSortGo/[-270_104_367_-106_-292_-112_304_-926_-425_405_-330_-239_-346_58_339]
=== RUN   TestQuickSortGo/[628_-136_-487_-66_-212_-365_-291_241_-232_-800_131_-102_-434_589_-808]
=== RUN   TestQuickSortGo/[-354_-117_128_156_-104_243_37_383_-15_-259_2_-420_-489_312_15]
=== RUN   TestQuickSortGo/[-866_-266_-317_-240_-536_-502_129_-246_14_-353_69_-525_101_-161_-754]
=== RUN   TestQuickSortGo/[114_-394_-297_138_111_511_734_447_-209_-565_-539_-464_516_-357_518]
=== RUN   TestQuickSortGo/[284_-336_-309_27_-163_36_-23_-541_763_140_484_-96_381_-116_412]
=== RUN   TestQuickSortGo/[-383_292_640_272_-67_-313_41_-383_-544_-114_-174_-288_302_-218_434]
=== RUN   TestQuickSortGo/[554_-58_30_-235_-163_-120_140_616_466_566_289_-203_167_398_-694]
=== RUN   TestQuickSortGo/[-659_49_-867_-65_180_-226_373_121_-9_-307_-452_-697_-409_373_-331]
=== RUN   TestQuickSortGo/[-349_624_370_0_-342_-182_-638_346_-483_142_357_520_-135_891_-594]
=== RUN   TestQuickSortGo/[359_-806_-447_184_-217_85_-377_162_15_-374_122_-291_-411_-79_-495]
=== RUN   TestQuickSortGo/[-482_129_96_-241_-275_-668_712_265_169_-623_-435_-544_401_-534_-415]
=== RUN   TestQuickSortGo/[-297_-67_195_53_-200_131_-279_616_-163_-499_-306_-517_-483_-204_-457]
=== RUN   TestQuickSortGo/[146_-412_-508_-345_-36_561_-212_-660_225_674_-541_434_-451_-814_-726]
=== RUN   TestQuickSortGo/[-116_68_-685_-706_309_-627_-713_70_-46_492_-599_921_-376_-963_-427]
=== RUN   TestQuickSortGo/[-233_-191_238_823_-47_-475_-302_-122_-546_-452_-337_-193_232_144_19]
=== RUN   TestQuickSortGo/[385_-193_-562_672_70_108_546_239_-53_141_484_-34_564_535_-723]
=== RUN   TestQuickSortGo/[-177_212_-306_58_404_816_-237_-235_650_-115_-208_18_413_-290_-367]
=== RUN   TestQuickSortGo/[-385_433_-287_-173_-321_798_629_-408_167_342_339_-541_389_144_311]
=== RUN   TestQuickSortGo/[-621_472_-106_-251_-322_615_405_906_-57_-150_-253_-170_-233_17_-137]
=== RUN   TestQuickSortGo/[-499_-191_-646_-69_396_235_248_507_-231_502_279_162_47_359_611]
=== RUN   TestQuickSortGo/[-654_-492_-28_125_360_440_-297_-40_-842_-355_181_-181_338_573_-165]
=== RUN   TestQuickSortGo/[-155_521_-207_-413_-413_22_835_-405_-294_-426_-730_-861_-373_-299_-100]
=== RUN   TestQuickSortGo/[770_-867_271_517_81_269_-112_-216_36_464_741_138_-545_-390_30]
=== RUN   TestQuickSortGo/[-5_-122_-580_47_-127_8_20_147_-417_463_390_406_20_17_929]
=== RUN   TestQuickSortGo/[-20_-729_-363_-435_250_100_833_-248_-47_-460_587_136_123_-203_-184]
=== RUN   TestQuickSortGo/[-134_156_-295_-320_-461_802_486_-58_193_225_518_704_139_268_10]
=== RUN   TestQuickSortGo/[-573_484_718_-747_478_-272_116_-536_-23_-26_81_-16_50_461_-411]
=== RUN   TestQuickSortGo/[-200_-35_-45_-36_-454_-315_-377_358_56_4_203_-258_-81_626_-282]
=== RUN   TestQuickSortGo/[-684_290_-696_292_-259_-671_207_446_-416_-405_213_-729_212_150_9]
=== RUN   TestQuickSortGo/[827_641_-806_-98_-201_804_505_254_278_-108_-402_-116_23_133_-163]
=== RUN   TestQuickSortGo/[-63_-852_275_-355_310_-906_-16_420_-749_-44_502_187_-91_193_-820]
=== RUN   TestQuickSortGo/[-172_-116_37_-337_-109_260_967_173_406_-520_298_420_-99_762_591]
=== RUN   TestQuickSortGo/[326_-318_15_561_-216_-537_102_-834_-95_-195_-154_716_-664_-2_420]
=== RUN   TestQuickSortGo/[305_210_608_285_338_-376_-569_-238_627_189_540_729_390_203_-69]
=== RUN   TestQuickSortGo/[737_-729_-27_289_-537_-202_565_74_190_123_367_798_-875_419_-279]
=== RUN   TestQuickSortGo/[-429_663_376_-63_-152_45_278_-506_-393_243_661_-139_101_-568_-380]
=== RUN   TestQuickSortGo/[-158_-311_378_729_141_-320_-610_194_738_-592_712_-874_164_160_144]
=== RUN   TestQuickSortGo/[-639_286_820_925_-131_-190_-283_-65_-108_69_-287_307_-520_376_271]
=== RUN   TestQuickSortGo/[-236_-40_-345_-103_-183_18_24_-574_-662_616_81_-234_847_81_26]
=== RUN   TestQuickSortGo/[-757_466_-191_-563_296_198_13_219_617_785_-307_154_103_-752_1]
=== RUN   TestQuickSortGo/[146_-488_670_60_-485_384_505_-884_-346_-55_408_-718_518_256_-320]
--- PASS: TestQuickSortGo (0.02s)
    --- PASS: TestQuickSortGo/[199_-760_-490_-271_425_-82_-104_-99_-591_20_55_166_232_-742_35] (0.00s)
    --- PASS: TestQuickSortGo/[-307_-92_279_523_-635_-391_165_2_105_-126_83_379_-125_487_117] (0.00s)
    --- PASS: TestQuickSortGo/[-342_-650_741_-325_-444_-453_-79_415_179_-852_187_541_177_847_-438] (0.00s)
    --- PASS: TestQuickSortGo/[-95_-483_-30_20_-71_429_-132_545_-732_-626_57_423_770_-677_32] (0.00s)
    --- PASS: TestQuickSortGo/[-612_457_412_-642_-202_71_-68_-230_-341_679_-51_58_264_-63_-227] (0.00s)
    --- PASS: TestQuickSortGo/[106_-355_-566_298_780_-347_383_406_700_-60_531_-127_-536_-620_-421] (0.00s)
    --- PASS: TestQuickSortGo/[306_-64_-1_3_157_-540_414_422_54_810_11_-536_-68_177_139] (0.00s)
    --- PASS: TestQuickSortGo/[23_-692_135_567_-365_656_813_259_-470_-309_165_223_-211_157_95] (0.00s)
    --- PASS: TestQuickSortGo/[-272_92_-356_-61_-418_-160_-348_-252_-129_202_-365_-182_-20_180_-27] (0.00s)
    --- PASS: TestQuickSortGo/[-219_78_-873_540_-397_-379_603_-533_315_452_152_-483_-176_-501_23] (0.00s)
    --- PASS: TestQuickSortGo/[22_-245_37_950_-506_-991_652_430_-242_620_-4_-481_260_-263_-309] (0.00s)
    --- PASS: TestQuickSortGo/[304_258_-192_-533_-270_-93_-515_128_-122_162_838_-284_187_-5_-446] (0.00s)
    --- PASS: TestQuickSortGo/[-366_-282_-204_-326_458_749_220_35_-111_-25_45_-282_529_-186_-221] (0.00s)
    --- PASS: TestQuickSortGo/[-153_-108_517_267_-599_69_99_-228_-112_-800_175_-403_469_-508_467] (0.00s)
    --- PASS: TestQuickSortGo/[234_587_49_186_56_236_616_-228_144_57_63_157_130_134_-683] (0.00s)
    --- PASS: TestQuickSortGo/[-485_-377_-240_820_-410_88_-269_-93_-405_181_562_-402_19_-424_131] (0.00s)
    --- PASS: TestQuickSortGo/[-124_-219_-523_-235_400_313_17_-110_-60_-402_-202_629_27_430_-779] (0.00s)
    --- PASS: TestQuickSortGo/[224_113_495_131_35_-707_40_83_-163_507_135_270_66_657_37] (0.00s)
    --- PASS: TestQuickSortGo/[-118_-79_-68_-4_-400_109_-270_-205_372_-163_-214_614_28_-451_-842] (0.00s)
    --- PASS: TestQuickSortGo/[-13_-492_-120_-643_-776_-639_-235_448_679_-200_-481_-61_-436_2_607] (0.00s)
    --- PASS: TestQuickSortGo/[-356_290_-385_668_-215_-357_-319_158_-74_-7_512_501_330_488_-514] (0.00s)
    --- PASS: TestQuickSortGo/[13_-253_736_636_-656_279_-51_-563_501_-223_955_385_344_-61_-319] (0.00s)
    --- PASS: TestQuickSortGo/[197_-207_719_-203_-188_-844_-878_491_-621_-266_72_-112_495_326_137] (0.00s)
    --- PASS: TestQuickSortGo/[-329_-445_-127_-239_-331_-665_175_-60_-22_-200_-344_-209_127_-59_649] (0.00s)
    --- PASS: TestQuickSortGo/[-29_282_-862_177_286_529_136_69_-105_-192_-363_593_228_-659_240] (0.00s)
    --- PASS: TestQuickSortGo/[713_-345_310_-30_590_-424_492_559_-108_201_65_-145_172_-147_-323] (0.00s)
    --- PASS: TestQuickSortGo/[385_-56_783_469_-487_51_-545_-442_-555_71_220_340_246_-228_-527] (0.00s)
    --- PASS: TestQuickSortGo/[316_432_159_-733_505_-212_-123_-93_-46_446_73_96_-320_399_258] (0.00s)
    --- PASS: TestQuickSortGo/[497_264_60_-2_19_855_86_-367_165_62_-160_348_383_-246_-33] (0.00s)
    --- PASS: TestQuickSortGo/[-108_200_-729_73_-512_-285_545_-78_-598_77_-98_522_-29_710_169] (0.00s)
    --- PASS: TestQuickSortGo/[-131_-417_-108_74_305_76_402_-256_765_-283_-811_59_455_-167_29] (0.00s)
    --- PASS: TestQuickSortGo/[185_279_95_-110_393_213_-237_-81_-124_-378_196_362_-71_132_-674] (0.00s)
    --- PASS: TestQuickSortGo/[-737_370_-260_114_380_124_538_397_621_37_511_-837_-331_260_244] (0.00s)
    --- PASS: TestQuickSortGo/[314_-368_371_-331_-709_-126_-612_589_28_-122_-167_-220_-513_100_-232] (0.00s)
    --- PASS: TestQuickSortGo/[-179_-869_-143_-714_-537_121_754_-240_332_-555_91_1_-9_-211_-167] (0.00s)
    --- PASS: TestQuickSortGo/[340_-36_789_-62_68_-515_-537_-299_176_223_571_-831_277_101_-276] (0.00s)
    --- PASS: TestQuickSortGo/[-662_-146_488_149_-48_-65_-972_318_-461_93_67_-507_-798_286_100] (0.00s)
    --- PASS: TestQuickSortGo/[-577_-518_251_163_-93_-171_-27_139_118_95_-357_6_606_-124_-194] (0.00s)
    --- PASS: TestQuickSortGo/[-53_340_318_629_-405_-432_-877_-250_-155_-535_-356_-332_31_412_-387] (0.00s)
    --- PASS: TestQuickSortGo/[-199_62_542_-671_428_-373_227_150_22_608_115_-46_377_-192_-13] (0.00s)
    --- PASS: TestQuickSortGo/[768_817_-368_-757_130_-389_487_-575_315_-490_-140_-500_308_108_-279] (0.00s)
    --- PASS: TestQuickSortGo/[-22_-511_-503_284_126_-395_23_498_-562_9_123_-226_-113_-561_382] (0.00s)
    --- PASS: TestQuickSortGo/[572_285_-306_-72_-367_-62_121_190_-41_-354_133_-632_433_-227_-335] (0.00s)
    --- PASS: TestQuickSortGo/[523_-452_-15_-415_491_-222_168_528_-825_128_90_423_477_-34_-287] (0.00s)
    --- PASS: TestQuickSortGo/[199_-67_-412_442_-61_-374_-839_-328_359_-647_602_-181_-680_-18_-441] (0.00s)
    --- PASS: TestQuickSortGo/[533_-718_-15_-73_718_52_289_-488_-181_276_116_-50_251_130_203] (0.00s)
    --- PASS: TestQuickSortGo/[-117_-838_630_-144_-326_-178_-311_330_-724_205_-200_-232_834_196_536] (0.00s)
    --- PASS: TestQuickSortGo/[-451_-563_316_-288_-253_-556_88_-324_-783_344_-641_-198_219_-462_-260] (0.00s)
    --- PASS: TestQuickSortGo/[-337_550_626_304_6_-40_433_864_423_500_-187_-471_631_471_-173] (0.00s)
    --- PASS: TestQuickSortGo/[187_107_566_-663_505_-244_-470_-292_-590_61_644_448_-665_504_-35] (0.00s)
    --- PASS: TestQuickSortGo/[-413_-111_-89_-445_524_99_76_-517_89_278_633_71_663_-306_130] (0.00s)
    --- PASS: TestQuickSortGo/[-217_468_806_542_-364_771_128_-705_805_30_-48_166_-418_-32_-380] (0.00s)
    --- PASS: TestQuickSortGo/[306_-301_-88_-561_305_-33_-269_224_90_-80_548_-400_-501_770_473] (0.00s)
    --- PASS: TestQuickSortGo/[-279_-446_-388_-272_432_-724_-595_534_147_-166_749_295_382_79_245] (0.00s)
    --- PASS: TestQuickSortGo/[752_-509_-716_-890_612_-326_-69_-321_88_-251_-442_-116_-191_91_-120] (0.00s)
    --- PASS: TestQuickSortGo/[95_35_-78_148_324_-611_-196_-30_-560_-799_-216_538_-107_101_-55] (0.00s)
    --- PASS: TestQuickSortGo/[-165_160_-417_105_-293_698_5_351_-17_48_-227_-325_-319_283_-76] (0.00s)
    --- PASS: TestQuickSortGo/[361_384_193_-461_-288_311_-301_79_91_250_-73_524_-72_-611_0] (0.00s)
    --- PASS: TestQuickSortGo/[698_-571_644_146_-267_464_-446_416_390_-42_24_400_-211_261_244] (0.00s)
    --- PASS: TestQuickSortGo/[-404_929_146_-61_886_191_26_-482_-596_-655_-233_436_530_512_-496] (0.00s)
    --- PASS: TestQuickSortGo/[19_-129_285_-178_3_332_377_-537_251_81_-292_931_-92_165_750] (0.00s)
    --- PASS: TestQuickSortGo/[-295_478_110_430_148_-702_293_560_757_162_111_-68_200_435_330] (0.00s)
    --- PASS: TestQuickSortGo/[325_10_-717_-277_17_-531_-13_-35_-449_-726_309_-177_213_829_108] (0.00s)
    --- PASS: TestQuickSortGo/[-812_-335_-472_537_-427_-97_133_-76_365_-819_454_-273_-113_308_74] (0.00s)
    --- PASS: TestQuickSortGo/[295_-62_-579_-14_-50_-377_-237_117_603_-469_-193_19_188_190_313] (0.00s)
    --- PASS: TestQuickSortGo/[29_314_25_222_-360_-96_-635_-409_-513_196_-153_-719_-14_-217_-409] (0.00s)
    --- PASS: TestQuickSortGo/[321_-307_848_-512_149_34_-726_245_594_315_43_230_-22_-141_-192] (0.00s)
    --- PASS: TestQuickSortGo/[-794_406_-464_953_280_-479_-307_271_9_-22_531_-254_-506_-477_23] (0.00s)
    --- PASS: TestQuickSortGo/[-29_858_-123_-303_193_656_-27_-178_265_120_-131_-449_-814_484_-623] (0.00s)
    --- PASS: TestQuickSortGo/[709_-428_97_-675_-821_429_346_245_297_389_498_209_-134_59_-257] (0.00s)
    --- PASS: TestQuickSortGo/[-158_-252_376_-568_131_401_-811_21_316_-353_153_22_171_146_490] (0.00s)
    --- PASS: TestQuickSortGo/[-498_-614_733_225_516_501_-267_-172_493_-133_505_235_141_238_373] (0.00s)
    --- PASS: TestQuickSortGo/[362_-24_149_230_127_-516_364_221_77_297_-461_541_491_177_157] (0.00s)
    --- PASS: TestQuickSortGo/[-66_522_-706_-699_-295_-282_673_-328_-206_199_-511_59_423_627_109] (0.00s)
    --- PASS: TestQuickSortGo/[685_-885_-215_359_194_-379_224_374_-340_164_-115_332_362_120_-70] (0.00s)
    --- PASS: TestQuickSortGo/[132_201_490_453_53_171_-579_823_230_534_-787_-436_-2_261_-576] (0.00s)
    --- PASS: TestQuickSortGo/[-397_-796_504_104_-330_752_-46_-10_76_-16_-562_-27_-228_318_-134] (0.00s)
    --- PASS: TestQuickSortGo/[-375_-590_-660_-463_-234_-137_-47_-351_-580_256_436_-371_558_703_-107] (0.00s)
    --- PASS: TestQuickSortGo/[329_-526_788_-606_-527_74_-408_-783_-453_-392_-295_-221_-331_174_-576] (0.00s)
    --- PASS: TestQuickSortGo/[-301_-218_394_-98_277_68_-38_290_-47_-622_-19_-135_765_-187_467] (0.00s)
    --- PASS: TestQuickSortGo/[362_-343_-221_-101_339_-367_258_126_158_-109_32_149_149_458_-419] (0.00s)
    --- PASS: TestQuickSortGo/[-246_563_-100_-375_165_-5_77_724_240_172_467_357_466_-204_725] (0.00s)
    --- PASS: TestQuickSortGo/[434_7_268_592_-161_790_-56_-483_633_889_-219_-201_-444_-574_-39] (0.00s)
    --- PASS: TestQuickSortGo/[-234_626_362_875_-204_869_-470_-835_37_-45_179_-757_518_-312_-416] (0.00s)
    --- PASS: TestQuickSortGo/[562_-531_104_818_-597_675_-45_156_-60_564_-49_353_-467_-556_668] (0.00s)
    --- PASS: TestQuickSortGo/[-66_2_-79_-439_-301_46_-886_-612_-187_914_-82_-42_-316_-92_538] (0.00s)
    --- PASS: TestQuickSortGo/[-206_-468_150_-264_-3_124_331_527_-584_220_444_483_265_-28_440] (0.00s)
    --- PASS: TestQuickSortGo/[-707_-183_-684_272_306_-631_33_737_153_347_624_-474_-329_250_-166] (0.00s)
    --- PASS: TestQuickSortGo/[-603_-15_43_552_405_598_-220_263_149_-317_232_794_-138_355_519] (0.00s)
    --- PASS: TestQuickSortGo/[-286_289_-361_-288_-631_-168_-238_-640_-186_98_-565_148_-696_308_365] (0.00s)
    --- PASS: TestQuickSortGo/[-286_363_-462_84_420_-466_580_-244_518_-438_-529_203_616_959_161] (0.00s)
    --- PASS: TestQuickSortGo/[-130_155_-617_625_-224_-55_-392_-357_501_137_-257_-62_480_292_-243] (0.00s)
    --- PASS: TestQuickSortGo/[169_148_307_-277_-923_56_-59_516_-209_221_62_355_-23_-181_70] (0.00s)
    --- PASS: TestQuickSortGo/[503_-781_-300_-610_200_893_273_-311_294_-198_257_586_-445_-418_-314] (0.00s)
    --- PASS: TestQuickSortGo/[436_-244_-625_-622_-68_-167_-329_-283_-153_868_-366_-23_-6_-219_-139] (0.00s)
    --- PASS: TestQuickSortGo/[325_487_-235_-505_750_302_592_427_333_330_625_301_297_527_-22] (0.00s)
    --- PASS: TestQuickSortGo/[58_-619_122_-679_-227_-449_-427_-9_-305_-253_-779_153_497_506_-191] (0.00s)
    --- PASS: TestQuickSortGo/[-166_-225_49_-355_-447_327_275_-305_845_-200_238_173_53_390_-269] (0.00s)
    --- PASS: TestQuickSortGo/[-127_-408_184_515_-412_-95_-142_183_535_-175_-214_-22_36_-260_-27] (0.00s)
    --- PASS: TestQuickSortGo/[-409_75_-31_-233_-233_382_-871_14_709_-116_-670_86_38_-159_31] (0.00s)
    --- PASS: TestQuickSortGo/[188_-150_545_-107_654_705_277_127_168_-81_-250_439_-826_-238_-462] (0.00s)
    --- PASS: TestQuickSortGo/[717_-354_-460_330_-74_333_138_-461_-393_-253_194_-56_-542_-439_232] (0.00s)
    --- PASS: TestQuickSortGo/[83_266_240_-476_-393_217_81_85_-375_-224_170_198_-172_-462_-572] (0.00s)
    --- PASS: TestQuickSortGo/[480_37_660_-71_669_168_-390_-420_-391_126_258_331_385_-158_748] (0.00s)
    --- PASS: TestQuickSortGo/[82_26_66_490_-729_-171_826_418_-357_-16_-481_187_-582_-56_509] (0.00s)
    --- PASS: TestQuickSortGo/[-77_380_-488_269_448_-105_279_455_-438_81_-298_-165_-622_-29_316] (0.00s)
    --- PASS: TestQuickSortGo/[292_278_61_477_-208_-528_-406_-175_-482_209_321_8_-36_295_-632] (0.00s)
    --- PASS: TestQuickSortGo/[-186_731_-671_422_119_-89_-564_-697_24_154_-676_-133_85_-711_53] (0.00s)
    --- PASS: TestQuickSortGo/[312_639_927_136_-203_28_-348_-838_147_826_-698_492_-811_162_-841] (0.00s)
    --- PASS: TestQuickSortGo/[101_-382_-414_-127_180_71_-301_821_676_432_-380_-366_156_-454_115] (0.00s)
    --- PASS: TestQuickSortGo/[263_24_-706_21_-9_658_177_-380_625_308_-610_-577_172_-648_-151] (0.00s)
    --- PASS: TestQuickSortGo/[-167_199_-212_-118_-593_365_-597_315_-210_206_-38_236_238_619_43] (0.00s)
    --- PASS: TestQuickSortGo/[-137_-496_-85_-452_519_-59_748_337_-2_-498_-338_-271_588_303_74] (0.00s)
    --- PASS: TestQuickSortGo/[-12_608_-450_-28_343_406_-294_-215_367_50_-114_-561_217_120_-677] (0.00s)
    --- PASS: TestQuickSortGo/[396_428_-29_512_-8_-262_357_173_712_27_-278_295_120_821_197] (0.00s)
    --- PASS: TestQuickSortGo/[-58_533_312_86_372_151_218_438_200_95_217_699_-809_-559_-603] (0.00s)
    --- PASS: TestQuickSortGo/[575_186_668_275_-161_17_-92_761_39_216_-486_-6_506_-508_-240] (0.00s)
    --- PASS: TestQuickSortGo/[-356_543_12_68_-587_886_-301_490_240_199_-92_845_550_511_-66] (0.00s)
    --- PASS: TestQuickSortGo/[240_494_174_156_109_-350_253_437_-26_-627_-887_487_-377_363_677] (0.00s)
    --- PASS: TestQuickSortGo/[61_722_72_-294_243_35_254_101_-309_750_637_855_363_25_-343] (0.00s)
    --- PASS: TestQuickSortGo/[84_454_-790_206_-658_-176_-97_-140_268_537_-586_446_-38_-432_-264] (0.00s)
    --- PASS: TestQuickSortGo/[-277_146_693_-476_561_369_49_-698_-89_947_224_211_70_-246_212] (0.00s)
    --- PASS: TestQuickSortGo/[-888_391_559_-550_145_-246_-575_223_610_-1_-42_662_85_-75_-9] (0.00s)
    --- PASS: TestQuickSortGo/[-225_-705_420_143_-58_132_41_-268_-79_-60_7_632_10_134_83] (0.00s)
    --- PASS: TestQuickSortGo/[689_-636_181_217_-161_606_-15_331_-428_-218_554_-305_492_-164_-496] (0.00s)
    --- PASS: TestQuickSortGo/[139_-555_-610_-133_545_56_-734_390_-236_-53_267_71_-141_837_-556] (0.00s)
    --- PASS: TestQuickSortGo/[567_97_-666_76_-358_309_-150_706_-807_-309_393_-55_-249_-237_-951] (0.00s)
    --- PASS: TestQuickSortGo/[212_-80_232_428_747_646_-639_-261_-25_-551_170_-336_209_270_120] (0.00s)
    --- PASS: TestQuickSortGo/[81_-723_-677_561_598_717_21_-792_635_-312_-860_-89_578_-227_-159] (0.00s)
    --- PASS: TestQuickSortGo/[581_145_382_241_184_-274_-58_378_-382_-216_-376_-518_387_-199_-434] (0.00s)
    --- PASS: TestQuickSortGo/[-472_-248_-619_-563_-867_52_801_-749_341_-585_341_129_-207_-161_-455] (0.00s)
    --- PASS: TestQuickSortGo/[-97_-61_-117_382_-544_-410_-219_-34_78_-24_561_468_-191_286_517] (0.00s)
    --- PASS: TestQuickSortGo/[-599_25_-799_160_50_326_-205_-434_346_154_376_224_290_-265_-421] (0.00s)
    --- PASS: TestQuickSortGo/[197_217_-155_-80_317_498_-420_768_-575_184_-428_-296_-801_307_-687] (0.00s)
    --- PASS: TestQuickSortGo/[171_-259_-602_440_347_306_112_313_434_-710_-18_-99_574_38_-450] (0.00s)
    --- PASS: TestQuickSortGo/[-752_400_271_-245_1_453_-115_-332_-464_841_184_-414_-690_680_91] (0.00s)
    --- PASS: TestQuickSortGo/[182_664_-419_15_-301_-138_777_304_657_-641_-198_189_408_271_-425] (0.00s)
    --- PASS: TestQuickSortGo/[-186_827_268_123_-510_-310_733_-436_-454_219_186_729_-495_45_-444] (0.00s)
    --- PASS: TestQuickSortGo/[50_236_-365_-549_-162_210_221_19_190_-103_-926_301_-82_-72_118] (0.00s)
    --- PASS: TestQuickSortGo/[-109_-725_146_155_-292_-41_-373_318_241_155_-4_-300_-199_513_227] (0.00s)
    --- PASS: TestQuickSortGo/[-439_-577_583_497_11_261_-708_-201_865_434_9_552_-384_479_43] (0.00s)
    --- PASS: TestQuickSortGo/[440_97_-3_399_381_539_911_-543_-192_-99_-586_-95_-936_-101_-273] (0.00s)
    --- PASS: TestQuickSortGo/[608_-634_-10_719_835_340_-688_-271_-377_-530_-481_-312_-260_243_610] (0.00s)
    --- PASS: TestQuickSortGo/[104_-75_-346_-118_90_138_-157_-129_155_-127_-32_354_54_512_611] (0.00s)
    --- PASS: TestQuickSortGo/[359_28_-144_-244_101_554_66_-570_-53_-280_-211_232_-111_-636_229] (0.00s)
    --- PASS: TestQuickSortGo/[823_-315_121_-232_99_-197_189_633_565_15_309_-295_-139_945_683] (0.00s)
    --- PASS: TestQuickSortGo/[472_514_586_233_710_-15_-862_-61_-28_697_361_116_671_-684_33] (0.00s)
    --- PASS: TestQuickSortGo/[439_-303_84_97_836_778_-287_-469_-277_-354_857_324_434_-585_500] (0.00s)
    --- PASS: TestQuickSortGo/[-69_-13_-87_811_-113_581_620_747_72_226_645_694_70_95_-203] (0.00s)
    --- PASS: TestQuickSortGo/[163_282_320_320_-466_-139_489_-906_-677_728_-64_-165_116_-38_694] (0.00s)
    --- PASS: TestQuickSortGo/[-931_-224_423_-177_-433_-895_-515_-577_329_129_-136_286_-224_402_-72] (0.00s)
    --- PASS: TestQuickSortGo/[796_507_94_104_521_-103_443_-462_-744_790_893_455_64_-3_899] (0.00s)
    --- PASS: TestQuickSortGo/[161_910_-552_139_-546_335_571_127_-244_649_-538_-295_-99_93_177] (0.00s)
    --- PASS: TestQuickSortGo/[98_809_318_234_107_558_-903_-643_-521_-107_49_529_-237_-108_-238] (0.00s)
    --- PASS: TestQuickSortGo/[-312_-609_-476_354_-176_-267_149_443_-291_-563_-38_150_-602_452_-154] (0.00s)
    --- PASS: TestQuickSortGo/[-93_-164_314_10_24_-61_-121_268_-269_-32_-202_-111_-322_-264_449] (0.00s)
    --- PASS: TestQuickSortGo/[253_122_660_148_604_-358_2_305_404_271_390_500_-67_296_-816] (0.00s)
    --- PASS: TestQuickSortGo/[263_-112_-621_-102_469_-254_383_610_-437_-341_402_528_-508_496_-214] (0.00s)
    --- PASS: TestQuickSortGo/[749_-65_-685_-821_174_121_-150_21_-343_-16_-469_231_71_-305_-334] (0.00s)
    --- PASS: TestQuickSortGo/[882_185_-227_-779_110_-160_364_367_-583_-717_-377_-587_110_-66_273] (0.00s)
    --- PASS: TestQuickSortGo/[527_128_322_844_359_-97_434_-356_-159_-507_-297_360_181_-251_-195] (0.00s)
    --- PASS: TestQuickSortGo/[153_566_181_-492_-42_-189_-470_785_755_66_161_78_-832_-95_41] (0.00s)
    --- PASS: TestQuickSortGo/[-350_-770_-279_-19_-26_649_142_919_-99_372_-116_-256_571_-402_75] (0.00s)
    --- PASS: TestQuickSortGo/[685_-226_548_-272_212_623_-649_575_-629_580_302_333_166_-74_596] (0.00s)
    --- PASS: TestQuickSortGo/[-381_804_-107_-565_-557_-107_533_-193_-205_76_659_-134_295_-252_-937] (0.00s)
    --- PASS: TestQuickSortGo/[-744_-647_-311_407_-552_-690_16_406_-539_340_277_-205_-250_-103_-49] (0.00s)
    --- PASS: TestQuickSortGo/[-519_-19_-289_27_202_-945_211_-18_300_111_364_-323_366_-454_-644] (0.00s)
    --- PASS: TestQuickSortGo/[837_-750_-668_-269_-63_278_392_-76_230_151_142_-460_-341_-379_-114] (0.00s)
    --- PASS: TestQuickSortGo/[499_245_647_19_8_-630_-317_-493_776_-273_577_-110_-153_363_-136] (0.00s)
    --- PASS: TestQuickSortGo/[-938_-742_-520_-209_-290_-354_-180_826_415_-848_583_-47_47_-367_678] (0.00s)
    --- PASS: TestQuickSortGo/[-135_-348_605_231_349_95_-474_-804_-169_-539_548_4_84_73_279] (0.00s)
    --- PASS: TestQuickSortGo/[123_-240_-55_666_-321_-86_97_664_204_302_-387_-111_410_485_-492] (0.00s)
    --- PASS: TestQuickSortGo/[284_72_-612_546_-154_-457_105_135_541_-52_-501_-26_-589_-91_-508] (0.00s)
    --- PASS: TestQuickSortGo/[273_42_-93_727_364_-42_-751_-210_-40_263_-781_241_720_-241_-120] (0.00s)
    --- PASS: TestQuickSortGo/[-33_-166_109_149_-113_-32_692_-115_-808_-555_-342_521_379_687_-64] (0.00s)
    --- PASS: TestQuickSortGo/[-778_-29_196_-683_83_85_-537_-261_0_536_237_440_358_626_516] (0.00s)
    --- PASS: TestQuickSortGo/[-118_-593_550_37_-84_197_304_-58_-248_399_-75_-736_467_542_-668] (0.00s)
    --- PASS: TestQuickSortGo/[7_595_-173_-301_-112_-407_-190_-394_771_380_-204_-490_410_634_-115] (0.00s)
    --- PASS: TestQuickSortGo/[-99_-116_-428_-292_-324_46_-6_-464_-230_-897_-241_36_257_216_-760] (0.00s)
    --- PASS: TestQuickSortGo/[51_760_846_449_555_31_822_-259_-476_-245_189_121_51_-726_-816] (0.00s)
    --- PASS: TestQuickSortGo/[-692_-774_488_-473_-59_563_-57_434_-13_-407_-473_-309_339_-65_470] (0.00s)
    --- PASS: TestQuickSortGo/[-667_-259_-215_-256_-460_548_-51_316_-258_101_-165_-836_191_226_64] (0.00s)
    --- PASS: TestQuickSortGo/[-117_-603_-20_154_-704_12_-74_-38_318_411_339_576_-587_-364_-719] (0.00s)
    --- PASS: TestQuickSortGo/[258_390_-343_-597_-326_460_-572_-231_-342_-275_171_244_-253_-595_-369] (0.00s)
    --- PASS: TestQuickSortGo/[-80_189_114_-214_80_472_446_443_-280_168_406_189_-464_297_225] (0.00s)
    --- PASS: TestQuickSortGo/[-209_441_522_573_-104_-39_-193_625_-169_-155_381_194_-273_-376_-63] (0.00s)
    --- PASS: TestQuickSortGo/[173_-223_-133_103_-548_48_-236_-490_389_211_-270_-456_-57_369_-483] (0.00s)
    --- PASS: TestQuickSortGo/[487_-284_-433_-441_-674_-338_261_-695_198_-527_600_-200_242_-153_14] (0.00s)
    --- PASS: TestQuickSortGo/[156_-285_-40_430_543_715_631_-510_-238_730_-390_869_57_496_-99] (0.00s)
    --- PASS: TestQuickSortGo/[45_-142_309_201_833_-7_596_-479_-275_35_478_-827_-222_-120_-936] (0.00s)
    --- PASS: TestQuickSortGo/[-21_21_-702_553_-280_-566_-23_-406_-138_-695_387_-155_-230_717_-805] (0.00s)
    --- PASS: TestQuickSortGo/[209_-470_-654_139_-329_-304_13_90_-19_-122_-281_-131_-255_-105_500] (0.00s)
    --- PASS: TestQuickSortGo/[-645_306_84_-283_-1_-506_154_76_129_-59_-581_-84_-599_-71_-69] (0.00s)
    --- PASS: TestQuickSortGo/[-247_423_811_118_-504_177_-861_-94_100_-383_-327_468_267_673_-262] (0.00s)
    --- PASS: TestQuickSortGo/[41_752_-476_-501_-721_-340_143_-87_456_804_646_-87_614_-135_-42] (0.00s)
    --- PASS: TestQuickSortGo/[-263_303_303_-474_201_-165_621_-746_-77_-601_-156_-96_788_-464_-146] (0.00s)
    --- PASS: TestQuickSortGo/[146_545_714_-708_-469_463_284_-328_935_-42_-745_-164_18_222_13] (0.00s)
    --- PASS: TestQuickSortGo/[542_508_-428_41_101_-195_-418_-857_-647_303_-541_559_333_227_35] (0.00s)
    --- PASS: TestQuickSortGo/[54_-315_700_466_-125_171_679_-173_-198_59_464_-257_270_69_409] (0.00s)
    --- PASS: TestQuickSortGo/[-556_-31_-634_-25_-43_-552_373_314_-254_304_219_612_-345_545_296] (0.00s)
    --- PASS: TestQuickSortGo/[662_391_141_-27_-392_-750_-716_-300_-88_628_-286_5_161_198_-707] (0.00s)
    --- PASS: TestQuickSortGo/[93_-476_548_-56_230_-144_-243_-726_752_21_51_411_207_669_318] (0.00s)
    --- PASS: TestQuickSortGo/[-314_231_-679_631_-62_716_-211_-663_-112_-383_409_-432_-252_-462_-176] (0.00s)
    --- PASS: TestQuickSortGo/[-386_27_349_18_90_462_426_-190_577_475_85_148_-301_151_379] (0.00s)
    --- PASS: TestQuickSortGo/[194_-10_705_795_130_211_-483_404_168_-527_59_95_753_-132_407] (0.00s)
    --- PASS: TestQuickSortGo/[541_124_-161_-650_-65_-930_-135_137_-128_316_346_437_-121_-573_-36] (0.00s)
    --- PASS: TestQuickSortGo/[-517_35_16_-533_177_-3_485_-144_-856_86_-40_220_75_-284_221] (0.00s)
    --- PASS: TestQuickSortGo/[-153_-944_-700_-373_-30_117_-395_316_-168_4_351_204_-580_-162_-184] (0.00s)
    --- PASS: TestQuickSortGo/[-502_-172_21_-139_-360_58_137_650_-270_532_-309_-301_-716_-22_-170] (0.00s)
    --- PASS: TestQuickSortGo/[-418_310_-579_839_-333_-453_-292_-336_-72_122_-40_451_-923_-119_-391] (0.00s)
    --- PASS: TestQuickSortGo/[618_114_-424_685_223_311_190_-635_131_35_-909_13_-488_-522_-186] (0.00s)
    --- PASS: TestQuickSortGo/[54_272_165_-262_-145_-486_-9_-519_801_-441_-343_244_-298_-205_-227] (0.00s)
    --- PASS: TestQuickSortGo/[226_-63_81_-404_685_118_156_-267_-174_7_117_87_16_-268_-29] (0.00s)
    --- PASS: TestQuickSortGo/[71_-192_498_-844_-214_573_254_100_33_-450_-588_13_5_487_-755] (0.00s)
    --- PASS: TestQuickSortGo/[-56_-340_32_-182_-30_-257_-611_-303_-413_557_900_743_-481_-793_-378] (0.00s)
    --- PASS: TestQuickSortGo/[577_581_-705_565_-503_-429_77_668_-153_-22_-587_-83_895_483_549] (0.00s)
    --- PASS: TestQuickSortGo/[-221_-271_-289_65_504_451_284_159_444_257_683_-335_593_43_-273] (0.00s)
    --- PASS: TestQuickSortGo/[496_-120_210_588_161_-822_161_-256_173_260_-331_602_5_332_203] (0.00s)
    --- PASS: TestQuickSortGo/[-600_-134_164_449_599_-303_448_-76_69_154_-606_3_-22_-382_-62] (0.00s)
    --- PASS: TestQuickSortGo/[368_817_-234_660_-598_240_469_-219_-97_365_51_12_-299_-459_-19] (0.00s)
    --- PASS: TestQuickSortGo/[2_-415_301_492_-177_179_721_-618_-8_-315_135_589_-472_-119_405] (0.00s)
    --- PASS: TestQuickSortGo/[26_206_266_318_571_22_844_694_-222_694_-444_420_-426_290_114] (0.00s)
    --- PASS: TestQuickSortGo/[-407_-593_-572_-687_-13_-350_-273_-735_-73_-596_105_60_-30_709_-418] (0.00s)
    --- PASS: TestQuickSortGo/[-551_-168_-113_722_-238_-40_-102_317_-77_105_838_-59_474_-711_62] (0.00s)
    --- PASS: TestQuickSortGo/[-80_-208_-169_-821_584_169_294_-394_731_452_-14_22_-490_285_-316] (0.00s)
    --- PASS: TestQuickSortGo/[382_508_-261_-222_490_-379_922_605_306_-119_-57_41_556_43_539] (0.00s)
    --- PASS: TestQuickSortGo/[-1_-175_-834_257_-162_-644_-561_-892_-102_-483_-128_-330_-130_219_258] (0.00s)
    --- PASS: TestQuickSortGo/[31_487_679_574_489_-438_-112_168_692_579_-131_-56_198_566_133] (0.00s)
    --- PASS: TestQuickSortGo/[136_-82_659_214_383_108_-59_7_59_344_-95_179_844_-650_-139] (0.00s)
    --- PASS: TestQuickSortGo/[-234_267_188_210_518_171_-565_195_129_-490_-425_302_-348_-101_505] (0.00s)
    --- PASS: TestQuickSortGo/[-84_-147_-317_126_673_438_746_554_24_46_-613_229_-92_-472_-470] (0.00s)
    --- PASS: TestQuickSortGo/[-68_-369_287_530_-152_156_577_-538_-277_141_316_-470_14_-848_184] (0.00s)
    --- PASS: TestQuickSortGo/[245_666_154_384_357_-75_-274_-371_470_208_-677_70_35_-225_-569] (0.00s)
    --- PASS: TestQuickSortGo/[-8_-334_-328_-9_839_174_-917_763_177_-93_-53_-493_11_-275_72] (0.00s)
    --- PASS: TestQuickSortGo/[611_260_-405_326_-330_-551_666_-298_290_677_-586_-578_-668_764_848] (0.00s)
    --- PASS: TestQuickSortGo/[-764_-654_582_-422_104_-437_329_-809_13_-698_138_793_-778_-191_-735] (0.00s)
    --- PASS: TestQuickSortGo/[-249_-129_-456_-23_683_-333_294_-280_678_-339_-905_243_-231_-626_-705] (0.00s)
    --- PASS: TestQuickSortGo/[-363_153_-107_9_-60_-629_-113_22_81_293_-829_-527_332_-273_265] (0.00s)
    --- PASS: TestQuickSortGo/[126_171_137_188_297_-812_10_-126_-223_-731_-78_-281_646_-404_845] (0.00s)
    --- PASS: TestQuickSortGo/[-251_-569_-137_-312_534_-790_-743_-838_21_625_203_-220_39_-181_463] (0.00s)
    --- PASS: TestQuickSortGo/[-13_214_202_832_-676_64_353_429_148_31_398_-102_304_-27_334] (0.00s)
    --- PASS: TestQuickSortGo/[-296_-497_-154_-176_451_45_-362_-148_594_606_523_-472_-288_-102_553] (0.00s)
    --- PASS: TestQuickSortGo/[90_-425_-331_694_596_-284_265_-341_694_-216_587_132_105_435_417] (0.00s)
    --- PASS: TestQuickSortGo/[-625_286_92_7_-492_48_-176_139_-263_472_473_913_-54_572_-228] (0.00s)
    --- PASS: TestQuickSortGo/[-24_766_74_-203_73_-99_348_7_-316_-55_441_162_-15_-617_143] (0.00s)
    --- PASS: TestQuickSortGo/[424_638_72_-146_-316_4_-327_-859_-329_-146_-438_629_292_-263_-27] (0.00s)
    --- PASS: TestQuickSortGo/[-238_169_41_-297_-102_-143_10_81_429_-276_-384_482_389_-53_508] (0.00s)
    --- PASS: TestQuickSortGo/[559_-292_-696_-5_396_415_61_-820_187_-45_-162_-178_229_-77_-23] (0.00s)
    --- PASS: TestQuickSortGo/[-176_-30_128_-176_640_430_532_-17_13_-277_3_-791_707_121_-453] (0.00s)
    --- PASS: TestQuickSortGo/[-306_666_175_-98_819_570_36_-41_-964_582_30_-16_101_-2_-505] (0.00s)
    --- PASS: TestQuickSortGo/[-534_469_-11_536_633_142_122_435_-537_-460_318_-351_-66_-22_-23] (0.00s)
    --- PASS: TestQuickSortGo/[-289_-492_-182_-356_-348_-133_-315_397_801_205_196_-596_-10_23_5] (0.00s)
    --- PASS: TestQuickSortGo/[76_-293_78_608_-527_225_194_-157_261_641_-69_59_-785_-95_624] (0.00s)
    --- PASS: TestQuickSortGo/[790_-100_178_511_-48_-87_-650_64_-581_-20_704_131_-891_-41_31] (0.00s)
    --- PASS: TestQuickSortGo/[41_427_967_-199_294_591_516_156_-404_-447_507_-55_462_179_-42] (0.00s)
    --- PASS: TestQuickSortGo/[88_-124_707_860_233_455_111_-734_-329_-736_-32_11_50_577_-451] (0.00s)
    --- PASS: TestQuickSortGo/[567_-171_-478_-738_-138_632_202_203_572_-182_483_285_-112_-341_262] (0.00s)
    --- PASS: TestQuickSortGo/[-100_-912_293_-55_-890_-631_-48_-683_-475_119_-281_-54_-552_-86_450] (0.00s)
    --- PASS: TestQuickSortGo/[48_78_-148_-350_-751_-163_-616_867_187_251_355_386_-588_-322_74] (0.00s)
    --- PASS: TestQuickSortGo/[-440_512_-794_-610_-122_-223_-677_404_-232_-169_-60_-37_-266_-53_-76] (0.00s)
    --- PASS: TestQuickSortGo/[-331_-367_-147_-224_-26_50_234_-890_19_64_-501_239_346_-493_-427] (0.00s)
    --- PASS: TestQuickSortGo/[-269_-103_-719_-491_-120_252_-658_-592_186_108_358_44_-94_-452_67] (0.00s)
    --- PASS: TestQuickSortGo/[723_-67_-426_-575_-80_-580_-394_562_102_728_244_362_49_-611_-36] (0.00s)
    --- PASS: TestQuickSortGo/[-62_-729_7_29_30_-549_796_-383_241_-757_-373_169_149_698_-305] (0.00s)
    --- PASS: TestQuickSortGo/[40_499_265_730_-136_207_387_-42_447_580_40_772_651_244_-74] (0.00s)
    --- PASS: TestQuickSortGo/[163_-352_-350_-146_281_119_420_-332_46_-285_-582_-246_657_-918_-14] (0.00s)
    --- PASS: TestQuickSortGo/[-294_-747_-568_406_241_-91_-27_242_-83_211_-513_-469_-4_355_150] (0.00s)
    --- PASS: TestQuickSortGo/[306_218_477_-786_-510_-36_859_-295_166_82_231_162_460_108_-192] (0.00s)
    --- PASS: TestQuickSortGo/[-436_-336_-86_-469_-43_76_-238_206_-630_-509_174_-134_555_710_-881] (0.00s)
    --- PASS: TestQuickSortGo/[-195_234_129_488_288_469_635_505_319_-195_521_-457_44_396_-39] (0.00s)
    --- PASS: TestQuickSortGo/[269_231_18_-372_445_433_-246_-328_-489_429_392_-804_609_276_-537] (0.00s)
    --- PASS: TestQuickSortGo/[78_216_157_-617_400_335_-49_-153_-18_191_-131_54_101_-476_-771] (0.00s)
    --- PASS: TestQuickSortGo/[604_747_580_-366_82_-228_-536_-86_651_68_212_-589_-418_498_34] (0.00s)
    --- PASS: TestQuickSortGo/[23_26_549_658_212_98_-4_281_216_334_32_474_-341_168_451] (0.00s)
    --- PASS: TestQuickSortGo/[176_553_68_335_190_301_-652_288_-70_295_84_-155_599_274_-433] (0.00s)
    --- PASS: TestQuickSortGo/[-570_195_-800_-621_461_76_13_538_57_-293_-666_-245_-100_-268_-484] (0.00s)
    --- PASS: TestQuickSortGo/[-135_-475_82_-478_-806_174_-529_16_210_604_-239_23_-381_-193_-361] (0.00s)
    --- PASS: TestQuickSortGo/[93_103_222_89_-328_-436_325_-21_401_223_229_331_406_764_-654] (0.00s)
    --- PASS: TestQuickSortGo/[-440_-659_-388_-173_4_-536_86_-2_-216_-323_144_344_148_77_-382] (0.00s)
    --- PASS: TestQuickSortGo/[605_208_-412_-109_-477_626_-651_-592_392_674_719_-362_839_710_-755] (0.00s)
    --- PASS: TestQuickSortGo/[-555_-680_-156_-450_425_-148_38_159_21_-67_54_647_26_316_779] (0.00s)
    --- PASS: TestQuickSortGo/[-218_849_-526_-324_-291_-351_-236_-435_799_320_-655_785_444_750_833] (0.00s)
    --- PASS: TestQuickSortGo/[-239_128_-446_-339_-582_-207_-33_-379_-93_699_-698_-128_508_191_-29] (0.00s)
    --- PASS: TestQuickSortGo/[-2_711_428_9_373_-344_174_544_-465_563_215_-405_690_6_488] (0.00s)
    --- PASS: TestQuickSortGo/[171_-335_-314_193_-141_296_-520_-102_-272_-272_197_118_349_378_744] (0.00s)
    --- PASS: TestQuickSortGo/[211_240_-44_260_552_-193_-214_168_-252_-625_-597_276_-245_526_-429] (0.00s)
    --- PASS: TestQuickSortGo/[747_774_-382_441_765_488_225_125_-48_-61_682_387_407_-87_-128] (0.00s)
    --- PASS: TestQuickSortGo/[141_166_299_-177_-246_111_612_-874_-305_77_190_-233_-268_457_-99] (0.00s)
    --- PASS: TestQuickSortGo/[-118_-45_-861_136_264_-311_229_732_-199_-100_-112_-651_210_266_107] (0.00s)
    --- PASS: TestQuickSortGo/[-452_-31_647_60_89_-84_70_-321_-916_-7_436_464_430_261_-39] (0.00s)
    --- PASS: TestQuickSortGo/[259_-101_46_-115_849_-666_-217_-350_67_687_-169_-187_-124_791_-67] (0.00s)
    --- PASS: TestQuickSortGo/[-304_733_-549_-187_639_-199_824_327_663_650_-385_279_62_205_-457] (0.00s)
    --- PASS: TestQuickSortGo/[-396_-47_-305_298_34_145_43_-671_-563_-147_-8_623_-531_366_17] (0.00s)
    --- PASS: TestQuickSortGo/[441_-251_246_-147_245_431_408_-177_-256_-127_-312_-691_687_-404_282] (0.00s)
    --- PASS: TestQuickSortGo/[-572_-1_-200_256_-246_-518_-346_296_571_158_52_189_-453_-82_484] (0.00s)
    --- PASS: TestQuickSortGo/[728_195_863_-459_-478_-89_332_-107_325_469_173_403_-8_-319_-272] (0.00s)
    --- PASS: TestQuickSortGo/[-519_-53_179_-241_275_17_56_487_-369_94_-327_-352_38_-383_-401] (0.00s)
    --- PASS: TestQuickSortGo/[-34_511_-42_-386_-166_-320_270_554_175_-16_-344_510_-245_-635_-297] (0.00s)
    --- PASS: TestQuickSortGo/[40_119_-589_-35_-769_-525_778_-231_811_-660_-656_-694_-182_-106_12] (0.00s)
    --- PASS: TestQuickSortGo/[256_404_101_223_-720_-651_348_356_-248_361_547_644_-162_621_333] (0.00s)
    --- PASS: TestQuickSortGo/[-180_-299_79_-362_-236_290_82_-695_-496_-66_-507_-207_-838_497_-141] (0.00s)
    --- PASS: TestQuickSortGo/[17_688_575_410_274_761_118_-59_518_264_339_-625_-490_182_-245] (0.00s)
    --- PASS: TestQuickSortGo/[0_-15_545_-304_-150_539_131_-935_-44_-8_-70_770_252_-637_312] (0.00s)
    --- PASS: TestQuickSortGo/[-293_849_677_13_-523_-702_-278_-206_-481_-795_-534_-671_424_146_752] (0.00s)
    --- PASS: TestQuickSortGo/[-540_340_-59_276_-556_685_-209_233_-530_732_471_400_95_-198_229] (0.00s)
    --- PASS: TestQuickSortGo/[870_428_-317_584_451_308_-32_56_412_-50_677_-229_-304_406_299] (0.00s)
    --- PASS: TestQuickSortGo/[396_-100_-264_143_725_276_-301_-111_192_-406_-726_-216_-303_43_-352] (0.00s)
    --- PASS: TestQuickSortGo/[-414_322_-400_-191_-99_473_32_217_-25_-211_195_378_655_40_-478] (0.00s)
    --- PASS: TestQuickSortGo/[632_426_123_-315_511_171_-249_99_28_423_-667_-45_-55_506_632] (0.00s)
    --- PASS: TestQuickSortGo/[31_744_506_-224_-694_311_745_-533_-181_148_-854_-885_-832_-364_-448] (0.00s)
    --- PASS: TestQuickSortGo/[-662_-283_-383_446_149_-41_-82_-746_63_-835_117_641_11_739_307] (0.00s)
    --- PASS: TestQuickSortGo/[-316_607_188_108_691_-436_733_52_-100_-444_909_29_-20_656_-165] (0.00s)
    --- PASS: TestQuickSortGo/[-202_-809_791_-605_-418_-455_266_-234_-31_-379_-213_-22_-428_-731_61] (0.00s)
    --- PASS: TestQuickSortGo/[498_130_-621_332_-85_-387_-51_-350_679_-659_-75_888_-107_-164_-56] (0.00s)
    --- PASS: TestQuickSortGo/[564_446_280_325_452_520_-421_-223_778_-173_-448_-517_479_404_815] (0.00s)
    --- PASS: TestQuickSortGo/[-364_102_548_49_-47_619_315_427_272_-158_-355_-515_-260_-592_-310] (0.00s)
    --- PASS: TestQuickSortGo/[-593_-760_914_693_-65_-105_-260_-265_428_-764_21_444_-618_663_-294] (0.00s)
    --- PASS: TestQuickSortGo/[36_115_228_-523_-367_-127_-369_286_-421_-679_-101_71_612_339_-388] (0.00s)
    --- PASS: TestQuickSortGo/[521_18_555_-693_-109_-360_89_-156_270_-279_291_-545_-683_571_-672] (0.00s)
    --- PASS: TestQuickSortGo/[-616_-837_-16_350_-608_-97_-330_-310_-242_-300_226_-134_-52_-710_723] (0.00s)
    --- PASS: TestQuickSortGo/[-123_-188_597_-1_-460_683_-22_-241_61_124_-745_-146_389_324_669] (0.00s)
    --- PASS: TestQuickSortGo/[-257_-253_-206_503_324_-319_456_-113_125_40_377_-300_-515_185_23] (0.00s)
    --- PASS: TestQuickSortGo/[821_-89_81_-624_349_-135_-313_-610_-608_482_-424_341_-147_-145_645] (0.00s)
    --- PASS: TestQuickSortGo/[-344_459_193_-247_-306_-73_-307_-132_-320_-18_226_-281_175_-409_102] (0.00s)
    --- PASS: TestQuickSortGo/[-497_-514_-132_15_-415_-75_-400_80_-285_614_336_-529_155_-324_-466] (0.00s)
    --- PASS: TestQuickSortGo/[-276_120_656_-43_148_-247_305_193_-520_70_-669_25_-179_-307_-95] (0.00s)
    --- PASS: TestQuickSortGo/[-400_-308_-60_489_-888_-789_91_-538_483_237_-271_61_-310_-535_-254] (0.00s)
    --- PASS: TestQuickSortGo/[208_213_521_214_322_-132_-166_230_-32_174_-349_-222_868_-482_259] (0.00s)
    --- PASS: TestQuickSortGo/[-355_116_-10_-268_-528_588_-234_-571_284_443_-194_-225_56_-586_661] (0.00s)
    --- PASS: TestQuickSortGo/[626_-382_-385_589_-448_46_123_-316_-374_528_-219_139_-641_259_206] (0.00s)
    --- PASS: TestQuickSortGo/[409_874_43_60_-418_386_-173_296_48_116_-50_-128_3_398_-122] (0.00s)
    --- PASS: TestQuickSortGo/[590_-5_-130_-37_41_-955_-253_-557_-583_-496_251_-118_-85_-56_70] (0.00s)
    --- PASS: TestQuickSortGo/[346_-394_-504_167_178_-409_136_-241_-199_-186_-714_-835_397_-116_-56] (0.00s)
    --- PASS: TestQuickSortGo/[-179_495_-137_-393_-91_-301_-372_-802_79_217_-199_-38_-159_-317_-427] (0.00s)
    --- PASS: TestQuickSortGo/[-376_-345_260_101_150_-291_302_314_1_-126_323_-823_538_466_218] (0.00s)
    --- PASS: TestQuickSortGo/[-204_-304_-159_-125_292_161_7_-248_126_619_-203_-214_492_-474_-456] (0.00s)
    --- PASS: TestQuickSortGo/[276_-397_247_128_-28_-433_-113_502_147_-5_273_28_62_287_293] (0.00s)
    --- PASS: TestQuickSortGo/[-145_-68_206_680_249_-421_-76_109_65_220_129_-229_478_-104_92] (0.00s)
    --- PASS: TestQuickSortGo/[-78_395_-45_12_163_625_-642_-8_199_455_615_129_-213_0_417] (0.00s)
    --- PASS: TestQuickSortGo/[673_-279_691_-318_-389_-369_695_312_321_-356_-530_401_299_374_163] (0.00s)
    --- PASS: TestQuickSortGo/[87_-139_-526_-576_114_-113_55_-15_-29_-300_104_-711_-37_112_251] (0.00s)
    --- PASS: TestQuickSortGo/[195_816_78_277_269_214_41_424_181_-70_250_-251_290_-725_700] (0.00s)
    --- PASS: TestQuickSortGo/[-679_291_513_281_58_632_18_-294_320_-43_-442_417_353_-283_308] (0.00s)
    --- PASS: TestQuickSortGo/[-495_45_-611_-364_-793_-231_65_198_218_476_-183_-134_65_-184_-288] (0.00s)
    --- PASS: TestQuickSortGo/[-567_209_343_-663_89_223_290_291_-704_530_-348_-590_-441_-169_-397] (0.00s)
    --- PASS: TestQuickSortGo/[-269_-491_-519_-213_-462_5_-569_386_248_-354_-34_220_-95_199_-383] (0.00s)
    --- PASS: TestQuickSortGo/[407_149_649_-541_-135_-72_-145_23_-293_154_-47_-503_638_235_164] (0.00s)
    --- PASS: TestQuickSortGo/[-623_305_-378_-28_126_327_77_-413_-584_572_-377_-747_-177_730_-157] (0.00s)
    --- PASS: TestQuickSortGo/[-56_597_-595_83_-78_515_-15_0_9_-951_820_252_-24_-9_-239] (0.00s)
    --- PASS: TestQuickSortGo/[852_-428_161_200_-951_-285_-246_627_171_569_400_683_426_291_-158] (0.00s)
    --- PASS: TestQuickSortGo/[491_-508_-112_-250_19_-350_525_-929_-415_-18_-738_-100_165_-275_-48] (0.00s)
    --- PASS: TestQuickSortGo/[281_-74_340_-514_151_608_731_353_122_200_-40_970_-298_-326_-761] (0.00s)
    --- PASS: TestQuickSortGo/[433_484_363_429_248_770_-18_-93_271_-892_-52_-144_774_514_605] (0.00s)
    --- PASS: TestQuickSortGo/[-44_734_65_727_184_-296_-341_64_-486_-188_-691_135_66_35_158] (0.00s)
    --- PASS: TestQuickSortGo/[-499_380_797_131_-541_-262_-566_-63_15_17_-975_-4_297_-372_-49] (0.00s)
    --- PASS: TestQuickSortGo/[-526_-273_-396_436_-30_116_657_414_-344_4_-473_381_-492_-596_-438] (0.00s)
    --- PASS: TestQuickSortGo/[554_161_-429_-635_804_291_613_-370_351_-490_-189_-574_-79_487_-388] (0.00s)
    --- PASS: TestQuickSortGo/[3_280_636_-241_578_-450_-79_-74_395_-651_221_-65_169_389_-412] (0.00s)
    --- PASS: TestQuickSortGo/[-443_-58_-89_-820_-591_-23_-313_-80_185_-228_194_142_496_-643_70] (0.00s)
    --- PASS: TestQuickSortGo/[-223_324_62_401_564_-224_391_-148_132_316_-419_285_-420_-51_-3] (0.00s)
    --- PASS: TestQuickSortGo/[-371_48_-341_555_269_-592_403_90_-760_-187_646_-7_471_-864_-430] (0.00s)
    --- PASS: TestQuickSortGo/[-352_-77_60_-35_-490_-575_-591_-347_96_665_-591_720_-136_-264_287] (0.00s)
    --- PASS: TestQuickSortGo/[-247_-95_380_-52_-417_400_-438_121_-160_448_-315_-222_-95_805_516] (0.00s)
    --- PASS: TestQuickSortGo/[-111_-394_-318_14_-838_-107_690_-198_-501_-3_-759_-632_123_85_376] (0.00s)
    --- PASS: TestQuickSortGo/[585_-76_-278_-58_-874_-860_946_-720_-636_89_229_-206_-347_-342_-193] (0.00s)
    --- PASS: TestQuickSortGo/[-388_716_792_75_187_-503_-315_537_-411_270_-651_-8_-315_3_113] (0.00s)
    --- PASS: TestQuickSortGo/[193_382_-817_-46_-205_-797_442_476_397_-324_367_-154_77_365_528] (0.00s)
    --- PASS: TestQuickSortGo/[-566_407_-134_-746_424_-22_645_129_-113_-203_-148_125_-165_550_-114] (0.00s)
    --- PASS: TestQuickSortGo/[-289_177_-30_-71_244_-712_660_-124_286_347_-40_-191_515_-19_175] (0.00s)
    --- PASS: TestQuickSortGo/[496_-278_-488_-413_-604_71_-540_667_-232_695_236_827_-20_340_202] (0.00s)
    --- PASS: TestQuickSortGo/[-25_322_32_484_-421_404_711_59_777_959_-785_-381_-265_-234_95] (0.00s)
    --- PASS: TestQuickSortGo/[777_-185_160_-625_666_-125_-230_368_-35_-115_-800_539_137_-155_229] (0.00s)
    --- PASS: TestQuickSortGo/[42_578_-272_287_923_830_898_-836_-460_316_207_229_108_-835_417] (0.00s)
    --- PASS: TestQuickSortGo/[-67_128_-851_724_-293_-440_-85_-55_-661_234_-574_50_634_60_-456] (0.00s)
    --- PASS: TestQuickSortGo/[78_676_343_-178_538_-212_275_402_607_58_-15_-203_303_-6_-221] (0.00s)
    --- PASS: TestQuickSortGo/[194_293_608_-306_27_86_44_491_-798_-218_454_-197_97_66_410] (0.00s)
    --- PASS: TestQuickSortGo/[-938_167_6_123_677_-230_205_345_90_-282_-475_-687_125_-48_-119] (0.00s)
    --- PASS: TestQuickSortGo/[-42_-300_-175_563_102_343_315_55_169_-440_-313_455_39_271_-38] (0.00s)
    --- PASS: TestQuickSortGo/[127_27_-173_78_-624_340_36_273_-172_-201_-213_38_-769_156_-403] (0.00s)
    --- PASS: TestQuickSortGo/[-525_-208_-651_88_465_-457_733_199_12_-10_109_720_542_-249_-87] (0.00s)
    --- PASS: TestQuickSortGo/[-403_-629_-200_-682_266_-520_-91_230_-22_-153_-582_-643_-14_-571_270] (0.00s)
    --- PASS: TestQuickSortGo/[-153_-377_-172_335_-45_182_38_613_-738_724_-479_-275_-536_-224_930] (0.00s)
    --- PASS: TestQuickSortGo/[348_-754_146_-392_218_-817_-382_50_47_-5_-560_261_369_736_418] (0.00s)
    --- PASS: TestQuickSortGo/[330_674_57_291_227_52_244_-119_-572_-186_217_587_-125_-613_-317] (0.00s)
    --- PASS: TestQuickSortGo/[23_8_347_-56_-433_283_9_-542_-186_254_-92_401_96_3_65] (0.00s)
    --- PASS: TestQuickSortGo/[754_-73_-3_-250_-735_621_-26_825_443_-340_239_-107_617_-234_98] (0.00s)
    --- PASS: TestQuickSortGo/[-463_362_-458_-439_-526_512_-854_857_340_489_623_-142_798_701_916] (0.00s)
    --- PASS: TestQuickSortGo/[-521_950_244_-100_-334_172_-764_276_389_315_548_75_382_-261_222] (0.00s)
    --- PASS: TestQuickSortGo/[-398_-150_477_-8_-529_234_320_91_-539_-34_-468_719_313_-28_213] (0.00s)
    --- PASS: TestQuickSortGo/[-333_147_132_219_-742_-621_299_292_289_459_-300_-215_309_-342_-345] (0.00s)
    --- PASS: TestQuickSortGo/[-420_156_-592_-19_-423_618_321_40_671_143_-246_-620_-633_399_165] (0.00s)
    --- PASS: TestQuickSortGo/[-173_-108_-112_33_-340_359_-242_-49_-349_-258_802_-126_-182_143_-209] (0.00s)
    --- PASS: TestQuickSortGo/[-350_149_167_-439_704_-112_496_-326_842_-85_-713_-205_18_760_-129] (0.00s)
    --- PASS: TestQuickSortGo/[122_17_-325_389_-609_-78_-320_77_-393_192_-482_-651_17_89_-48] (0.00s)
    --- PASS: TestQuickSortGo/[-257_-31_171_-368_-525_165_-612_-736_-252_270_182_-504_-309_71_-284] (0.00s)
    --- PASS: TestQuickSortGo/[332_258_538_-558_709_-236_88_-169_758_856_281_-166_-525_-230_-489] (0.00s)
    --- PASS: TestQuickSortGo/[151_-603_-60_662_92_-378_-21_-665_-752_307_483_221_-501_417_324] (0.00s)
    --- PASS: TestQuickSortGo/[665_66_92_-25_-19_21_-249_-151_-448_433_-583_-463_66_-476_-472] (0.00s)
    --- PASS: TestQuickSortGo/[912_-751_172_-234_72_-521_679_56_783_213_359_110_-387_207_54] (0.00s)
    --- PASS: TestQuickSortGo/[-141_-428_310_80_-439_-647_-201_-144_-298_-169_313_-411_-316_340_143] (0.00s)
    --- PASS: TestQuickSortGo/[-414_-96_150_-336_-864_-538_-329_676_-579_-257_169_-214_-838_846_548] (0.00s)
    --- PASS: TestQuickSortGo/[507_30_149_-538_475_3_386_554_569_-117_-539_-783_498_56_513] (0.00s)
    --- PASS: TestQuickSortGo/[-700_377_-441_781_-348_-534_-721_-373_216_84_-261_463_81_-247_208] (0.00s)
    --- PASS: TestQuickSortGo/[376_104_-196_-385_-30_-773_107_443_272_-701_-7_-137_-369_2_-166] (0.00s)
    --- PASS: TestQuickSortGo/[-234_669_469_-724_-482_454_744_-37_443_-349_349_572_-54_-73_220] (0.00s)
    --- PASS: TestQuickSortGo/[542_-369_-958_-257_700_-310_-638_-10_-551_773_-536_-581_-368_618_582] (0.00s)
    --- PASS: TestQuickSortGo/[-6_490_41_7_-201_617_-624_657_-125_760_461_-425_3_-415_-38] (0.00s)
    --- PASS: TestQuickSortGo/[727_-126_299_367_171_-310_-324_18_546_-210_541_252_-179_-782_-154] (0.00s)
    --- PASS: TestQuickSortGo/[-713_116_205_469_-102_130_-413_-367_-45_333_132_-175_471_-621_46] (0.00s)
    --- PASS: TestQuickSortGo/[-64_-500_74_-360_-222_-24_-294_-346_1_278_-284_22_-16_304_98] (0.00s)
    --- PASS: TestQuickSortGo/[-33_-255_648_283_-624_517_-78_19_-630_237_-44_143_671_144_757] (0.00s)
    --- PASS: TestQuickSortGo/[-493_-106_-25_88_130_44_-74_-213_-688_-735_128_70_142_181_1] (0.00s)
    --- PASS: TestQuickSortGo/[127_367_843_154_417_663_-746_122_536_234_-406_-302_108_884_389] (0.00s)
    --- PASS: TestQuickSortGo/[-249_666_-203_-46_-176_291_-200_337_304_-869_-634_-29_205_-313_576] (0.00s)
    --- PASS: TestQuickSortGo/[-312_199_241_-248_499_572_964_-638_-90_-358_11_268_-442_34_3] (0.00s)
    --- PASS: TestQuickSortGo/[-712_-340_216_-833_-435_620_-242_267_129_233_122_662_-828_220_139] (0.00s)
    --- PASS: TestQuickSortGo/[-12_-282_-757_-335_-235_-149_-196_-34_259_11_-184_-307_224_216_26] (0.00s)
    --- PASS: TestQuickSortGo/[-668_469_618_-2_-521_-462_-15_298_-543_-606_578_-113_-686_-99_217] (0.00s)
    --- PASS: TestQuickSortGo/[-434_-717_668_-277_-268_-94_1_449_316_389_-391_-81_501_-364_414] (0.00s)
    --- PASS: TestQuickSortGo/[408_418_-69_305_-350_689_24_105_-120_-702_453_-197_905_398_-183] (0.00s)
    --- PASS: TestQuickSortGo/[-312_265_-91_-202_-162_218_-510_-708_-271_61_-745_-287_335_-521_-216] (0.00s)
    --- PASS: TestQuickSortGo/[-484_-372_-158_645_-792_45_-84_290_575_46_-128_326_189_825_-603] (0.00s)
    --- PASS: TestQuickSortGo/[62_-233_-561_177_877_667_-184_-23_-408_-120_-402_479_728_960_552] (0.00s)
    --- PASS: TestQuickSortGo/[-317_820_-214_294_102_239_341_-248_604_-153_21_-136_-85_478_272] (0.00s)
    --- PASS: TestQuickSortGo/[207_-278_-298_-139_-748_275_743_240_-431_295_346_50_-877_-264_659] (0.00s)
    --- PASS: TestQuickSortGo/[166_-853_-384_0_-372_-208_-410_-253_-297_335_37_-175_44_280_214] (0.00s)
    --- PASS: TestQuickSortGo/[177_-335_260_-540_-368_-180_758_234_-368_-729_177_158_291_-358_-271] (0.00s)
    --- PASS: TestQuickSortGo/[-555_-2_100_309_107_715_695_-17_-105_299_32_-201_393_261_321] (0.00s)
    --- PASS: TestQuickSortGo/[-302_-274_284_42_-137_65_29_250_196_-194_-716_649_675_-786_84] (0.00s)
    --- PASS: TestQuickSortGo/[-564_-346_-132_420_496_450_459_-135_-600_-45_452_-341_404_-12_-212] (0.00s)
    --- PASS: TestQuickSortGo/[-193_-788_-207_-274_93_451_487_573_-170_684_448_372_45_676_594] (0.00s)
    --- PASS: TestQuickSortGo/[465_308_-25_294_887_-626_529_-423_-377_43_7_-68_-597_-34_-201] (0.00s)
    --- PASS: TestQuickSortGo/[-15_7_682_789_627_-187_-226_205_-315_-124_-77_3_-114_-289_-202] (0.00s)
    --- PASS: TestQuickSortGo/[696_-20_521_524_-782_-367_317_-171_5_-404_-150_-826_-808_236_-99] (0.00s)
    --- PASS: TestQuickSortGo/[246_-447_652_-512_84_-456_-424_650_448_49_-555_-499_-554_-20_-647] (0.00s)
    --- PASS: TestQuickSortGo/[9_-894_36_-434_-240_-341_253_31_24_510_-34_-832_-653_555_-154] (0.00s)
    --- PASS: TestQuickSortGo/[508_-769_241_-502_142_8_-230_114_151_-515_-314_552_205_192_-23] (0.00s)
    --- PASS: TestQuickSortGo/[-313_123_-565_242_145_-101_-36_-115_378_-471_134_-161_-214_382_33] (0.00s)
    --- PASS: TestQuickSortGo/[40_-244_-311_-94_-69_-36_33_206_-385_570_587_755_80_183_232] (0.00s)
    --- PASS: TestQuickSortGo/[-96_35_-63_-243_-256_307_256_251_54_-595_107_-463_9_-290_148] (0.00s)
    --- PASS: TestQuickSortGo/[-432_302_-132_441_-72_326_54_-284_-44_-198_-203_-418_689_548_296] (0.00s)
    --- PASS: TestQuickSortGo/[623_229_-95_799_-49_-365_-550_-187_20_-158_-83_-89_-569_-474_65] (0.00s)
    --- PASS: TestQuickSortGo/[-665_-501_-359_441_363_156_128_-21_-526_-402_-136_-474_97_38_-342] (0.00s)
    --- PASS: TestQuickSortGo/[-709_818_451_-913_-71_208_27_-467_-1_457_-360_-320_50_-114_223] (0.00s)
    --- PASS: TestQuickSortGo/[-604_658_-364_-774_619_5_220_534_-210_434_-390_282_-23_372_-465] (0.00s)
    --- PASS: TestQuickSortGo/[-813_358_-196_-634_-203_-307_-49_272_193_566_-373_-681_469_700_-263] (0.00s)
    --- PASS: TestQuickSortGo/[48_-418_-99_450_-535_405_-784_677_-604_-114_171_165_-260_-11_-732] (0.00s)
    --- PASS: TestQuickSortGo/[441_-445_-779_-86_-467_-715_301_25_-259_75_-79_-314_-737_-692_-952] (0.00s)
    --- PASS: TestQuickSortGo/[-442_169_-16_173_602_-94_251_460_-138_240_-670_-220_320_147_163] (0.00s)
    --- PASS: TestQuickSortGo/[-648_-91_40_-468_-101_393_-216_-198_-282_-327_69_122_244_-57_-46] (0.00s)
    --- PASS: TestQuickSortGo/[123_231_90_-321_719_243_-688_600_49_-938_11_22_-390_12_-136] (0.00s)
    --- PASS: TestQuickSortGo/[-267_361_286_-547_197_23_396_757_903_-493_243_-429_488_-95_-73] (0.00s)
    --- PASS: TestQuickSortGo/[-475_-175_-310_-530_438_-297_-663_-366_-173_209_-13_11_-677_794_-119] (0.00s)
    --- PASS: TestQuickSortGo/[-700_-755_-315_-318_658_-692_148_-557_831_-614_528_815_-206_-5_-381] (0.00s)
    --- PASS: TestQuickSortGo/[-184_352_-2_224_-84_150_-198_-719_-428_-8_524_-77_-389_-391_-205] (0.00s)
    --- PASS: TestQuickSortGo/[686_9_40_-55_-444_646_56_838_806_370_171_107_285_24_167] (0.00s)
    --- PASS: TestQuickSortGo/[-382_241_194_-436_435_-448_135_-718_268_-138_-185_418_-855_52_-295] (0.00s)
    --- PASS: TestQuickSortGo/[-518_176_-99_510_-191_429_262_386_35_-240_-871_-652_365_476_49] (0.00s)
    --- PASS: TestQuickSortGo/[-270_104_367_-106_-292_-112_304_-926_-425_405_-330_-239_-346_58_339] (0.00s)
    --- PASS: TestQuickSortGo/[628_-136_-487_-66_-212_-365_-291_241_-232_-800_131_-102_-434_589_-808] (0.00s)
    --- PASS: TestQuickSortGo/[-354_-117_128_156_-104_243_37_383_-15_-259_2_-420_-489_312_15] (0.00s)
    --- PASS: TestQuickSortGo/[-866_-266_-317_-240_-536_-502_129_-246_14_-353_69_-525_101_-161_-754] (0.00s)
    --- PASS: TestQuickSortGo/[114_-394_-297_138_111_511_734_447_-209_-565_-539_-464_516_-357_518] (0.00s)
    --- PASS: TestQuickSortGo/[284_-336_-309_27_-163_36_-23_-541_763_140_484_-96_381_-116_412] (0.00s)
    --- PASS: TestQuickSortGo/[-383_292_640_272_-67_-313_41_-383_-544_-114_-174_-288_302_-218_434] (0.00s)
    --- PASS: TestQuickSortGo/[554_-58_30_-235_-163_-120_140_616_466_566_289_-203_167_398_-694] (0.00s)
    --- PASS: TestQuickSortGo/[-659_49_-867_-65_180_-226_373_121_-9_-307_-452_-697_-409_373_-331] (0.00s)
    --- PASS: TestQuickSortGo/[-349_624_370_0_-342_-182_-638_346_-483_142_357_520_-135_891_-594] (0.00s)
    --- PASS: TestQuickSortGo/[359_-806_-447_184_-217_85_-377_162_15_-374_122_-291_-411_-79_-495] (0.00s)
    --- PASS: TestQuickSortGo/[-482_129_96_-241_-275_-668_712_265_169_-623_-435_-544_401_-534_-415] (0.00s)
    --- PASS: TestQuickSortGo/[-297_-67_195_53_-200_131_-279_616_-163_-499_-306_-517_-483_-204_-457] (0.00s)
    --- PASS: TestQuickSortGo/[146_-412_-508_-345_-36_561_-212_-660_225_674_-541_434_-451_-814_-726] (0.00s)
    --- PASS: TestQuickSortGo/[-116_68_-685_-706_309_-627_-713_70_-46_492_-599_921_-376_-963_-427] (0.00s)
    --- PASS: TestQuickSortGo/[-233_-191_238_823_-47_-475_-302_-122_-546_-452_-337_-193_232_144_19] (0.00s)
    --- PASS: TestQuickSortGo/[385_-193_-562_672_70_108_546_239_-53_141_484_-34_564_535_-723] (0.00s)
    --- PASS: TestQuickSortGo/[-177_212_-306_58_404_816_-237_-235_650_-115_-208_18_413_-290_-367] (0.00s)
    --- PASS: TestQuickSortGo/[-385_433_-287_-173_-321_798_629_-408_167_342_339_-541_389_144_311] (0.00s)
    --- PASS: TestQuickSortGo/[-621_472_-106_-251_-322_615_405_906_-57_-150_-253_-170_-233_17_-137] (0.00s)
    --- PASS: TestQuickSortGo/[-499_-191_-646_-69_396_235_248_507_-231_502_279_162_47_359_611] (0.00s)
    --- PASS: TestQuickSortGo/[-654_-492_-28_125_360_440_-297_-40_-842_-355_181_-181_338_573_-165] (0.00s)
    --- PASS: TestQuickSortGo/[-155_521_-207_-413_-413_22_835_-405_-294_-426_-730_-861_-373_-299_-100] (0.00s)
    --- PASS: TestQuickSortGo/[770_-867_271_517_81_269_-112_-216_36_464_741_138_-545_-390_30] (0.00s)
    --- PASS: TestQuickSortGo/[-5_-122_-580_47_-127_8_20_147_-417_463_390_406_20_17_929] (0.00s)
    --- PASS: TestQuickSortGo/[-20_-729_-363_-435_250_100_833_-248_-47_-460_587_136_123_-203_-184] (0.00s)
    --- PASS: TestQuickSortGo/[-134_156_-295_-320_-461_802_486_-58_193_225_518_704_139_268_10] (0.00s)
    --- PASS: TestQuickSortGo/[-573_484_718_-747_478_-272_116_-536_-23_-26_81_-16_50_461_-411] (0.00s)
    --- PASS: TestQuickSortGo/[-200_-35_-45_-36_-454_-315_-377_358_56_4_203_-258_-81_626_-282] (0.00s)
    --- PASS: TestQuickSortGo/[-684_290_-696_292_-259_-671_207_446_-416_-405_213_-729_212_150_9] (0.00s)
    --- PASS: TestQuickSortGo/[827_641_-806_-98_-201_804_505_254_278_-108_-402_-116_23_133_-163] (0.00s)
    --- PASS: TestQuickSortGo/[-63_-852_275_-355_310_-906_-16_420_-749_-44_502_187_-91_193_-820] (0.00s)
    --- PASS: TestQuickSortGo/[-172_-116_37_-337_-109_260_967_173_406_-520_298_420_-99_762_591] (0.00s)
    --- PASS: TestQuickSortGo/[326_-318_15_561_-216_-537_102_-834_-95_-195_-154_716_-664_-2_420] (0.00s)
    --- PASS: TestQuickSortGo/[305_210_608_285_338_-376_-569_-238_627_189_540_729_390_203_-69] (0.00s)
    --- PASS: TestQuickSortGo/[737_-729_-27_289_-537_-202_565_74_190_123_367_798_-875_419_-279] (0.00s)
    --- PASS: TestQuickSortGo/[-429_663_376_-63_-152_45_278_-506_-393_243_661_-139_101_-568_-380] (0.00s)
    --- PASS: TestQuickSortGo/[-158_-311_378_729_141_-320_-610_194_738_-592_712_-874_164_160_144] (0.00s)
    --- PASS: TestQuickSortGo/[-639_286_820_925_-131_-190_-283_-65_-108_69_-287_307_-520_376_271] (0.00s)
    --- PASS: TestQuickSortGo/[-236_-40_-345_-103_-183_18_24_-574_-662_616_81_-234_847_81_26] (0.00s)
    --- PASS: TestQuickSortGo/[-757_466_-191_-563_296_198_13_219_617_785_-307_154_103_-752_1] (0.00s)
    --- PASS: TestQuickSortGo/[146_-488_670_60_-485_384_505_-884_-346_-55_408_-718_518_256_-320] (0.00s)
PASS
ok  	_/home/hiro/Desktop/Workspace/Go/GoSort	0.071s
